[INFO] [1780735509.133180376] [microamp_factor_graph_tracking]: Using scenario_id=3
[INFO] [1780735509.140161626] [microamp_factor_graph_tracking]: Expanded factor graph node initialized.
[WARN] [1780735511.544391544] [microamp_factor_graph_tracking]: Graph not initialized yet, skipping USBL measurement
[INFO] [1780735511.545320961] [microamp_factor_graph_tracking]: Graph initialized with GNSS at NED (1.74, 0.27, -0.15)
[INFO] [1780735511.548779502] [microamp_factor_graph_tracking]: IMU initialized at time 1700000001.040
[INFO] [1780735511.643568961] [microamp_factor_graph_tracking]: Processed GNSS at 1700000002.00, NED (3.28, 0.48, -0.11).
[INFO] [1780735511.741356419] [microamp_factor_graph_tracking]: Processed GNSS at 1700000003.00, NED (5.07, -0.37, -0.75).
[INFO] [1780735511.841946294] [microamp_factor_graph_tracking]: Processed GNSS at 1700000004.00, NED (7.00, 0.27, 0.44).
[INFO] [1780735511.943146628] [microamp_factor_graph_tracking]: Processed GNSS at 1700000005.00, NED (7.88, 0.12, -0.00).
[INFO] [1780735512.073475961] [microamp_factor_graph_tracking]: Processed GNSS at 1700000006.00, NED (9.66, 0.24, 0.62).
[INFO] [1780735512.141280544] [microamp_factor_graph_tracking]: Processed GNSS at 1700000007.00, NED (11.06, 0.63, 0.38).
[INFO] [1780735512.242393419] [microamp_factor_graph_tracking]: Processed GNSS at 1700000008.00, NED (12.49, -0.12, 0.54).
[INFO] [1780735512.343877919] [microamp_factor_graph_tracking]: Processed GNSS at 1700000009.00, NED (13.44, 0.76, 0.74).
[INFO] [1780735512.441832836] [microamp_factor_graph_tracking]: Processed GNSS at 1700000010.00, NED (15.48, 0.64, -0.72).
[INFO] [1780735512.543874753] [microamp_factor_graph_tracking]: Processed GNSS at 1700000011.00, NED (16.64, 0.25, 0.68).
[INFO] [1780735512.641846628] [microamp_factor_graph_tracking]: Processed GNSS at 1700000012.00, NED (17.91, 0.13, -0.74).
[INFO] [1780735512.741831961] [microamp_factor_graph_tracking]: Processed GNSS at 1700000013.00, NED (19.16, 0.25, 0.05).
[INFO] [1780735512.841488503] [microamp_factor_graph_tracking]: Processed GNSS at 1700000014.00, NED (21.66, 0.42, 0.03).
[INFO] [1780735512.942958711] [microamp_factor_graph_tracking]: Processed GNSS at 1700000015.00, NED (22.66, 0.12, 0.21).
[INFO] [1780735513.043366961] [microamp_factor_graph_tracking]: Initialized ROV 1 at NED (198.93, 93.52, 8.48), t_sent=1700000015.00
[INFO] [1780735513.045486628] [microamp_factor_graph_tracking]: Processed GNSS at 1700000016.00, NED (24.22, 0.18, 0.24).
[INFO] [1780735513.143171128] [microamp_factor_graph_tracking]: Processed GNSS at 1700000017.00, NED (26.11, 0.49, -0.09).
[INFO] [1780735513.242856503] [microamp_factor_graph_tracking]: Processed GNSS at 1700000018.00, NED (27.79, 0.11, -0.16).
[INFO] [1780735513.343358920] [microamp_factor_graph_tracking]: Processed GNSS at 1700000019.00, NED (29.08, 0.62, -0.48).
[INFO] [1780735513.445795753] [microamp_factor_graph_tracking]: Processed GNSS at 1700000020.00, NED (30.26, 0.24, -0.11).
[INFO] [1780735513.542517587] [microamp_factor_graph_tracking]: Processed GNSS at 1700000021.00, NED (31.78, 0.43, -0.95).
[INFO] [1780735513.643079462] [microamp_factor_graph_tracking]: Processed GNSS at 1700000022.00, NED (33.34, 0.20, -0.61).
[INFO] [1780735513.741724170] [microamp_factor_graph_tracking]: Processed GNSS at 1700000023.00, NED (34.50, 0.07, 0.12).
[INFO] [1780735513.842151545] [microamp_factor_graph_tracking]: Processed GNSS at 1700000024.00, NED (36.23, 0.11, -0.39).
[INFO] [1780735513.942691712] [microamp_factor_graph_tracking]: Processed GNSS at 1700000025.00, NED (37.56, 0.49, -0.28).
[INFO] [1780735514.054478712] [microamp_factor_graph_tracking]: Processed GNSS at 1700000026.00, NED (39.09, 0.38, -0.48).
[INFO] [1780735514.143358670] [microamp_factor_graph_tracking]: Processed GNSS at 1700000027.00, NED (40.83, 0.31, 0.03).
[INFO] [1780735514.243220545] [microamp_factor_graph_tracking]: Processed GNSS at 1700000028.00, NED (41.95, -0.15, 0.08).
[INFO] [1780735514.354378254] [microamp_factor_graph_tracking]: Processed GNSS at 1700000029.00, NED (43.58, -0.36, 0.62).
[INFO] [1780735514.446819837] [microamp_factor_graph_tracking]: Processed GNSS at 1700000030.00, NED (45.61, 0.13, 0.31).
[INFO] [1780735514.543724171] [microamp_factor_graph_tracking]: Processed GNSS at 1700000031.00, NED (46.57, -0.10, 0.72).
[INFO] [1780735514.644144587] [microamp_factor_graph_tracking]: Processed GNSS at 1700000032.00, NED (48.41, 0.57, 0.53).
[INFO] [1780735514.743125421] [microamp_factor_graph_tracking]: Processed GNSS at 1700000033.00, NED (49.54, -0.60, 0.78).
[INFO] [1780735514.863895796] [microamp_factor_graph_tracking]: Processed GNSS at 1700000034.00, NED (50.66, 0.16, -0.60).
[INFO] [1780735514.949509921] [microamp_factor_graph_tracking]: Processed GNSS at 1700000035.00, NED (52.54, 0.72, 0.57).
[INFO] [1780735515.054745254] [microamp_factor_graph_tracking]: Processed GNSS at 1700000036.00, NED (54.03, 0.84, 0.14).
[INFO] [1780735515.158799587] [microamp_factor_graph_tracking]: Processed GNSS at 1700000037.00, NED (55.91, 0.47, -0.50).
[INFO] [1780735515.254968296] [microamp_factor_graph_tracking]: Processed GNSS at 1700000038.00, NED (57.42, 0.98, -0.26).
[INFO] [1780735515.345208296] [microamp_factor_graph_tracking]: Processed GNSS at 1700000039.00, NED (58.88, 0.82, 0.62).
[INFO] [1780735515.458992546] [microamp_factor_graph_tracking]: Processed GNSS at 1700000040.00, NED (60.25, -0.01, 0.12).
[INFO] [1780735515.544020046] [microamp_factor_graph_tracking]: Processed GNSS at 1700000041.00, NED (61.69, 0.11, -0.43).
[INFO] [1780735515.643142379] [microamp_factor_graph_tracking]: Processed GNSS at 1700000042.00, NED (63.19, 0.41, -0.87).
[INFO] [1780735515.754741254] [microamp_factor_graph_tracking]: Processed GNSS at 1700000043.00, NED (64.60, 0.23, 0.32).
[INFO] [1780735515.842588921] [microamp_factor_graph_tracking]: Processed GNSS at 1700000044.00, NED (66.53, 0.43, 0.13).
[INFO] [1780735515.943640921] [microamp_factor_graph_tracking]: Processed GNSS at 1700000045.00, NED (67.82, 0.04, -0.02).
[INFO] [1780735516.045502338] [microamp_factor_graph_tracking]: Processed GNSS at 1700000046.00, NED (69.28, 0.28, 0.59).
[INFO] [1780735516.144518088] [microamp_factor_graph_tracking]: Processed GNSS at 1700000047.00, NED (70.65, 0.45, -0.94).
[INFO] [1780735516.244358296] [microamp_factor_graph_tracking]: Processed GNSS at 1700000048.00, NED (73.16, 0.39, 0.21).
[INFO] [1780735516.344420546] [microamp_factor_graph_tracking]: Processed GNSS at 1700000049.00, NED (73.54, 0.33, 0.26).
[INFO] [1780735516.459245171] [microamp_factor_graph_tracking]: Processed GNSS at 1700000050.00, NED (74.62, 0.40, -0.27).
[INFO] [1780735516.557857255] [microamp_factor_graph_tracking]: Processed GNSS at 1700000051.00, NED (76.10, -0.23, -0.40).
[INFO] [1780735516.659279338] [microamp_factor_graph_tracking]: Processed GNSS at 1700000052.00, NED (78.38, 0.93, 0.23).
[INFO] [1780735516.745752380] [microamp_factor_graph_tracking]: Processed GNSS at 1700000053.00, NED (80.46, 0.55, 0.18).
[INFO] [1780735516.846184630] [microamp_factor_graph_tracking]: Processed GNSS at 1700000054.00, NED (81.49, -0.28, -0.14).
[INFO] [1780735516.957637922] [microamp_factor_graph_tracking]: Processed GNSS at 1700000055.00, NED (82.37, 0.39, 0.78).
[INFO] [1780735517.045419088] [microamp_factor_graph_tracking]: Processed GNSS at 1700000056.00, NED (84.27, 0.50, -0.18).
[INFO] [1780735517.145976880] [microamp_factor_graph_tracking]: Processed GNSS at 1700000057.00, NED (86.51, 0.50, 0.28).
[INFO] [1780735517.258892880] [microamp_factor_graph_tracking]: Processed GNSS at 1700000058.00, NED (87.54, 0.32, -0.93).
[INFO] [1780735517.357490589] [microamp_factor_graph_tracking]: Processed GNSS at 1700000059.00, NED (89.02, 0.40, -0.28).
[INFO] [1780735517.457699797] [microamp_factor_graph_tracking]: Processed GNSS at 1700000060.00, NED (89.93, 0.57, 0.27).
[INFO] [1780735517.558752255] [microamp_factor_graph_tracking]: Processed GNSS at 1700000061.00, NED (91.80, 0.86, -0.26).
[INFO] [1780735517.660885172] [microamp_factor_graph_tracking]: Processed GNSS at 1700000062.00, NED (93.05, 0.73, 0.39).
[INFO] [1780735517.757951505] [microamp_factor_graph_tracking]: Processed GNSS at 1700000063.00, NED (94.99, 0.13, -0.17).
[INFO] [1780735517.857128547] [microamp_factor_graph_tracking]: Processed GNSS at 1700000064.00, NED (95.96, 0.41, 0.83).
[INFO] [1780735517.968741839] [microamp_factor_graph_tracking]: Processed GNSS at 1700000065.00, NED (97.44, 0.53, 0.30).
[INFO] [1780735518.042843714] [microamp_factor_graph_tracking]: Processed GNSS at 1700000066.00, NED (99.34, 0.50, -0.44).
[INFO] [1780735518.142879589] [microamp_factor_graph_tracking]: Processed GNSS at 1700000067.00, NED (100.97, 0.34, 0.23).
[INFO] [1780735518.243283589] [microamp_factor_graph_tracking]: Processed GNSS at 1700000068.00, NED (102.26, 0.84, 0.01).
[INFO] [1780735518.342922714] [microamp_factor_graph_tracking]: Processed GNSS at 1700000069.00, NED (103.56, 0.23, -0.03).
[INFO] [1780735518.450804381] [microamp_factor_graph_tracking]: Processed GNSS at 1700000070.00, NED (105.09, 0.58, 0.37).
[INFO] [1780735518.541370714] [microamp_factor_graph_tracking]: USBL time offset initialized: 0.000190
[INFO] [1780735518.541997589] [microamp_factor_graph_tracking]: Added ROV 1 node (step 1) at t=1700000070.00, dt=55.000 s
[INFO] [1780735518.559724672] [microamp_factor_graph_tracking]: Processed GNSS at 1700000071.00, NED (106.62, 0.40, -0.13).
[INFO] [1780735518.644027631] [microamp_factor_graph_tracking]: Processed GNSS at 1700000072.00, NED (108.23, -0.09, 0.26).
[INFO] [1780735518.744376048] [microamp_factor_graph_tracking]: Processed GNSS at 1700000073.00, NED (109.83, -0.21, -0.07).
[INFO] [1780735518.844977048] [microamp_factor_graph_tracking]: Processed GNSS at 1700000074.00, NED (111.47, 0.50, 0.32).
[INFO] [1780735518.962282881] [microamp_factor_graph_tracking]: Processed GNSS at 1700000075.00, NED (112.71, -0.04, -0.27).
[INFO] [1780735519.053378964] [microamp_factor_graph_tracking]: Processed GNSS at 1700000076.00, NED (114.07, 0.33, 0.12).
[INFO] [1780735519.148695923] [microamp_factor_graph_tracking]: Processed GNSS at 1700000077.00, NED (116.19, 0.10, 0.64).
[INFO] [1780735519.257771881] [microamp_factor_graph_tracking]: Processed GNSS at 1700000078.00, NED (117.36, 0.37, 1.16).
[INFO] [1780735519.357326714] [microamp_factor_graph_tracking]: Processed GNSS at 1700000079.00, NED (118.58, 0.96, -0.35).
[INFO] [1780735519.461016465] [microamp_factor_graph_tracking]: Processed GNSS at 1700000080.00, NED (120.67, 0.42, -0.63).
[INFO] [1780735519.558090673] [microamp_factor_graph_tracking]: Processed GNSS at 1700000081.00, NED (122.11, 0.53, 0.46).
[INFO] [1780735519.658991798] [microamp_factor_graph_tracking]: Processed GNSS at 1700000082.00, NED (123.24, 0.31, -0.18).
[INFO] [1780735519.759129090] [microamp_factor_graph_tracking]: Processed GNSS at 1700000083.00, NED (124.57, 0.13, -0.30).
[INFO] [1780735519.860135423] [microamp_factor_graph_tracking]: Processed GNSS at 1700000084.00, NED (126.40, 0.55, 0.29).
[INFO] [1780735519.947672881] [microamp_factor_graph_tracking]: Processed GNSS at 1700000085.00, NED (128.10, 0.30, 0.67).
[INFO] [1780735520.043864465] [microamp_factor_graph_tracking]: Processed GNSS at 1700000086.00, NED (129.48, -0.41, 0.55).
[INFO] [1780735520.144710173] [microamp_factor_graph_tracking]: Processed GNSS at 1700000087.00, NED (130.35, 0.71, 0.05).
[INFO] [1780735520.243868632] [microamp_factor_graph_tracking]: Processed GNSS at 1700000088.00, NED (132.29, 0.46, 0.42).
[INFO] [1780735520.343432298] [microamp_factor_graph_tracking]: Processed GNSS at 1700000089.00, NED (133.48, 0.82, 0.56).
[INFO] [1780735520.460407423] [microamp_factor_graph_tracking]: Processed GNSS at 1700000090.00, NED (135.27, 0.62, -0.02).
[INFO] [1780735520.558103882] [microamp_factor_graph_tracking]: Processed GNSS at 1700000091.00, NED (136.87, 1.67, 0.04).
[INFO] [1780735520.643889507] [microamp_factor_graph_tracking]: Processed GNSS at 1700000092.00, NED (137.63, 2.41, -0.10).
[INFO] [1780735520.752675882] [microamp_factor_graph_tracking]: Processed GNSS at 1700000093.00, NED (139.42, 3.25, 0.72).
[INFO] [1780735520.857307340] [microamp_factor_graph_tracking]: Processed GNSS at 1700000094.00, NED (140.58, 3.91, 0.33).
[INFO] [1780735520.960762757] [microamp_factor_graph_tracking]: Processed GNSS at 1700000095.00, NED (141.30, 5.14, 0.48).
[INFO] [1780735521.058311757] [microamp_factor_graph_tracking]: Processed GNSS at 1700000096.00, NED (142.47, 5.50, 0.06).
[INFO] [1780735521.158152174] [microamp_factor_graph_tracking]: Processed GNSS at 1700000097.00, NED (143.90, 6.72, 0.09).
[INFO] [1780735521.257975215] [microamp_factor_graph_tracking]: Processed GNSS at 1700000098.00, NED (144.30, 8.32, 0.20).
[INFO] [1780735521.359011299] [microamp_factor_graph_tracking]: Processed GNSS at 1700000099.00, NED (145.09, 9.41, 0.33).
[INFO] [1780735521.460228715] [microamp_factor_graph_tracking]: Processed GNSS at 1700000100.00, NED (145.91, 10.16, 0.52).
[INFO] [1780735521.559689716] [microamp_factor_graph_tracking]: Processed GNSS at 1700000101.00, NED (147.09, 11.78, -0.21).
[INFO] [1780735521.659376257] [microamp_factor_graph_tracking]: Processed GNSS at 1700000102.00, NED (148.30, 12.75, -0.49).
[INFO] [1780735521.758159924] [microamp_factor_graph_tracking]: Processed GNSS at 1700000103.00, NED (148.41, 14.77, -0.55).
[INFO] [1780735521.858710507] [microamp_factor_graph_tracking]: Processed GNSS at 1700000104.00, NED (148.51, 16.23, 0.13).
[INFO] [1780735521.964349591] [microamp_factor_graph_tracking]: Processed GNSS at 1700000105.00, NED (148.83, 16.96, -0.15).
[INFO] [1780735522.044134507] [microamp_factor_graph_tracking]: Processed GNSS at 1700000106.00, NED (148.92, 18.58, 0.67).
[INFO] [1780735522.151885466] [microamp_factor_graph_tracking]: Processed GNSS at 1700000107.00, NED (148.83, 20.08, 0.82).
[INFO] [1780735522.245723841] [microamp_factor_graph_tracking]: Processed GNSS at 1700000108.00, NED (149.02, 22.21, 0.35).
[INFO] [1780735522.344034049] [microamp_factor_graph_tracking]: Processed GNSS at 1700000109.00, NED (148.99, 23.35, -0.12).
[INFO] [1780735522.451552716] [microamp_factor_graph_tracking]: Processed GNSS at 1700000110.00, NED (148.88, 25.12, 0.33).
[INFO] [1780735522.552907799] [microamp_factor_graph_tracking]: Processed GNSS at 1700000111.00, NED (149.41, 26.47, -0.56).
[INFO] [1780735522.650204008] [microamp_factor_graph_tracking]: Processed GNSS at 1700000112.00, NED (148.87, 28.04, 0.63).
[INFO] [1780735522.759670758] [microamp_factor_graph_tracking]: Processed GNSS at 1700000113.00, NED (148.63, 29.10, 0.43).
[INFO] [1780735522.858763091] [microamp_factor_graph_tracking]: Processed GNSS at 1700000114.00, NED (148.73, 30.92, 0.47).
[INFO] [1780735522.959030841] [microamp_factor_graph_tracking]: Processed GNSS at 1700000115.00, NED (148.85, 32.57, 0.13).
[INFO] [1780735523.062438050] [microamp_factor_graph_tracking]: Processed GNSS at 1700000116.00, NED (148.71, 34.02, 1.32).
[INFO] [1780735523.158839508] [microamp_factor_graph_tracking]: Processed GNSS at 1700000117.00, NED (148.76, 35.35, -0.25).
[INFO] [1780735523.260069383] [microamp_factor_graph_tracking]: Processed GNSS at 1700000118.00, NED (148.78, 37.31, 0.07).
[INFO] [1780735523.357972841] [microamp_factor_graph_tracking]: Processed GNSS at 1700000119.00, NED (148.33, 38.25, -0.73).
[INFO] [1780735523.462975133] [microamp_factor_graph_tracking]: Processed GNSS at 1700000120.00, NED (148.82, 39.66, 0.68).
[INFO] [1780735523.541272800] [microamp_factor_graph_tracking]: Added ROV 1 node (step 2) at t=1700000120.00, dt=50.000 s
[INFO] [1780735523.551032258] [microamp_factor_graph_tracking]: Processed GNSS at 1700000121.00, NED (148.85, 41.45, 0.13).
[INFO] [1780735523.642731092] [microamp_factor_graph_tracking]: Processed GNSS at 1700000122.00, NED (148.50, 43.13, 0.35).
[INFO] [1780735523.742719092] [microamp_factor_graph_tracking]: Processed GNSS at 1700000123.00, NED (148.13, 44.23, 0.19).
[INFO] [1780735523.855199175] [microamp_factor_graph_tracking]: Processed GNSS at 1700000124.00, NED (147.89, 45.78, 0.26).
[INFO] [1780735523.959158008] [microamp_factor_graph_tracking]: Processed GNSS at 1700000125.00, NED (149.02, 47.73, 0.37).
[INFO] [1780735524.041029342] [microamp_factor_graph_tracking]: Added ROV 1 node (step 3) at t=1700000125.00, dt=5.000 s
[INFO] [1780735524.042982425] [microamp_factor_graph_tracking]: Processed GNSS at 1700000126.00, NED (149.00, 47.97, -0.03).
[INFO] [1780735524.143125092] [microamp_factor_graph_tracking]: Processed GNSS at 1700000127.00, NED (149.13, 50.20, 0.18).
[INFO] [1780735524.244933883] [microamp_factor_graph_tracking]: Processed GNSS at 1700000128.00, NED (148.74, 51.61, -0.58).
[INFO] [1780735524.343588467] [microamp_factor_graph_tracking]: Processed GNSS at 1700000129.00, NED (148.90, 53.08, 0.42).
[INFO] [1780735524.458544467] [microamp_factor_graph_tracking]: Processed GNSS at 1700000130.00, NED (148.29, 55.15, -0.12).
[INFO] [1780735524.558133217] [microamp_factor_graph_tracking]: Processed GNSS at 1700000131.00, NED (148.64, 56.32, -0.63).
[INFO] [1780735524.659287800] [microamp_factor_graph_tracking]: Processed GNSS at 1700000132.00, NED (148.86, 58.12, 0.27).
[INFO] [1780735524.761995759] [microamp_factor_graph_tracking]: Processed GNSS at 1700000133.00, NED (148.98, 59.45, 0.87).
[INFO] [1780735524.862473217] [microamp_factor_graph_tracking]: Processed GNSS at 1700000134.00, NED (148.17, 60.39, 0.33).
[INFO] [1780735524.961308550] [microamp_factor_graph_tracking]: Processed GNSS at 1700000135.00, NED (149.06, 62.89, -0.59).
[INFO] [1780735525.058284134] [microamp_factor_graph_tracking]: Processed GNSS at 1700000136.00, NED (148.94, 64.14, 0.65).
[INFO] [1780735525.159822467] [microamp_factor_graph_tracking]: Processed GNSS at 1700000137.00, NED (148.41, 65.71, 0.18).
[INFO] [1780735525.260541176] [microamp_factor_graph_tracking]: Processed GNSS at 1700000138.00, NED (148.69, 66.91, -0.03).
[INFO] [1780735525.358855384] [microamp_factor_graph_tracking]: Processed GNSS at 1700000139.00, NED (148.68, 68.19, 0.15).
[INFO] [1780735525.461584134] [microamp_factor_graph_tracking]: Processed GNSS at 1700000140.00, NED (148.97, 69.74, -0.50).
[INFO] [1780735525.557916717] [microamp_factor_graph_tracking]: Processed GNSS at 1700000141.00, NED (148.47, 71.59, -0.57).
[INFO] [1780735525.646987467] [microamp_factor_graph_tracking]: Processed GNSS at 1700000142.00, NED (148.52, 72.75, 0.23).
[INFO] [1780735525.763001718] [microamp_factor_graph_tracking]: Processed GNSS at 1700000143.00, NED (148.43, 74.64, 1.02).
[INFO] [1780735525.856414093] [microamp_factor_graph_tracking]: Processed GNSS at 1700000144.00, NED (148.96, 76.14, -0.08).
[INFO] [1780735525.964189468] [microamp_factor_graph_tracking]: Processed GNSS at 1700000145.00, NED (148.38, 77.54, 0.33).
[INFO] [1780735526.047239509] [microamp_factor_graph_tracking]: Processed GNSS at 1700000146.00, NED (148.70, 78.88, 0.13).
[INFO] [1780735526.146041093] [microamp_factor_graph_tracking]: Processed GNSS at 1700000147.00, NED (148.77, 80.48, -0.74).
[INFO] [1780735526.263186259] [microamp_factor_graph_tracking]: Processed GNSS at 1700000148.00, NED (148.66, 81.83, -0.21).
[INFO] [1780735526.351394009] [microamp_factor_graph_tracking]: Processed GNSS at 1700000149.00, NED (149.13, 83.16, -0.43).
[INFO] [1780735526.461112593] [microamp_factor_graph_tracking]: Processed GNSS at 1700000150.00, NED (148.79, 84.63, 0.27).
[INFO] [1780735526.552350510] [microamp_factor_graph_tracking]: Processed GNSS at 1700000151.00, NED (148.42, 86.23, 0.66).
[INFO] [1780735526.660080218] [microamp_factor_graph_tracking]: Processed GNSS at 1700000152.00, NED (148.86, 88.26, 0.78).
[INFO] [1780735526.759490801] [microamp_factor_graph_tracking]: Processed GNSS at 1700000153.00, NED (148.63, 89.20, 0.20).
[INFO] [1780735526.860405051] [microamp_factor_graph_tracking]: Processed GNSS at 1700000154.00, NED (149.06, 90.54, 0.46).
[INFO] [1780735526.961609260] [microamp_factor_graph_tracking]: Processed GNSS at 1700000155.00, NED (148.74, 92.05, 0.29).
[INFO] [1780735527.041378385] [microamp_factor_graph_tracking]: Added ROV 1 node (step 4) at t=1700000155.00, dt=30.000 s
[INFO] [1780735527.049200093] [microamp_factor_graph_tracking]: Processed GNSS at 1700000156.00, NED (148.71, 94.00, 0.31).
[INFO] [1780735527.143896510] [microamp_factor_graph_tracking]: Processed GNSS at 1700000157.00, NED (148.35, 94.85, -1.45).
[INFO] [1780735527.245500635] [microamp_factor_graph_tracking]: Processed GNSS at 1700000158.00, NED (149.34, 97.00, 0.30).
[INFO] [1780735527.342223677] [microamp_factor_graph_tracking]: Processed GNSS at 1700000159.00, NED (148.34, 98.22, -0.55).
[INFO] [1780735527.460171760] [microamp_factor_graph_tracking]: Processed GNSS at 1700000160.00, NED (148.77, 99.78, -0.17).
[INFO] [1780735527.545284010] [microamp_factor_graph_tracking]: Processed GNSS at 1700000161.00, NED (148.89, 101.36, 0.03).
[INFO] [1780735527.645916385] [microamp_factor_graph_tracking]: Processed GNSS at 1700000162.00, NED (148.77, 102.79, -0.04).
[INFO] [1780735527.745536093] [microamp_factor_graph_tracking]: Processed GNSS at 1700000163.00, NED (148.79, 104.33, -0.95).
[INFO] [1780735527.846323177] [microamp_factor_graph_tracking]: Processed GNSS at 1700000164.00, NED (148.63, 105.54, -0.19).
[INFO] [1780735527.958327052] [microamp_factor_graph_tracking]: Processed GNSS at 1700000165.00, NED (148.81, 107.43, -0.76).
[INFO] [1780735528.041324677] [microamp_factor_graph_tracking]: Added ROV 1 node (step 5) at t=1700000165.00, dt=10.001 s
[INFO] [1780735528.048816677] [microamp_factor_graph_tracking]: Processed GNSS at 1700000166.00, NED (148.47, 109.24, 0.22).
[INFO] [1780735528.142223177] [microamp_factor_graph_tracking]: Processed GNSS at 1700000167.00, NED (148.87, 110.25, 0.59).
[INFO] [1780735528.246887760] [microamp_factor_graph_tracking]: Processed GNSS at 1700000168.00, NED (148.88, 112.38, 0.00).
[INFO] [1780735528.342102427] [microamp_factor_graph_tracking]: Processed GNSS at 1700000169.00, NED (149.12, 113.05, 0.24).
[INFO] [1780735528.459735677] [microamp_factor_graph_tracking]: Processed GNSS at 1700000170.00, NED (148.72, 114.83, -0.77).
[INFO] [1780735528.557547802] [microamp_factor_graph_tracking]: Processed GNSS at 1700000171.00, NED (148.52, 116.66, -0.10).
[INFO] [1780735528.658161719] [microamp_factor_graph_tracking]: Processed GNSS at 1700000172.00, NED (148.72, 117.41, -0.06).
[INFO] [1780735528.762321094] [microamp_factor_graph_tracking]: Processed GNSS at 1700000173.00, NED (149.28, 119.58, 0.07).
[INFO] [1780735528.849341677] [microamp_factor_graph_tracking]: Processed GNSS at 1700000174.00, NED (149.07, 120.66, -0.52).
[INFO] [1780735528.953107552] [microamp_factor_graph_tracking]: Processed GNSS at 1700000175.00, NED (148.62, 122.81, -0.08).
[INFO] [1780735529.043858469] [microamp_factor_graph_tracking]: Processed GNSS at 1700000176.00, NED (148.69, 124.20, 0.11).
[INFO] [1780735529.157059677] [microamp_factor_graph_tracking]: Processed GNSS at 1700000177.00, NED (148.65, 124.79, 0.22).
[INFO] [1780735529.244907053] [microamp_factor_graph_tracking]: Processed GNSS at 1700000178.00, NED (149.12, 126.79, 0.48).
[INFO] [1780735529.378698344] [microamp_factor_graph_tracking]: Processed GNSS at 1700000179.00, NED (148.77, 128.67, -0.50).
[INFO] [1780735529.496151344] [microamp_factor_graph_tracking]: Processed GNSS at 1700000180.00, NED (148.92, 129.67, 0.05).
[INFO] [1780735529.554223386] [microamp_factor_graph_tracking]: Processed GNSS at 1700000181.00, NED (148.59, 131.69, -0.12).
[INFO] [1780735529.657286469] [microamp_factor_graph_tracking]: Processed GNSS at 1700000182.00, NED (148.59, 133.40, -0.42).
[INFO] [1780735529.766970469] [microamp_factor_graph_tracking]: Processed GNSS at 1700000183.00, NED (148.74, 134.39, 0.71).
[INFO] [1780735529.953522970] [microamp_factor_graph_tracking]: Processed GNSS at 1700000184.00, NED (148.73, 135.50, 0.31).
[INFO] [1780735530.024502678] [microamp_factor_graph_tracking]: Processed GNSS at 1700000185.00, NED (148.49, 136.89, -0.43).
[INFO] [1780735530.058001970] [microamp_factor_graph_tracking]: Processed GNSS at 1700000186.00, NED (149.07, 139.08, 0.96).
[INFO] [1780735530.154157970] [microamp_factor_graph_tracking]: Processed GNSS at 1700000187.00, NED (148.25, 140.14, 0.39).
[INFO] [1780735530.250202720] [microamp_factor_graph_tracking]: Processed GNSS at 1700000188.00, NED (148.80, 141.58, -0.40).
[INFO] [1780735530.345949136] [microamp_factor_graph_tracking]: Processed GNSS at 1700000189.00, NED (148.93, 143.17, 0.54).
[INFO] [1780735530.460441511] [microamp_factor_graph_tracking]: Processed GNSS at 1700000190.00, NED (148.53, 144.76, 0.07).
[INFO] [1780735530.551865970] [microamp_factor_graph_tracking]: Processed GNSS at 1700000191.00, NED (148.60, 146.20, -0.34).
[INFO] [1780735530.647225428] [microamp_factor_graph_tracking]: Processed GNSS at 1700000192.00, NED (148.46, 147.82, 0.19).
[INFO] [1780735530.750046887] [microamp_factor_graph_tracking]: Processed GNSS at 1700000193.00, NED (148.47, 149.31, 0.47).
[INFO] [1780735530.846388262] [microamp_factor_graph_tracking]: Processed GNSS at 1700000194.00, NED (148.52, 150.86, 0.39).
[INFO] [1780735530.954517970] [microamp_factor_graph_tracking]: Processed GNSS at 1700000195.00, NED (149.08, 152.20, -0.27).
[INFO] [1780735531.045262095] [microamp_factor_graph_tracking]: Processed GNSS at 1700000196.00, NED (149.08, 154.69, 0.03).
[INFO] [1780735531.145981803] [microamp_factor_graph_tracking]: Processed GNSS at 1700000197.00, NED (149.71, 154.99, 0.93).
[INFO] [1780735531.255535845] [microamp_factor_graph_tracking]: Processed GNSS at 1700000198.00, NED (150.07, 156.51, 0.32).
[INFO] [1780735531.361598345] [microamp_factor_graph_tracking]: Processed GNSS at 1700000199.00, NED (150.45, 157.89, 0.43).
[INFO] [1780735531.477990762] [microamp_factor_graph_tracking]: Processed GNSS at 1700000200.00, NED (151.75, 159.37, -0.18).
[INFO] [1780735531.611844970] [microamp_factor_graph_tracking]: Processed GNSS at 1700000201.00, NED (152.33, 160.56, -1.24).
[INFO] [1780735531.654240345] [microamp_factor_graph_tracking]: Processed GNSS at 1700000202.00, NED (153.56, 161.89, 0.69).
[INFO] [1780735531.749111929] [microamp_factor_graph_tracking]: Processed GNSS at 1700000203.00, NED (154.53, 163.32, -0.12).
[INFO] [1780735531.847036804] [microamp_factor_graph_tracking]: Processed GNSS at 1700000204.00, NED (155.85, 163.69, 0.64).
[INFO] [1780735531.965740304] [microamp_factor_graph_tracking]: Processed GNSS at 1700000205.00, NED (157.01, 164.66, 0.13).
[INFO] [1780735532.041047262] [microamp_factor_graph_tracking]: Added ROV 1 node (step 6) at t=1700000205.00, dt=39.999 s
[INFO] [1780735532.044241721] [microamp_factor_graph_tracking]: Processed GNSS at 1700000206.00, NED (157.68, 165.70, 0.53).
[INFO] [1780735532.145133887] [microamp_factor_graph_tracking]: Processed GNSS at 1700000207.00, NED (159.18, 166.68, 0.18).
[INFO] [1780735532.248241221] [microamp_factor_graph_tracking]: Processed GNSS at 1700000208.00, NED (160.24, 167.52, -0.04).
[INFO] [1780735532.417321887] [microamp_factor_graph_tracking]: Processed GNSS at 1700000209.00, NED (162.39, 168.23, -0.22).
[INFO] [1780735532.472416054] [microamp_factor_graph_tracking]: Processed GNSS at 1700000210.00, NED (162.95, 168.52, -0.11).
[INFO] [1780735532.585423346] [microamp_factor_graph_tracking]: Processed GNSS at 1700000211.00, NED (164.99, 168.84, -0.30).
[INFO] [1780735532.650416096] [microamp_factor_graph_tracking]: Processed GNSS at 1700000212.00, NED (166.52, 169.06, 0.59).
[INFO] [1780735532.744467763] [microamp_factor_graph_tracking]: Processed GNSS at 1700000213.00, NED (167.88, 169.53, 0.29).
[INFO] [1780735532.848425013] [microamp_factor_graph_tracking]: Processed GNSS at 1700000214.00, NED (169.50, 168.90, -0.46).
[INFO] [1780735532.967471513] [microamp_factor_graph_tracking]: Processed GNSS at 1700000215.00, NED (170.92, 169.47, -0.13).
[INFO] [1780735533.041040596] [microamp_factor_graph_tracking]: Added ROV 1 node (step 7) at t=1700000215.00, dt=10.000 s
[INFO] [1780735533.043785471] [microamp_factor_graph_tracking]: Processed GNSS at 1700000216.00, NED (172.18, 169.29, 0.87).
[INFO] [1780735533.144345638] [microamp_factor_graph_tracking]: Processed GNSS at 1700000217.00, NED (173.91, 169.08, -0.07).
[INFO] [1780735533.245210263] [microamp_factor_graph_tracking]: Processed GNSS at 1700000218.00, NED (175.91, 169.20, 0.52).
[INFO] [1780735533.345475638] [microamp_factor_graph_tracking]: Processed GNSS at 1700000219.00, NED (176.85, 169.58, 0.06).
[INFO] [1780735533.464967888] [microamp_factor_graph_tracking]: Processed GNSS at 1700000220.00, NED (177.94, 169.77, 0.12).
[INFO] [1780735533.550144013] [microamp_factor_graph_tracking]: Processed GNSS at 1700000221.00, NED (179.99, 169.56, 0.62).
[INFO] [1780735533.658526888] [microamp_factor_graph_tracking]: Processed GNSS at 1700000222.00, NED (181.93, 169.47, 0.15).
[INFO] [1780735533.760515513] [microamp_factor_graph_tracking]: Processed GNSS at 1700000223.00, NED (183.28, 169.87, -0.32).
[INFO] [1780735533.859727430] [microamp_factor_graph_tracking]: Processed GNSS at 1700000224.00, NED (184.24, 169.09, 0.20).
[INFO] [1780735533.961503596] [microamp_factor_graph_tracking]: Processed GNSS at 1700000225.00, NED (185.79, 169.49, 0.10).
[INFO] [1780735534.050455346] [microamp_factor_graph_tracking]: Processed GNSS at 1700000226.00, NED (187.34, 169.12, 0.06).
[INFO] [1780735534.150794680] [microamp_factor_graph_tracking]: Processed GNSS at 1700000227.00, NED (188.39, 168.53, 0.78).
[INFO] [1780735534.260773805] [microamp_factor_graph_tracking]: Processed GNSS at 1700000228.00, NED (190.27, 169.64, 0.82).
[INFO] [1780735534.359305597] [microamp_factor_graph_tracking]: Processed GNSS at 1700000229.00, NED (191.94, 169.65, 0.79).
[INFO] [1780735534.461176138] [microamp_factor_graph_tracking]: Processed GNSS at 1700000230.00, NED (192.82, 169.70, 0.81).
[INFO] [1780735534.541724305] [microamp_factor_graph_tracking]: Added ROV 1 node (step 8) at t=1700000230.00, dt=15.000 s
[INFO] [1780735534.559098180] [microamp_factor_graph_tracking]: Processed GNSS at 1700000231.00, NED (195.29, 169.90, 0.14).
[INFO] [1780735534.642549263] [microamp_factor_graph_tracking]: Processed GNSS at 1700000232.00, NED (196.31, 169.44, -0.41).
[INFO] [1780735534.742304263] [microamp_factor_graph_tracking]: Processed GNSS at 1700000233.00, NED (197.81, 169.52, -0.11).
[INFO] [1780735534.846070264] [microamp_factor_graph_tracking]: Processed GNSS at 1700000234.00, NED (199.45, 169.14, 0.22).
[INFO] [1780735534.964903097] [microamp_factor_graph_tracking]: Processed GNSS at 1700000235.00, NED (201.08, 169.37, 0.18).
[INFO] [1780735535.048363972] [microamp_factor_graph_tracking]: Processed GNSS at 1700000236.00, NED (202.04, 169.16, 0.90).
[INFO] [1780735535.159011764] [microamp_factor_graph_tracking]: Processed GNSS at 1700000237.00, NED (204.10, 169.39, 0.77).
[INFO] [1780735535.248728805] [microamp_factor_graph_tracking]: Processed GNSS at 1700000238.00, NED (205.41, 169.03, -0.00).
[INFO] [1780735535.359066639] [microamp_factor_graph_tracking]: Processed GNSS at 1700000239.00, NED (207.08, 169.02, 0.48).
[INFO] [1780735535.463341083] [microamp_factor_graph_tracking]: Processed GNSS at 1700000240.00, NED (208.01, 169.74, 0.01).
[INFO] [1780735535.542194500] [microamp_factor_graph_tracking]: Added ROV 1 node (step 9) at t=1700000240.00, dt=10.001 s
[INFO] [1780735535.549702666] [microamp_factor_graph_tracking]: Processed GNSS at 1700000241.00, NED (209.63, 169.32, -0.37).
[INFO] [1780735535.642785791] [microamp_factor_graph_tracking]: Processed GNSS at 1700000242.00, NED (211.39, 169.17, -0.03).
[INFO] [1780735535.759412500] [microamp_factor_graph_tracking]: Processed GNSS at 1700000243.00, NED (212.21, 169.29, 0.31).
[INFO] [1780735535.849607375] [microamp_factor_graph_tracking]: Processed GNSS at 1700000244.00, NED (214.46, 169.39, -0.83).
[INFO] [1780735535.962713708] [microamp_factor_graph_tracking]: Processed GNSS at 1700000245.00, NED (215.89, 169.98, 0.30).
[INFO] [1780735536.057241041] [microamp_factor_graph_tracking]: Processed GNSS at 1700000246.00, NED (217.76, 169.59, -0.04).
[INFO] [1780735536.159078583] [microamp_factor_graph_tracking]: Processed GNSS at 1700000247.00, NED (219.07, 168.78, 0.10).
[INFO] [1780735536.258389542] [microamp_factor_graph_tracking]: Processed GNSS at 1700000248.00, NED (220.02, 169.40, -0.35).
[INFO] [1780735536.356409000] [microamp_factor_graph_tracking]: Processed GNSS at 1700000249.00, NED (222.03, 169.32, 1.44).
[INFO] [1780735536.458812500] [microamp_factor_graph_tracking]: Processed GNSS at 1700000250.00, NED (223.73, 169.82, -0.77).
[INFO] [1780735536.557587750] [microamp_factor_graph_tracking]: Processed GNSS at 1700000251.00, NED (225.01, 169.33, 0.75).
[INFO] [1780735536.658124042] [microamp_factor_graph_tracking]: Processed GNSS at 1700000252.00, NED (226.22, 168.97, -1.10).
[INFO] [1780735536.745656375] [microamp_factor_graph_tracking]: Processed GNSS at 1700000253.00, NED (228.10, 168.91, 0.44).
[INFO] [1780735536.846670000] [microamp_factor_graph_tracking]: Processed GNSS at 1700000254.00, NED (229.26, 169.39, -0.83).
[INFO] [1780735536.959748625] [microamp_factor_graph_tracking]: Processed GNSS at 1700000255.00, NED (230.96, 169.43, -0.64).
[INFO] [1780735537.047474500] [microamp_factor_graph_tracking]: Processed GNSS at 1700000256.00, NED (232.71, 169.10, 0.09).
[INFO] [1780735537.160295750] [microamp_factor_graph_tracking]: Processed GNSS at 1700000257.00, NED (233.88, 169.14, 0.10).
[INFO] [1780735537.249117500] [microamp_factor_graph_tracking]: Processed GNSS at 1700000258.00, NED (235.42, 169.30, -0.56).
[INFO] [1780735537.359736584] [microamp_factor_graph_tracking]: Processed GNSS at 1700000259.00, NED (236.75, 169.11, -0.15).
[INFO] [1780735537.465044625] [microamp_factor_graph_tracking]: Processed GNSS at 1700000260.00, NED (238.47, 169.10, 0.04).
[INFO] [1780735537.541888042] [microamp_factor_graph_tracking]: Added ROV 1 node (step 10) at t=1700000260.00, dt=20.001 s
[INFO] [1780735537.549387751] [microamp_factor_graph_tracking]: Processed GNSS at 1700000261.00, NED (239.91, 169.00, -0.05).
[INFO] [1780735537.646360584] [microamp_factor_graph_tracking]: Processed GNSS at 1700000262.00, NED (241.10, 169.62, 0.31).
[INFO] [1780735537.746605667] [microamp_factor_graph_tracking]: Processed GNSS at 1700000263.00, NED (242.53, 169.05, 0.21).
[INFO] [1780735537.846456584] [microamp_factor_graph_tracking]: Processed GNSS at 1700000264.00, NED (244.59, 169.13, 0.18).
[INFO] [1780735537.961363792] [microamp_factor_graph_tracking]: Processed GNSS at 1700000265.00, NED (245.48, 169.42, -0.03).
[INFO] [1780735538.042201501] [microamp_factor_graph_tracking]: Added ROV 1 node (step 11) at t=1700000265.00, dt=5.000 s
[INFO] [1780735538.057595001] [microamp_factor_graph_tracking]: Processed GNSS at 1700000266.00, NED (246.75, 169.51, -0.56).
[INFO] [1780735538.147426376] [microamp_factor_graph_tracking]: Processed GNSS at 1700000267.00, NED (249.28, 169.26, 0.80).
[INFO] [1780735538.247305959] [microamp_factor_graph_tracking]: Processed GNSS at 1700000268.00, NED (250.50, 169.34, -0.37).
[INFO] [1780735538.345463751] [microamp_factor_graph_tracking]: Processed GNSS at 1700000269.00, NED (251.79, 169.53, 0.84).
[INFO] [1780735538.462127293] [microamp_factor_graph_tracking]: Processed GNSS at 1700000270.00, NED (253.61, 169.83, -0.96).
[INFO] [1780735538.548584918] [microamp_factor_graph_tracking]: Processed GNSS at 1700000271.00, NED (255.34, 168.61, -0.89).
[INFO] [1780735538.661075293] [microamp_factor_graph_tracking]: Processed GNSS at 1700000272.00, NED (256.40, 169.19, -0.52).
[INFO] [1780735538.744547918] [microamp_factor_graph_tracking]: Processed GNSS at 1700000273.00, NED (258.33, 169.32, 0.64).
[INFO] [1780735538.844448834] [microamp_factor_graph_tracking]: Processed GNSS at 1700000274.00, NED (259.98, 169.31, -0.02).
[INFO] [1780735538.960789960] [microamp_factor_graph_tracking]: Processed GNSS at 1700000275.00, NED (261.26, 169.77, 0.46).
[INFO] [1780735539.041933751] [microamp_factor_graph_tracking]: Added ROV 1 node (step 12) at t=1700000275.00, dt=9.998 s
[INFO] [1780735539.049005085] [microamp_factor_graph_tracking]: Processed GNSS at 1700000276.00, NED (262.30, 169.53, 0.04).
[INFO] [1780735539.148083460] [microamp_factor_graph_tracking]: Processed GNSS at 1700000277.00, NED (263.83, 169.13, 0.55).
[INFO] [1780735539.247446876] [microamp_factor_graph_tracking]: Processed GNSS at 1700000278.00, NED (265.19, 169.73, -0.46).
[INFO] [1780735539.345854168] [microamp_factor_graph_tracking]: Processed GNSS at 1700000279.00, NED (267.18, 169.41, -0.04).
[INFO] [1780735539.461991418] [microamp_factor_graph_tracking]: Processed GNSS at 1700000280.00, NED (268.69, 169.59, 0.20).
[INFO] [1780735539.543097293] [microamp_factor_graph_tracking]: Added ROV 1 node (step 13) at t=1700000280.00, dt=5.000 s
[INFO] [1780735539.546316001] [microamp_factor_graph_tracking]: Processed GNSS at 1700000281.00, NED (269.88, 169.50, 0.91).
[INFO] [1780735539.645470043] [microamp_factor_graph_tracking]: Processed GNSS at 1700000282.00, NED (271.94, 169.35, -0.27).
[INFO] [1780735539.747716418] [microamp_factor_graph_tracking]: Processed GNSS at 1700000283.00, NED (273.03, 169.58, 0.42).
[INFO] [1780735539.848694960] [microamp_factor_graph_tracking]: Processed GNSS at 1700000284.00, NED (275.00, 169.65, 0.44).
[INFO] [1780735539.962874210] [microamp_factor_graph_tracking]: Processed GNSS at 1700000285.00, NED (276.05, 168.99, -0.06).
[INFO] [1780735540.048499627] [microamp_factor_graph_tracking]: Processed GNSS at 1700000286.00, NED (277.23, 169.21, 0.90).
[INFO] [1780735540.147693085] [microamp_factor_graph_tracking]: Processed GNSS at 1700000287.00, NED (278.68, 169.80, 0.36).
[INFO] [1780735540.244123960] [microamp_factor_graph_tracking]: Processed GNSS at 1700000288.00, NED (279.74, 169.15, 0.23).
[INFO] [1780735540.343667669] [microamp_factor_graph_tracking]: Processed GNSS at 1700000289.00, NED (281.77, 169.11, 0.02).
[INFO] [1780735540.462617252] [microamp_factor_graph_tracking]: Processed GNSS at 1700000290.00, NED (283.39, 169.25, -0.82).
[INFO] [1780735540.542462210] [microamp_factor_graph_tracking]: Added ROV 1 node (step 14) at t=1700000290.00, dt=10.000 s
[INFO] [1780735540.550868044] [microamp_factor_graph_tracking]: Processed GNSS at 1700000291.00, NED (284.44, 169.15, 0.38).
[INFO] [1780735540.644529835] [microamp_factor_graph_tracking]: Processed GNSS at 1700000292.00, NED (286.66, 169.72, 0.65).
[INFO] [1780735540.743053710] [microamp_factor_graph_tracking]: Processed GNSS at 1700000293.00, NED (288.20, 169.73, -0.13).
[INFO] [1780735540.843026919] [microamp_factor_graph_tracking]: Processed GNSS at 1700000294.00, NED (289.47, 169.22, 0.44).
[INFO] [1780735540.962882085] [microamp_factor_graph_tracking]: Processed GNSS at 1700000295.00, NED (291.21, 169.17, 0.31).
[INFO] [1780735541.058832669] [microamp_factor_graph_tracking]: Processed GNSS at 1700000296.00, NED (292.59, 169.46, 0.37).
[INFO] [1780735541.154042586] [microamp_factor_graph_tracking]: Processed GNSS at 1700000297.00, NED (294.36, 169.04, -0.36).
[INFO] [1780735541.248513127] [microamp_factor_graph_tracking]: Processed GNSS at 1700000298.00, NED (295.09, 169.25, 0.17).
[INFO] [1780735541.349464294] [microamp_factor_graph_tracking]: Processed GNSS at 1700000299.00, NED (296.73, 169.61, -0.29).
[INFO] [1780735542.911270961] [rclcpp]: signal_handler(SIGINT/SIGTERM)
