[INFO] [1780734654.891962551] [microamp_factor_graph_tracking]: Using scenario_id=1
[INFO] [1780734654.899029009] [microamp_factor_graph_tracking]: Expanded factor graph node initialized.
[WARN] [1780734657.365157927] [microamp_factor_graph_tracking]: Graph not initialized yet, skipping USBL measurement
[INFO] [1780734657.367154427] [microamp_factor_graph_tracking]: Graph initialized with GNSS at NED (31.39, 2.39, -0.15)
[INFO] [1780734657.369915135] [microamp_factor_graph_tracking]: IMU initialized at time 1700000001.020
[INFO] [1780734657.464105343] [microamp_factor_graph_tracking]: Processed GNSS at 1700000002.00, NED (32.92, 4.58, -0.11).
[INFO] [1780734657.575081385] [microamp_factor_graph_tracking]: Processed GNSS at 1700000003.00, NED (34.70, 5.66, -0.75).
[INFO] [1780734657.664985719] [microamp_factor_graph_tracking]: Processed GNSS at 1700000004.00, NED (36.61, 8.18, 0.44).
[INFO] [1780734657.769271802] [microamp_factor_graph_tracking]: Processed GNSS at 1700000005.00, NED (37.46, 9.83, -0.00).
[INFO] [1780734657.864963469] [microamp_factor_graph_tracking]: Processed GNSS at 1700000006.00, NED (39.19, 11.65, 0.62).
[INFO] [1780734657.964757052] [microamp_factor_graph_tracking]: Processed GNSS at 1700000007.00, NED (40.53, 13.64, 0.38).
[INFO] [1780734658.066208802] [microamp_factor_graph_tracking]: Processed GNSS at 1700000008.00, NED (41.87, 14.35, 0.54).
[INFO] [1780734658.166274719] [microamp_factor_graph_tracking]: Processed GNSS at 1700000009.00, NED (42.70, 16.55, 0.74).
[INFO] [1780734658.266199969] [microamp_factor_graph_tracking]: Processed GNSS at 1700000010.00, NED (44.61, 17.59, -0.72).
[INFO] [1780734658.365927886] [microamp_factor_graph_tracking]: Processed GNSS at 1700000011.00, NED (45.59, 18.19, 0.68).
[INFO] [1780734658.466213219] [microamp_factor_graph_tracking]: Processed GNSS at 1700000012.00, NED (46.65, 18.88, -0.74).
[INFO] [1780734658.565063261] [microamp_factor_graph_tracking]: Processed GNSS at 1700000013.00, NED (47.66, 19.62, 0.05).
[INFO] [1780734658.666353427] [microamp_factor_graph_tracking]: Processed GNSS at 1700000014.00, NED (49.89, 20.20, 0.03).
[INFO] [1780734658.766499469] [microamp_factor_graph_tracking]: Processed GNSS at 1700000015.00, NED (50.57, 20.11, 0.21).
[INFO] [1780734658.864088386] [microamp_factor_graph_tracking]: Initialized ROV 1 at NED (37.66, 14.42, 10.77), t_sent=1700000015.00
[INFO] [1780734658.865993969] [microamp_factor_graph_tracking]: Processed GNSS at 1700000016.00, NED (51.76, 20.15, 0.24).
[INFO] [1780734658.966722427] [microamp_factor_graph_tracking]: Processed GNSS at 1700000017.00, NED (53.22, 20.24, -0.09).
[INFO] [1780734659.066944094] [microamp_factor_graph_tracking]: Processed GNSS at 1700000018.00, NED (54.39, 19.43, -0.16).
[INFO] [1780734659.165803261] [microamp_factor_graph_tracking]: Processed GNSS at 1700000019.00, NED (55.10, 19.31, -0.48).
[INFO] [1780734659.267250511] [microamp_factor_graph_tracking]: Processed GNSS at 1700000020.00, NED (55.63, 18.12, -0.11).
[INFO] [1780734659.366993344] [microamp_factor_graph_tracking]: Processed GNSS at 1700000021.00, NED (56.42, 17.33, -0.95).
[INFO] [1780734659.465141886] [microamp_factor_graph_tracking]: Processed GNSS at 1700000022.00, NED (57.19, 15.96, -0.61).
[INFO] [1780734659.565014428] [microamp_factor_graph_tracking]: Processed GNSS at 1700000023.00, NED (57.48, 14.54, 0.12).
[INFO] [1780734659.666312303] [microamp_factor_graph_tracking]: Processed GNSS at 1700000024.00, NED (58.28, 13.14, -0.39).
[INFO] [1780734659.768806761] [microamp_factor_graph_tracking]: Processed GNSS at 1700000025.00, NED (58.60, 11.96, -0.28).
[INFO] [1780734659.865070220] [microamp_factor_graph_tracking]: Processed GNSS at 1700000026.00, NED (59.06, 10.16, -0.48).
[INFO] [1780734659.966086261] [microamp_factor_graph_tracking]: Processed GNSS at 1700000027.00, NED (59.65, 8.32, 0.03).
[INFO] [1780734660.070319678] [microamp_factor_graph_tracking]: Processed GNSS at 1700000028.00, NED (59.56, 5.99, 0.08).
[INFO] [1780734660.169019553] [microamp_factor_graph_tracking]: Processed GNSS at 1700000029.00, NED (59.89, 3.85, 0.62).
[INFO] [1780734660.276257553] [microamp_factor_graph_tracking]: Processed GNSS at 1700000030.00, NED (60.55, 2.37, 0.31).
[INFO] [1780734660.367472886] [microamp_factor_graph_tracking]: Processed GNSS at 1700000031.00, NED (60.07, 0.13, 0.72).
[INFO] [1780734660.479604053] [microamp_factor_graph_tracking]: Processed GNSS at 1700000032.00, NED (60.39, -1.21, 0.53).
[INFO] [1780734660.580294595] [microamp_factor_graph_tracking]: Processed GNSS at 1700000033.00, NED (59.93, -4.38, 0.78).
[INFO] [1780734660.665104262] [microamp_factor_graph_tracking]: Processed GNSS at 1700000034.00, NED (59.38, -5.58, -0.60).
[INFO] [1780734660.769515970] [microamp_factor_graph_tracking]: Processed GNSS at 1700000035.00, NED (59.52, -6.93, 0.57).
[INFO] [1780734660.879144303] [microamp_factor_graph_tracking]: Processed GNSS at 1700000036.00, NED (59.19, -8.67, 0.14).
[INFO] [1780734660.977872928] [microamp_factor_graph_tracking]: Processed GNSS at 1700000037.00, NED (59.17, -10.79, -0.50).
[INFO] [1780734661.068488095] [microamp_factor_graph_tracking]: Processed GNSS at 1700000038.00, NED (58.71, -11.93, -0.26).
[INFO] [1780734661.178974804] [microamp_factor_graph_tracking]: Processed GNSS at 1700000039.00, NED (58.12, -13.62, 0.62).
[INFO] [1780734661.282227554] [microamp_factor_graph_tracking]: Processed GNSS at 1700000040.00, NED (57.37, -15.85, 0.12).
[INFO] [1780734661.378941929] [microamp_factor_graph_tracking]: Processed GNSS at 1700000041.00, NED (56.61, -16.96, -0.43).
[INFO] [1780734661.480429470] [microamp_factor_graph_tracking]: Processed GNSS at 1700000042.00, NED (55.84, -17.74, -0.87).
[INFO] [1780734661.564711637] [microamp_factor_graph_tracking]: Processed GNSS at 1700000043.00, NED (54.90, -18.82, 0.32).
[INFO] [1780734661.679597220] [microamp_factor_graph_tracking]: Processed GNSS at 1700000044.00, NED (54.41, -19.32, 0.13).
[INFO] [1780734661.779185595] [microamp_factor_graph_tracking]: Processed GNSS at 1700000045.00, NED (53.21, -20.20, -0.02).
[INFO] [1780734661.868612054] [microamp_factor_graph_tracking]: Processed GNSS at 1700000046.00, NED (52.12, -20.25, 0.59).
[INFO] [1780734661.965500387] [microamp_factor_graph_tracking]: Processed GNSS at 1700000047.00, NED (50.90, -20.15, -0.94).
[INFO] [1780734662.066066429] [microamp_factor_graph_tracking]: Processed GNSS at 1700000048.00, NED (50.78, -20.08, 0.21).
[INFO] [1780734662.167126762] [microamp_factor_graph_tracking]: Processed GNSS at 1700000049.00, NED (48.49, -19.81, 0.26).
[INFO] [1780734662.283176554] [microamp_factor_graph_tracking]: Processed GNSS at 1700000050.00, NED (46.88, -19.22, -0.27).
[INFO] [1780734662.380558846] [microamp_factor_graph_tracking]: Processed GNSS at 1700000051.00, NED (45.62, -19.15, -0.40).
[INFO] [1780734662.478351137] [microamp_factor_graph_tracking]: Processed GNSS at 1700000052.00, NED (45.13, -17.11, 0.23).
[INFO] [1780734662.579825429] [microamp_factor_graph_tracking]: Processed GNSS at 1700000053.00, NED (44.40, -16.43, 0.18).
[INFO] [1780734662.668337638] [microamp_factor_graph_tracking]: Processed GNSS at 1700000054.00, NED (42.59, -16.04, -0.14).
[INFO] [1780734662.770180138] [microamp_factor_graph_tracking]: Processed GNSS at 1700000055.00, NED (40.59, -14.01, 0.78).
[INFO] [1780734662.876150721] [microamp_factor_graph_tracking]: Processed GNSS at 1700000056.00, NED (39.60, -12.41, -0.18).
[INFO] [1780734662.980648096] [microamp_factor_graph_tracking]: Processed GNSS at 1700000057.00, NED (38.91, -10.78, 0.28).
[INFO] [1780734663.084153304] [microamp_factor_graph_tracking]: Processed GNSS at 1700000058.00, NED (37.00, -9.23, -0.93).
[INFO] [1780734663.178865679] [microamp_factor_graph_tracking]: Processed GNSS at 1700000059.00, NED (35.51, -7.33, -0.28).
[INFO] [1780734663.281781013] [microamp_factor_graph_tracking]: Processed GNSS at 1700000060.00, NED (33.45, -5.26, 0.27).
[INFO] [1780734663.379536596] [microamp_factor_graph_tracking]: Processed GNSS at 1700000061.00, NED (32.32, -3.02, -0.26).
[INFO] [1780734663.470660221] [microamp_factor_graph_tracking]: Processed GNSS at 1700000062.00, NED (30.57, -1.17, 0.39).
[INFO] [1780734663.565377096] [microamp_factor_graph_tracking]: Processed GNSS at 1700000063.00, NED (29.52, 0.23, -0.17).
[INFO] [1780734663.678471055] [microamp_factor_graph_tracking]: Processed GNSS at 1700000064.00, NED (27.49, 2.50, 0.83).
[INFO] [1780734663.783116055] [microamp_factor_graph_tracking]: Processed GNSS at 1700000065.00, NED (25.97, 4.59, 0.30).
[INFO] [1780734663.908085472] [microamp_factor_graph_tracking]: Processed GNSS at 1700000066.00, NED (24.89, 6.49, -0.44).
[INFO] [1780734663.970727638] [microamp_factor_graph_tracking]: Processed GNSS at 1700000067.00, NED (23.54, 8.18, 0.23).
[INFO] [1780734664.079133638] [microamp_factor_graph_tracking]: Processed GNSS at 1700000068.00, NED (21.87, 10.46, 0.01).
[INFO] [1780734664.179728305] [microamp_factor_graph_tracking]: Processed GNSS at 1700000069.00, NED (20.23, 11.53, -0.03).
[INFO] [1780734664.284650305] [microamp_factor_graph_tracking]: Processed GNSS at 1700000070.00, NED (18.84, 13.44, 0.37).
[INFO] [1780734664.363909347] [microamp_factor_graph_tracking]: USBL time offset initialized: 0.000190
[INFO] [1780734664.364437138] [microamp_factor_graph_tracking]: Added ROV 1 node (step 1) at t=1700000070.00, dt=55.000 s
[INFO] [1780734664.370738930] [microamp_factor_graph_tracking]: Processed GNSS at 1700000071.00, NED (17.48, 14.68, -0.13).
[INFO] [1780734664.466071722] [microamp_factor_graph_tracking]: Processed GNSS at 1700000072.00, NED (16.23, 15.46, 0.26).
[INFO] [1780734664.568652972] [microamp_factor_graph_tracking]: Processed GNSS at 1700000073.00, NED (15.00, 16.45, -0.07).
[INFO] [1780734664.680374514] [microamp_factor_graph_tracking]: Processed GNSS at 1700000074.00, NED (13.86, 18.10, 0.32).
[INFO] [1780734664.783776597] [microamp_factor_graph_tracking]: Processed GNSS at 1700000075.00, NED (12.35, 18.31, -0.27).
[INFO] [1780734664.873054972] [microamp_factor_graph_tracking]: Processed GNSS at 1700000076.00, NED (11.02, 19.23, 0.12).
[INFO] [1780734664.978786972] [microamp_factor_graph_tracking]: Processed GNSS at 1700000077.00, NED (10.50, 19.35, 0.64).
[INFO] [1780734665.082233055] [microamp_factor_graph_tracking]: Processed GNSS at 1700000078.00, NED (9.09, 19.77, 1.16).
[INFO] [1780734665.179958430] [microamp_factor_graph_tracking]: Processed GNSS at 1700000079.00, NED (7.81, 20.32, -0.35).
[INFO] [1780734665.282851375] [microamp_factor_graph_tracking]: Processed GNSS at 1700000080.00, NED (7.47, 19.53, -0.63).
[INFO] [1780734665.381507583] [microamp_factor_graph_tracking]: Processed GNSS at 1700000081.00, NED (6.53, 19.22, 0.46).
[INFO] [1780734665.473620083] [microamp_factor_graph_tracking]: Processed GNSS at 1700000082.00, NED (5.34, 18.40, -0.18).
[INFO] [1780734665.567554750] [microamp_factor_graph_tracking]: Processed GNSS at 1700000083.00, NED (4.40, 17.45, -0.30).
[INFO] [1780734665.665814583] [microamp_factor_graph_tracking]: Processed GNSS at 1700000084.00, NED (4.02, 16.92, 0.29).
[INFO] [1780734665.783284250] [microamp_factor_graph_tracking]: Processed GNSS at 1700000085.00, NED (3.57, 15.56, 0.67).
[INFO] [1780734665.885965833] [microamp_factor_graph_tracking]: Processed GNSS at 1700000086.00, NED (2.85, 13.58, 0.55).
[INFO] [1780734665.981572875] [microamp_factor_graph_tracking]: Processed GNSS at 1700000087.00, NED (1.70, 13.21, 0.05).
[INFO] [1780734666.080531458] [microamp_factor_graph_tracking]: Processed GNSS at 1700000088.00, NED (1.70, 11.23, 0.42).
[INFO] [1780734666.181787625] [microamp_factor_graph_tracking]: Processed GNSS at 1700000089.00, NED (1.04, 9.63, 0.56).
[INFO] [1780734666.282733125] [microamp_factor_graph_tracking]: Processed GNSS at 1700000090.00, NED (1.07, 7.26, -0.02).
[INFO] [1780734666.382534292] [microamp_factor_graph_tracking]: Processed GNSS at 1700000091.00, NED (1.02, 5.96, 0.04).
[INFO] [1780734666.480288500] [microamp_factor_graph_tracking]: Processed GNSS at 1700000092.00, NED (0.25, 4.18, -0.10).
[INFO] [1780734666.582746250] [microamp_factor_graph_tracking]: Processed GNSS at 1700000093.00, NED (0.62, 2.35, 0.72).
[INFO] [1780734666.680435375] [microamp_factor_graph_tracking]: Processed GNSS at 1700000094.00, NED (0.50, 0.23, 0.33).
[INFO] [1780734666.787522750] [microamp_factor_graph_tracking]: Processed GNSS at 1700000095.00, NED (0.08, -1.43, 0.48).
[INFO] [1780734666.879181959] [microamp_factor_graph_tracking]: Processed GNSS at 1700000096.00, NED (0.24, -4.02, 0.06).
[INFO] [1780734666.981745584] [microamp_factor_graph_tracking]: Processed GNSS at 1700000097.00, NED (0.82, -5.80, 0.09).
[INFO] [1780734667.081384459] [microamp_factor_graph_tracking]: Processed GNSS at 1700000098.00, NED (0.53, -7.21, 0.20).
[INFO] [1780734667.182835959] [microamp_factor_graph_tracking]: Processed GNSS at 1700000099.00, NED (0.78, -9.12, 0.33).
[INFO] [1780734667.284751709] [microamp_factor_graph_tracking]: Processed GNSS at 1700000100.00, NED (1.24, -11.35, 0.52).
[INFO] [1780734667.379786376] [microamp_factor_graph_tracking]: Processed GNSS at 1700000101.00, NED (2.22, -12.64, -0.21).
[INFO] [1780734667.483102126] [microamp_factor_graph_tracking]: Processed GNSS at 1700000102.00, NED (3.41, -14.51, -0.49).
[INFO] [1780734667.572836834] [microamp_factor_graph_tracking]: Processed GNSS at 1700000103.00, NED (3.67, -15.21, -0.55).
[INFO] [1780734667.666664042] [microamp_factor_graph_tracking]: Processed GNSS at 1700000104.00, NED (4.08, -16.34, 0.13).
[INFO] [1780734667.770033584] [microamp_factor_graph_tracking]: Processed GNSS at 1700000105.00, NED (4.90, -18.06, -0.15).
[INFO] [1780734667.881050876] [microamp_factor_graph_tracking]: Processed GNSS at 1700000106.00, NED (5.65, -18.71, 0.67).
[INFO] [1780734667.984124501] [microamp_factor_graph_tracking]: Processed GNSS at 1700000107.00, NED (6.39, -19.30, 0.82).
[INFO] [1780734668.081525043] [microamp_factor_graph_tracking]: Processed GNSS at 1700000108.00, NED (7.47, -19.07, 0.35).
[INFO] [1780734668.181754168] [microamp_factor_graph_tracking]: Processed GNSS at 1700000109.00, NED (8.39, -19.64, -0.12).
[INFO] [1780734668.289297668] [microamp_factor_graph_tracking]: Processed GNSS at 1700000110.00, NED (9.25, -19.41, 0.33).
[INFO] [1780734668.382658334] [microamp_factor_graph_tracking]: Processed GNSS at 1700000111.00, NED (10.82, -19.40, -0.56).
[INFO] [1780734668.482783043] [microamp_factor_graph_tracking]: Processed GNSS at 1700000112.00, NED (11.36, -18.99, 0.63).
[INFO] [1780734668.582988168] [microamp_factor_graph_tracking]: Processed GNSS at 1700000113.00, NED (12.26, -18.90, 0.43).
[INFO] [1780734668.669257251] [microamp_factor_graph_tracking]: Processed GNSS at 1700000114.00, NED (13.55, -17.88, 0.47).
[INFO] [1780734668.770902001] [microamp_factor_graph_tracking]: Processed GNSS at 1700000115.00, NED (14.91, -16.85, 0.13).
[INFO] [1780734668.867463126] [microamp_factor_graph_tracking]: Processed GNSS at 1700000116.00, NED (16.05, -15.84, 1.32).
[INFO] [1780734668.969217835] [microamp_factor_graph_tracking]: Processed GNSS at 1700000117.00, NED (17.43, -14.79, -0.25).
[INFO] [1780734669.067326335] [microamp_factor_graph_tracking]: Processed GNSS at 1700000118.00, NED (18.80, -12.97, 0.07).
[INFO] [1780734669.168526210] [microamp_factor_graph_tracking]: Processed GNSS at 1700000119.00, NED (19.74, -12.02, -0.73).
[INFO] [1780734669.270980293] [microamp_factor_graph_tracking]: Processed GNSS at 1700000120.00, NED (21.65, -10.48, 0.68).
[INFO] [1780734669.364713293] [microamp_factor_graph_tracking]: Added ROV 1 node (step 2) at t=1700000120.00, dt=50.000 s
[INFO] [1780734669.369477501] [microamp_factor_graph_tracking]: Processed GNSS at 1700000121.00, NED (23.12, -8.45, 0.13).
[INFO] [1780734669.473323002] [microamp_factor_graph_tracking]: Processed GNSS at 1700000122.00, NED (24.23, -6.44, 0.35).
[INFO] [1780734669.568386043] [microamp_factor_graph_tracking]: Processed GNSS at 1700000123.00, NED (25.34, -4.94, 0.19).
[INFO] [1780734669.665493543] [microamp_factor_graph_tracking]: Processed GNSS at 1700000124.00, NED (26.59, -2.94, 0.26).
[INFO] [1780734669.771057335] [microamp_factor_graph_tracking]: Processed GNSS at 1700000125.00, NED (29.21, -0.51, 0.37).
[INFO] [1780734669.864885168] [microamp_factor_graph_tracking]: Added ROV 1 node (step 3) at t=1700000125.00, dt=5.000 s
[INFO] [1780734669.869158210] [microamp_factor_graph_tracking]: Processed GNSS at 1700000126.00, NED (30.69, 0.24, -0.03).
[INFO] [1780734669.964865085] [microamp_factor_graph_tracking]: Processed GNSS at 1700000127.00, NED (32.32, 2.96, 0.18).
[INFO] [1780734670.069551210] [microamp_factor_graph_tracking]: Processed GNSS at 1700000128.00, NED (33.42, 4.83, -0.58).
[INFO] [1780734670.169888877] [microamp_factor_graph_tracking]: Processed GNSS at 1700000129.00, NED (35.08, 6.72, 0.42).
[INFO] [1780734670.286116002] [microamp_factor_graph_tracking]: Processed GNSS at 1700000130.00, NED (35.95, 9.14, -0.12).
[INFO] [1780734670.374691710] [microamp_factor_graph_tracking]: Processed GNSS at 1700000131.00, NED (37.75, 10.59, -0.63).
[INFO] [1780734670.486427710] [microamp_factor_graph_tracking]: Processed GNSS at 1700000132.00, NED (39.43, 12.56, 0.27).
[INFO] [1780734670.582706294] [microamp_factor_graph_tracking]: Processed GNSS at 1700000133.00, NED (40.97, 13.94, 0.87).
[INFO] [1780734670.666848127] [microamp_factor_graph_tracking]: Processed GNSS at 1700000134.00, NED (41.57, 14.79, 0.33).
[INFO] [1780734670.769915210] [microamp_factor_graph_tracking]: Processed GNSS at 1700000135.00, NED (43.83, 17.06, -0.59).
[INFO] [1780734670.883019919] [microamp_factor_graph_tracking]: Processed GNSS at 1700000136.00, NED (45.05, 17.91, 0.65).
[INFO] [1780734670.984206961] [microamp_factor_graph_tracking]: Processed GNSS at 1700000137.00, NED (45.85, 18.91, 0.18).
[INFO] [1780734671.083727044] [microamp_factor_graph_tracking]: Processed GNSS at 1700000138.00, NED (47.41, 19.37, -0.03).
[INFO] [1780734671.185706502] [microamp_factor_graph_tracking]: Processed GNSS at 1700000139.00, NED (48.64, 19.69, 0.15).
[INFO] [1780734671.285902752] [microamp_factor_graph_tracking]: Processed GNSS at 1700000140.00, NED (50.14, 20.09, -0.50).
[INFO] [1780734671.382533419] [microamp_factor_graph_tracking]: Processed GNSS at 1700000141.00, NED (50.81, 20.57, -0.57).
[INFO] [1780734671.483427586] [microamp_factor_graph_tracking]: Processed GNSS at 1700000142.00, NED (51.96, 20.14, 0.23).
[INFO] [1780734671.581853128] [microamp_factor_graph_tracking]: Processed GNSS at 1700000143.00, NED (52.92, 20.24, 1.02).
[INFO] [1780734671.681388128] [microamp_factor_graph_tracking]: Processed GNSS at 1700000144.00, NED (54.42, 19.73, -0.08).
[INFO] [1780734671.774696711] [microamp_factor_graph_tracking]: Processed GNSS at 1700000145.00, NED (54.74, 18.94, 0.33).
[INFO] [1780734671.875225128] [microamp_factor_graph_tracking]: Processed GNSS at 1700000146.00, NED (55.88, 17.92, 0.13).
[INFO] [1780734671.966896586] [microamp_factor_graph_tracking]: Processed GNSS at 1700000147.00, NED (56.70, 16.98, -0.74).
[INFO] [1780734672.068767753] [microamp_factor_graph_tracking]: Processed GNSS at 1700000148.00, NED (57.27, 15.64, -0.21).
[INFO] [1780734672.167965586] [microamp_factor_graph_tracking]: Processed GNSS at 1700000149.00, NED (58.36, 14.13, -0.43).
[INFO] [1780734672.283347961] [microamp_factor_graph_tracking]: Processed GNSS at 1700000150.00, NED (58.56, 12.62, 0.27).
[INFO] [1780734672.383789711] [microamp_factor_graph_tracking]: Processed GNSS at 1700000151.00, NED (58.65, 11.12, 0.66).
[INFO] [1780734672.480966128] [microamp_factor_graph_tracking]: Processed GNSS at 1700000152.00, NED (59.50, 9.93, 0.78).
[INFO] [1780734672.574778586] [microamp_factor_graph_tracking]: Processed GNSS at 1700000153.00, NED (59.60, 7.56, 0.20).
[INFO] [1780734672.682554836] [microamp_factor_graph_tracking]: Processed GNSS at 1700000154.00, NED (60.28, 5.52, 0.46).
[INFO] [1780734672.786781253] [microamp_factor_graph_tracking]: Processed GNSS at 1700000155.00, NED (60.15, 3.58, 0.29).
[INFO] [1780734672.865182170] [microamp_factor_graph_tracking]: Added ROV 1 node (step 4) at t=1700000155.00, dt=30.000 s
[INFO] [1780734672.873631878] [microamp_factor_graph_tracking]: Processed GNSS at 1700000156.00, NED (60.22, 2.04, 0.31).
[INFO] [1780734672.969373795] [microamp_factor_graph_tracking]: Processed GNSS at 1700000157.00, NED (59.90, -0.62, -1.45).
[INFO] [1780734673.069387670] [microamp_factor_graph_tracking]: Processed GNSS at 1700000158.00, NED (60.84, -1.97, 0.30).
[INFO] [1780734673.168893628] [microamp_factor_graph_tracking]: Processed GNSS at 1700000159.00, NED (59.72, -4.25, -0.55).
[INFO] [1780734673.284021628] [microamp_factor_graph_tracking]: Processed GNSS at 1700000160.00, NED (59.96, -6.14, -0.17).
[INFO] [1780734673.384167920] [microamp_factor_graph_tracking]: Processed GNSS at 1700000161.00, NED (59.81, -7.96, 0.03).
[INFO] [1780734673.482483545] [microamp_factor_graph_tracking]: Processed GNSS at 1700000162.00, NED (59.34, -9.84, -0.04).
[INFO] [1780734673.581227337] [microamp_factor_graph_tracking]: Processed GNSS at 1700000163.00, NED (58.94, -11.53, -0.95).
[INFO] [1780734673.680908587] [microamp_factor_graph_tracking]: Processed GNSS at 1700000164.00, NED (58.28, -13.43, -0.19).
[INFO] [1780734673.770306212] [microamp_factor_graph_tracking]: Processed GNSS at 1700000165.00, NED (57.90, -14.53, -0.76).
[INFO] [1780734673.864055837] [microamp_factor_graph_tracking]: Added ROV 1 node (step 5) at t=1700000165.00, dt=10.001 s
[INFO] [1780734673.867506879] [microamp_factor_graph_tracking]: Processed GNSS at 1700000166.00, NED (56.90, -15.56, 0.22).
[INFO] [1780734673.966264712] [microamp_factor_graph_tracking]: Processed GNSS at 1700000167.00, NED (56.58, -17.24, 0.59).
[INFO] [1780734674.070478629] [microamp_factor_graph_tracking]: Processed GNSS at 1700000168.00, NED (55.80, -17.62, 0.00).
[INFO] [1780734674.168453462] [microamp_factor_graph_tracking]: Processed GNSS at 1700000169.00, NED (55.16, -19.29, 0.24).
[INFO] [1780734674.286835795] [microamp_factor_graph_tracking]: Processed GNSS at 1700000170.00, NED (53.82, -19.64, -0.77).
[INFO] [1780734674.380775212] [microamp_factor_graph_tracking]: Processed GNSS at 1700000171.00, NED (52.61, -19.74, -0.10).
[INFO] [1780734674.482744462] [microamp_factor_graph_tracking]: Processed GNSS at 1700000172.00, NED (51.74, -20.70, -0.06).
[INFO] [1780734674.571959212] [microamp_factor_graph_tracking]: Processed GNSS at 1700000173.00, NED (51.20, -20.03, 0.07).
[INFO] [1780734674.682804921] [microamp_factor_graph_tracking]: Processed GNSS at 1700000174.00, NED (49.85, -20.26, -0.52).
[INFO] [1780734674.785339504] [microamp_factor_graph_tracking]: Processed GNSS at 1700000175.00, NED (48.22, -19.21, -0.08).
[INFO] [1780734674.881691921] [microamp_factor_graph_tracking]: Processed GNSS at 1700000176.00, NED (47.08, -18.74, 0.11).
[INFO] [1780734674.983017046] [microamp_factor_graph_tracking]: Processed GNSS at 1700000177.00, NED (45.78, -18.87, 0.22).
[INFO] [1780734675.083314046] [microamp_factor_graph_tracking]: Processed GNSS at 1700000178.00, NED (44.97, -17.43, 0.48).
[INFO] [1780734675.182044963] [microamp_factor_graph_tracking]: Processed GNSS at 1700000179.00, NED (43.30, -15.96, -0.50).
[INFO] [1780734675.284394463] [microamp_factor_graph_tracking]: Processed GNSS at 1700000180.00, NED (42.10, -15.19, 0.05).
[INFO] [1780734675.382691213] [microamp_factor_graph_tracking]: Processed GNSS at 1700000181.00, NED (40.39, -13.25, -0.12).
[INFO] [1780734675.482731588] [microamp_factor_graph_tracking]: Processed GNSS at 1700000182.00, NED (38.98, -11.50, -0.42).
[INFO] [1780734675.581241004] [microamp_factor_graph_tracking]: Processed GNSS at 1700000183.00, NED (37.70, -10.35, 0.71).
[INFO] [1780734675.673979629] [microamp_factor_graph_tracking]: Processed GNSS at 1700000184.00, NED (36.24, -8.97, 0.31).
[INFO] [1780734675.776436713] [microamp_factor_graph_tracking]: Processed GNSS at 1700000185.00, NED (34.53, -7.24, -0.43).
[INFO] [1780734675.867289505] [microamp_factor_graph_tracking]: Processed GNSS at 1700000186.00, NED (33.63, -4.63, 0.96).
[INFO] [1780734675.982344963] [microamp_factor_graph_tracking]: Processed GNSS at 1700000187.00, NED (31.31, -3.11, 0.39).
[INFO] [1780734676.084126713] [microamp_factor_graph_tracking]: Processed GNSS at 1700000188.00, NED (30.36, -1.18, -0.40).
[INFO] [1780734676.183487713] [microamp_factor_graph_tracking]: Processed GNSS at 1700000189.00, NED (29.00, 0.91, 0.54).
[INFO] [1780734676.281499546] [microamp_factor_graph_tracking]: Processed GNSS at 1700000190.00, NED (27.10, 2.99, 0.07).
[INFO] [1780734676.383425088] [microamp_factor_graph_tracking]: Processed GNSS at 1700000191.00, NED (25.68, 4.88, -0.34).
[INFO] [1780734676.483291922] [microamp_factor_graph_tracking]: Processed GNSS at 1700000192.00, NED (24.05, 6.91, 0.19).
[INFO] [1780734676.582371130] [microamp_factor_graph_tracking]: Processed GNSS at 1700000193.00, NED (22.59, 8.73, 0.47).
[INFO] [1780734676.685595047] [microamp_factor_graph_tracking]: Processed GNSS at 1700000194.00, NED (21.11, 10.51, 0.39).
[INFO] [1780734676.792811797] [microamp_factor_graph_tracking]: Processed GNSS at 1700000195.00, NED (20.05, 11.97, -0.27).
[INFO] [1780734676.879055630] [microamp_factor_graph_tracking]: Processed GNSS at 1700000196.00, NED (18.33, 14.49, 0.03).
[INFO] [1780734676.975433672] [microamp_factor_graph_tracking]: Processed GNSS at 1700000197.00, NED (17.16, 14.70, 0.93).
[INFO] [1780734677.081797005] [microamp_factor_graph_tracking]: Processed GNSS at 1700000198.00, NED (15.65, 16.01, 0.32).
[INFO] [1780734677.186000297] [microamp_factor_graph_tracking]: Processed GNSS at 1700000199.00, NED (14.10, 17.06, 0.43).
[INFO] [1780734677.286041380] [microamp_factor_graph_tracking]: Processed GNSS at 1700000200.00, NED (13.39, 18.08, -0.18).
[INFO] [1780734677.383529380] [microamp_factor_graph_tracking]: Processed GNSS at 1700000201.00, NED (11.92, 18.67, -1.24).
[INFO] [1780734677.482449922] [microamp_factor_graph_tracking]: Processed GNSS at 1700000202.00, NED (11.04, 19.28, 0.69).
[INFO] [1780734677.582918214] [microamp_factor_graph_tracking]: Processed GNSS at 1700000203.00, NED (9.89, 19.85, -0.12).
[INFO] [1780734677.687280130] [microamp_factor_graph_tracking]: Processed GNSS at 1700000204.00, NED (9.06, 19.24, 0.64).
[INFO] [1780734677.785159547] [microamp_factor_graph_tracking]: Processed GNSS at 1700000205.00, NED (8.07, 19.12, 0.13).
[INFO] [1780734677.864973714] [microamp_factor_graph_tracking]: Added ROV 1 node (step 6) at t=1700000205.00, dt=39.999 s
[INFO] [1780734677.869251172] [microamp_factor_graph_tracking]: Processed GNSS at 1700000206.00, NED (6.58, 18.98, 0.53).
[INFO] [1780734677.968045881] [microamp_factor_graph_tracking]: Processed GNSS at 1700000207.00, NED (5.92, 18.69, 0.18).
[INFO] [1780734678.070586547] [microamp_factor_graph_tracking]: Processed GNSS at 1700000208.00, NED (4.83, 18.18, -0.04).
[INFO] [1780734678.180133881] [microamp_factor_graph_tracking]: Processed GNSS at 1700000209.00, NED (4.82, 17.48, -0.22).
[INFO] [1780734678.283711339] [microamp_factor_graph_tracking]: Processed GNSS at 1700000210.00, NED (3.25, 16.29, -0.11).
[INFO] [1780734678.381392922] [microamp_factor_graph_tracking]: Processed GNSS at 1700000211.00, NED (3.17, 15.06, -0.30).
[INFO] [1780734678.481468381] [microamp_factor_graph_tracking]: Processed GNSS at 1700000212.00, NED (2.62, 13.71, 0.59).
[INFO] [1780734678.583951381] [microamp_factor_graph_tracking]: Processed GNSS at 1700000213.00, NED (1.96, 12.57, 0.29).
[INFO] [1780734678.686261089] [microamp_factor_graph_tracking]: Processed GNSS at 1700000214.00, NED (1.60, 10.32, -0.46).
[INFO] [1780734678.786908423] [microamp_factor_graph_tracking]: Processed GNSS at 1700000215.00, NED (1.14, 9.19, -0.13).
[INFO] [1780734678.864351714] [microamp_factor_graph_tracking]: Added ROV 1 node (step 7) at t=1700000215.00, dt=10.000 s
[INFO] [1780734678.870800339] [microamp_factor_graph_tracking]: Processed GNSS at 1700000216.00, NED (0.59, 7.22, 0.87).
[INFO] [1780734678.968997881] [microamp_factor_graph_tracking]: Processed GNSS at 1700000217.00, NED (0.58, 5.13, -0.07).
[INFO] [1780734679.069876714] [microamp_factor_graph_tracking]: Processed GNSS at 1700000218.00, NED (0.91, 3.33, 0.52).
[INFO] [1780734679.180760923] [microamp_factor_graph_tracking]: Processed GNSS at 1700000219.00, NED (0.26, 1.74, 0.06).
[INFO] [1780734679.281788548] [microamp_factor_graph_tracking]: Processed GNSS at 1700000220.00, NED (-0.17, -0.07, 0.12).
[INFO] [1780734679.382690881] [microamp_factor_graph_tracking]: Processed GNSS at 1700000221.00, NED (0.43, -2.26, 0.62).
[INFO] [1780734679.481508173] [microamp_factor_graph_tracking]: Processed GNSS at 1700000222.00, NED (1.00, -4.31, 0.15).
[INFO] [1780734679.581929131] [microamp_factor_graph_tracking]: Processed GNSS at 1700000223.00, NED (1.06, -5.82, -0.32).
[INFO] [1780734679.682989715] [microamp_factor_graph_tracking]: Processed GNSS at 1700000224.00, NED (0.79, -8.47, 0.20).
[INFO] [1780734679.783641840] [microamp_factor_graph_tracking]: Processed GNSS at 1700000225.00, NED (1.20, -9.84, 0.10).
[INFO] [1780734679.870290381] [microamp_factor_graph_tracking]: Processed GNSS at 1700000226.00, NED (1.67, -11.88, 0.06).
[INFO] [1780734679.966838215] [microamp_factor_graph_tracking]: Processed GNSS at 1700000227.00, NED (1.73, -14.03, 0.78).
[INFO] [1780734680.071086882] [microamp_factor_graph_tracking]: Processed GNSS at 1700000228.00, NED (2.67, -14.34, 0.82).
[INFO] [1780734680.183731840] [microamp_factor_graph_tracking]: Processed GNSS at 1700000229.00, NED (3.48, -15.61, 0.79).
[INFO] [1780734680.290916923] [microamp_factor_graph_tracking]: Processed GNSS at 1700000230.00, NED (3.56, -16.66, 0.81).
[INFO] [1780734680.367124173] [microamp_factor_graph_tracking]: Added ROV 1 node (step 8) at t=1700000230.00, dt=15.000 s
[INFO] [1780734680.375953465] [microamp_factor_graph_tracking]: Processed GNSS at 1700000231.00, NED (5.30, -17.39, 0.14).
[INFO] [1780734680.472937465] [microamp_factor_graph_tracking]: Processed GNSS at 1700000232.00, NED (5.63, -18.59, -0.41).
[INFO] [1780734680.571369090] [microamp_factor_graph_tracking]: Processed GNSS at 1700000233.00, NED (6.50, -19.04, -0.11).
[INFO] [1780734680.668668632] [microamp_factor_graph_tracking]: Processed GNSS at 1700000234.00, NED (7.55, -19.76, 0.22).
[INFO] [1780734680.785938840] [microamp_factor_graph_tracking]: Processed GNSS at 1700000235.00, NED (8.64, -19.68, 0.18).
[INFO] [1780734680.881493174] [microamp_factor_graph_tracking]: Processed GNSS at 1700000236.00, NED (9.10, -19.86, 0.90).
[INFO] [1780734680.981400924] [microamp_factor_graph_tracking]: Processed GNSS at 1700000237.00, NED (10.71, -19.41, 0.77).
[INFO] [1780734681.072419299] [microamp_factor_graph_tracking]: Processed GNSS at 1700000238.00, NED (11.62, -19.37, -0.00).
[INFO] [1780734681.182159840] [microamp_factor_graph_tracking]: Processed GNSS at 1700000239.00, NED (12.95, -18.79, 0.48).
[INFO] [1780734681.282755215] [microamp_factor_graph_tracking]: Processed GNSS at 1700000240.00, NED (13.58, -17.31, 0.01).
[INFO] [1780734681.365110007] [microamp_factor_graph_tracking]: Added ROV 1 node (step 9) at t=1700000240.00, dt=10.001 s
[INFO] [1780734681.379582674] [microamp_factor_graph_tracking]: Processed GNSS at 1700000241.00, NED (14.95, -16.79, -0.37).
[INFO] [1780734681.479811757] [microamp_factor_graph_tracking]: Processed GNSS at 1700000242.00, NED (16.51, -15.82, -0.03).
[INFO] [1780734681.579186882] [microamp_factor_graph_tracking]: Processed GNSS at 1700000243.00, NED (17.16, -14.44, 0.31).
[INFO] [1780734681.679937466] [microamp_factor_graph_tracking]: Processed GNSS at 1700000244.00, NED (19.28, -12.92, -0.83).
[INFO] [1780734681.785286549] [microamp_factor_graph_tracking]: Processed GNSS at 1700000245.00, NED (20.62, -10.78, 0.30).
[INFO] [1780734681.881704257] [microamp_factor_graph_tracking]: Processed GNSS at 1700000246.00, NED (22.42, -9.50, -0.04).
[INFO] [1780734681.970166632] [microamp_factor_graph_tracking]: Processed GNSS at 1700000247.00, NED (23.67, -8.54, 0.10).
[INFO] [1780734682.067090216] [microamp_factor_graph_tracking]: Processed GNSS at 1700000248.00, NED (24.59, -6.07, -0.35).
[INFO] [1780734682.168717841] [microamp_factor_graph_tracking]: Processed GNSS at 1700000249.00, NED (26.58, -4.23, 1.44).
[INFO] [1780734682.283812383] [microamp_factor_graph_tracking]: Processed GNSS at 1700000250.00, NED (28.27, -1.77, -0.77).
[INFO] [1780734682.381357133] [microamp_factor_graph_tracking]: Processed GNSS at 1700000251.00, NED (29.55, -0.26, 0.75).
[INFO] [1780734682.482916549] [microamp_factor_graph_tracking]: Processed GNSS at 1700000252.00, NED (30.76, 1.38, -1.10).
[INFO] [1780734682.581790924] [microamp_factor_graph_tracking]: Processed GNSS at 1700000253.00, NED (32.63, 3.30, 0.44).
[INFO] [1780734682.681797049] [microamp_factor_graph_tracking]: Processed GNSS at 1700000254.00, NED (33.78, 5.74, -0.83).
[INFO] [1780734682.783775300] [microamp_factor_graph_tracking]: Processed GNSS at 1700000255.00, NED (35.48, 7.68, -0.64).
[INFO] [1780734682.872772133] [microamp_factor_graph_tracking]: Processed GNSS at 1700000256.00, NED (37.20, 9.18, 0.09).
[INFO] [1780734682.973562258] [microamp_factor_graph_tracking]: Processed GNSS at 1700000257.00, NED (38.33, 10.95, 0.10).
[INFO] [1780734683.083046716] [microamp_factor_graph_tracking]: Processed GNSS at 1700000258.00, NED (39.80, 12.75, -0.56).
[INFO] [1780734683.182332591] [microamp_factor_graph_tracking]: Processed GNSS at 1700000259.00, NED (41.06, 14.06, -0.15).
[INFO] [1780734683.286131716] [microamp_factor_graph_tracking]: Processed GNSS at 1700000260.00, NED (42.67, 15.42, 0.04).
[INFO] [1780734683.365102175] [microamp_factor_graph_tracking]: Added ROV 1 node (step 10) at t=1700000260.00, dt=20.001 s
[INFO] [1780734683.373789383] [microamp_factor_graph_tracking]: Processed GNSS at 1700000261.00, NED (43.98, 16.53, -0.05).
[INFO] [1780734683.471920550] [microamp_factor_graph_tracking]: Processed GNSS at 1700000262.00, NED (45.01, 18.20, 0.31).
[INFO] [1780734683.571452300] [microamp_factor_graph_tracking]: Processed GNSS at 1700000263.00, NED (46.25, 18.50, 0.21).
[INFO] [1780734683.669958258] [microamp_factor_graph_tracking]: Processed GNSS at 1700000264.00, NED (48.07, 19.27, 0.18).
[INFO] [1780734683.789054633] [microamp_factor_graph_tracking]: Processed GNSS at 1700000265.00, NED (48.70, 20.03, -0.03).
[INFO] [1780734683.864871592] [microamp_factor_graph_tracking]: Added ROV 1 node (step 11) at t=1700000265.00, dt=5.000 s
[INFO] [1780734683.871446008] [microamp_factor_graph_tracking]: Processed GNSS at 1700000266.00, NED (49.66, 20.40, -0.56).
[INFO] [1780734683.966068675] [microamp_factor_graph_tracking]: Processed GNSS at 1700000267.00, NED (51.84, 20.21, 0.80).
[INFO] [1780734684.068918300] [microamp_factor_graph_tracking]: Processed GNSS at 1700000268.00, NED (52.65, 20.13, -0.37).
[INFO] [1780734684.168547300] [microamp_factor_graph_tracking]: Processed GNSS at 1700000269.00, NED (53.46, 19.95, 0.84).
[INFO] [1780734684.285528675] [microamp_factor_graph_tracking]: Processed GNSS at 1700000270.00, NED (54.73, 19.69, -0.96).
[INFO] [1780734684.382803717] [microamp_factor_graph_tracking]: Processed GNSS at 1700000271.00, NED (55.83, 17.72, -0.89).
[INFO] [1780734684.481353884] [microamp_factor_graph_tracking]: Processed GNSS at 1700000272.00, NED (56.18, 17.37, -0.52).
[INFO] [1780734684.581647842] [microamp_factor_graph_tracking]: Processed GNSS at 1700000273.00, NED (57.34, 16.41, 0.64).
[INFO] [1780734684.677416092] [microamp_factor_graph_tracking]: Processed GNSS at 1700000274.00, NED (58.15, 15.16, -0.02).
[INFO] [1780734684.784898925] [microamp_factor_graph_tracking]: Processed GNSS at 1700000275.00, NED (58.51, 14.23, 0.46).
[INFO] [1780734684.865130342] [microamp_factor_graph_tracking]: Added ROV 1 node (step 12) at t=1700000275.00, dt=9.998 s
[INFO] [1780734684.873293842] [microamp_factor_graph_tracking]: Processed GNSS at 1700000276.00, NED (58.57, 12.47, 0.04).
[INFO] [1780734684.980932092] [microamp_factor_graph_tracking]: Processed GNSS at 1700000277.00, NED (59.05, 10.43, 0.55).
[INFO] [1780734685.070049259] [microamp_factor_graph_tracking]: Processed GNSS at 1700000278.00, NED (59.29, 9.27, -0.46).
[INFO] [1780734685.170951467] [microamp_factor_graph_tracking]: Processed GNSS at 1700000279.00, NED (60.08, 7.11, -0.04).
[INFO] [1780734685.285640926] [microamp_factor_graph_tracking]: Processed GNSS at 1700000280.00, NED (60.33, 5.39, 0.20).
[INFO] [1780734685.365366551] [microamp_factor_graph_tracking]: Added ROV 1 node (step 13) at t=1700000280.00, dt=5.000 s
[INFO] [1780734685.373557801] [microamp_factor_graph_tracking]: Processed GNSS at 1700000281.00, NED (60.17, 3.33, 0.91).
[INFO] [1780734685.470847009] [microamp_factor_graph_tracking]: Processed GNSS at 1700000282.00, NED (60.82, 1.19, -0.27).
[INFO] [1780734685.571377593] [microamp_factor_graph_tracking]: Processed GNSS at 1700000283.00, NED (60.41, -0.59, 0.42).
[INFO] [1780734685.666763093] [microamp_factor_graph_tracking]: Processed GNSS at 1700000284.00, NED (60.81, -2.53, 0.44).
[INFO] [1780734685.783866218] [microamp_factor_graph_tracking]: Processed GNSS at 1700000285.00, NED (60.22, -5.16, -0.06).
[INFO] [1780734685.873144551] [microamp_factor_graph_tracking]: Processed GNSS at 1700000286.00, NED (59.68, -6.88, 0.90).
[INFO] [1780734685.970348343] [microamp_factor_graph_tracking]: Processed GNSS at 1700000287.00, NED (59.34, -8.16, 0.36).
[INFO] [1780734686.066951218] [microamp_factor_graph_tracking]: Processed GNSS at 1700000288.00, NED (58.53, -10.60, 0.23).
[INFO] [1780734686.172950051] [microamp_factor_graph_tracking]: Processed GNSS at 1700000289.00, NED (58.61, -12.33, 0.02).
[INFO] [1780734686.289101718] [microamp_factor_graph_tracking]: Processed GNSS at 1700000290.00, NED (58.20, -13.76, -0.82).
[INFO] [1780734686.366852093] [microamp_factor_graph_tracking]: Added ROV 1 node (step 14) at t=1700000290.00, dt=10.000 s
[INFO] [1780734686.373283468] [microamp_factor_graph_tracking]: Processed GNSS at 1700000291.00, NED (57.16, -15.30, 0.38).
[INFO] [1780734686.468106593] [microamp_factor_graph_tracking]: Processed GNSS at 1700000292.00, NED (57.21, -16.03, 0.65).
[INFO] [1780734686.568162385] [microamp_factor_graph_tracking]: Processed GNSS at 1700000293.00, NED (56.49, -17.15, -0.13).
[INFO] [1780734686.670749510] [microamp_factor_graph_tracking]: Processed GNSS at 1700000294.00, NED (55.44, -18.61, 0.44).
[INFO] [1780734686.785521551] [microamp_factor_graph_tracking]: Processed GNSS at 1700000295.00, NED (54.78, -19.43, 0.31).
[INFO] [1780734686.878957510] [microamp_factor_graph_tracking]: Processed GNSS at 1700000296.00, NED (53.70, -19.71, 0.37).
[INFO] [1780734686.970575760] [microamp_factor_graph_tracking]: Processed GNSS at 1700000297.00, NED (52.94, -20.48, -0.36).
[INFO] [1780734687.081773177] [microamp_factor_graph_tracking]: Processed GNSS at 1700000298.00, NED (51.09, -20.41, 0.17).
[INFO] [1780734687.182472968] [microamp_factor_graph_tracking]: Processed GNSS at 1700000299.00, NED (50.11, -19.99, -0.29).
[INFO] [1780734688.744761386] [rclcpp]: signal_handler(SIGINT/SIGTERM)
