[37;1m2026-06-03 14:53:59.233 [31;1m[[37;1mRTPS_TRANSPORT_SHM[31;1m Error] [37mFailed init_port fastrtps_port7419: open_and_lock_file failed[34;1m -> Function [36mopen_port_internal[m
[INFO] [1780498439.241833252] [microamp_factor_graph_tracking]: Using scenario_id=1
[INFO] [1780498439.245872627] [microamp_factor_graph_tracking]: Expanded factor graph node initialized.
[INFO] [1780498441.296727295] [microamp_factor_graph_tracking]: Graph initialized with GT at NED (0.00, 0.00, 0.00), t=1700000000.000
[INFO] [1780498441.301913878] [microamp_factor_graph_tracking]: Initialized ROV 1 at NED (200.00, 100.00, 8.00), t_sent=1700000000.00
[INFO] [1780498441.302656045] [microamp_factor_graph_tracking]: Processed GNSS at 1700000001.00, NED (1.52, 0.15, -0.89).
[INFO] [1780498441.396593378] [microamp_factor_graph_tracking]: Processed GNSS at 1700000002.00, NED (3.21, 1.22, -0.75).
[INFO] [1780498441.496814628] [microamp_factor_graph_tracking]: Processed GNSS at 1700000003.00, NED (6.13, -3.04, -3.32).
[INFO] [1780498441.596838878] [microamp_factor_graph_tracking]: Processed GNSS at 1700000004.00, NED (9.80, 0.17, 1.44).
[INFO] [1780498441.696674753] [microamp_factor_graph_tracking]: Processed GNSS at 1700000005.00, NED (8.21, -0.60, -0.30).
[INFO] [1780498441.796363378] [microamp_factor_graph_tracking]: USBL time offset initialized: -0.000052
[INFO] [1780498441.796699212] [microamp_factor_graph_tracking]: Added ROV 1 node (step 1) at t=1700000005.00, dt=5.000 s
[INFO] [1780498441.798028087] [microamp_factor_graph_tracking]: Processed GNSS at 1700000006.00, NED (11.08, -0.02, 2.17).
[INFO] [1780498441.897272670] [microamp_factor_graph_tracking]: Processed GNSS at 1700000007.00, NED (12.11, 1.94, 1.23).
[INFO] [1780498441.997278212] [microamp_factor_graph_tracking]: Processed GNSS at 1700000008.00, NED (13.23, -1.79, 1.86).
[INFO] [1780498442.097948712] [microamp_factor_graph_tracking]: Processed GNSS at 1700000009.00, NED (11.98, 2.62, 2.64).
[INFO] [1780498442.197937170] [microamp_factor_graph_tracking]: Processed GNSS at 1700000010.00, NED (16.21, 1.98, -3.17).
[INFO] [1780498442.296406754] [microamp_factor_graph_tracking]: Added ROV 1 node (step 2) at t=1700000010.00, dt=5.000 s
[INFO] [1780498442.309613004] [microamp_factor_graph_tracking]: Processed GNSS at 1700000011.00, NED (15.99, 0.03, 2.40).
[INFO] [1780498442.397093962] [microamp_factor_graph_tracking]: Processed GNSS at 1700000012.00, NED (16.33, -0.56, -3.28).
[INFO] [1780498442.497150712] [microamp_factor_graph_tracking]: Processed GNSS at 1700000013.00, NED (16.59, 0.07, -0.10).
[INFO] [1780498442.598641045] [microamp_factor_graph_tracking]: Processed GNSS at 1700000014.00, NED (23.11, 0.89, -0.20).
[INFO] [1780498442.697018670] [microamp_factor_graph_tracking]: Processed GNSS at 1700000015.00, NED (22.09, -0.59, 0.52).
[INFO] [1780498442.796512462] [microamp_factor_graph_tracking]: Added ROV 1 node (step 3) at t=1700000015.00, dt=5.000 s
[INFO] [1780498442.798331129] [microamp_factor_graph_tracking]: Processed GNSS at 1700000016.00, NED (23.89, -0.30, 0.67).
[INFO] [1780498442.897376337] [microamp_factor_graph_tracking]: Processed GNSS at 1700000017.00, NED (27.37, 1.27, -0.64).
[INFO] [1780498442.997090129] [microamp_factor_graph_tracking]: Processed GNSS at 1700000018.00, NED (29.73, -0.64, -0.94).
[INFO] [1780498443.099264046] [microamp_factor_graph_tracking]: Processed GNSS at 1700000019.00, NED (30.21, 1.91, -2.23).
[INFO] [1780498443.198225504] [microamp_factor_graph_tracking]: Processed GNSS at 1700000020.00, NED (30.09, 0.02, -0.76).
[INFO] [1780498443.296424212] [microamp_factor_graph_tracking]: Added ROV 1 node (step 4) at t=1700000020.00, dt=5.001 s
[INFO] [1780498443.299034379] [microamp_factor_graph_tracking]: Processed GNSS at 1700000021.00, NED (31.69, 0.93, -4.11).
[INFO] [1780498443.397974046] [microamp_factor_graph_tracking]: Processed GNSS at 1700000022.00, NED (33.50, -0.20, -2.75).
[INFO] [1780498443.497230671] [microamp_factor_graph_tracking]: Processed GNSS at 1700000023.00, NED (33.29, -0.83, 0.18).
[INFO] [1780498443.600943921] [microamp_factor_graph_tracking]: Processed GNSS at 1700000024.00, NED (35.96, -0.64, -1.86).
[INFO] [1780498443.697843671] [microamp_factor_graph_tracking]: Processed GNSS at 1700000025.00, NED (36.61, 1.27, -1.44).
[INFO] [1780498443.796472046] [microamp_factor_graph_tracking]: Added ROV 1 node (step 5) at t=1700000025.00, dt=5.000 s
[INFO] [1780498443.799133713] [microamp_factor_graph_tracking]: Processed GNSS at 1700000026.00, NED (38.26, 0.68, -2.22).
[INFO] [1780498443.897453588] [microamp_factor_graph_tracking]: Processed GNSS at 1700000027.00, NED (40.94, 0.36, -0.19).
[INFO] [1780498443.997539504] [microamp_factor_graph_tracking]: Processed GNSS at 1700000028.00, NED (40.57, -1.94, 0.03).
[INFO] [1780498444.099417713] [microamp_factor_graph_tracking]: Processed GNSS at 1700000029.00, NED (42.71, -3.02, 2.17).
[INFO] [1780498444.198214046] [microamp_factor_graph_tracking]: Processed GNSS at 1700000030.00, NED (46.85, -0.55, 0.95).
[INFO] [1780498444.296485171] [microamp_factor_graph_tracking]: Added ROV 1 node (step 6) at t=1700000030.00, dt=5.000 s
[INFO] [1780498444.298905338] [microamp_factor_graph_tracking]: Processed GNSS at 1700000031.00, NED (45.66, -1.72, 2.58).
[INFO] [1780498444.397250255] [microamp_factor_graph_tracking]: Processed GNSS at 1700000032.00, NED (48.86, 1.63, 1.81).
[INFO] [1780498444.498032588] [microamp_factor_graph_tracking]: Processed GNSS at 1700000033.00, NED (48.51, -4.22, 2.83).
[INFO] [1780498444.611886421] [microamp_factor_graph_tracking]: Processed GNSS at 1700000034.00, NED (48.10, -0.40, -2.71).
[INFO] [1780498444.699407630] [microamp_factor_graph_tracking]: Processed GNSS at 1700000035.00, NED (51.52, 2.41, 1.99).
[INFO] [1780498444.796249005] [microamp_factor_graph_tracking]: Added ROV 1 node (step 7) at t=1700000035.00, dt=5.000 s
[INFO] [1780498444.797383255] [microamp_factor_graph_tracking]: Processed GNSS at 1700000036.00, NED (52.97, 2.98, 0.24).
[INFO] [1780498444.908824213] [microamp_factor_graph_tracking]: Processed GNSS at 1700000037.00, NED (56.37, 1.17, -2.30).
[INFO] [1780498444.998040546] [microamp_factor_graph_tracking]: Processed GNSS at 1700000038.00, NED (57.91, 3.71, -1.34).
[INFO] [1780498445.101519922] [microamp_factor_graph_tracking]: Processed GNSS at 1700000039.00, NED (59.18, 2.89, 2.18).
[INFO] [1780498445.198493422] [microamp_factor_graph_tracking]: Processed GNSS at 1700000040.00, NED (60.05, -1.27, 0.17).
[INFO] [1780498445.296673797] [microamp_factor_graph_tracking]: Added ROV 1 node (step 8) at t=1700000040.00, dt=5.000 s
[INFO] [1780498445.299740755] [microamp_factor_graph_tracking]: Processed GNSS at 1700000041.00, NED (61.25, -0.64, -2.01).
[INFO] [1780498445.398120380] [microamp_factor_graph_tracking]: Processed GNSS at 1700000042.00, NED (62.74, 0.85, -3.78).
[INFO] [1780498445.499105422] [microamp_factor_graph_tracking]: Processed GNSS at 1700000043.00, NED (63.81, -0.06, 0.99).
[INFO] [1780498445.600994838] [microamp_factor_graph_tracking]: Processed GNSS at 1700000044.00, NED (67.47, 0.97, 0.20).
[INFO] [1780498445.698770047] [microamp_factor_graph_tracking]: Processed GNSS at 1700000045.00, NED (67.90, -0.98, -0.38).
[INFO] [1780498445.796733339] [microamp_factor_graph_tracking]: Added ROV 1 node (step 9) at t=1700000045.00, dt=5.000 s
[INFO] [1780498445.811332839] [microamp_factor_graph_tracking]: Processed GNSS at 1700000046.00, NED (69.20, 0.21, 2.06).
[INFO] [1780498445.897998047] [microamp_factor_graph_tracking]: Processed GNSS at 1700000047.00, NED (70.03, 1.07, -4.04).
[INFO] [1780498445.997925130] [microamp_factor_graph_tracking]: Processed GNSS at 1700000048.00, NED (76.58, 0.74, 0.53).
[INFO] [1780498446.104164880] [microamp_factor_graph_tracking]: Processed GNSS at 1700000049.00, NED (72.48, 0.45, 0.72).
[INFO] [1780498446.199212214] [microamp_factor_graph_tracking]: Processed GNSS at 1700000050.00, NED (71.92, 0.80, -1.37).
[INFO] [1780498446.296887130] [microamp_factor_graph_tracking]: Added ROV 1 node (step 10) at t=1700000050.00, dt=5.000 s
[INFO] [1780498446.303042422] [microamp_factor_graph_tracking]: Processed GNSS at 1700000051.00, NED (73.32, -2.36, -1.91).
[INFO] [1780498446.399827297] [microamp_factor_graph_tracking]: Processed GNSS at 1700000052.00, NED (78.70, 3.44, 0.64).
[INFO] [1780498446.499142256] [microamp_factor_graph_tracking]: Processed GNSS at 1700000053.00, NED (83.09, 1.55, 0.42).
[INFO] [1780498446.603876172] [microamp_factor_graph_tracking]: Processed GNSS at 1700000054.00, NED (82.25, -2.58, -0.85).
[INFO] [1780498446.699737131] [microamp_factor_graph_tracking]: Processed GNSS at 1700000055.00, NED (80.63, 0.76, 2.82).
[INFO] [1780498446.796346756] [microamp_factor_graph_tracking]: Added ROV 1 node (step 11) at t=1700000055.00, dt=5.000 s
[INFO] [1780498446.797549922] [microamp_factor_graph_tracking]: Processed GNSS at 1700000056.00, NED (84.16, 1.28, -1.03).
[INFO] [1780498446.897007756] [microamp_factor_graph_tracking]: Processed GNSS at 1700000057.00, NED (89.34, 1.29, 0.84).
[INFO] [1780498446.998095631] [microamp_factor_graph_tracking]: Processed GNSS at 1700000058.00, NED (88.51, 0.41, -4.04).
[INFO] [1780498447.102938714] [microamp_factor_graph_tracking]: Processed GNSS at 1700000059.00, NED (89.92, 0.80, -1.41).
[INFO] [1780498447.199427881] [microamp_factor_graph_tracking]: Processed GNSS at 1700000060.00, NED (88.47, 1.66, 0.78).
[INFO] [1780498447.296528214] [microamp_factor_graph_tracking]: Added ROV 1 node (step 12) at t=1700000060.00, dt=5.000 s
[INFO] [1780498447.299596714] [microamp_factor_graph_tracking]: Processed GNSS at 1700000061.00, NED (91.78, 3.12, -1.35).
[INFO] [1780498447.399250381] [microamp_factor_graph_tracking]: Processed GNSS at 1700000062.00, NED (92.03, 2.45, 1.25).
[INFO] [1780498447.497968048] [microamp_factor_graph_tracking]: Processed GNSS at 1700000063.00, NED (95.76, -0.53, -0.98).
[INFO] [1780498447.603964673] [microamp_factor_graph_tracking]: Processed GNSS at 1700000064.00, NED (94.60, 0.86, 3.04).
[INFO] [1780498447.699949589] [microamp_factor_graph_tracking]: Processed GNSS at 1700000065.00, NED (96.00, 1.44, 0.92).
[INFO] [1780498447.796656714] [microamp_factor_graph_tracking]: Added ROV 1 node (step 13) at t=1700000065.00, dt=5.000 s
[INFO] [1780498447.800135798] [microamp_factor_graph_tracking]: Processed GNSS at 1700000066.00, NED (99.50, 1.32, -2.04).
[INFO] [1780498447.898919256] [microamp_factor_graph_tracking]: Processed GNSS at 1700000067.00, NED (101.65, 0.48, 0.64).
[INFO] [1780498447.998169506] [microamp_factor_graph_tracking]: Processed GNSS at 1700000068.00, NED (102.11, 3.01, -0.25).
[INFO] [1780498448.114438465] [microamp_factor_graph_tracking]: Processed GNSS at 1700000069.00, NED (102.60, -0.06, -0.41).
[INFO] [1780498448.212981965] [microamp_factor_graph_tracking]: Processed GNSS at 1700000070.00, NED (104.23, 1.71, 1.17).
[INFO] [1780498448.297111673] [microamp_factor_graph_tracking]: Added ROV 1 node (step 14) at t=1700000070.00, dt=5.001 s
[INFO] [1780498448.300465881] [microamp_factor_graph_tracking]: Processed GNSS at 1700000071.00, NED (105.89, 0.79, -0.81).
[INFO] [1780498448.399114048] [microamp_factor_graph_tracking]: Processed GNSS at 1700000072.00, NED (107.93, -1.67, 0.72).
[INFO] [1780498448.498667506] [microamp_factor_graph_tracking]: Processed GNSS at 1700000073.00, NED (109.95, -2.27, -0.60).
[INFO] [1780498448.599220757] [microamp_factor_graph_tracking]: Processed GNSS at 1700000074.00, NED (112.16, 1.32, 0.99).
[INFO] [1780498448.702598882] [microamp_factor_graph_tracking]: Processed GNSS at 1700000075.00, NED (112.33, -1.39, -1.38).
[INFO] [1780498448.796151132] [microamp_factor_graph_tracking]: Added ROV 1 node (step 15) at t=1700000075.00, dt=5.000 s
[INFO] [1780498448.797777590] [microamp_factor_graph_tracking]: Processed GNSS at 1700000076.00, NED (113.13, 0.47, 0.19).
[INFO] [1780498448.897150548] [microamp_factor_graph_tracking]: Processed GNSS at 1700000077.00, NED (117.75, -0.70, 2.26).
[INFO] [1780498448.997916507] [microamp_factor_graph_tracking]: Processed GNSS at 1700000078.00, NED (117.58, 0.66, 4.34).
[INFO] [1780498449.104849382] [microamp_factor_graph_tracking]: Processed GNSS at 1700000079.00, NED (117.69, 3.61, -1.69).
[INFO] [1780498449.199038465] [microamp_factor_graph_tracking]: Processed GNSS at 1700000080.00, NED (122.17, 0.90, -2.83).
[INFO] [1780498449.296604424] [microamp_factor_graph_tracking]: Added ROV 1 node (step 16) at t=1700000080.00, dt=5.000 s
[INFO] [1780498449.299719507] [microamp_factor_graph_tracking]: Processed GNSS at 1700000081.00, NED (123.34, 1.44, 1.53).
[INFO] [1780498449.398629257] [microamp_factor_graph_tracking]: Processed GNSS at 1700000082.00, NED (122.98, 0.34, -1.04).
[INFO] [1780498449.498457840] [microamp_factor_graph_tracking]: Processed GNSS at 1700000083.00, NED (123.62, -0.53, -1.52).
[INFO] [1780498449.603892007] [microamp_factor_graph_tracking]: Processed GNSS at 1700000084.00, NED (126.79, 1.53, 0.85).
[INFO] [1780498449.700857007] [microamp_factor_graph_tracking]: Processed GNSS at 1700000085.00, NED (129.31, 0.31, 2.39).
[INFO] [1780498449.796566340] [microamp_factor_graph_tracking]: Added ROV 1 node (step 17) at t=1700000085.00, dt=5.000 s
[INFO] [1780498449.800348799] [microamp_factor_graph_tracking]: Processed GNSS at 1700000086.00, NED (130.19, -3.25, 1.89).
[INFO] [1780498449.898133674] [microamp_factor_graph_tracking]: Processed GNSS at 1700000087.00, NED (128.62, 2.04, -0.11).
[INFO] [1780498449.998504174] [microamp_factor_graph_tracking]: Processed GNSS at 1700000088.00, NED (132.47, 0.05, 1.39).
[INFO] [1780498450.108683007] [microamp_factor_graph_tracking]: Processed GNSS at 1700000089.00, NED (132.62, 0.69, 1.95).
[INFO] [1780498450.198935799] [microamp_factor_graph_tracking]: Processed GNSS at 1700000090.00, NED (135.88, -1.91, -0.38).
[INFO] [1780498450.296899049] [microamp_factor_graph_tracking]: Added ROV 1 node (step 18) at t=1700000090.00, dt=5.000 s
[INFO] [1780498450.300381091] [microamp_factor_graph_tracking]: Processed GNSS at 1700000091.00, NED (138.35, 1.33, -0.13).
[INFO] [1780498450.399078299] [microamp_factor_graph_tracking]: Processed GNSS at 1700000092.00, NED (136.77, 2.60, -0.71).
[INFO] [1780498450.499462507] [microamp_factor_graph_tracking]: Processed GNSS at 1700000093.00, NED (140.54, 3.97, 2.59).
[INFO] [1780498450.607826174] [microamp_factor_graph_tracking]: Processed GNSS at 1700000094.00, NED (141.38, 4.05, 1.01).
[INFO] [1780498450.703214758] [microamp_factor_graph_tracking]: Processed GNSS at 1700000095.00, NED (140.29, 6.59, 1.60).
[INFO] [1780498450.797125883] [microamp_factor_graph_tracking]: Added ROV 1 node (step 19) at t=1700000095.00, dt=5.000 s
[INFO] [1780498450.800465299] [microamp_factor_graph_tracking]: Processed GNSS at 1700000096.00, NED (141.67, 4.47, -0.07).
[INFO] [1780498450.897498716] [microamp_factor_graph_tracking]: Processed GNSS at 1700000097.00, NED (144.70, 6.33, 0.05).
[INFO] [1780498450.997682424] [microamp_factor_graph_tracking]: Processed GNSS at 1700000098.00, NED (142.94, 9.82, 0.51).
[INFO] [1780498451.117013341] [microamp_factor_graph_tracking]: Processed GNSS at 1700000099.00, NED (143.44, 10.48, 1.03).
[INFO] [1780498451.201553133] [microamp_factor_graph_tracking]: Processed GNSS at 1700000100.00, NED (144.46, 9.14, 1.80).
[INFO] [1780498451.296773049] [microamp_factor_graph_tracking]: Added ROV 1 node (step 20) at t=1700000100.00, dt=5.000 s
[INFO] [1780498451.300100758] [microamp_factor_graph_tracking]: Processed GNSS at 1700000101.00, NED (147.68, 12.00, -1.13).
[INFO] [1780498451.400046925] [microamp_factor_graph_tracking]: Processed GNSS at 1700000102.00, NED (151.46, 11.37, -2.27).
[INFO] [1780498451.500057925] [microamp_factor_graph_tracking]: Processed GNSS at 1700000103.00, NED (150.18, 15.88, -2.49).
[INFO] [1780498451.602206425] [microamp_factor_graph_tracking]: Processed GNSS at 1700000104.00, NED (149.20, 17.46, 0.21).
[INFO] [1780498451.702423508] [microamp_factor_graph_tracking]: Processed GNSS at 1700000105.00, NED (149.84, 15.29, -0.89).
[INFO] [1780498451.796866091] [microamp_factor_graph_tracking]: Added ROV 1 node (step 21) at t=1700000105.00, dt=5.000 s
[INFO] [1780498451.807671966] [microamp_factor_graph_tracking]: Processed GNSS at 1700000106.00, NED (149.70, 17.51, 2.40).
[INFO] [1780498451.900356550] [microamp_factor_graph_tracking]: Processed GNSS at 1700000107.00, NED (149.14, 19.08, 3.00).
[INFO] [1780498452.000229258] [microamp_factor_graph_tracking]: Processed GNSS at 1700000108.00, NED (150.07, 23.76, 1.10).
[INFO] [1780498452.104185133] [microamp_factor_graph_tracking]: Processed GNSS at 1700000109.00, NED (149.94, 23.46, -0.79).
[INFO] [1780498452.199432842] [microamp_factor_graph_tracking]: Processed GNSS at 1700000110.00, NED (149.37, 26.26, 1.02).
[INFO] [1780498452.296742425] [microamp_factor_graph_tracking]: Added ROV 1 node (step 22) at t=1700000110.00, dt=5.000 s
[INFO] [1780498452.300755758] [microamp_factor_graph_tracking]: Processed GNSS at 1700000111.00, NED (152.02, 27.03, -2.54).
[INFO] [1780498452.400467217] [microamp_factor_graph_tracking]: Processed GNSS at 1700000112.00, NED (149.33, 28.90, 2.21).
[INFO] [1780498452.500468133] [microamp_factor_graph_tracking]: Processed GNSS at 1700000113.00, NED (148.11, 28.20, 1.43).
[INFO] [1780498452.616112342] [microamp_factor_graph_tracking]: Processed GNSS at 1700000114.00, NED (148.63, 31.28, 1.57).
[INFO] [1780498452.705668675] [microamp_factor_graph_tracking]: Processed GNSS at 1700000115.00, NED (149.24, 33.53, 0.21).
[INFO] [1780498452.974527384] [microamp_factor_graph_tracking]: Added ROV 1 node (step 23) at t=1700000115.00, dt=5.000 s
[INFO] [1780498452.991026217] [microamp_factor_graph_tracking]: Processed GNSS at 1700000116.00, NED (148.52, 34.79, 4.97).
[INFO] [1780498453.006194592] [microamp_factor_graph_tracking]: Processed GNSS at 1700000117.00, NED (148.80, 35.45, -1.30).
[INFO] [1780498453.012242759] [microamp_factor_graph_tracking]: Processed GNSS at 1700000118.00, NED (148.89, 39.23, -0.02).
[INFO] [1780498453.102996884] [microamp_factor_graph_tracking]: Processed GNSS at 1700000119.00, NED (146.64, 37.92, -3.20).
[INFO] [1780498453.199028925] [microamp_factor_graph_tracking]: Processed GNSS at 1700000120.00, NED (149.08, 38.99, 2.41).
[INFO] [1780498453.296710800] [microamp_factor_graph_tracking]: Added ROV 1 node (step 24) at t=1700000120.00, dt=5.000 s
[INFO] [1780498453.303568092] [microamp_factor_graph_tracking]: Processed GNSS at 1700000121.00, NED (149.21, 41.92, 0.22).
[INFO] [1780498453.399287592] [microamp_factor_graph_tracking]: Processed GNSS at 1700000122.00, NED (147.49, 44.34, 1.11).
[INFO] [1780498453.501164967] [microamp_factor_graph_tracking]: Processed GNSS at 1700000123.00, NED (145.64, 43.85, 0.48).
[INFO] [1780498453.616989092] [microamp_factor_graph_tracking]: Processed GNSS at 1700000124.00, NED (144.44, 45.60, 0.75).
[INFO] [1780498453.701278092] [microamp_factor_graph_tracking]: Processed GNSS at 1700000125.00, NED (150.08, 49.31, 1.20).
[INFO] [1780498453.796663509] [microamp_factor_graph_tracking]: Added ROV 1 node (step 25) at t=1700000125.00, dt=5.000 s
[INFO] [1780498453.803648426] [microamp_factor_graph_tracking]: Processed GNSS at 1700000126.00, NED (149.96, 44.56, -0.41).
[INFO] [1780498453.901157967] [microamp_factor_graph_tracking]: Processed GNSS at 1700000127.00, NED (150.62, 49.71, 0.43).
[INFO] [1780498453.998878676] [microamp_factor_graph_tracking]: Processed GNSS at 1700000128.00, NED (148.65, 50.75, -2.64).
[INFO] [1780498454.104261884] [microamp_factor_graph_tracking]: Processed GNSS at 1700000129.00, NED (149.49, 52.08, 1.37).
[INFO] [1780498454.199244009] [microamp_factor_graph_tracking]: Processed GNSS at 1700000130.00, NED (146.44, 56.42, -0.80).
[INFO] [1780498454.296518009] [microamp_factor_graph_tracking]: Added ROV 1 node (step 26) at t=1700000130.00, dt=5.000 s
[INFO] [1780498454.300165134] [microamp_factor_graph_tracking]: Processed GNSS at 1700000131.00, NED (148.16, 56.31, -2.82).
[INFO] [1780498454.397472176] [microamp_factor_graph_tracking]: Processed GNSS at 1700000132.00, NED (149.28, 59.29, 0.80).
[INFO] [1780498454.552607634] [microamp_factor_graph_tracking]: Processed GNSS at 1700000133.00, NED (149.86, 59.93, 3.17).
[INFO] [1780498454.602525551] [microamp_factor_graph_tracking]: Processed GNSS at 1700000134.00, NED (145.84, 58.64, 1.01).
[INFO] [1780498454.697877051] [microamp_factor_graph_tracking]: Processed GNSS at 1700000135.00, NED (150.28, 65.13, -2.65).
[INFO] [1780498454.796730218] [microamp_factor_graph_tracking]: Added ROV 1 node (step 27) at t=1700000135.00, dt=5.001 s
[INFO] [1780498454.803236509] [microamp_factor_graph_tracking]: Processed GNSS at 1700000136.00, NED (149.65, 65.38, 2.31).
[INFO] [1780498454.897336551] [microamp_factor_graph_tracking]: Processed GNSS at 1700000137.00, NED (147.05, 67.21, 0.41).
[INFO] [1780498454.999221718] [microamp_factor_graph_tracking]: Processed GNSS at 1700000138.00, NED (148.44, 67.26, -0.43).
[INFO] [1780498455.101998510] [microamp_factor_graph_tracking]: Processed GNSS at 1700000139.00, NED (148.37, 67.65, 0.31).
[INFO] [1780498455.197792010] [microamp_factor_graph_tracking]: Processed GNSS at 1700000140.00, NED (149.81, 69.38, -2.29).
[INFO] [1780498455.296534468] [microamp_factor_graph_tracking]: Added ROV 1 node (step 28) at t=1700000140.00, dt=5.000 s
[INFO] [1780498455.308754718] [microamp_factor_graph_tracking]: Processed GNSS at 1700000141.00, NED (147.35, 72.64, -2.59).
[INFO] [1780498455.398629968] [microamp_factor_graph_tracking]: Processed GNSS at 1700000142.00, NED (147.55, 72.41, 0.63).
[INFO] [1780498455.512795926] [microamp_factor_graph_tracking]: Processed GNSS at 1700000143.00, NED (147.13, 75.90, 3.77).
[INFO] [1780498455.611070802] [microamp_factor_graph_tracking]: Processed GNSS at 1700000144.00, NED (149.78, 77.36, -0.60).
[INFO] [1780498455.708942843] [microamp_factor_graph_tracking]: Processed GNSS at 1700000145.00, NED (146.89, 78.37, 1.04).
[INFO] [1780498455.805117718] [microamp_factor_graph_tracking]: Added ROV 1 node (step 29) at t=1700000145.00, dt=5.000 s
[INFO] [1780498455.808493385] [microamp_factor_graph_tracking]: Processed GNSS at 1700000146.00, NED (148.47, 79.10, 0.23).
[INFO] [1780498455.898850718] [microamp_factor_graph_tracking]: Processed GNSS at 1700000147.00, NED (148.83, 81.07, -3.27).
[INFO] [1780498455.999462760] [microamp_factor_graph_tracking]: Processed GNSS at 1700000148.00, NED (148.25, 81.83, -1.15).
[INFO] [1780498456.111415677] [microamp_factor_graph_tracking]: Processed GNSS at 1700000149.00, NED (150.65, 82.48, -2.02).
[INFO] [1780498456.203565760] [microamp_factor_graph_tracking]: Processed GNSS at 1700000150.00, NED (148.93, 83.83, 0.77).
[INFO] [1780498456.296880760] [microamp_factor_graph_tracking]: Added ROV 1 node (step 30) at t=1700000150.00, dt=5.000 s
[INFO] [1780498456.301309969] [microamp_factor_graph_tracking]: Processed GNSS at 1700000151.00, NED (147.05, 85.85, 2.35).
[INFO] [1780498456.400312844] [microamp_factor_graph_tracking]: Processed GNSS at 1700000152.00, NED (149.27, 89.98, 2.81).
[INFO] [1780498456.499364052] [microamp_factor_graph_tracking]: Processed GNSS at 1700000153.00, NED (148.14, 88.70, 0.50).
[INFO] [1780498456.609494385] [microamp_factor_graph_tracking]: Processed GNSS at 1700000154.00, NED (150.29, 89.40, 1.52).
[INFO] [1780498456.702043385] [microamp_factor_graph_tracking]: Processed GNSS at 1700000155.00, NED (148.68, 90.94, 0.87).
[INFO] [1780498456.796389052] [microamp_factor_graph_tracking]: Added ROV 1 node (step 31) at t=1700000155.00, dt=5.000 s
[INFO] [1780498456.797958427] [microamp_factor_graph_tracking]: Processed GNSS at 1700000156.00, NED (148.52, 94.67, 0.92).
[INFO] [1780498456.899160594] [microamp_factor_graph_tracking]: Processed GNSS at 1700000157.00, NED (146.73, 92.95, -6.11).
[INFO] [1780498457.000998344] [microamp_factor_graph_tracking]: Processed GNSS at 1700000158.00, NED (151.66, 97.71, 0.90).
[INFO] [1780498457.102194677] [microamp_factor_graph_tracking]: Processed GNSS at 1700000159.00, NED (146.68, 97.77, -2.52).
[INFO] [1780498457.197923469] [microamp_factor_graph_tracking]: Processed GNSS at 1700000160.00, NED (148.82, 99.60, -0.96).
[INFO] [1780498457.296659261] [microamp_factor_graph_tracking]: Added ROV 1 node (step 32) at t=1700000160.00, dt=5.000 s
[INFO] [1780498457.301604719] [microamp_factor_graph_tracking]: Processed GNSS at 1700000161.00, NED (149.44, 101.47, -0.19).
[INFO] [1780498457.400993552] [microamp_factor_graph_tracking]: Processed GNSS at 1700000162.00, NED (148.80, 102.63, -0.46).
[INFO] [1780498457.499194011] [microamp_factor_graph_tracking]: Processed GNSS at 1700000163.00, NED (148.94, 104.33, -4.12).
[INFO] [1780498457.614461552] [microamp_factor_graph_tracking]: Processed GNSS at 1700000164.00, NED (148.11, 104.36, -1.07).
[INFO] [1780498457.710886761] [microamp_factor_graph_tracking]: Processed GNSS at 1700000165.00, NED (149.03, 107.83, -3.35).
[INFO] [1780498457.797040886] [microamp_factor_graph_tracking]: Added ROV 1 node (step 33) at t=1700000165.00, dt=5.000 s
[INFO] [1780498457.802929969] [microamp_factor_graph_tracking]: Processed GNSS at 1700000166.00, NED (147.31, 110.90, 0.59).
[INFO] [1780498457.900364303] [microamp_factor_graph_tracking]: Processed GNSS at 1700000167.00, NED (149.32, 109.93, 2.05).
[INFO] [1780498458.001964594] [microamp_factor_graph_tracking]: Processed GNSS at 1700000168.00, NED (149.40, 114.59, -0.29).
[INFO] [1780498458.112637719] [microamp_factor_graph_tracking]: Processed GNSS at 1700000169.00, NED (150.56, 111.92, 0.67).
[INFO] [1780498458.210741803] [microamp_factor_graph_tracking]: Processed GNSS at 1700000170.00, NED (148.57, 114.85, -3.39).
[INFO] [1780498458.297253136] [microamp_factor_graph_tracking]: Added ROV 1 node (step 34) at t=1700000170.00, dt=5.000 s
[INFO] [1780498458.311823886] [microamp_factor_graph_tracking]: Processed GNSS at 1700000171.00, NED (147.57, 117.98, -0.72).
[INFO] [1780498458.400092095] [microamp_factor_graph_tracking]: Processed GNSS at 1700000172.00, NED (148.57, 115.74, -0.55).
[INFO] [1780498458.501176011] [microamp_factor_graph_tracking]: Processed GNSS at 1700000173.00, NED (151.39, 120.58, -0.02).
[INFO] [1780498458.612384845] [microamp_factor_graph_tracking]: Processed GNSS at 1700000174.00, NED (150.34, 119.96, -2.39).
[INFO] [1780498458.699998803] [microamp_factor_graph_tracking]: Processed GNSS at 1700000175.00, NED (148.09, 124.74, -0.63).
[INFO] [1780498458.797604428] [microamp_factor_graph_tracking]: Added ROV 1 node (step 35) at t=1700000175.00, dt=5.000 s
[INFO] [1780498458.805295553] [microamp_factor_graph_tracking]: Processed GNSS at 1700000176.00, NED (148.43, 125.66, 0.16).
[INFO] [1780498458.899397261] [microamp_factor_graph_tracking]: Processed GNSS at 1700000177.00, NED (148.21, 122.66, 0.59).
[INFO] [1780498459.002027470] [microamp_factor_graph_tracking]: Processed GNSS at 1700000178.00, NED (150.55, 126.66, 1.61).
[INFO] [1780498459.117232428] [microamp_factor_graph_tracking]: Processed GNSS at 1700000179.00, NED (148.80, 130.01, -2.29).
[INFO] [1780498459.198082262] [microamp_factor_graph_tracking]: Processed GNSS at 1700000180.00, NED (149.55, 129.02, -0.12).
[INFO] [1780498459.296514970] [microamp_factor_graph_tracking]: Added ROV 1 node (step 36) at t=1700000180.00, dt=5.000 s
[INFO] [1780498459.299918637] [microamp_factor_graph_tracking]: Processed GNSS at 1700000181.00, NED (147.92, 133.14, -0.79).
[INFO] [1780498459.402519053] [microamp_factor_graph_tracking]: Processed GNSS at 1700000182.00, NED (147.91, 135.68, -1.97).
[INFO] [1780498459.501879012] [microamp_factor_graph_tracking]: Processed GNSS at 1700000183.00, NED (148.67, 134.66, 2.53).
[INFO] [1780498459.611915512] [microamp_factor_graph_tracking]: Processed GNSS at 1700000184.00, NED (148.64, 134.19, 0.96).
[INFO] [1780498459.701048845] [microamp_factor_graph_tracking]: Processed GNSS at 1700000185.00, NED (147.44, 135.12, -2.01).
[INFO] [1780498459.797001554] [microamp_factor_graph_tracking]: Added ROV 1 node (step 37) at t=1700000185.00, dt=5.000 s
[INFO] [1780498459.801976804] [microamp_factor_graph_tracking]: Processed GNSS at 1700000186.00, NED (150.35, 140.09, 3.52).
[INFO] [1780498459.900417887] [microamp_factor_graph_tracking]: Processed GNSS at 1700000187.00, NED (146.20, 139.40, 1.26).
[INFO] [1780498460.000730470] [microamp_factor_graph_tracking]: Processed GNSS at 1700000188.00, NED (148.96, 140.59, -1.90).
[INFO] [1780498460.112302470] [microamp_factor_graph_tracking]: Processed GNSS at 1700000189.00, NED (149.62, 142.54, 1.88).
[INFO] [1780498460.201471220] [microamp_factor_graph_tracking]: Processed GNSS at 1700000190.00, NED (147.64, 144.49, -0.01).
[INFO] [1780498460.296795595] [microamp_factor_graph_tracking]: Added ROV 1 node (step 38) at t=1700000190.00, dt=5.000 s
[INFO] [1780498460.307102887] [microamp_factor_graph_tracking]: Processed GNSS at 1700000191.00, NED (147.99, 145.69, -1.66).
[INFO] [1780498460.410776554] [microamp_factor_graph_tracking]: Processed GNSS at 1700000192.00, NED (147.27, 147.80, 0.44).
[INFO] [1780498460.500648179] [microamp_factor_graph_tracking]: Processed GNSS at 1700000193.00, NED (147.32, 149.21, 1.57).
[INFO] [1780498460.614248179] [microamp_factor_graph_tracking]: Processed GNSS at 1700000194.00, NED (147.24, 150.93, 1.26).
[INFO] [1780498460.710527846] [microamp_factor_graph_tracking]: Processed GNSS at 1700000195.00, NED (149.32, 151.55, -1.39).
[INFO] [1780498460.796647637] [microamp_factor_graph_tracking]: Added ROV 1 node (step 39) at t=1700000195.00, dt=5.000 s
[INFO] [1780498460.802733304] [microamp_factor_graph_tracking]: Processed GNSS at 1700000196.00, NED (148.09, 158.06, -0.17).
[INFO] [1780498460.901500137] [microamp_factor_graph_tracking]: Processed GNSS at 1700000197.00, NED (149.56, 153.69, 3.43).
[INFO] [1780498461.002039262] [microamp_factor_graph_tracking]: Processed GNSS at 1700000198.00, NED (149.26, 155.56, 0.97).
[INFO] [1780498461.117600554] [microamp_factor_graph_tracking]: Processed GNSS at 1700000199.00, NED (148.69, 156.94, 1.41).
[INFO] [1780498461.198878846] [microamp_factor_graph_tracking]: Processed GNSS at 1700000200.00, NED (152.23, 159.00, -1.02).
[INFO] [1780498461.296442554] [microamp_factor_graph_tracking]: Added ROV 1 node (step 40) at t=1700000200.00, dt=5.000 s
[INFO] [1780498461.298417346] [microamp_factor_graph_tracking]: Processed GNSS at 1700000201.00, NED (151.85, 159.81, -5.25).
[INFO] [1780498461.400740096] [microamp_factor_graph_tracking]: Processed GNSS at 1700000202.00, NED (154.29, 161.65, 2.47).
[INFO] [1780498461.502565304] [microamp_factor_graph_tracking]: Processed GNSS at 1700000203.00, NED (155.09, 164.20, -0.78).
[INFO] [1780498461.616317304] [microamp_factor_graph_tracking]: Processed GNSS at 1700000204.00, NED (157.32, 161.82, 2.25).
[INFO] [1780498461.702558679] [microamp_factor_graph_tracking]: Processed GNSS at 1700000205.00, NED (158.45, 162.77, 0.21).
[INFO] [1780498461.797634138] [microamp_factor_graph_tracking]: Added ROV 1 node (step 41) at t=1700000205.00, dt=5.000 s
[INFO] [1780498461.814121471] [microamp_factor_graph_tracking]: Processed GNSS at 1700000206.00, NED (156.85, 164.46, 1.80).
[INFO] [1780498461.901201138] [microamp_factor_graph_tracking]: Processed GNSS at 1700000207.00, NED (159.11, 166.22, 0.43).
[INFO] [1780498462.002467888] [microamp_factor_graph_tracking]: Processed GNSS at 1700000208.00, NED (159.03, 167.64, -0.46).
[INFO] [1780498462.114102096] [microamp_factor_graph_tracking]: Processed GNSS at 1700000209.00, NED (164.11, 168.87, -1.16).
[INFO] [1780498462.200247680] [microamp_factor_graph_tracking]: Processed GNSS at 1700000210.00, NED (161.17, 168.39, -0.75).
[INFO] [1780498462.296771096] [microamp_factor_graph_tracking]: Added ROV 1 node (step 42) at t=1700000210.00, dt=4.999 s
[INFO] [1780498462.302254680] [microamp_factor_graph_tracking]: Processed GNSS at 1700000211.00, NED (165.45, 168.49, -1.49).
[INFO] [1780498462.401574888] [microamp_factor_graph_tracking]: Processed GNSS at 1700000212.00, NED (167.07, 168.59, 2.07).
[INFO] [1780498462.500572888] [microamp_factor_graph_tracking]: Processed GNSS at 1700000213.00, NED (167.85, 170.33, 0.87).
[INFO] [1780498462.613920472] [microamp_factor_graph_tracking]: Processed GNSS at 1700000214.00, NED (169.86, 167.07, -2.13).
[INFO] [1780498462.702965097] [microamp_factor_graph_tracking]: Processed GNSS at 1700000215.00, NED (170.94, 169.92, -0.83).
[INFO] [1780498462.797348930] [microamp_factor_graph_tracking]: Added ROV 1 node (step 43) at t=1700000215.00, dt=5.000 s
[INFO] [1780498462.804227513] [microamp_factor_graph_tracking]: Processed GNSS at 1700000216.00, NED (171.26, 169.03, 3.19).
[INFO] [1780498462.899912555] [microamp_factor_graph_tracking]: Processed GNSS at 1700000217.00, NED (173.89, 167.97, -0.57).
[INFO] [1780498463.002839597] [microamp_factor_graph_tracking]: Processed GNSS at 1700000218.00, NED (177.90, 168.59, 1.76).
[INFO] [1780498463.122110972] [microamp_factor_graph_tracking]: Processed GNSS at 1700000219.00, NED (176.62, 170.48, -0.05).
[INFO] [1780498463.203012722] [microamp_factor_graph_tracking]: Processed GNSS at 1700000220.00, NED (176.07, 171.40, 0.17).
[INFO] [1780498463.296445930] [microamp_factor_graph_tracking]: Added ROV 1 node (step 44) at t=1700000220.00, dt=5.000 s
[INFO] [1780498463.298521014] [microamp_factor_graph_tracking]: Processed GNSS at 1700000221.00, NED (180.28, 170.37, 2.18).
[INFO] [1780498463.397816180] [microamp_factor_graph_tracking]: Processed GNSS at 1700000222.00, NED (184.00, 169.90, 0.30).
[INFO] [1780498463.502739639] [microamp_factor_graph_tracking]: Processed GNSS at 1700000223.00, NED (184.75, 171.94, -1.57).
terminate called after throwing an instance of 'gtsam::IndeterminantLinearSystemException'
  what():  
Indeterminant linear system detected while working near variable
6269010681300730450 (Symbol: W1000018).

Thrown when a linear system is ill-posed.  The most common cause for this
error is having underconstrained variables.  Mathematically, the system is
underdetermined.  See the GTSAM Doxygen documentation at
http://borg.cc.gatech.edu/ on gtsam::IndeterminantLinearSystemException for
more information.
[ros2run]: Aborted
