[INFO] [1780846215.129965134] [microamp_factor_graph_tracking]: Using scenario_id=1
[INFO] [1780846215.134477425] [microamp_factor_graph_tracking]: Expanded factor graph node initialized.
[INFO] [1780846217.571883176] [microamp_factor_graph_tracking]: Graph initialized with GT at NED (0.00, 0.00, 0.00), t=1700000000.000
[WARN] [1780846217.575582385] [microamp_factor_graph_tracking]: IMU not initialized yet, skipping USBL update
[INFO] [1780846217.575949926] [microamp_factor_graph_tracking]: IMU initialized at time 1700000001.020
[WARN] [1780846217.576103885] [microamp_factor_graph_tracking]: IMU not initialized yet, skipping GNSS update
[INFO] [1780846217.671474343] [microamp_factor_graph_tracking]: Processed GNSS at 1700000002.00, NED (3.21, 1.22, -0.75).
[INFO] [1780846217.782533677] [microamp_factor_graph_tracking]: Processed GNSS at 1700000003.00, NED (6.13, -3.04, -3.32).
[INFO] [1780846217.871184302] [microamp_factor_graph_tracking]: Processed GNSS at 1700000004.00, NED (9.80, 0.17, 1.44).
[INFO] [1780846217.971425718] [microamp_factor_graph_tracking]: Processed GNSS at 1700000005.00, NED (8.21, -0.60, -0.30).
[INFO] [1780846218.070432718] [microamp_factor_graph_tracking]: Initialized ROV 1 at NED (200.00, 100.00, 8.00), t_sent=1700000005.00
[INFO] [1780846218.082522093] [microamp_factor_graph_tracking]: Processed GNSS at 1700000006.00, NED (11.08, -0.02, 2.17).
[INFO] [1780846218.171007052] [microamp_factor_graph_tracking]: Processed GNSS at 1700000007.00, NED (12.11, 1.94, 1.23).
[INFO] [1780846218.271528385] [microamp_factor_graph_tracking]: Processed GNSS at 1700000008.00, NED (13.23, -1.79, 1.86).
[INFO] [1780846218.371606302] [microamp_factor_graph_tracking]: Processed GNSS at 1700000009.00, NED (11.98, 2.62, 2.64).
[INFO] [1780846218.472489385] [microamp_factor_graph_tracking]: Processed GNSS at 1700000010.00, NED (16.21, 1.98, -3.17).
[INFO] [1780846218.570218260] [microamp_factor_graph_tracking]: USBL time offset initialized: -0.000026
[INFO] [1780846218.570518427] [microamp_factor_graph_tracking]: Added ROV 1 node (step 1) at t=1700000010.00, dt=5.000 s
[INFO] [1780846218.571650510] [microamp_factor_graph_tracking]: Processed GNSS at 1700000011.00, NED (15.99, 0.03, 2.40).
[INFO] [1780846218.671115510] [microamp_factor_graph_tracking]: Processed GNSS at 1700000012.00, NED (16.33, -0.56, -3.28).
[INFO] [1780846218.772019552] [microamp_factor_graph_tracking]: Processed GNSS at 1700000013.00, NED (16.59, 0.07, -0.10).
[INFO] [1780846218.871730594] [microamp_factor_graph_tracking]: Processed GNSS at 1700000014.00, NED (23.11, 0.89, -0.20).
[INFO] [1780846218.972304677] [microamp_factor_graph_tracking]: Processed GNSS at 1700000015.00, NED (22.09, -0.59, 0.52).
[INFO] [1780846219.070336969] [microamp_factor_graph_tracking]: Added ROV 1 node (step 2) at t=1700000015.00, dt=5.000 s
[INFO] [1780846219.073379302] [microamp_factor_graph_tracking]: Processed GNSS at 1700000016.00, NED (23.89, -0.30, 0.67).
[INFO] [1780846219.171622594] [microamp_factor_graph_tracking]: Processed GNSS at 1700000017.00, NED (27.37, 1.27, -0.64).
[INFO] [1780846219.271489511] [microamp_factor_graph_tracking]: Processed GNSS at 1700000018.00, NED (29.73, -0.64, -0.94).
[INFO] [1780846219.372225094] [microamp_factor_graph_tracking]: Processed GNSS at 1700000019.00, NED (30.21, 1.91, -2.23).
[INFO] [1780846219.487126011] [microamp_factor_graph_tracking]: Processed GNSS at 1700000020.00, NED (30.09, 0.02, -0.76).
[INFO] [1780846219.570343969] [microamp_factor_graph_tracking]: Added ROV 1 node (step 3) at t=1700000020.00, dt=5.001 s
[INFO] [1780846219.573236802] [microamp_factor_graph_tracking]: Processed GNSS at 1700000021.00, NED (31.69, 0.93, -4.11).
[INFO] [1780846219.672011261] [microamp_factor_graph_tracking]: Processed GNSS at 1700000022.00, NED (33.50, -0.20, -2.75).
[INFO] [1780846219.771809761] [microamp_factor_graph_tracking]: Processed GNSS at 1700000023.00, NED (33.29, -0.83, 0.18).
[INFO] [1780846219.871707094] [microamp_factor_graph_tracking]: Processed GNSS at 1700000024.00, NED (35.96, -0.64, -1.86).
[INFO] [1780846219.975171844] [microamp_factor_graph_tracking]: Processed GNSS at 1700000025.00, NED (36.61, 1.27, -1.44).
[INFO] [1780846220.070380303] [microamp_factor_graph_tracking]: Added ROV 1 node (step 4) at t=1700000025.00, dt=5.000 s
[INFO] [1780846220.088144469] [microamp_factor_graph_tracking]: Processed GNSS at 1700000026.00, NED (38.26, 0.68, -2.22).
[INFO] [1780846220.171888386] [microamp_factor_graph_tracking]: Processed GNSS at 1700000027.00, NED (40.94, 0.36, -0.19).
[INFO] [1780846220.272238053] [microamp_factor_graph_tracking]: Processed GNSS at 1700000028.00, NED (40.57, -1.94, 0.03).
[INFO] [1780846220.371925261] [microamp_factor_graph_tracking]: Processed GNSS at 1700000029.00, NED (42.71, -3.02, 2.17).
[INFO] [1780846220.475947511] [microamp_factor_graph_tracking]: Processed GNSS at 1700000030.00, NED (46.85, -0.55, 0.95).
[INFO] [1780846220.570184303] [microamp_factor_graph_tracking]: Added ROV 1 node (step 5) at t=1700000030.00, dt=5.000 s
[INFO] [1780846220.571535011] [microamp_factor_graph_tracking]: Processed GNSS at 1700000031.00, NED (45.66, -1.72, 2.58).
[INFO] [1780846220.670998678] [microamp_factor_graph_tracking]: Processed GNSS at 1700000032.00, NED (48.86, 1.63, 1.81).
[INFO] [1780846220.772802678] [microamp_factor_graph_tracking]: Processed GNSS at 1700000033.00, NED (48.51, -4.22, 2.83).
[INFO] [1780846220.871743886] [microamp_factor_graph_tracking]: Processed GNSS at 1700000034.00, NED (48.10, -0.40, -2.71).
[INFO] [1780846220.987224720] [microamp_factor_graph_tracking]: Processed GNSS at 1700000035.00, NED (51.52, 2.41, 1.99).
[INFO] [1780846221.070301720] [microamp_factor_graph_tracking]: Added ROV 1 node (step 6) at t=1700000035.00, dt=5.000 s
[INFO] [1780846221.072897303] [microamp_factor_graph_tracking]: Processed GNSS at 1700000036.00, NED (52.97, 2.98, 0.24).
[INFO] [1780846221.171913428] [microamp_factor_graph_tracking]: Processed GNSS at 1700000037.00, NED (56.37, 1.17, -2.30).
[INFO] [1780846221.271764887] [microamp_factor_graph_tracking]: Processed GNSS at 1700000038.00, NED (57.91, 3.71, -1.34).
[INFO] [1780846221.371194428] [microamp_factor_graph_tracking]: Processed GNSS at 1700000039.00, NED (59.18, 2.89, 2.18).
[INFO] [1780846221.472662137] [microamp_factor_graph_tracking]: Processed GNSS at 1700000040.00, NED (60.05, -1.27, 0.17).
[INFO] [1780846221.570150470] [microamp_factor_graph_tracking]: Added ROV 1 node (step 7) at t=1700000040.00, dt=5.000 s
[INFO] [1780846221.571726762] [microamp_factor_graph_tracking]: Processed GNSS at 1700000041.00, NED (61.25, -0.64, -2.01).
[INFO] [1780846221.671569428] [microamp_factor_graph_tracking]: Processed GNSS at 1700000042.00, NED (62.74, 0.85, -3.78).
[INFO] [1780846221.783336845] [microamp_factor_graph_tracking]: Processed GNSS at 1700000043.00, NED (63.81, -0.06, 0.99).
[INFO] [1780846221.872408303] [microamp_factor_graph_tracking]: Processed GNSS at 1700000044.00, NED (67.47, 0.97, 0.20).
[INFO] [1780846221.975122429] [microamp_factor_graph_tracking]: Processed GNSS at 1700000045.00, NED (67.90, -0.98, -0.38).
[INFO] [1780846222.070453554] [microamp_factor_graph_tracking]: Added ROV 1 node (step 8) at t=1700000045.00, dt=5.000 s
[INFO] [1780846222.073498179] [microamp_factor_graph_tracking]: Processed GNSS at 1700000046.00, NED (69.20, 0.21, 2.06).
[INFO] [1780846222.172884720] [microamp_factor_graph_tracking]: Processed GNSS at 1700000047.00, NED (70.03, 1.07, -4.04).
[INFO] [1780846222.271990720] [microamp_factor_graph_tracking]: Processed GNSS at 1700000048.00, NED (76.58, 0.74, 0.53).
[INFO] [1780846222.378135387] [microamp_factor_graph_tracking]: Processed GNSS at 1700000049.00, NED (72.48, 0.45, 0.72).
[INFO] [1780846222.487026179] [microamp_factor_graph_tracking]: Processed GNSS at 1700000050.00, NED (71.92, 0.80, -1.37).
[INFO] [1780846222.570158179] [microamp_factor_graph_tracking]: Added ROV 1 node (step 9) at t=1700000050.00, dt=5.000 s
[INFO] [1780846222.572125387] [microamp_factor_graph_tracking]: Processed GNSS at 1700000051.00, NED (73.32, -2.36, -1.91).
[INFO] [1780846222.671413679] [microamp_factor_graph_tracking]: Processed GNSS at 1700000052.00, NED (78.70, 3.44, 0.64).
[INFO] [1780846222.772916054] [microamp_factor_graph_tracking]: Processed GNSS at 1700000053.00, NED (83.09, 1.55, 0.42).
[INFO] [1780846222.871512679] [microamp_factor_graph_tracking]: Processed GNSS at 1700000054.00, NED (82.25, -2.58, -0.85).
[INFO] [1780846222.976415679] [microamp_factor_graph_tracking]: Processed GNSS at 1700000055.00, NED (80.63, 0.76, 2.82).
[INFO] [1780846223.070370429] [microamp_factor_graph_tracking]: Added ROV 1 node (step 10) at t=1700000055.00, dt=5.000 s
[INFO] [1780846223.073680179] [microamp_factor_graph_tracking]: Processed GNSS at 1700000056.00, NED (84.16, 1.28, -1.03).
[INFO] [1780846223.172511137] [microamp_factor_graph_tracking]: Processed GNSS at 1700000057.00, NED (89.34, 1.29, 0.84).
[INFO] [1780846223.272236887] [microamp_factor_graph_tracking]: Processed GNSS at 1700000058.00, NED (88.51, 0.41, -4.04).
[INFO] [1780846223.372879388] [microamp_factor_graph_tracking]: Processed GNSS at 1700000059.00, NED (89.92, 0.80, -1.41).
[INFO] [1780846223.488323888] [microamp_factor_graph_tracking]: Processed GNSS at 1700000060.00, NED (88.47, 1.66, 0.78).
[INFO] [1780846223.570380971] [microamp_factor_graph_tracking]: Added ROV 1 node (step 11) at t=1700000060.00, dt=5.000 s
[INFO] [1780846223.574292096] [microamp_factor_graph_tracking]: Processed GNSS at 1700000061.00, NED (91.78, 3.12, -1.35).
[INFO] [1780846223.683131513] [microamp_factor_graph_tracking]: Processed GNSS at 1700000062.00, NED (92.03, 2.45, 1.25).
[INFO] [1780846223.772032304] [microamp_factor_graph_tracking]: Processed GNSS at 1700000063.00, NED (95.76, -0.53, -0.98).
[INFO] [1780846223.872044679] [microamp_factor_graph_tracking]: Processed GNSS at 1700000064.00, NED (94.60, 0.86, 3.04).
[INFO] [1780846223.976507263] [microamp_factor_graph_tracking]: Processed GNSS at 1700000065.00, NED (96.00, 1.44, 0.92).
[INFO] [1780846224.070384596] [microamp_factor_graph_tracking]: Added ROV 1 node (step 12) at t=1700000065.00, dt=5.000 s
[INFO] [1780846224.074515221] [microamp_factor_graph_tracking]: Processed GNSS at 1700000066.00, NED (99.50, 1.32, -2.04).
[INFO] [1780846224.172404346] [microamp_factor_graph_tracking]: Processed GNSS at 1700000067.00, NED (101.65, 0.48, 0.64).
[INFO] [1780846224.284006388] [microamp_factor_graph_tracking]: Processed GNSS at 1700000068.00, NED (102.11, 3.01, -0.25).
[INFO] [1780846224.372097346] [microamp_factor_graph_tracking]: Processed GNSS at 1700000069.00, NED (102.60, -0.06, -0.41).
[INFO] [1780846224.487400013] [microamp_factor_graph_tracking]: Processed GNSS at 1700000070.00, NED (104.23, 1.71, 1.17).
[INFO] [1780846224.570430471] [microamp_factor_graph_tracking]: Added ROV 1 node (step 13) at t=1700000070.00, dt=5.001 s
[INFO] [1780846224.574444805] [microamp_factor_graph_tracking]: Processed GNSS at 1700000071.00, NED (105.89, 0.79, -0.81).
[INFO] [1780846224.671285513] [microamp_factor_graph_tracking]: Processed GNSS at 1700000072.00, NED (107.93, -1.67, 0.72).
[INFO] [1780846224.772047222] [microamp_factor_graph_tracking]: Processed GNSS at 1700000073.00, NED (109.95, -2.27, -0.60).
[INFO] [1780846224.872468055] [microamp_factor_graph_tracking]: Processed GNSS at 1700000074.00, NED (112.16, 1.32, 0.99).
[INFO] [1780846224.977187638] [microamp_factor_graph_tracking]: Processed GNSS at 1700000075.00, NED (112.33, -1.39, -1.38).
[INFO] [1780846225.070649222] [microamp_factor_graph_tracking]: Added ROV 1 node (step 14) at t=1700000075.00, dt=5.000 s
[INFO] [1780846225.075330263] [microamp_factor_graph_tracking]: Processed GNSS at 1700000076.00, NED (113.13, 0.47, 0.19).
[INFO] [1780846225.172734972] [microamp_factor_graph_tracking]: Processed GNSS at 1700000077.00, NED (117.75, -0.70, 2.26).
[INFO] [1780846225.272524013] [microamp_factor_graph_tracking]: Processed GNSS at 1700000078.00, NED (117.58, 0.66, 4.34).
[INFO] [1780846225.386378013] [microamp_factor_graph_tracking]: Processed GNSS at 1700000079.00, NED (117.69, 3.61, -1.69).
[INFO] [1780846225.477624722] [microamp_factor_graph_tracking]: Processed GNSS at 1700000080.00, NED (122.17, 0.90, -2.83).
[INFO] [1780846225.570663514] [microamp_factor_graph_tracking]: Added ROV 1 node (step 15) at t=1700000080.00, dt=5.000 s
[INFO] [1780846225.575886972] [microamp_factor_graph_tracking]: Processed GNSS at 1700000081.00, NED (123.34, 1.44, 1.53).
[INFO] [1780846225.673953097] [microamp_factor_graph_tracking]: Processed GNSS at 1700000082.00, NED (122.98, 0.34, -1.04).
[INFO] [1780846225.772826847] [microamp_factor_graph_tracking]: Processed GNSS at 1700000083.00, NED (123.62, -0.53, -1.52).
[INFO] [1780846225.872592972] [microamp_factor_graph_tracking]: Processed GNSS at 1700000084.00, NED (126.79, 1.53, 0.85).
[INFO] [1780846225.988480722] [microamp_factor_graph_tracking]: Processed GNSS at 1700000085.00, NED (129.31, 0.31, 2.39).
[INFO] [1780846226.070269958] [microamp_factor_graph_tracking]: Added ROV 1 node (step 16) at t=1700000085.00, dt=5.000 s
[INFO] [1780846226.073572791] [microamp_factor_graph_tracking]: Processed GNSS at 1700000086.00, NED (130.19, -3.25, 1.89).
[INFO] [1780846226.173973458] [microamp_factor_graph_tracking]: Processed GNSS at 1700000087.00, NED (128.62, 2.04, -0.11).
[INFO] [1780846226.282122041] [microamp_factor_graph_tracking]: Processed GNSS at 1700000088.00, NED (132.47, 0.05, 1.39).
[INFO] [1780846226.372831708] [microamp_factor_graph_tracking]: Processed GNSS at 1700000089.00, NED (132.62, 0.69, 1.95).
[INFO] [1780846226.479465333] [microamp_factor_graph_tracking]: Processed GNSS at 1700000090.00, NED (135.88, -1.91, -0.38).
[INFO] [1780846226.570368791] [microamp_factor_graph_tracking]: Added ROV 1 node (step 17) at t=1700000090.00, dt=5.000 s
[INFO] [1780846226.574564750] [microamp_factor_graph_tracking]: Processed GNSS at 1700000091.00, NED (138.35, 1.33, -0.13).
[INFO] [1780846226.671631375] [microamp_factor_graph_tracking]: Processed GNSS at 1700000092.00, NED (136.77, 2.60, -0.71).
[INFO] [1780846226.771874375] [microamp_factor_graph_tracking]: Processed GNSS at 1700000093.00, NED (140.54, 3.97, 2.59).
[INFO] [1780846226.872133083] [microamp_factor_graph_tracking]: Processed GNSS at 1700000094.00, NED (141.38, 4.05, 1.01).
[INFO] [1780846226.980538333] [microamp_factor_graph_tracking]: Processed GNSS at 1700000095.00, NED (140.29, 6.59, 1.60).
[INFO] [1780846227.070353792] [microamp_factor_graph_tracking]: Added ROV 1 node (step 18) at t=1700000095.00, dt=5.000 s
[INFO] [1780846227.074620875] [microamp_factor_graph_tracking]: Processed GNSS at 1700000096.00, NED (141.67, 4.47, -0.07).
[INFO] [1780846227.173136333] [microamp_factor_graph_tracking]: Processed GNSS at 1700000097.00, NED (144.70, 6.33, 0.05).
[INFO] [1780846227.272408708] [microamp_factor_graph_tracking]: Processed GNSS at 1700000098.00, NED (142.94, 9.82, 0.51).
[INFO] [1780846227.373127292] [microamp_factor_graph_tracking]: Processed GNSS at 1700000099.00, NED (143.44, 10.48, 1.03).
[INFO] [1780846227.476125792] [microamp_factor_graph_tracking]: Processed GNSS at 1700000100.00, NED (144.46, 9.14, 1.80).
[INFO] [1780846227.570283417] [microamp_factor_graph_tracking]: Added ROV 1 node (step 19) at t=1700000100.00, dt=5.000 s
[INFO] [1780846227.573674542] [microamp_factor_graph_tracking]: Processed GNSS at 1700000101.00, NED (147.68, 12.00, -1.13).
[INFO] [1780846227.672921459] [microamp_factor_graph_tracking]: Processed GNSS at 1700000102.00, NED (151.46, 11.37, -2.27).
[INFO] [1780846227.773307542] [microamp_factor_graph_tracking]: Processed GNSS at 1700000103.00, NED (150.18, 15.88, -2.49).
[INFO] [1780846227.873053125] [microamp_factor_graph_tracking]: Processed GNSS at 1700000104.00, NED (149.20, 17.46, 0.21).
[INFO] [1780846227.983513584] [microamp_factor_graph_tracking]: Processed GNSS at 1700000105.00, NED (149.84, 15.29, -0.89).
[INFO] [1780846228.070294584] [microamp_factor_graph_tracking]: Added ROV 1 node (step 20) at t=1700000105.00, dt=5.000 s
[INFO] [1780846228.074179375] [microamp_factor_graph_tracking]: Processed GNSS at 1700000106.00, NED (149.70, 17.51, 2.40).
[INFO] [1780846228.173054751] [microamp_factor_graph_tracking]: Processed GNSS at 1700000107.00, NED (149.14, 19.08, 3.00).
[INFO] [1780846228.273042584] [microamp_factor_graph_tracking]: Processed GNSS at 1700000108.00, NED (150.07, 23.76, 1.10).
[INFO] [1780846228.383011167] [microamp_factor_graph_tracking]: Processed GNSS at 1700000109.00, NED (149.94, 23.46, -0.79).
[INFO] [1780846228.479483917] [microamp_factor_graph_tracking]: Processed GNSS at 1700000110.00, NED (149.37, 26.26, 1.02).
[INFO] [1780846228.570402751] [microamp_factor_graph_tracking]: Added ROV 1 node (step 21) at t=1700000110.00, dt=5.000 s
[INFO] [1780846228.574552626] [microamp_factor_graph_tracking]: Processed GNSS at 1700000111.00, NED (152.02, 27.03, -2.54).
[INFO] [1780846228.675825084] [microamp_factor_graph_tracking]: Processed GNSS at 1700000112.00, NED (149.33, 28.90, 2.21).
[INFO] [1780846228.771590542] [microamp_factor_graph_tracking]: Processed GNSS at 1700000113.00, NED (148.11, 28.20, 1.43).
[INFO] [1780846228.872727001] [microamp_factor_graph_tracking]: Processed GNSS at 1700000114.00, NED (148.63, 31.28, 1.57).
[INFO] [1780846228.983008293] [microamp_factor_graph_tracking]: Processed GNSS at 1700000115.00, NED (149.24, 33.53, 0.21).
[INFO] [1780846229.070490459] [microamp_factor_graph_tracking]: Added ROV 1 node (step 22) at t=1700000115.00, dt=5.000 s
[INFO] [1780846229.075041418] [microamp_factor_graph_tracking]: Processed GNSS at 1700000116.00, NED (148.52, 34.79, 4.97).
[INFO] [1780846229.173518084] [microamp_factor_graph_tracking]: Processed GNSS at 1700000117.00, NED (148.80, 35.45, -1.30).
[INFO] [1780846229.287629418] [microamp_factor_graph_tracking]: Processed GNSS at 1700000118.00, NED (148.89, 39.23, -0.02).
[INFO] [1780846229.372703459] [microamp_factor_graph_tracking]: Processed GNSS at 1700000119.00, NED (146.64, 37.92, -3.20).
[INFO] [1780846229.487854751] [microamp_factor_graph_tracking]: Processed GNSS at 1700000120.00, NED (149.08, 38.99, 2.41).
[INFO] [1780846229.570325918] [microamp_factor_graph_tracking]: Added ROV 1 node (step 23) at t=1700000120.00, dt=5.000 s
[INFO] [1780846229.574500960] [microamp_factor_graph_tracking]: Processed GNSS at 1700000121.00, NED (149.21, 41.92, 0.22).
[INFO] [1780846229.672889126] [microamp_factor_graph_tracking]: Processed GNSS at 1700000122.00, NED (147.49, 44.34, 1.11).
[INFO] [1780846229.773412751] [microamp_factor_graph_tracking]: Processed GNSS at 1700000123.00, NED (145.64, 43.85, 0.48).
[INFO] [1780846229.873464543] [microamp_factor_graph_tracking]: Processed GNSS at 1700000124.00, NED (144.44, 45.60, 0.75).
[INFO] [1780846229.981424668] [microamp_factor_graph_tracking]: Processed GNSS at 1700000125.00, NED (150.08, 49.31, 1.20).
[INFO] [1780846230.070392335] [microamp_factor_graph_tracking]: Added ROV 1 node (step 24) at t=1700000125.00, dt=5.000 s
[INFO] [1780846230.074275835] [microamp_factor_graph_tracking]: Processed GNSS at 1700000126.00, NED (149.96, 44.56, -0.41).
[INFO] [1780846230.173163626] [microamp_factor_graph_tracking]: Processed GNSS at 1700000127.00, NED (150.62, 49.71, 0.43).
[INFO] [1780846230.273352418] [microamp_factor_graph_tracking]: Processed GNSS at 1700000128.00, NED (148.65, 50.75, -2.64).
[INFO] [1780846230.385347627] [microamp_factor_graph_tracking]: Processed GNSS at 1700000129.00, NED (149.49, 52.08, 1.37).
[INFO] [1780846230.487853085] [microamp_factor_graph_tracking]: Processed GNSS at 1700000130.00, NED (146.44, 56.42, -0.80).
[INFO] [1780846230.570356460] [microamp_factor_graph_tracking]: Added ROV 1 node (step 25) at t=1700000130.00, dt=5.000 s
[INFO] [1780846230.573868543] [microamp_factor_graph_tracking]: Processed GNSS at 1700000131.00, NED (148.16, 56.31, -2.82).
[INFO] [1780846230.673528377] [microamp_factor_graph_tracking]: Processed GNSS at 1700000132.00, NED (149.28, 59.29, 0.80).
[INFO] [1780846230.771937960] [microamp_factor_graph_tracking]: Processed GNSS at 1700000133.00, NED (149.86, 59.93, 3.17).
[INFO] [1780846230.872628210] [microamp_factor_graph_tracking]: Processed GNSS at 1700000134.00, NED (145.84, 58.64, 1.01).
[INFO] [1780846230.980162960] [microamp_factor_graph_tracking]: Processed GNSS at 1700000135.00, NED (150.28, 65.13, -2.65).
[INFO] [1780846231.070414752] [microamp_factor_graph_tracking]: Added ROV 1 node (step 26) at t=1700000135.00, dt=5.001 s
[INFO] [1780846231.074150085] [microamp_factor_graph_tracking]: Processed GNSS at 1700000136.00, NED (149.65, 65.38, 2.31).
[INFO] [1780846231.173120710] [microamp_factor_graph_tracking]: Processed GNSS at 1700000137.00, NED (147.05, 67.21, 0.41).
[INFO] [1780846231.273389960] [microamp_factor_graph_tracking]: Processed GNSS at 1700000138.00, NED (148.44, 67.26, -0.43).
[INFO] [1780846231.371930335] [microamp_factor_graph_tracking]: Processed GNSS at 1700000139.00, NED (148.37, 67.65, 0.31).
[INFO] [1780846231.475571502] [microamp_factor_graph_tracking]: Processed GNSS at 1700000140.00, NED (149.81, 69.38, -2.29).
[INFO] [1780846231.570092544] [microamp_factor_graph_tracking]: Added ROV 1 node (step 27) at t=1700000140.00, dt=5.000 s
[INFO] [1780846231.572658252] [microamp_factor_graph_tracking]: Processed GNSS at 1700000141.00, NED (147.35, 72.64, -2.59).
[INFO] [1780846231.672453461] [microamp_factor_graph_tracking]: Processed GNSS at 1700000142.00, NED (147.55, 72.41, 0.63).
[INFO] [1780846231.773225794] [microamp_factor_graph_tracking]: Processed GNSS at 1700000143.00, NED (147.13, 75.90, 3.77).
[INFO] [1780846231.873509752] [microamp_factor_graph_tracking]: Processed GNSS at 1700000144.00, NED (149.78, 77.36, -0.60).
[INFO] [1780846231.983896294] [microamp_factor_graph_tracking]: Processed GNSS at 1700000145.00, NED (146.89, 78.37, 1.04).
[INFO] [1780846232.070489919] [microamp_factor_graph_tracking]: Added ROV 1 node (step 28) at t=1700000145.00, dt=5.000 s
[INFO] [1780846232.085785252] [microamp_factor_graph_tracking]: Processed GNSS at 1700000146.00, NED (148.47, 79.10, 0.23).
[INFO] [1780846232.171518252] [microamp_factor_graph_tracking]: Processed GNSS at 1700000147.00, NED (148.83, 81.07, -3.27).
[INFO] [1780846232.272094419] [microamp_factor_graph_tracking]: Processed GNSS at 1700000148.00, NED (148.25, 81.83, -1.15).
[INFO] [1780846232.372913961] [microamp_factor_graph_tracking]: Processed GNSS at 1700000149.00, NED (150.65, 82.48, -2.02).
terminate called after throwing an instance of 'gtsam::IndeterminantLinearSystemException'
  what():  
Indeterminant linear system detected while working near variable
6269010681300730449 (Symbol: W1000017).

Thrown when a linear system is ill-posed.  The most common cause for this
error is having underconstrained variables.  Mathematically, the system is
underdetermined.  See the GTSAM Doxygen documentation at
http://borg.cc.gatech.edu/ on gtsam::IndeterminantLinearSystemException for
more information.
[ros2run]: Aborted
