[INFO] [1780735041.593935132] [microamp_factor_graph_tracking]: Using scenario_id=3
[INFO] [1780735041.603035466] [microamp_factor_graph_tracking]: Expanded factor graph node initialized.
[WARN] [1780735043.663619425] [microamp_factor_graph_tracking]: Graph not initialized yet, skipping USBL measurement
[INFO] [1780735043.664749717] [microamp_factor_graph_tracking]: Graph initialized with GNSS at NED (1.74, 0.27, -0.15)
[INFO] [1780735043.666869508] [microamp_factor_graph_tracking]: IMU initialized at time 1700000000.990
[INFO] [1780735043.763685633] [microamp_factor_graph_tracking]: Processed GNSS at 1700000002.00, NED (3.28, 0.48, -0.11).
[INFO] [1780735043.864412258] [microamp_factor_graph_tracking]: Processed GNSS at 1700000003.00, NED (5.07, -0.37, -0.75).
[INFO] [1780735043.965128967] [microamp_factor_graph_tracking]: Processed GNSS at 1700000004.00, NED (7.00, 0.27, 0.44).
[INFO] [1780735044.066407967] [microamp_factor_graph_tracking]: Processed GNSS at 1700000005.00, NED (7.88, 0.12, -0.00).
[INFO] [1780735044.163732925] [microamp_factor_graph_tracking]: Initialized ROV 1 at NED (199.91, 98.62, 8.33), t_sent=1700000005.00
[INFO] [1780735044.168555717] [microamp_factor_graph_tracking]: Processed GNSS at 1700000006.00, NED (9.66, 0.24, 0.62).
[INFO] [1780735044.266652717] [microamp_factor_graph_tracking]: Processed GNSS at 1700000007.00, NED (11.06, 0.63, 0.38).
[INFO] [1780735044.364381342] [microamp_factor_graph_tracking]: Processed GNSS at 1700000008.00, NED (12.49, -0.12, 0.54).
[INFO] [1780735044.465758884] [microamp_factor_graph_tracking]: Processed GNSS at 1700000009.00, NED (13.44, 0.76, 0.74).
[INFO] [1780735044.564323884] [microamp_factor_graph_tracking]: Processed GNSS at 1700000010.00, NED (15.48, 0.64, -0.72).
[INFO] [1780735044.663220300] [microamp_factor_graph_tracking]: USBL time offset initialized: -0.000044
[INFO] [1780735044.663520759] [microamp_factor_graph_tracking]: Added ROV 1 node (step 1) at t=1700000010.00, dt=5.000 s
[INFO] [1780735044.664970259] [microamp_factor_graph_tracking]: Processed GNSS at 1700000011.00, NED (16.64, 0.25, 0.68).
[INFO] [1780735044.764482342] [microamp_factor_graph_tracking]: Processed GNSS at 1700000012.00, NED (17.91, 0.13, -0.74).
[INFO] [1780735044.877662884] [microamp_factor_graph_tracking]: Processed GNSS at 1700000013.00, NED (19.16, 0.25, 0.05).
[INFO] [1780735044.976056801] [microamp_factor_graph_tracking]: Processed GNSS at 1700000014.00, NED (21.66, 0.42, 0.03).
[INFO] [1780735045.067327967] [microamp_factor_graph_tracking]: Processed GNSS at 1700000015.00, NED (22.66, 0.12, 0.21).
[INFO] [1780735045.163375384] [microamp_factor_graph_tracking]: Added ROV 1 node (step 2) at t=1700000015.00, dt=5.000 s
[INFO] [1780735045.166730842] [microamp_factor_graph_tracking]: Processed GNSS at 1700000016.00, NED (24.22, 0.18, 0.24).
[INFO] [1780735045.275267884] [microamp_factor_graph_tracking]: Processed GNSS at 1700000017.00, NED (26.11, 0.49, -0.09).
[INFO] [1780735045.365382967] [microamp_factor_graph_tracking]: Processed GNSS at 1700000018.00, NED (27.79, 0.11, -0.16).
[INFO] [1780735045.464472384] [microamp_factor_graph_tracking]: Processed GNSS at 1700000019.00, NED (29.08, 0.62, -0.48).
[INFO] [1780735045.568028634] [microamp_factor_graph_tracking]: Processed GNSS at 1700000020.00, NED (30.26, 0.24, -0.11).
[INFO] [1780735045.663338426] [microamp_factor_graph_tracking]: Added ROV 1 node (step 3) at t=1700000020.00, dt=5.001 s
[INFO] [1780735045.665636718] [microamp_factor_graph_tracking]: Processed GNSS at 1700000021.00, NED (31.78, 0.43, -0.95).
[INFO] [1780735045.765454426] [microamp_factor_graph_tracking]: Processed GNSS at 1700000022.00, NED (33.34, 0.20, -0.61).
[INFO] [1780735045.864958468] [microamp_factor_graph_tracking]: Processed GNSS at 1700000023.00, NED (34.50, 0.07, 0.12).
[INFO] [1780735045.967231134] [microamp_factor_graph_tracking]: Processed GNSS at 1700000024.00, NED (36.23, 0.11, -0.39).
[INFO] [1780735046.079939926] [microamp_factor_graph_tracking]: Processed GNSS at 1700000025.00, NED (37.56, 0.49, -0.28).
[INFO] [1780735046.163545384] [microamp_factor_graph_tracking]: Added ROV 1 node (step 4) at t=1700000025.00, dt=4.999 s
[INFO] [1780735046.187077301] [microamp_factor_graph_tracking]: Processed GNSS at 1700000026.00, NED (39.09, 0.38, -0.48).
[INFO] [1780735046.264781134] [microamp_factor_graph_tracking]: Processed GNSS at 1700000027.00, NED (40.83, 0.31, 0.03).
[INFO] [1780735046.364759051] [microamp_factor_graph_tracking]: Processed GNSS at 1700000028.00, NED (41.95, -0.15, 0.08).
[INFO] [1780735046.464956260] [microamp_factor_graph_tracking]: Processed GNSS at 1700000029.00, NED (43.58, -0.36, 0.62).
[INFO] [1780735046.565391218] [microamp_factor_graph_tracking]: Processed GNSS at 1700000030.00, NED (45.61, 0.13, 0.31).
[INFO] [1780735046.663242593] [microamp_factor_graph_tracking]: Added ROV 1 node (step 5) at t=1700000030.00, dt=5.000 s
[INFO] [1780735046.664431218] [microamp_factor_graph_tracking]: Processed GNSS at 1700000031.00, NED (46.57, -0.10, 0.72).
[INFO] [1780735046.775891926] [microamp_factor_graph_tracking]: Processed GNSS at 1700000032.00, NED (48.41, 0.57, 0.53).
[INFO] [1780735046.865518843] [microamp_factor_graph_tracking]: Processed GNSS at 1700000033.00, NED (49.54, -0.60, 0.78).
[INFO] [1780735046.965569051] [microamp_factor_graph_tracking]: Processed GNSS at 1700000034.00, NED (50.66, 0.16, -0.60).
[INFO] [1780735047.080337302] [microamp_factor_graph_tracking]: Processed GNSS at 1700000035.00, NED (52.54, 0.72, 0.57).
[INFO] [1780735047.163560802] [microamp_factor_graph_tracking]: Added ROV 1 node (step 6) at t=1700000035.00, dt=5.000 s
[INFO] [1780735047.167787302] [microamp_factor_graph_tracking]: Processed GNSS at 1700000036.00, NED (54.03, 0.84, 0.14).
[INFO] [1780735047.265788052] [microamp_factor_graph_tracking]: Processed GNSS at 1700000037.00, NED (55.91, 0.47, -0.50).
[INFO] [1780735047.371556093] [microamp_factor_graph_tracking]: Processed GNSS at 1700000038.00, NED (57.42, 0.98, -0.26).
[INFO] [1780735047.466041552] [microamp_factor_graph_tracking]: Processed GNSS at 1700000039.00, NED (58.88, 0.82, 0.62).
[INFO] [1780735047.582422260] [microamp_factor_graph_tracking]: Processed GNSS at 1700000040.00, NED (60.25, -0.01, 0.12).
[INFO] [1780735047.663608968] [microamp_factor_graph_tracking]: Added ROV 1 node (step 7) at t=1700000040.00, dt=5.000 s
[INFO] [1780735047.667887093] [microamp_factor_graph_tracking]: Processed GNSS at 1700000041.00, NED (61.69, 0.11, -0.43).
[INFO] [1780735047.765797635] [microamp_factor_graph_tracking]: Processed GNSS at 1700000042.00, NED (63.19, 0.41, -0.87).
[INFO] [1780735047.865748927] [microamp_factor_graph_tracking]: Processed GNSS at 1700000043.00, NED (64.60, 0.23, 0.32).
[INFO] [1780735047.965830135] [microamp_factor_graph_tracking]: Processed GNSS at 1700000044.00, NED (66.53, 0.43, 0.13).
[INFO] [1780735048.080093719] [microamp_factor_graph_tracking]: Processed GNSS at 1700000045.00, NED (67.82, 0.04, -0.02).
[INFO] [1780735048.163520552] [microamp_factor_graph_tracking]: Added ROV 1 node (step 8) at t=1700000045.00, dt=5.000 s
[INFO] [1780735048.169063302] [microamp_factor_graph_tracking]: Processed GNSS at 1700000046.00, NED (69.28, 0.28, 0.59).
[INFO] [1780735048.266407469] [microamp_factor_graph_tracking]: Processed GNSS at 1700000047.00, NED (70.65, 0.45, -0.94).
[INFO] [1780735048.377238552] [microamp_factor_graph_tracking]: Processed GNSS at 1700000048.00, NED (73.16, 0.39, 0.21).
[INFO] [1780735048.465812344] [microamp_factor_graph_tracking]: Processed GNSS at 1700000049.00, NED (73.54, 0.33, 0.26).
[INFO] [1780735048.581159802] [microamp_factor_graph_tracking]: Processed GNSS at 1700000050.00, NED (74.62, 0.40, -0.27).
[INFO] [1780735048.663265261] [microamp_factor_graph_tracking]: Added ROV 1 node (step 9) at t=1700000050.00, dt=5.001 s
[INFO] [1780735048.664383427] [microamp_factor_graph_tracking]: Processed GNSS at 1700000051.00, NED (76.10, -0.23, -0.40).
[INFO] [1780735048.765754886] [microamp_factor_graph_tracking]: Processed GNSS at 1700000052.00, NED (78.38, 0.93, 0.23).
[INFO] [1780735048.875155552] [microamp_factor_graph_tracking]: Processed GNSS at 1700000053.00, NED (80.46, 0.55, 0.18).
[INFO] [1780735048.965169011] [microamp_factor_graph_tracking]: Processed GNSS at 1700000054.00, NED (81.49, -0.28, -0.14).
[INFO] [1780735049.081059678] [microamp_factor_graph_tracking]: Processed GNSS at 1700000055.00, NED (82.37, 0.39, 0.78).
[INFO] [1780735049.163546969] [microamp_factor_graph_tracking]: Added ROV 1 node (step 10) at t=1700000055.00, dt=5.000 s
[INFO] [1780735049.167532136] [microamp_factor_graph_tracking]: Processed GNSS at 1700000056.00, NED (84.27, 0.50, -0.18).
[INFO] [1780735049.265741553] [microamp_factor_graph_tracking]: Processed GNSS at 1700000057.00, NED (86.51, 0.50, 0.28).
[INFO] [1780735049.365408136] [microamp_factor_graph_tracking]: Processed GNSS at 1700000058.00, NED (87.54, 0.32, -0.93).
[INFO] [1780735049.465976261] [microamp_factor_graph_tracking]: Processed GNSS at 1700000059.00, NED (89.02, 0.40, -0.28).
[INFO] [1780735049.579693636] [microamp_factor_graph_tracking]: Processed GNSS at 1700000060.00, NED (89.93, 0.57, 0.27).
[INFO] [1780735049.681283303] [microamp_factor_graph_tracking]: Added ROV 1 node (step 11) at t=1700000060.00, dt=5.000 s
[INFO] [1780735049.683880844] [microamp_factor_graph_tracking]: Processed GNSS at 1700000061.00, NED (91.80, 0.86, -0.26).
[INFO] [1780735049.766403303] [microamp_factor_graph_tracking]: Processed GNSS at 1700000062.00, NED (93.05, 0.73, 0.39).
[INFO] [1780735049.866098220] [microamp_factor_graph_tracking]: Processed GNSS at 1700000063.00, NED (94.99, 0.13, -0.17).
[INFO] [1780735049.966738261] [microamp_factor_graph_tracking]: Processed GNSS at 1700000064.00, NED (95.96, 0.41, 0.83).
[INFO] [1780735050.067074761] [microamp_factor_graph_tracking]: Processed GNSS at 1700000065.00, NED (97.44, 0.53, 0.30).
[INFO] [1780735050.163257595] [microamp_factor_graph_tracking]: Added ROV 1 node (step 12) at t=1700000065.00, dt=5.000 s
[INFO] [1780735050.164438720] [microamp_factor_graph_tracking]: Processed GNSS at 1700000066.00, NED (99.34, 0.50, -0.44).
[INFO] [1780735050.265045595] [microamp_factor_graph_tracking]: Processed GNSS at 1700000067.00, NED (100.97, 0.34, 0.23).
[INFO] [1780735050.367578386] [microamp_factor_graph_tracking]: Processed GNSS at 1700000068.00, NED (102.26, 0.84, 0.01).
[INFO] [1780735050.465444386] [microamp_factor_graph_tracking]: Processed GNSS at 1700000069.00, NED (103.56, 0.23, -0.03).
[INFO] [1780735050.582107178] [microamp_factor_graph_tracking]: Processed GNSS at 1700000070.00, NED (105.09, 0.58, 0.37).
[INFO] [1780735050.663355595] [microamp_factor_graph_tracking]: Added ROV 1 node (step 13) at t=1700000070.00, dt=5.001 s
[INFO] [1780735050.664620387] [microamp_factor_graph_tracking]: Processed GNSS at 1700000071.00, NED (106.62, 0.40, -0.13).
[INFO] [1780735050.765140637] [microamp_factor_graph_tracking]: Processed GNSS at 1700000072.00, NED (108.23, -0.09, 0.26).
[INFO] [1780735050.865813428] [microamp_factor_graph_tracking]: Processed GNSS at 1700000073.00, NED (109.83, -0.21, -0.07).
[INFO] [1780735050.967128637] [microamp_factor_graph_tracking]: Processed GNSS at 1700000074.00, NED (111.47, 0.50, 0.32).
[INFO] [1780735051.079499012] [microamp_factor_graph_tracking]: Processed GNSS at 1700000075.00, NED (112.71, -0.04, -0.27).
[INFO] [1780735051.163996512] [microamp_factor_graph_tracking]: Added ROV 1 node (step 14) at t=1700000075.00, dt=5.000 s
[INFO] [1780735051.168421679] [microamp_factor_graph_tracking]: Processed GNSS at 1700000076.00, NED (114.07, 0.33, 0.12).
[INFO] [1780735051.266751679] [microamp_factor_graph_tracking]: Processed GNSS at 1700000077.00, NED (116.19, 0.10, 0.64).
[INFO] [1780735051.366312012] [microamp_factor_graph_tracking]: Processed GNSS at 1700000078.00, NED (117.36, 0.37, 1.16).
[INFO] [1780735051.466759470] [microamp_factor_graph_tracking]: Processed GNSS at 1700000079.00, NED (118.58, 0.96, -0.35).
[INFO] [1780735051.575843179] [microamp_factor_graph_tracking]: Processed GNSS at 1700000080.00, NED (120.67, 0.42, -0.63).
[INFO] [1780735051.663479137] [microamp_factor_graph_tracking]: Added ROV 1 node (step 15) at t=1700000080.00, dt=5.000 s
[INFO] [1780735051.668358720] [microamp_factor_graph_tracking]: Processed GNSS at 1700000081.00, NED (122.11, 0.53, 0.46).
[INFO] [1780735051.766866720] [microamp_factor_graph_tracking]: Processed GNSS at 1700000082.00, NED (123.24, 0.31, -0.18).
[INFO] [1780735051.866497804] [microamp_factor_graph_tracking]: Processed GNSS at 1700000083.00, NED (124.57, 0.13, -0.30).
[INFO] [1780735051.966263262] [microamp_factor_graph_tracking]: Processed GNSS at 1700000084.00, NED (126.40, 0.55, 0.29).
[INFO] [1780735052.077429429] [microamp_factor_graph_tracking]: Processed GNSS at 1700000085.00, NED (128.10, 0.30, 0.67).
[INFO] [1780735052.163254262] [microamp_factor_graph_tracking]: Added ROV 1 node (step 16) at t=1700000085.00, dt=4.999 s
[INFO] [1780735052.164831054] [microamp_factor_graph_tracking]: Processed GNSS at 1700000086.00, NED (129.48, -0.41, 0.55).
[INFO] [1780735052.264014471] [microamp_factor_graph_tracking]: Processed GNSS at 1700000087.00, NED (130.35, 0.71, 0.05).
[INFO] [1780735052.372824971] [microamp_factor_graph_tracking]: Processed GNSS at 1700000088.00, NED (132.29, 0.46, 0.42).
[INFO] [1780735052.480462096] [microamp_factor_graph_tracking]: Processed GNSS at 1700000089.00, NED (133.48, 0.82, 0.56).
[INFO] [1780735052.583203804] [microamp_factor_graph_tracking]: Processed GNSS at 1700000090.00, NED (135.27, 0.62, -0.02).
[INFO] [1780735052.663587596] [microamp_factor_graph_tracking]: Added ROV 1 node (step 17) at t=1700000090.00, dt=5.000 s
[INFO] [1780735052.668760013] [microamp_factor_graph_tracking]: Processed GNSS at 1700000091.00, NED (136.87, 1.67, 0.04).
[INFO] [1780735052.764621929] [microamp_factor_graph_tracking]: Processed GNSS at 1700000092.00, NED (137.63, 2.41, -0.10).
[INFO] [1780735052.864614888] [microamp_factor_graph_tracking]: Processed GNSS at 1700000093.00, NED (139.42, 3.25, 0.72).
[INFO] [1780735052.967507013] [microamp_factor_graph_tracking]: Processed GNSS at 1700000094.00, NED (140.58, 3.91, 0.33).
[INFO] [1780735053.072317971] [microamp_factor_graph_tracking]: Processed GNSS at 1700000095.00, NED (141.30, 5.14, 0.48).
[INFO] [1780735053.163405346] [microamp_factor_graph_tracking]: Added ROV 1 node (step 18) at t=1700000095.00, dt=5.000 s
[INFO] [1780735053.180126096] [microamp_factor_graph_tracking]: Processed GNSS at 1700000096.00, NED (142.47, 5.50, 0.06).
[INFO] [1780735053.278109096] [microamp_factor_graph_tracking]: Processed GNSS at 1700000097.00, NED (143.90, 6.72, 0.09).
[INFO] [1780735053.367108763] [microamp_factor_graph_tracking]: Processed GNSS at 1700000098.00, NED (144.30, 8.32, 0.20).
[INFO] [1780735053.475547638] [microamp_factor_graph_tracking]: Processed GNSS at 1700000099.00, NED (145.09, 9.41, 0.33).
[INFO] [1780735053.580781888] [microamp_factor_graph_tracking]: Processed GNSS at 1700000100.00, NED (145.91, 10.16, 0.52).
[INFO] [1780735053.663349471] [microamp_factor_graph_tracking]: Added ROV 1 node (step 19) at t=1700000100.00, dt=5.000 s
[INFO] [1780735053.667800513] [microamp_factor_graph_tracking]: Processed GNSS at 1700000101.00, NED (147.09, 11.78, -0.21).
[INFO] [1780735053.766943805] [microamp_factor_graph_tracking]: Processed GNSS at 1700000102.00, NED (148.30, 12.75, -0.49).
[INFO] [1780735053.866256721] [microamp_factor_graph_tracking]: Processed GNSS at 1700000103.00, NED (148.41, 14.77, -0.55).
[INFO] [1780735053.969032847] [microamp_factor_graph_tracking]: Processed GNSS at 1700000104.00, NED (148.51, 16.23, 0.13).
[INFO] [1780735054.074969347] [microamp_factor_graph_tracking]: Processed GNSS at 1700000105.00, NED (148.83, 16.96, -0.15).
[INFO] [1780735054.163850222] [microamp_factor_graph_tracking]: Added ROV 1 node (step 20) at t=1700000105.00, dt=5.001 s
[INFO] [1780735054.168421013] [microamp_factor_graph_tracking]: Processed GNSS at 1700000106.00, NED (148.92, 18.58, 0.67).
[INFO] [1780735054.266812722] [microamp_factor_graph_tracking]: Processed GNSS at 1700000107.00, NED (148.83, 20.08, 0.82).
[INFO] [1780735054.366707097] [microamp_factor_graph_tracking]: Processed GNSS at 1700000108.00, NED (149.02, 22.21, 0.35).
[INFO] [1780735054.467369305] [microamp_factor_graph_tracking]: Processed GNSS at 1700000109.00, NED (148.99, 23.35, -0.12).
[INFO] [1780735054.574639013] [microamp_factor_graph_tracking]: Processed GNSS at 1700000110.00, NED (148.88, 25.12, 0.33).
[INFO] [1780735054.663534097] [microamp_factor_graph_tracking]: Added ROV 1 node (step 21) at t=1700000110.00, dt=5.000 s
[INFO] [1780735054.668843430] [microamp_factor_graph_tracking]: Processed GNSS at 1700000111.00, NED (149.41, 26.47, -0.56).
[INFO] [1780735054.765389722] [microamp_factor_graph_tracking]: Processed GNSS at 1700000112.00, NED (148.87, 28.04, 0.63).
[INFO] [1780735054.865484764] [microamp_factor_graph_tracking]: Processed GNSS at 1700000113.00, NED (148.63, 29.10, 0.43).
[INFO] [1780735054.967590680] [microamp_factor_graph_tracking]: Processed GNSS at 1700000114.00, NED (148.73, 30.92, 0.47).
[INFO] [1780735055.080817805] [microamp_factor_graph_tracking]: Processed GNSS at 1700000115.00, NED (148.85, 32.57, 0.13).
[INFO] [1780735055.163479889] [microamp_factor_graph_tracking]: Added ROV 1 node (step 22) at t=1700000115.00, dt=5.000 s
[INFO] [1780735055.167727389] [microamp_factor_graph_tracking]: Processed GNSS at 1700000116.00, NED (148.71, 34.02, 1.32).
[INFO] [1780735055.267796472] [microamp_factor_graph_tracking]: Processed GNSS at 1700000117.00, NED (148.76, 35.35, -0.25).
[INFO] [1780735055.367216750] [microamp_factor_graph_tracking]: Processed GNSS at 1700000118.00, NED (148.78, 37.31, 0.07).
[INFO] [1780735055.465473000] [microamp_factor_graph_tracking]: Processed GNSS at 1700000119.00, NED (148.33, 38.25, -0.73).
[INFO] [1780735055.571167500] [microamp_factor_graph_tracking]: Processed GNSS at 1700000120.00, NED (148.82, 39.66, 0.68).
[INFO] [1780735055.661328416] [microamp_factor_graph_tracking]: Added ROV 1 node (step 23) at t=1700000120.00, dt=5.000 s
[INFO] [1780735055.663583833] [microamp_factor_graph_tracking]: Processed GNSS at 1700000121.00, NED (148.85, 41.45, 0.13).
[INFO] [1780735055.764302750] [microamp_factor_graph_tracking]: Processed GNSS at 1700000122.00, NED (148.50, 43.13, 0.35).
[INFO] [1780735055.865519916] [microamp_factor_graph_tracking]: Processed GNSS at 1700000123.00, NED (148.13, 44.23, 0.19).
[INFO] [1780735055.964278083] [microamp_factor_graph_tracking]: Processed GNSS at 1700000124.00, NED (147.89, 45.78, 0.26).
[INFO] [1780735056.078294333] [microamp_factor_graph_tracking]: Processed GNSS at 1700000125.00, NED (149.02, 47.73, 0.37).
[INFO] [1780735056.161431542] [microamp_factor_graph_tracking]: Added ROV 1 node (step 24) at t=1700000125.00, dt=5.000 s
[INFO] [1780735056.165243667] [microamp_factor_graph_tracking]: Processed GNSS at 1700000126.00, NED (149.00, 47.97, -0.03).
[INFO] [1780735056.265299542] [microamp_factor_graph_tracking]: Processed GNSS at 1700000127.00, NED (149.13, 50.20, 0.18).
[INFO] [1780735056.364268750] [microamp_factor_graph_tracking]: Processed GNSS at 1700000128.00, NED (148.74, 51.61, -0.58).
[INFO] [1780735056.465702208] [microamp_factor_graph_tracking]: Processed GNSS at 1700000129.00, NED (148.90, 53.08, 0.42).
[INFO] [1780735056.574497875] [microamp_factor_graph_tracking]: Processed GNSS at 1700000130.00, NED (148.29, 55.15, -0.12).
[INFO] [1780735056.662064750] [microamp_factor_graph_tracking]: Added ROV 1 node (step 25) at t=1700000130.00, dt=5.000 s
[INFO] [1780735056.666625125] [microamp_factor_graph_tracking]: Processed GNSS at 1700000131.00, NED (148.64, 56.32, -0.63).
[INFO] [1780735056.762814500] [microamp_factor_graph_tracking]: Processed GNSS at 1700000132.00, NED (148.86, 58.12, 0.27).
[INFO] [1780735056.862765834] [microamp_factor_graph_tracking]: Processed GNSS at 1700000133.00, NED (148.98, 59.45, 0.87).
[INFO] [1780735056.965510875] [microamp_factor_graph_tracking]: Processed GNSS at 1700000134.00, NED (148.17, 60.39, 0.33).
[INFO] [1780735057.076961042] [microamp_factor_graph_tracking]: Processed GNSS at 1700000135.00, NED (149.06, 62.89, -0.59).
[INFO] [1780735057.161601334] [microamp_factor_graph_tracking]: Added ROV 1 node (step 26) at t=1700000135.00, dt=5.001 s
[INFO] [1780735057.176370459] [microamp_factor_graph_tracking]: Processed GNSS at 1700000136.00, NED (148.94, 64.14, 0.65).
[INFO] [1780735057.265673667] [microamp_factor_graph_tracking]: Processed GNSS at 1700000137.00, NED (148.41, 65.71, 0.18).
[INFO] [1780735057.376877125] [microamp_factor_graph_tracking]: Processed GNSS at 1700000138.00, NED (148.69, 66.91, -0.03).
[INFO] [1780735057.466192084] [microamp_factor_graph_tracking]: Processed GNSS at 1700000139.00, NED (148.68, 68.19, 0.15).
[INFO] [1780735057.578650542] [microamp_factor_graph_tracking]: Processed GNSS at 1700000140.00, NED (148.97, 69.74, -0.50).
[INFO] [1780735057.661568584] [microamp_factor_graph_tracking]: Added ROV 1 node (step 27) at t=1700000140.00, dt=4.999 s
[INFO] [1780735057.667331084] [microamp_factor_graph_tracking]: Processed GNSS at 1700000141.00, NED (148.47, 71.59, -0.57).
[INFO] [1780735057.776942834] [microamp_factor_graph_tracking]: Processed GNSS at 1700000142.00, NED (148.52, 72.75, 0.23).
[INFO] [1780735057.865933167] [microamp_factor_graph_tracking]: Processed GNSS at 1700000143.00, NED (148.43, 74.64, 1.02).
[INFO] [1780735057.962212209] [microamp_factor_graph_tracking]: Processed GNSS at 1700000144.00, NED (148.96, 76.14, -0.08).
[INFO] [1780735058.080626459] [microamp_factor_graph_tracking]: Processed GNSS at 1700000145.00, NED (148.38, 77.54, 0.33).
[INFO] [1780735058.161840251] [microamp_factor_graph_tracking]: Added ROV 1 node (step 28) at t=1700000145.00, dt=5.000 s
[INFO] [1780735058.167276584] [microamp_factor_graph_tracking]: Processed GNSS at 1700000146.00, NED (148.70, 78.88, 0.13).
[INFO] [1780735058.266376293] [microamp_factor_graph_tracking]: Processed GNSS at 1700000147.00, NED (148.77, 80.48, -0.74).
[INFO] [1780735058.365047043] [microamp_factor_graph_tracking]: Processed GNSS at 1700000148.00, NED (148.66, 81.83, -0.21).
[INFO] [1780735058.465794334] [microamp_factor_graph_tracking]: Processed GNSS at 1700000149.00, NED (149.13, 83.16, -0.43).
[INFO] [1780735058.577081751] [microamp_factor_graph_tracking]: Processed GNSS at 1700000150.00, NED (148.79, 84.63, 0.27).
[INFO] [1780735058.661675918] [microamp_factor_graph_tracking]: Added ROV 1 node (step 29) at t=1700000150.00, dt=5.000 s
[INFO] [1780735058.666937626] [microamp_factor_graph_tracking]: Processed GNSS at 1700000151.00, NED (148.42, 86.23, 0.66).
[INFO] [1780735058.766335709] [microamp_factor_graph_tracking]: Processed GNSS at 1700000152.00, NED (148.86, 88.26, 0.78).
[INFO] [1780735058.862996335] [microamp_factor_graph_tracking]: Processed GNSS at 1700000153.00, NED (148.63, 89.20, 0.20).
[INFO] [1780735058.962572876] [microamp_factor_graph_tracking]: Processed GNSS at 1700000154.00, NED (149.06, 90.54, 0.46).
[INFO] [1780735059.079473751] [microamp_factor_graph_tracking]: Processed GNSS at 1700000155.00, NED (148.74, 92.05, 0.29).
[INFO] [1780735059.161715251] [microamp_factor_graph_tracking]: Added ROV 1 node (step 30) at t=1700000155.00, dt=5.000 s
[INFO] [1780735059.167765376] [microamp_factor_graph_tracking]: Processed GNSS at 1700000156.00, NED (148.71, 94.00, 0.31).
[INFO] [1780735059.264966001] [microamp_factor_graph_tracking]: Processed GNSS at 1700000157.00, NED (148.35, 94.85, -1.45).
[INFO] [1780735059.366559543] [microamp_factor_graph_tracking]: Processed GNSS at 1700000158.00, NED (149.34, 97.00, 0.30).
[INFO] [1780735059.476653376] [microamp_factor_graph_tracking]: Processed GNSS at 1700000159.00, NED (148.34, 98.22, -0.55).
[INFO] [1780735059.567190585] [microamp_factor_graph_tracking]: Processed GNSS at 1700000160.00, NED (148.77, 99.78, -0.17).
[INFO] [1780735059.661457668] [microamp_factor_graph_tracking]: Added ROV 1 node (step 31) at t=1700000160.00, dt=5.000 s
[INFO] [1780735059.664716752] [microamp_factor_graph_tracking]: Processed GNSS at 1700000161.00, NED (148.89, 101.36, 0.03).
[INFO] [1780735059.778795960] [microamp_factor_graph_tracking]: Processed GNSS at 1700000162.00, NED (148.77, 102.79, -0.04).
[INFO] [1780735059.863931502] [microamp_factor_graph_tracking]: Processed GNSS at 1700000163.00, NED (148.79, 104.33, -0.95).
[INFO] [1780735059.965430418] [microamp_factor_graph_tracking]: Processed GNSS at 1700000164.00, NED (148.63, 105.54, -0.19).
[INFO] [1780735060.069089377] [microamp_factor_graph_tracking]: Processed GNSS at 1700000165.00, NED (148.81, 107.43, -0.76).
[INFO] [1780735060.161301460] [microamp_factor_graph_tracking]: Added ROV 1 node (step 32) at t=1700000165.00, dt=5.000 s
[INFO] [1780735060.163762418] [microamp_factor_graph_tracking]: Processed GNSS at 1700000166.00, NED (148.47, 109.24, 0.22).
[INFO] [1780735060.266250460] [microamp_factor_graph_tracking]: Processed GNSS at 1700000167.00, NED (148.87, 110.25, 0.59).
[INFO] [1780735060.365724752] [microamp_factor_graph_tracking]: Processed GNSS at 1700000168.00, NED (148.88, 112.38, 0.00).
[INFO] [1780735060.467743544] [microamp_factor_graph_tracking]: Processed GNSS at 1700000169.00, NED (149.12, 113.05, 0.24).
[INFO] [1780735060.574910335] [microamp_factor_graph_tracking]: Processed GNSS at 1700000170.00, NED (148.72, 114.83, -0.77).
[INFO] [1780735060.661306502] [microamp_factor_graph_tracking]: Added ROV 1 node (step 33) at t=1700000170.00, dt=5.000 s
[INFO] [1780735060.663310669] [microamp_factor_graph_tracking]: Processed GNSS at 1700000171.00, NED (148.52, 116.66, -0.10).
[INFO] [1780735060.762550252] [microamp_factor_graph_tracking]: Processed GNSS at 1700000172.00, NED (148.72, 117.41, -0.06).
[INFO] [1780735060.862388585] [microamp_factor_graph_tracking]: Processed GNSS at 1700000173.00, NED (149.28, 119.58, 0.07).
[INFO] [1780735060.962320211] [microamp_factor_graph_tracking]: Processed GNSS at 1700000174.00, NED (149.07, 120.66, -0.52).
[INFO] [1780735061.081491711] [microamp_factor_graph_tracking]: Processed GNSS at 1700000175.00, NED (148.62, 122.81, -0.08).
[INFO] [1780735061.161550044] [microamp_factor_graph_tracking]: Added ROV 1 node (step 34) at t=1700000175.00, dt=5.000 s
[INFO] [1780735061.167486794] [microamp_factor_graph_tracking]: Processed GNSS at 1700000176.00, NED (148.69, 124.20, 0.11).
[INFO] [1780735061.266210669] [microamp_factor_graph_tracking]: Processed GNSS at 1700000177.00, NED (148.65, 124.79, 0.22).
[INFO] [1780735061.365218794] [microamp_factor_graph_tracking]: Processed GNSS at 1700000178.00, NED (149.12, 126.79, 0.48).
[INFO] [1780735061.465730127] [microamp_factor_graph_tracking]: Processed GNSS at 1700000179.00, NED (148.77, 128.67, -0.50).
[INFO] [1780735061.578133711] [microamp_factor_graph_tracking]: Processed GNSS at 1700000180.00, NED (148.92, 129.67, 0.05).
[INFO] [1780735061.661537419] [microamp_factor_graph_tracking]: Added ROV 1 node (step 35) at t=1700000180.00, dt=5.000 s
[INFO] [1780735061.667380919] [microamp_factor_graph_tracking]: Processed GNSS at 1700000181.00, NED (148.59, 131.69, -0.12).
[INFO] [1780735061.765387003] [microamp_factor_graph_tracking]: Processed GNSS at 1700000182.00, NED (148.59, 133.40, -0.42).
[INFO] [1780735061.865947419] [microamp_factor_graph_tracking]: Processed GNSS at 1700000183.00, NED (148.74, 134.39, 0.71).
[INFO] [1780735061.977089961] [microamp_factor_graph_tracking]: Processed GNSS at 1700000184.00, NED (148.73, 135.50, 0.31).
[INFO] [1780735062.068697919] [microamp_factor_graph_tracking]: Processed GNSS at 1700000185.00, NED (148.49, 136.89, -0.43).
[INFO] [1780735062.161230961] [microamp_factor_graph_tracking]: Added ROV 1 node (step 36) at t=1700000185.00, dt=5.000 s
[INFO] [1780735062.162801836] [microamp_factor_graph_tracking]: Processed GNSS at 1700000186.00, NED (149.07, 139.08, 0.96).
[INFO] [1780735062.262397544] [microamp_factor_graph_tracking]: Processed GNSS at 1700000187.00, NED (148.25, 140.14, 0.39).
[INFO] [1780735062.364614670] [microamp_factor_graph_tracking]: Processed GNSS at 1700000188.00, NED (148.80, 141.58, -0.40).
[INFO] [1780735062.464664878] [microamp_factor_graph_tracking]: Processed GNSS at 1700000189.00, NED (148.93, 143.17, 0.54).
[INFO] [1780735062.577962628] [microamp_factor_graph_tracking]: Processed GNSS at 1700000190.00, NED (148.53, 144.76, 0.07).
[INFO] [1780735062.661567586] [microamp_factor_graph_tracking]: Added ROV 1 node (step 37) at t=1700000190.00, dt=5.000 s
[INFO] [1780735062.678774836] [microamp_factor_graph_tracking]: Processed GNSS at 1700000191.00, NED (148.60, 146.20, -0.34).
[INFO] [1780735062.766153628] [microamp_factor_graph_tracking]: Processed GNSS at 1700000192.00, NED (148.46, 147.82, 0.19).
[INFO] [1780735062.865005170] [microamp_factor_graph_tracking]: Processed GNSS at 1700000193.00, NED (148.47, 149.31, 0.47).
[INFO] [1780735062.962373170] [microamp_factor_graph_tracking]: Processed GNSS at 1700000194.00, NED (148.52, 150.86, 0.39).
[INFO] [1780735063.078923253] [microamp_factor_graph_tracking]: Processed GNSS at 1700000195.00, NED (149.08, 152.20, -0.27).
[INFO] [1780735063.161748962] [microamp_factor_graph_tracking]: Added ROV 1 node (step 38) at t=1700000195.00, dt=5.000 s
[INFO] [1780735063.177225795] [microamp_factor_graph_tracking]: Processed GNSS at 1700000196.00, NED (149.08, 154.69, 0.03).
[INFO] [1780735063.266367878] [microamp_factor_graph_tracking]: Processed GNSS at 1700000197.00, NED (149.71, 154.99, 0.93).
[INFO] [1780735063.366473628] [microamp_factor_graph_tracking]: Processed GNSS at 1700000198.00, NED (150.07, 156.51, 0.32).
[INFO] [1780735063.466518878] [microamp_factor_graph_tracking]: Processed GNSS at 1700000199.00, NED (150.45, 157.89, 0.43).
[INFO] [1780735063.578966295] [microamp_factor_graph_tracking]: Processed GNSS at 1700000200.00, NED (151.75, 159.37, -0.18).
[INFO] [1780735063.661563837] [microamp_factor_graph_tracking]: Added ROV 1 node (step 39) at t=1700000200.00, dt=5.000 s
[INFO] [1780735063.668264837] [microamp_factor_graph_tracking]: Processed GNSS at 1700000201.00, NED (152.33, 160.56, -1.24).
[INFO] [1780735063.776521295] [microamp_factor_graph_tracking]: Processed GNSS at 1700000202.00, NED (153.56, 161.89, 0.69).
[INFO] [1780735063.866511129] [microamp_factor_graph_tracking]: Processed GNSS at 1700000203.00, NED (154.53, 163.32, -0.12).
[INFO] [1780735063.966514754] [microamp_factor_graph_tracking]: Processed GNSS at 1700000204.00, NED (155.85, 163.69, 0.64).
[INFO] [1780735064.079390087] [microamp_factor_graph_tracking]: Processed GNSS at 1700000205.00, NED (157.01, 164.66, 0.13).
[INFO] [1780735064.161572295] [microamp_factor_graph_tracking]: Added ROV 1 node (step 40) at t=1700000205.00, dt=5.001 s
[INFO] [1780735064.167346629] [microamp_factor_graph_tracking]: Processed GNSS at 1700000206.00, NED (157.68, 165.70, 0.53).
[INFO] [1780735064.267199837] [microamp_factor_graph_tracking]: Processed GNSS at 1700000207.00, NED (159.18, 166.68, 0.18).
[INFO] [1780735064.366394754] [microamp_factor_graph_tracking]: Processed GNSS at 1700000208.00, NED (160.24, 167.52, -0.04).
[INFO] [1780735064.465726129] [microamp_factor_graph_tracking]: Processed GNSS at 1700000209.00, NED (162.39, 168.23, -0.22).
[INFO] [1780735064.599497546] [microamp_factor_graph_tracking]: Processed GNSS at 1700000210.00, NED (162.95, 168.52, -0.11).
[INFO] [1780735064.661450004] [microamp_factor_graph_tracking]: Added ROV 1 node (step 41) at t=1700000210.00, dt=4.999 s
[INFO] [1780735064.664546921] [microamp_factor_graph_tracking]: Processed GNSS at 1700000211.00, NED (164.99, 168.84, -0.30).
[INFO] [1780735064.762463004] [microamp_factor_graph_tracking]: Processed GNSS at 1700000212.00, NED (166.52, 169.06, 0.59).
[INFO] [1780735064.862495212] [microamp_factor_graph_tracking]: Processed GNSS at 1700000213.00, NED (167.88, 169.53, 0.29).
[INFO] [1780735064.962336504] [microamp_factor_graph_tracking]: Processed GNSS at 1700000214.00, NED (169.50, 168.90, -0.46).
[INFO] [1780735065.073262254] [microamp_factor_graph_tracking]: Processed GNSS at 1700000215.00, NED (170.92, 169.47, -0.13).
[INFO] [1780735065.161509963] [microamp_factor_graph_tracking]: Added ROV 1 node (step 42) at t=1700000215.00, dt=5.000 s
[INFO] [1780735065.176643796] [microamp_factor_graph_tracking]: Processed GNSS at 1700000216.00, NED (172.18, 169.29, 0.87).
[INFO] [1780735065.265786129] [microamp_factor_graph_tracking]: Processed GNSS at 1700000217.00, NED (173.91, 169.08, -0.07).
[INFO] [1780735065.366246921] [microamp_factor_graph_tracking]: Processed GNSS at 1700000218.00, NED (175.91, 169.20, 0.52).
[INFO] [1780735065.477370796] [microamp_factor_graph_tracking]: Processed GNSS at 1700000219.00, NED (176.85, 169.58, 0.06).
[INFO] [1780735065.583249629] [microamp_factor_graph_tracking]: Processed GNSS at 1700000220.00, NED (177.94, 169.77, 0.12).
[INFO] [1780735065.661490338] [microamp_factor_graph_tracking]: Added ROV 1 node (step 43) at t=1700000220.00, dt=5.000 s
[INFO] [1780735065.665725421] [microamp_factor_graph_tracking]: Processed GNSS at 1700000221.00, NED (179.99, 169.56, 0.62).
[INFO] [1780735065.765806838] [microamp_factor_graph_tracking]: Processed GNSS at 1700000222.00, NED (181.93, 169.47, 0.15).
[INFO] [1780735065.867296588] [microamp_factor_graph_tracking]: Processed GNSS at 1700000223.00, NED (183.28, 169.87, -0.32).
[INFO] [1780735065.967235713] [microamp_factor_graph_tracking]: Processed GNSS at 1700000224.00, NED (184.24, 169.09, 0.20).
[INFO] [1780735066.078095921] [microamp_factor_graph_tracking]: Processed GNSS at 1700000225.00, NED (185.79, 169.49, 0.10).
[INFO] [1780735066.161624463] [microamp_factor_graph_tracking]: Added ROV 1 node (step 44) at t=1700000225.00, dt=5.000 s
[INFO] [1780735066.168174838] [microamp_factor_graph_tracking]: Processed GNSS at 1700000226.00, NED (187.34, 169.12, 0.06).
[INFO] [1780735066.265735588] [microamp_factor_graph_tracking]: Processed GNSS at 1700000227.00, NED (188.39, 168.53, 0.78).
[INFO] [1780735066.367385963] [microamp_factor_graph_tracking]: Processed GNSS at 1700000228.00, NED (190.27, 169.64, 0.82).
[INFO] [1780735066.465746963] [microamp_factor_graph_tracking]: Processed GNSS at 1700000229.00, NED (191.94, 169.65, 0.79).
[INFO] [1780735066.578396463] [microamp_factor_graph_tracking]: Processed GNSS at 1700000230.00, NED (192.82, 169.70, 0.81).
[INFO] [1780735066.661608088] [microamp_factor_graph_tracking]: Added ROV 1 node (step 45) at t=1700000230.00, dt=5.000 s
[INFO] [1780735066.675688963] [microamp_factor_graph_tracking]: Processed GNSS at 1700000231.00, NED (195.29, 169.90, 0.14).
[INFO] [1780735066.766530380] [microamp_factor_graph_tracking]: Processed GNSS at 1700000232.00, NED (196.31, 169.44, -0.41).
[INFO] [1780735066.867593672] [microamp_factor_graph_tracking]: Processed GNSS at 1700000233.00, NED (197.81, 169.52, -0.11).
[INFO] [1780735066.964715088] [microamp_factor_graph_tracking]: Processed GNSS at 1700000234.00, NED (199.45, 169.14, 0.22).
[INFO] [1780735067.072264172] [microamp_factor_graph_tracking]: Processed GNSS at 1700000235.00, NED (201.08, 169.37, 0.18).
[INFO] [1780735067.161628422] [microamp_factor_graph_tracking]: Added ROV 1 node (step 46) at t=1700000235.00, dt=5.000 s
[INFO] [1780735067.166460963] [microamp_factor_graph_tracking]: Processed GNSS at 1700000236.00, NED (202.04, 169.16, 0.90).
[INFO] [1780735067.267597047] [microamp_factor_graph_tracking]: Processed GNSS at 1700000237.00, NED (204.10, 169.39, 0.77).
[INFO] [1780735067.376515922] [microamp_factor_graph_tracking]: Processed GNSS at 1700000238.00, NED (205.41, 169.03, -0.00).
[INFO] [1780735067.464911505] [microamp_factor_graph_tracking]: Processed GNSS at 1700000239.00, NED (207.08, 169.02, 0.48).
[INFO] [1780735067.580618839] [microamp_factor_graph_tracking]: Processed GNSS at 1700000240.00, NED (208.01, 169.74, 0.01).
[INFO] [1780735067.661714964] [microamp_factor_graph_tracking]: Added ROV 1 node (step 47) at t=1700000240.00, dt=5.000 s
[INFO] [1780735067.679500797] [microamp_factor_graph_tracking]: Processed GNSS at 1700000241.00, NED (209.63, 169.32, -0.37).
[INFO] [1780735067.767359547] [microamp_factor_graph_tracking]: Processed GNSS at 1700000242.00, NED (211.39, 169.17, -0.03).
[INFO] [1780735067.866679797] [microamp_factor_graph_tracking]: Processed GNSS at 1700000243.00, NED (212.21, 169.29, 0.31).
[INFO] [1780735067.967063089] [microamp_factor_graph_tracking]: Processed GNSS at 1700000244.00, NED (214.46, 169.39, -0.83).
[INFO] [1780735068.080427756] [microamp_factor_graph_tracking]: Processed GNSS at 1700000245.00, NED (215.89, 169.98, 0.30).
[INFO] [1780735068.161669464] [microamp_factor_graph_tracking]: Added ROV 1 node (step 48) at t=1700000245.00, dt=5.001 s
[INFO] [1780735068.179174464] [microamp_factor_graph_tracking]: Processed GNSS at 1700000246.00, NED (217.76, 169.59, -0.04).
[INFO] [1780735068.272447422] [microamp_factor_graph_tracking]: Processed GNSS at 1700000247.00, NED (219.07, 168.78, 0.10).
[INFO] [1780735068.365015839] [microamp_factor_graph_tracking]: Processed GNSS at 1700000248.00, NED (220.02, 169.40, -0.35).
[INFO] [1780735068.465100297] [microamp_factor_graph_tracking]: Processed GNSS at 1700000249.00, NED (222.03, 169.32, 1.44).
[INFO] [1780735068.585154297] [microamp_factor_graph_tracking]: Processed GNSS at 1700000250.00, NED (223.73, 169.82, -0.77).
[INFO] [1780735068.661362339] [microamp_factor_graph_tracking]: Added ROV 1 node (step 49) at t=1700000250.00, dt=5.000 s
[INFO] [1780735068.663595881] [microamp_factor_graph_tracking]: Processed GNSS at 1700000251.00, NED (225.01, 169.33, 0.75).
[INFO] [1780735068.767108214] [microamp_factor_graph_tracking]: Processed GNSS at 1700000252.00, NED (226.22, 168.97, -1.10).
[INFO] [1780735068.865587381] [microamp_factor_graph_tracking]: Processed GNSS at 1700000253.00, NED (228.10, 168.91, 0.44).
[INFO] [1780735068.967888423] [microamp_factor_graph_tracking]: Processed GNSS at 1700000254.00, NED (229.26, 169.39, -0.83).
[INFO] [1780735069.070449089] [microamp_factor_graph_tracking]: Processed GNSS at 1700000255.00, NED (230.96, 169.43, -0.64).
[INFO] [1780735069.161690881] [microamp_factor_graph_tracking]: Added ROV 1 node (step 50) at t=1700000255.00, dt=5.000 s
[INFO] [1780735069.166247173] [microamp_factor_graph_tracking]: Processed GNSS at 1700000256.00, NED (232.71, 169.10, 0.09).
[INFO] [1780735069.265340506] [microamp_factor_graph_tracking]: Processed GNSS at 1700000257.00, NED (233.88, 169.14, 0.10).
[INFO] [1780735069.367982756] [microamp_factor_graph_tracking]: Processed GNSS at 1700000258.00, NED (235.42, 169.30, -0.56).
[INFO] [1780735069.465988090] [microamp_factor_graph_tracking]: Processed GNSS at 1700000259.00, NED (236.75, 169.11, -0.15).
[INFO] [1780735069.585255131] [microamp_factor_graph_tracking]: Processed GNSS at 1700000260.00, NED (238.47, 169.10, 0.04).
[INFO] [1780735069.661767298] [microamp_factor_graph_tracking]: Added ROV 1 node (step 51) at t=1700000260.00, dt=5.000 s
[INFO] [1780735069.668243840] [microamp_factor_graph_tracking]: Processed GNSS at 1700000261.00, NED (239.91, 169.00, -0.05).
[INFO] [1780735069.771544006] [microamp_factor_graph_tracking]: Processed GNSS at 1700000262.00, NED (241.10, 169.62, 0.31).
[INFO] [1780735069.869055340] [microamp_factor_graph_tracking]: Processed GNSS at 1700000263.00, NED (242.53, 169.05, 0.21).
[INFO] [1780735069.967843256] [microamp_factor_graph_tracking]: Processed GNSS at 1700000264.00, NED (244.59, 169.13, 0.18).
[INFO] [1780735070.070936798] [microamp_factor_graph_tracking]: Processed GNSS at 1700000265.00, NED (245.48, 169.42, -0.03).
[INFO] [1780735070.161375132] [microamp_factor_graph_tracking]: Added ROV 1 node (step 52) at t=1700000265.00, dt=5.000 s
[INFO] [1780735070.163525757] [microamp_factor_graph_tracking]: Processed GNSS at 1700000266.00, NED (246.75, 169.51, -0.56).
[INFO] [1780735070.265652840] [microamp_factor_graph_tracking]: Processed GNSS at 1700000267.00, NED (249.28, 169.26, 0.80).
[INFO] [1780735070.367102882] [microamp_factor_graph_tracking]: Processed GNSS at 1700000268.00, NED (250.50, 169.34, -0.37).
[INFO] [1780735070.464733090] [microamp_factor_graph_tracking]: Processed GNSS at 1700000269.00, NED (251.79, 169.53, 0.84).
[INFO] [1780735070.579663132] [microamp_factor_graph_tracking]: Processed GNSS at 1700000270.00, NED (253.61, 169.83, -0.96).
[INFO] [1780735070.661477382] [microamp_factor_graph_tracking]: Added ROV 1 node (step 53) at t=1700000270.00, dt=5.000 s
[INFO] [1780735070.665761757] [microamp_factor_graph_tracking]: Processed GNSS at 1700000271.00, NED (255.34, 168.61, -0.89).
[INFO] [1780735070.767415382] [microamp_factor_graph_tracking]: Processed GNSS at 1700000272.00, NED (256.40, 169.19, -0.52).
[INFO] [1780735070.867187965] [microamp_factor_graph_tracking]: Processed GNSS at 1700000273.00, NED (258.33, 169.32, 0.64).
[INFO] [1780735070.969672590] [microamp_factor_graph_tracking]: Processed GNSS at 1700000274.00, NED (259.98, 169.31, -0.02).
[INFO] [1780735071.075641007] [microamp_factor_graph_tracking]: Processed GNSS at 1700000275.00, NED (261.26, 169.77, 0.46).
[INFO] [1780735071.161290965] [microamp_factor_graph_tracking]: Added ROV 1 node (step 54) at t=1700000275.00, dt=4.999 s
[INFO] [1780735071.163219299] [microamp_factor_graph_tracking]: Processed GNSS at 1700000276.00, NED (262.30, 169.53, 0.04).
[INFO] [1780735071.267187090] [microamp_factor_graph_tracking]: Processed GNSS at 1700000277.00, NED (263.83, 169.13, 0.55).
[INFO] [1780735071.366935174] [microamp_factor_graph_tracking]: Processed GNSS at 1700000278.00, NED (265.19, 169.73, -0.46).
[INFO] [1780735071.467483799] [microamp_factor_graph_tracking]: Processed GNSS at 1700000279.00, NED (267.18, 169.41, -0.04).
[INFO] [1780735071.587206091] [microamp_factor_graph_tracking]: Processed GNSS at 1700000280.00, NED (268.69, 169.59, 0.20).
[INFO] [1780735071.661532966] [microamp_factor_graph_tracking]: Added ROV 1 node (step 55) at t=1700000280.00, dt=5.001 s
[INFO] [1780735071.667050132] [microamp_factor_graph_tracking]: Processed GNSS at 1700000281.00, NED (269.88, 169.50, 0.91).
[INFO] [1780735071.767456882] [microamp_factor_graph_tracking]: Processed GNSS at 1700000282.00, NED (271.94, 169.35, -0.27).
[INFO] [1780735071.867821549] [microamp_factor_graph_tracking]: Processed GNSS at 1700000283.00, NED (273.03, 169.58, 0.42).
[INFO] [1780735071.965810924] [microamp_factor_graph_tracking]: Processed GNSS at 1700000284.00, NED (275.00, 169.65, 0.44).
[INFO] [1780735072.081885882] [microamp_factor_graph_tracking]: Processed GNSS at 1700000285.00, NED (276.05, 168.99, -0.06).
[INFO] [1780735072.161344758] [microamp_factor_graph_tracking]: Added ROV 1 node (step 56) at t=1700000285.00, dt=5.000 s
[INFO] [1780735072.163486966] [microamp_factor_graph_tracking]: Processed GNSS at 1700000286.00, NED (277.23, 169.21, 0.90).
[INFO] [1780735072.262911008] [microamp_factor_graph_tracking]: Processed GNSS at 1700000287.00, NED (278.68, 169.80, 0.36).
[INFO] [1780735072.365012633] [microamp_factor_graph_tracking]: Processed GNSS at 1700000288.00, NED (279.74, 169.15, 0.23).
[INFO] [1780735072.467731133] [microamp_factor_graph_tracking]: Processed GNSS at 1700000289.00, NED (281.77, 169.11, 0.02).
[INFO] [1780735072.588428591] [microamp_factor_graph_tracking]: Processed GNSS at 1700000290.00, NED (283.39, 169.25, -0.82).
[INFO] [1780735072.661537466] [microamp_factor_graph_tracking]: Added ROV 1 node (step 57) at t=1700000290.00, dt=5.000 s
[INFO] [1780735072.666554174] [microamp_factor_graph_tracking]: Processed GNSS at 1700000291.00, NED (284.44, 169.15, 0.38).
[INFO] [1780735072.767497383] [microamp_factor_graph_tracking]: Processed GNSS at 1700000292.00, NED (286.66, 169.72, 0.65).
[INFO] [1780735072.867020133] [microamp_factor_graph_tracking]: Processed GNSS at 1700000293.00, NED (288.20, 169.73, -0.13).
[INFO] [1780735072.967059591] [microamp_factor_graph_tracking]: Processed GNSS at 1700000294.00, NED (289.47, 169.22, 0.44).
[INFO] [1780735073.088198466] [microamp_factor_graph_tracking]: Processed GNSS at 1700000295.00, NED (291.21, 169.17, 0.31).
[INFO] [1780735073.161422550] [microamp_factor_graph_tracking]: Added ROV 1 node (step 58) at t=1700000295.00, dt=5.000 s
[INFO] [1780735073.165288133] [microamp_factor_graph_tracking]: Processed GNSS at 1700000296.00, NED (292.59, 169.46, 0.37).
[INFO] [1780735073.269514050] [microamp_factor_graph_tracking]: Processed GNSS at 1700000297.00, NED (294.36, 169.04, -0.36).
[INFO] [1780735073.368044133] [microamp_factor_graph_tracking]: Processed GNSS at 1700000298.00, NED (295.09, 169.25, 0.17).
[INFO] [1780735073.468186341] [microamp_factor_graph_tracking]: Processed GNSS at 1700000299.00, NED (296.73, 169.61, -0.29).
[INFO] [1780735075.013276676] [rclcpp]: signal_handler(SIGINT/SIGTERM)
