[INFO] [1780735392.228269336] [microamp_factor_graph_tracking]: Using scenario_id=3
[INFO] [1780735392.237430836] [microamp_factor_graph_tracking]: Expanded factor graph node initialized.
[WARN] [1780735394.262094045] [microamp_factor_graph_tracking]: Graph not initialized yet, skipping USBL measurement
[INFO] [1780735394.262598587] [microamp_factor_graph_tracking]: Graph initialized with GNSS at NED (1.74, 0.27, -0.15)
[INFO] [1780735394.263702129] [microamp_factor_graph_tracking]: IMU initialized at time 1700000000.990
[INFO] [1780735394.362085920] [microamp_factor_graph_tracking]: Processed GNSS at 1700000002.00, NED (3.28, 0.48, -0.11).
[INFO] [1780735394.463296087] [microamp_factor_graph_tracking]: Processed GNSS at 1700000003.00, NED (5.07, -0.37, -0.75).
[INFO] [1780735394.563172712] [microamp_factor_graph_tracking]: Processed GNSS at 1700000004.00, NED (7.00, 0.27, 0.44).
[INFO] [1780735394.662889921] [microamp_factor_graph_tracking]: Processed GNSS at 1700000005.00, NED (7.88, 0.12, -0.00).
[INFO] [1780735394.762511754] [microamp_factor_graph_tracking]: Processed GNSS at 1700000006.00, NED (9.66, 0.24, 0.62).
[INFO] [1780735394.861639087] [microamp_factor_graph_tracking]: Processed GNSS at 1700000007.00, NED (11.06, 0.63, 0.38).
[INFO] [1780735394.962079212] [microamp_factor_graph_tracking]: Processed GNSS at 1700000008.00, NED (12.49, -0.12, 0.54).
[INFO] [1780735395.062621837] [microamp_factor_graph_tracking]: Processed GNSS at 1700000009.00, NED (13.44, 0.76, 0.74).
[INFO] [1780735395.163371671] [microamp_factor_graph_tracking]: Processed GNSS at 1700000010.00, NED (15.48, 0.64, -0.72).
[INFO] [1780735395.262694421] [microamp_factor_graph_tracking]: Processed GNSS at 1700000011.00, NED (16.64, 0.25, 0.68).
[INFO] [1780735395.362045879] [microamp_factor_graph_tracking]: Processed GNSS at 1700000012.00, NED (17.91, 0.13, -0.74).
[INFO] [1780735395.462693796] [microamp_factor_graph_tracking]: Processed GNSS at 1700000013.00, NED (19.16, 0.25, 0.05).
[INFO] [1780735395.562765296] [microamp_factor_graph_tracking]: Processed GNSS at 1700000014.00, NED (21.66, 0.42, 0.03).
[INFO] [1780735395.662688046] [microamp_factor_graph_tracking]: Processed GNSS at 1700000015.00, NED (22.66, 0.12, 0.21).
[INFO] [1780735395.761650588] [microamp_factor_graph_tracking]: Initialized ROV 1 at NED (199.76, 93.96, 8.97), t_sent=1700000015.00
[INFO] [1780735395.763598546] [microamp_factor_graph_tracking]: Processed GNSS at 1700000016.00, NED (24.22, 0.18, 0.24).
[INFO] [1780735395.863058171] [microamp_factor_graph_tracking]: Processed GNSS at 1700000017.00, NED (26.11, 0.49, -0.09).
[INFO] [1780735395.963394463] [microamp_factor_graph_tracking]: Processed GNSS at 1700000018.00, NED (27.79, 0.11, -0.16).
[INFO] [1780735396.063421880] [microamp_factor_graph_tracking]: Processed GNSS at 1700000019.00, NED (29.08, 0.62, -0.48).
[INFO] [1780735396.174795088] [microamp_factor_graph_tracking]: Processed GNSS at 1700000020.00, NED (30.26, 0.24, -0.11).
[INFO] [1780735396.264921588] [microamp_factor_graph_tracking]: Processed GNSS at 1700000021.00, NED (31.78, 0.43, -0.95).
[INFO] [1780735396.364918505] [microamp_factor_graph_tracking]: Processed GNSS at 1700000022.00, NED (33.34, 0.20, -0.61).
[INFO] [1780735396.464160213] [microamp_factor_graph_tracking]: Processed GNSS at 1700000023.00, NED (34.50, 0.07, 0.12).
[INFO] [1780735396.563842005] [microamp_factor_graph_tracking]: Processed GNSS at 1700000024.00, NED (36.23, 0.11, -0.39).
[INFO] [1780735396.675589713] [microamp_factor_graph_tracking]: Processed GNSS at 1700000025.00, NED (37.56, 0.49, -0.28).
[INFO] [1780735396.777754963] [microamp_factor_graph_tracking]: Processed GNSS at 1700000026.00, NED (39.09, 0.38, -0.48).
[INFO] [1780735396.861960047] [microamp_factor_graph_tracking]: Processed GNSS at 1700000027.00, NED (40.83, 0.31, 0.03).
[INFO] [1780735396.962825588] [microamp_factor_graph_tracking]: Processed GNSS at 1700000028.00, NED (41.95, -0.15, 0.08).
[INFO] [1780735397.064844422] [microamp_factor_graph_tracking]: Processed GNSS at 1700000029.00, NED (43.58, -0.36, 0.62).
[INFO] [1780735397.176789172] [microamp_factor_graph_tracking]: Processed GNSS at 1700000030.00, NED (45.61, 0.13, 0.31).
[INFO] [1780735397.261436797] [microamp_factor_graph_tracking]: USBL time offset initialized: -0.000501
[INFO] [1780735397.261816089] [microamp_factor_graph_tracking]: Added ROV 1 node (step 1) at t=1700000030.00, dt=15.001 s
[INFO] [1780735397.265501380] [microamp_factor_graph_tracking]: Processed GNSS at 1700000031.00, NED (46.57, -0.10, 0.72).
[INFO] [1780735397.364309380] [microamp_factor_graph_tracking]: Processed GNSS at 1700000032.00, NED (48.41, 0.57, 0.53).
[INFO] [1780735397.463592422] [microamp_factor_graph_tracking]: Processed GNSS at 1700000033.00, NED (49.54, -0.60, 0.78).
[INFO] [1780735397.563969797] [microamp_factor_graph_tracking]: Processed GNSS at 1700000034.00, NED (50.66, 0.16, -0.60).
[INFO] [1780735397.667536589] [microamp_factor_graph_tracking]: Processed GNSS at 1700000035.00, NED (52.54, 0.72, 0.57).
[INFO] [1780735397.776776922] [microamp_factor_graph_tracking]: Processed GNSS at 1700000036.00, NED (54.03, 0.84, 0.14).
[INFO] [1780735397.874818089] [microamp_factor_graph_tracking]: Processed GNSS at 1700000037.00, NED (55.91, 0.47, -0.50).
[INFO] [1780735397.976857756] [microamp_factor_graph_tracking]: Processed GNSS at 1700000038.00, NED (57.42, 0.98, -0.26).
[INFO] [1780735398.076285589] [microamp_factor_graph_tracking]: Processed GNSS at 1700000039.00, NED (58.88, 0.82, 0.62).
[INFO] [1780735398.167950672] [microamp_factor_graph_tracking]: Processed GNSS at 1700000040.00, NED (60.25, -0.01, 0.12).
[INFO] [1780735398.261646881] [microamp_factor_graph_tracking]: Added ROV 1 node (step 2) at t=1700000040.00, dt=9.998 s
[INFO] [1780735398.275686256] [microamp_factor_graph_tracking]: Processed GNSS at 1700000041.00, NED (61.69, 0.11, -0.43).
[INFO] [1780735398.376097214] [microamp_factor_graph_tracking]: Processed GNSS at 1700000042.00, NED (63.19, 0.41, -0.87).
[INFO] [1780735398.465166964] [microamp_factor_graph_tracking]: Processed GNSS at 1700000043.00, NED (64.60, 0.23, 0.32).
[INFO] [1780735398.561979506] [microamp_factor_graph_tracking]: Processed GNSS at 1700000044.00, NED (66.53, 0.43, 0.13).
[INFO] [1780735398.681904923] [microamp_factor_graph_tracking]: Processed GNSS at 1700000045.00, NED (67.82, 0.04, -0.02).
[INFO] [1780735398.761626298] [microamp_factor_graph_tracking]: Added ROV 1 node (step 3) at t=1700000045.00, dt=5.001 s
[INFO] [1780735398.765135214] [microamp_factor_graph_tracking]: Processed GNSS at 1700000046.00, NED (69.28, 0.28, 0.59).
[INFO] [1780735398.862594631] [microamp_factor_graph_tracking]: Processed GNSS at 1700000047.00, NED (70.65, 0.45, -0.94).
[INFO] [1780735398.961951548] [microamp_factor_graph_tracking]: Processed GNSS at 1700000048.00, NED (73.16, 0.39, 0.21).
[INFO] [1780735399.074332923] [microamp_factor_graph_tracking]: Processed GNSS at 1700000049.00, NED (73.54, 0.33, 0.26).
[INFO] [1780735399.177792048] [microamp_factor_graph_tracking]: Processed GNSS at 1700000050.00, NED (74.62, 0.40, -0.27).
[INFO] [1780735399.267503298] [microamp_factor_graph_tracking]: Processed GNSS at 1700000051.00, NED (76.10, -0.23, -0.40).
[INFO] [1780735399.364200173] [microamp_factor_graph_tracking]: Processed GNSS at 1700000052.00, NED (78.38, 0.93, 0.23).
[INFO] [1780735399.463566173] [microamp_factor_graph_tracking]: Processed GNSS at 1700000053.00, NED (80.46, 0.55, 0.18).
[INFO] [1780735399.575543715] [microamp_factor_graph_tracking]: Processed GNSS at 1700000054.00, NED (81.49, -0.28, -0.14).
[INFO] [1780735399.680154423] [microamp_factor_graph_tracking]: Processed GNSS at 1700000055.00, NED (82.37, 0.39, 0.78).
[INFO] [1780735399.779292798] [microamp_factor_graph_tracking]: Processed GNSS at 1700000056.00, NED (84.27, 0.50, -0.18).
[INFO] [1780735399.864773631] [microamp_factor_graph_tracking]: Processed GNSS at 1700000057.00, NED (86.51, 0.50, 0.28).
[INFO] [1780735399.974814590] [microamp_factor_graph_tracking]: Processed GNSS at 1700000058.00, NED (87.54, 0.32, -0.93).
[INFO] [1780735400.080095632] [microamp_factor_graph_tracking]: Processed GNSS at 1700000059.00, NED (89.02, 0.40, -0.28).
[INFO] [1780735400.164353590] [microamp_factor_graph_tracking]: Processed GNSS at 1700000060.00, NED (89.93, 0.57, 0.27).
[INFO] [1780735400.262917423] [microamp_factor_graph_tracking]: Processed GNSS at 1700000061.00, NED (91.80, 0.86, -0.26).
[INFO] [1780735400.378662340] [microamp_factor_graph_tracking]: Processed GNSS at 1700000062.00, NED (93.05, 0.73, 0.39).
[INFO] [1780735400.466661257] [microamp_factor_graph_tracking]: Processed GNSS at 1700000063.00, NED (94.99, 0.13, -0.17).
[INFO] [1780735400.577674882] [microamp_factor_graph_tracking]: Processed GNSS at 1700000064.00, NED (95.96, 0.41, 0.83).
[INFO] [1780735400.667517757] [microamp_factor_graph_tracking]: Processed GNSS at 1700000065.00, NED (97.44, 0.53, 0.30).
[INFO] [1780735400.783497632] [microamp_factor_graph_tracking]: Processed GNSS at 1700000066.00, NED (99.34, 0.50, -0.44).
[INFO] [1780735400.876851382] [microamp_factor_graph_tracking]: Processed GNSS at 1700000067.00, NED (100.97, 0.34, 0.23).
[INFO] [1780735400.964482840] [microamp_factor_graph_tracking]: Processed GNSS at 1700000068.00, NED (102.26, 0.84, 0.01).
[INFO] [1780735401.063365007] [microamp_factor_graph_tracking]: Processed GNSS at 1700000069.00, NED (103.56, 0.23, -0.03).
[INFO] [1780735401.172547299] [microamp_factor_graph_tracking]: Processed GNSS at 1700000070.00, NED (105.09, 0.58, 0.37).
[INFO] [1780735401.262062632] [microamp_factor_graph_tracking]: Added ROV 1 node (step 4) at t=1700000070.00, dt=25.000 s
[INFO] [1780735401.270315257] [microamp_factor_graph_tracking]: Processed GNSS at 1700000071.00, NED (106.62, 0.40, -0.13).
[INFO] [1780735401.369202340] [microamp_factor_graph_tracking]: Processed GNSS at 1700000072.00, NED (108.23, -0.09, 0.26).
[INFO] [1780735401.462820507] [microamp_factor_graph_tracking]: Processed GNSS at 1700000073.00, NED (109.83, -0.21, -0.07).
[INFO] [1780735401.563385674] [microamp_factor_graph_tracking]: Processed GNSS at 1700000074.00, NED (111.47, 0.50, 0.32).
[INFO] [1780735401.692047674] [microamp_factor_graph_tracking]: Processed GNSS at 1700000075.00, NED (112.71, -0.04, -0.27).
[INFO] [1780735401.763445591] [microamp_factor_graph_tracking]: Processed GNSS at 1700000076.00, NED (114.07, 0.33, 0.12).
[INFO] [1780735401.864929757] [microamp_factor_graph_tracking]: Processed GNSS at 1700000077.00, NED (116.19, 0.10, 0.64).
[INFO] [1780735401.964987091] [microamp_factor_graph_tracking]: Processed GNSS at 1700000078.00, NED (117.36, 0.37, 1.16).
[INFO] [1780735402.067346174] [microamp_factor_graph_tracking]: Processed GNSS at 1700000079.00, NED (118.58, 0.96, -0.35).
[INFO] [1780735402.172822883] [microamp_factor_graph_tracking]: Processed GNSS at 1700000080.00, NED (120.67, 0.42, -0.63).
[INFO] [1780735402.262702049] [microamp_factor_graph_tracking]: Processed GNSS at 1700000081.00, NED (122.11, 0.53, 0.46).
[INFO] [1780735402.362414883] [microamp_factor_graph_tracking]: Processed GNSS at 1700000082.00, NED (123.24, 0.31, -0.18).
[INFO] [1780735402.463963758] [microamp_factor_graph_tracking]: Processed GNSS at 1700000083.00, NED (124.57, 0.13, -0.30).
[INFO] [1780735402.565211133] [microamp_factor_graph_tracking]: Processed GNSS at 1700000084.00, NED (126.40, 0.55, 0.29).
[INFO] [1780735402.667963966] [microamp_factor_graph_tracking]: Processed GNSS at 1700000085.00, NED (128.10, 0.30, 0.67).
[INFO] [1780735402.763923258] [microamp_factor_graph_tracking]: Processed GNSS at 1700000086.00, NED (129.48, -0.41, 0.55).
[INFO] [1780735402.863285966] [microamp_factor_graph_tracking]: Processed GNSS at 1700000087.00, NED (130.35, 0.71, 0.05).
[INFO] [1780735402.964447300] [microamp_factor_graph_tracking]: Processed GNSS at 1700000088.00, NED (132.29, 0.46, 0.42).
[INFO] [1780735403.062544008] [microamp_factor_graph_tracking]: Processed GNSS at 1700000089.00, NED (133.48, 0.82, 0.56).
[INFO] [1780735403.164330550] [microamp_factor_graph_tracking]: Processed GNSS at 1700000090.00, NED (135.27, 0.62, -0.02).
[INFO] [1780735403.261714258] [microamp_factor_graph_tracking]: Added ROV 1 node (step 5) at t=1700000090.00, dt=19.999 s
[INFO] [1780735403.277675841] [microamp_factor_graph_tracking]: Processed GNSS at 1700000091.00, NED (136.87, 1.67, 0.04).
[INFO] [1780735403.362912383] [microamp_factor_graph_tracking]: Processed GNSS at 1700000092.00, NED (137.63, 2.41, -0.10).
[INFO] [1780735403.462865633] [microamp_factor_graph_tracking]: Processed GNSS at 1700000093.00, NED (139.42, 3.25, 0.72).
[INFO] [1780735403.563083175] [microamp_factor_graph_tracking]: Processed GNSS at 1700000094.00, NED (140.58, 3.91, 0.33).
[INFO] [1780735403.683112217] [microamp_factor_graph_tracking]: Processed GNSS at 1700000095.00, NED (141.30, 5.14, 0.48).
[INFO] [1780735403.781461842] [microamp_factor_graph_tracking]: Processed GNSS at 1700000096.00, NED (142.47, 5.50, 0.06).
[INFO] [1780735403.878146467] [microamp_factor_graph_tracking]: Processed GNSS at 1700000097.00, NED (143.90, 6.72, 0.09).
[INFO] [1780735403.978105925] [microamp_factor_graph_tracking]: Processed GNSS at 1700000098.00, NED (144.30, 8.32, 0.20).
[INFO] [1780735404.077072050] [microamp_factor_graph_tracking]: Processed GNSS at 1700000099.00, NED (145.09, 9.41, 0.33).
[INFO] [1780735404.173320133] [microamp_factor_graph_tracking]: Processed GNSS at 1700000100.00, NED (145.91, 10.16, 0.52).
[INFO] [1780735404.267586259] [microamp_factor_graph_tracking]: Processed GNSS at 1700000101.00, NED (147.09, 11.78, -0.21).
[INFO] [1780735404.370504050] [microamp_factor_graph_tracking]: Processed GNSS at 1700000102.00, NED (148.30, 12.75, -0.49).
[INFO] [1780735404.478480425] [microamp_factor_graph_tracking]: Processed GNSS at 1700000103.00, NED (148.41, 14.77, -0.55).
[INFO] [1780735404.566703925] [microamp_factor_graph_tracking]: Processed GNSS at 1700000104.00, NED (148.51, 16.23, 0.13).
[INFO] [1780735404.673291967] [microamp_factor_graph_tracking]: Processed GNSS at 1700000105.00, NED (148.83, 16.96, -0.15).
[INFO] [1780735404.769869800] [microamp_factor_graph_tracking]: Processed GNSS at 1700000106.00, NED (148.92, 18.58, 0.67).
[INFO] [1780735404.878743092] [microamp_factor_graph_tracking]: Processed GNSS at 1700000107.00, NED (148.83, 20.08, 0.82).
[INFO] [1780735404.980975301] [microamp_factor_graph_tracking]: Processed GNSS at 1700000108.00, NED (149.02, 22.21, 0.35).
[INFO] [1780735405.071690967] [microamp_factor_graph_tracking]: Processed GNSS at 1700000109.00, NED (148.99, 23.35, -0.12).
[INFO] [1780735405.167068134] [microamp_factor_graph_tracking]: Processed GNSS at 1700000110.00, NED (148.88, 25.12, 0.33).
[INFO] [1780735405.276434384] [microamp_factor_graph_tracking]: Processed GNSS at 1700000111.00, NED (149.41, 26.47, -0.56).
[INFO] [1780735405.368227176] [microamp_factor_graph_tracking]: Processed GNSS at 1700000112.00, NED (148.87, 28.04, 0.63).
[INFO] [1780735405.480011342] [microamp_factor_graph_tracking]: Processed GNSS at 1700000113.00, NED (148.63, 29.10, 0.43).
[INFO] [1780735405.579078384] [microamp_factor_graph_tracking]: Processed GNSS at 1700000114.00, NED (148.73, 30.92, 0.47).
[INFO] [1780735405.672589634] [microamp_factor_graph_tracking]: Processed GNSS at 1700000115.00, NED (148.85, 32.57, 0.13).
[INFO] [1780735405.778054968] [microamp_factor_graph_tracking]: Processed GNSS at 1700000116.00, NED (148.71, 34.02, 1.32).
[INFO] [1780735405.880553343] [microamp_factor_graph_tracking]: Processed GNSS at 1700000117.00, NED (148.76, 35.35, -0.25).
[INFO] [1780735405.979633843] [microamp_factor_graph_tracking]: Processed GNSS at 1700000118.00, NED (148.78, 37.31, 0.07).
[INFO] [1780735406.079942968] [microamp_factor_graph_tracking]: Processed GNSS at 1700000119.00, NED (148.33, 38.25, -0.73).
[INFO] [1780735406.179798134] [microamp_factor_graph_tracking]: Processed GNSS at 1700000120.00, NED (148.82, 39.66, 0.68).
[INFO] [1780735406.261758884] [microamp_factor_graph_tracking]: Added ROV 1 node (step 6) at t=1700000120.00, dt=30.000 s
[INFO] [1780735406.268997343] [microamp_factor_graph_tracking]: Processed GNSS at 1700000121.00, NED (148.85, 41.45, 0.13).
[INFO] [1780735406.365710801] [microamp_factor_graph_tracking]: Processed GNSS at 1700000122.00, NED (148.50, 43.13, 0.35).
[INFO] [1780735406.465470301] [microamp_factor_graph_tracking]: Processed GNSS at 1700000123.00, NED (148.13, 44.23, 0.19).
[INFO] [1780735406.565374885] [microamp_factor_graph_tracking]: Processed GNSS at 1700000124.00, NED (147.89, 45.78, 0.26).
[INFO] [1780735406.679973760] [microamp_factor_graph_tracking]: Processed GNSS at 1700000125.00, NED (149.02, 47.73, 0.37).
[INFO] [1780735406.761534676] [microamp_factor_graph_tracking]: Added ROV 1 node (step 7) at t=1700000125.00, dt=5.000 s
[INFO] [1780735406.767479676] [microamp_factor_graph_tracking]: Processed GNSS at 1700000126.00, NED (149.00, 47.97, -0.03).
[INFO] [1780735406.864837843] [microamp_factor_graph_tracking]: Processed GNSS at 1700000127.00, NED (149.13, 50.20, 0.18).
[INFO] [1780735406.966184093] [microamp_factor_graph_tracking]: Processed GNSS at 1700000128.00, NED (148.74, 51.61, -0.58).
[INFO] [1780735407.064620718] [microamp_factor_graph_tracking]: Processed GNSS at 1700000129.00, NED (148.90, 53.08, 0.42).
[INFO] [1780735407.168862802] [microamp_factor_graph_tracking]: Processed GNSS at 1700000130.00, NED (148.29, 55.15, -0.12).
[INFO] [1780735407.264901552] [microamp_factor_graph_tracking]: Processed GNSS at 1700000131.00, NED (148.64, 56.32, -0.63).
[INFO] [1780735407.379282968] [microamp_factor_graph_tracking]: Processed GNSS at 1700000132.00, NED (148.86, 58.12, 0.27).
[INFO] [1780735407.478129343] [microamp_factor_graph_tracking]: Processed GNSS at 1700000133.00, NED (148.98, 59.45, 0.87).
[INFO] [1780735407.567941135] [microamp_factor_graph_tracking]: Processed GNSS at 1700000134.00, NED (148.17, 60.39, 0.33).
[INFO] [1780735407.681846885] [microamp_factor_graph_tracking]: Processed GNSS at 1700000135.00, NED (149.06, 62.89, -0.59).
[INFO] [1780735407.761547094] [microamp_factor_graph_tracking]: Added ROV 1 node (step 8) at t=1700000135.00, dt=10.000 s
[INFO] [1780735407.776700260] [microamp_factor_graph_tracking]: Processed GNSS at 1700000136.00, NED (148.94, 64.14, 0.65).
[INFO] [1780735407.865396594] [microamp_factor_graph_tracking]: Processed GNSS at 1700000137.00, NED (148.41, 65.71, 0.18).
[INFO] [1780735407.965606510] [microamp_factor_graph_tracking]: Processed GNSS at 1700000138.00, NED (148.69, 66.91, -0.03).
[INFO] [1780735408.065322094] [microamp_factor_graph_tracking]: Processed GNSS at 1700000139.00, NED (148.68, 68.19, 0.15).
[INFO] [1780735408.174377927] [microamp_factor_graph_tracking]: Processed GNSS at 1700000140.00, NED (148.97, 69.74, -0.50).
[INFO] [1780735408.261783135] [microamp_factor_graph_tracking]: Added ROV 1 node (step 9) at t=1700000140.00, dt=5.000 s
[INFO] [1780735408.267449219] [microamp_factor_graph_tracking]: Processed GNSS at 1700000141.00, NED (148.47, 71.59, -0.57).
[INFO] [1780735408.365511260] [microamp_factor_graph_tracking]: Processed GNSS at 1700000142.00, NED (148.52, 72.75, 0.23).
[INFO] [1780735408.465133552] [microamp_factor_graph_tracking]: Processed GNSS at 1700000143.00, NED (148.43, 74.64, 1.02).
[INFO] [1780735408.565324552] [microamp_factor_graph_tracking]: Processed GNSS at 1700000144.00, NED (148.96, 76.14, -0.08).
[INFO] [1780735408.679998552] [microamp_factor_graph_tracking]: Processed GNSS at 1700000145.00, NED (148.38, 77.54, 0.33).
[INFO] [1780735408.767467511] [microamp_factor_graph_tracking]: Processed GNSS at 1700000146.00, NED (148.70, 78.88, 0.13).
[INFO] [1780735408.875227802] [microamp_factor_graph_tracking]: Processed GNSS at 1700000147.00, NED (148.77, 80.48, -0.74).
[INFO] [1780735408.975754094] [microamp_factor_graph_tracking]: Processed GNSS at 1700000148.00, NED (148.66, 81.83, -0.21).
[INFO] [1780735409.073762427] [microamp_factor_graph_tracking]: Processed GNSS at 1700000149.00, NED (149.13, 83.16, -0.43).
[INFO] [1780735409.172056594] [microamp_factor_graph_tracking]: Processed GNSS at 1700000150.00, NED (148.79, 84.63, 0.27).
[INFO] [1780735409.264721303] [microamp_factor_graph_tracking]: Processed GNSS at 1700000151.00, NED (148.42, 86.23, 0.66).
[INFO] [1780735409.366080928] [microamp_factor_graph_tracking]: Processed GNSS at 1700000152.00, NED (148.86, 88.26, 0.78).
[INFO] [1780735409.470585761] [microamp_factor_graph_tracking]: Processed GNSS at 1700000153.00, NED (148.63, 89.20, 0.20).
[INFO] [1780735409.567335886] [microamp_factor_graph_tracking]: Processed GNSS at 1700000154.00, NED (149.06, 90.54, 0.46).
[INFO] [1780735409.691265469] [microamp_factor_graph_tracking]: Processed GNSS at 1700000155.00, NED (148.74, 92.05, 0.29).
[INFO] [1780735409.761500969] [microamp_factor_graph_tracking]: Added ROV 1 node (step 10) at t=1700000155.00, dt=15.000 s
[INFO] [1780735409.763890761] [microamp_factor_graph_tracking]: Processed GNSS at 1700000156.00, NED (148.71, 94.00, 0.31).
[INFO] [1780735409.865155053] [microamp_factor_graph_tracking]: Processed GNSS at 1700000157.00, NED (148.35, 94.85, -1.45).
[INFO] [1780735409.970462553] [microamp_factor_graph_tracking]: Processed GNSS at 1700000158.00, NED (149.34, 97.00, 0.30).
[INFO] [1780735410.077733386] [microamp_factor_graph_tracking]: Processed GNSS at 1700000159.00, NED (148.34, 98.22, -0.55).
[INFO] [1780735410.179269261] [microamp_factor_graph_tracking]: Processed GNSS at 1700000160.00, NED (148.77, 99.78, -0.17).
[INFO] [1780735410.261459761] [microamp_factor_graph_tracking]: Added ROV 1 node (step 11) at t=1700000160.00, dt=5.000 s
[INFO] [1780735410.263595220] [microamp_factor_graph_tracking]: Processed GNSS at 1700000161.00, NED (148.89, 101.36, 0.03).
[INFO] [1780735410.362520053] [microamp_factor_graph_tracking]: Processed GNSS at 1700000162.00, NED (148.77, 102.79, -0.04).
[INFO] [1780735410.465478428] [microamp_factor_graph_tracking]: Processed GNSS at 1700000163.00, NED (148.79, 104.33, -0.95).
[INFO] [1780735410.566456637] [microamp_factor_graph_tracking]: Processed GNSS at 1700000164.00, NED (148.63, 105.54, -0.19).
[INFO] [1780735410.669972053] [microamp_factor_graph_tracking]: Processed GNSS at 1700000165.00, NED (148.81, 107.43, -0.76).
[INFO] [1780735410.761816970] [microamp_factor_graph_tracking]: Added ROV 1 node (step 12) at t=1700000165.00, dt=4.999 s
[INFO] [1780735410.767682387] [microamp_factor_graph_tracking]: Processed GNSS at 1700000166.00, NED (148.47, 109.24, 0.22).
[INFO] [1780735410.865691303] [microamp_factor_graph_tracking]: Processed GNSS at 1700000167.00, NED (148.87, 110.25, 0.59).
[INFO] [1780735410.966337137] [microamp_factor_graph_tracking]: Processed GNSS at 1700000168.00, NED (148.88, 112.38, 0.00).
[INFO] [1780735411.066866387] [microamp_factor_graph_tracking]: Processed GNSS at 1700000169.00, NED (149.12, 113.05, 0.24).
[INFO] [1780735411.179915595] [microamp_factor_graph_tracking]: Processed GNSS at 1700000170.00, NED (148.72, 114.83, -0.77).
[INFO] [1780735411.265152720] [microamp_factor_graph_tracking]: Processed GNSS at 1700000171.00, NED (148.52, 116.66, -0.10).
[INFO] [1780735411.363179345] [microamp_factor_graph_tracking]: Processed GNSS at 1700000172.00, NED (148.72, 117.41, -0.06).
[INFO] [1780735411.463193970] [microamp_factor_graph_tracking]: Processed GNSS at 1700000173.00, NED (149.28, 119.58, 0.07).
[INFO] [1780735411.567148720] [microamp_factor_graph_tracking]: Processed GNSS at 1700000174.00, NED (149.07, 120.66, -0.52).
[INFO] [1780735411.682418220] [microamp_factor_graph_tracking]: Processed GNSS at 1700000175.00, NED (148.62, 122.81, -0.08).
[INFO] [1780735411.775935637] [microamp_factor_graph_tracking]: Processed GNSS at 1700000176.00, NED (148.69, 124.20, 0.11).
[INFO] [1780735411.876881304] [microamp_factor_graph_tracking]: Processed GNSS at 1700000177.00, NED (148.65, 124.79, 0.22).
[INFO] [1780735411.978811929] [microamp_factor_graph_tracking]: Processed GNSS at 1700000178.00, NED (149.12, 126.79, 0.48).
[INFO] [1780735412.066782179] [microamp_factor_graph_tracking]: Processed GNSS at 1700000179.00, NED (148.77, 128.67, -0.50).
[INFO] [1780735412.175517054] [microamp_factor_graph_tracking]: Processed GNSS at 1700000180.00, NED (148.92, 129.67, 0.05).
[INFO] [1780735412.278545471] [microamp_factor_graph_tracking]: Processed GNSS at 1700000181.00, NED (148.59, 131.69, -0.12).
[INFO] [1780735412.365834054] [microamp_factor_graph_tracking]: Processed GNSS at 1700000182.00, NED (148.59, 133.40, -0.42).
[INFO] [1780735412.465361679] [microamp_factor_graph_tracking]: Processed GNSS at 1700000183.00, NED (148.74, 134.39, 0.71).
[INFO] [1780735412.578574679] [microamp_factor_graph_tracking]: Processed GNSS at 1700000184.00, NED (148.73, 135.50, 0.31).
[INFO] [1780735412.680462304] [microamp_factor_graph_tracking]: Processed GNSS at 1700000185.00, NED (148.49, 136.89, -0.43).
[INFO] [1780735412.761805013] [microamp_factor_graph_tracking]: Added ROV 1 node (step 13) at t=1700000185.00, dt=20.001 s
[INFO] [1780735412.778974263] [microamp_factor_graph_tracking]: Processed GNSS at 1700000186.00, NED (149.07, 139.08, 0.96).
[INFO] [1780735412.866216638] [microamp_factor_graph_tracking]: Processed GNSS at 1700000187.00, NED (148.25, 140.14, 0.39).
[INFO] [1780735412.966307221] [microamp_factor_graph_tracking]: Processed GNSS at 1700000188.00, NED (148.80, 141.58, -0.40).
[INFO] [1780735413.065686679] [microamp_factor_graph_tracking]: Processed GNSS at 1700000189.00, NED (148.93, 143.17, 0.54).
[INFO] [1780735413.180236179] [microamp_factor_graph_tracking]: Processed GNSS at 1700000190.00, NED (148.53, 144.76, 0.07).
[INFO] [1780735413.267615179] [microamp_factor_graph_tracking]: Processed GNSS at 1700000191.00, NED (148.60, 146.20, -0.34).
[INFO] [1780735413.363657721] [microamp_factor_graph_tracking]: Processed GNSS at 1700000192.00, NED (148.46, 147.82, 0.19).
[INFO] [1780735413.478557513] [microamp_factor_graph_tracking]: Processed GNSS at 1700000193.00, NED (148.47, 149.31, 0.47).
[INFO] [1780735413.579319971] [microamp_factor_graph_tracking]: Processed GNSS at 1700000194.00, NED (148.52, 150.86, 0.39).
[INFO] [1780735413.680374013] [microamp_factor_graph_tracking]: Processed GNSS at 1700000195.00, NED (149.08, 152.20, -0.27).
[INFO] [1780735413.778272430] [microamp_factor_graph_tracking]: Processed GNSS at 1700000196.00, NED (149.08, 154.69, 0.03).
[INFO] [1780735413.878183055] [microamp_factor_graph_tracking]: Processed GNSS at 1700000197.00, NED (149.71, 154.99, 0.93).
[INFO] [1780735413.978441680] [microamp_factor_graph_tracking]: Processed GNSS at 1700000198.00, NED (150.07, 156.51, 0.32).
[INFO] [1780735414.077258138] [microamp_factor_graph_tracking]: Processed GNSS at 1700000199.00, NED (150.45, 157.89, 0.43).
[INFO] [1780735414.177826472] [microamp_factor_graph_tracking]: Processed GNSS at 1700000200.00, NED (151.75, 159.37, -0.18).
[INFO] [1780735414.278300597] [microamp_factor_graph_tracking]: Processed GNSS at 1700000201.00, NED (152.33, 160.56, -1.24).
[INFO] [1780735414.378570388] [microamp_factor_graph_tracking]: Processed GNSS at 1700000202.00, NED (153.56, 161.89, 0.69).
[INFO] [1780735414.468727513] [microamp_factor_graph_tracking]: Processed GNSS at 1700000203.00, NED (154.53, 163.32, -0.12).
[INFO] [1780735414.569406180] [microamp_factor_graph_tracking]: Processed GNSS at 1700000204.00, NED (155.85, 163.69, 0.64).
[INFO] [1780735414.678242638] [microamp_factor_graph_tracking]: Processed GNSS at 1700000205.00, NED (157.01, 164.66, 0.13).
[INFO] [1780735414.761598889] [microamp_factor_graph_tracking]: Added ROV 1 node (step 14) at t=1700000205.00, dt=20.000 s
[INFO] [1780735414.778246097] [microamp_factor_graph_tracking]: Processed GNSS at 1700000206.00, NED (157.68, 165.70, 0.53).
[INFO] [1780735414.866002014] [microamp_factor_graph_tracking]: Processed GNSS at 1700000207.00, NED (159.18, 166.68, 0.18).
[INFO] [1780735414.965460722] [microamp_factor_graph_tracking]: Processed GNSS at 1700000208.00, NED (160.24, 167.52, -0.04).
[INFO] [1780735415.066418722] [microamp_factor_graph_tracking]: Processed GNSS at 1700000209.00, NED (162.39, 168.23, -0.22).
[INFO] [1780735415.181579055] [microamp_factor_graph_tracking]: Processed GNSS at 1700000210.00, NED (162.95, 168.52, -0.11).
[INFO] [1780735415.280044055] [microamp_factor_graph_tracking]: Processed GNSS at 1700000211.00, NED (164.99, 168.84, -0.30).
[INFO] [1780735415.363762597] [microamp_factor_graph_tracking]: Processed GNSS at 1700000212.00, NED (166.52, 169.06, 0.59).
[INFO] [1780735415.478475083] [microamp_factor_graph_tracking]: Processed GNSS at 1700000213.00, NED (167.88, 169.53, 0.29).
[INFO] [1780735415.579770458] [microamp_factor_graph_tracking]: Processed GNSS at 1700000214.00, NED (169.50, 168.90, -0.46).
[INFO] [1780735415.671662958] [microamp_factor_graph_tracking]: Processed GNSS at 1700000215.00, NED (170.92, 169.47, -0.13).
[INFO] [1780735415.761352833] [microamp_factor_graph_tracking]: Added ROV 1 node (step 15) at t=1700000215.00, dt=10.001 s
[INFO] [1780735415.768428875] [microamp_factor_graph_tracking]: Processed GNSS at 1700000216.00, NED (172.18, 169.29, 0.87).
[INFO] [1780735415.866328291] [microamp_factor_graph_tracking]: Processed GNSS at 1700000217.00, NED (173.91, 169.08, -0.07).
[INFO] [1780735415.966209750] [microamp_factor_graph_tracking]: Processed GNSS at 1700000218.00, NED (175.91, 169.20, 0.52).
[INFO] [1780735416.065740083] [microamp_factor_graph_tracking]: Processed GNSS at 1700000219.00, NED (176.85, 169.58, 0.06).
[INFO] [1780735416.180220292] [microamp_factor_graph_tracking]: Processed GNSS at 1700000220.00, NED (177.94, 169.77, 0.12).
[INFO] [1780735416.278098875] [microamp_factor_graph_tracking]: Processed GNSS at 1700000221.00, NED (179.99, 169.56, 0.62).
[INFO] [1780735416.378760250] [microamp_factor_graph_tracking]: Processed GNSS at 1700000222.00, NED (181.93, 169.47, 0.15).
[INFO] [1780735416.477068042] [microamp_factor_graph_tracking]: Processed GNSS at 1700000223.00, NED (183.28, 169.87, -0.32).
[INFO] [1780735416.578733542] [microamp_factor_graph_tracking]: Processed GNSS at 1700000224.00, NED (184.24, 169.09, 0.20).
[INFO] [1780735416.679550542] [microamp_factor_graph_tracking]: Processed GNSS at 1700000225.00, NED (185.79, 169.49, 0.10).
[INFO] [1780735416.761337417] [microamp_factor_graph_tracking]: Added ROV 1 node (step 16) at t=1700000225.00, dt=9.999 s
[INFO] [1780735416.776665500] [microamp_factor_graph_tracking]: Processed GNSS at 1700000226.00, NED (187.34, 169.12, 0.06).
[INFO] [1780735416.875327625] [microamp_factor_graph_tracking]: Processed GNSS at 1700000227.00, NED (188.39, 168.53, 0.78).
[INFO] [1780735416.975771250] [microamp_factor_graph_tracking]: Processed GNSS at 1700000228.00, NED (190.27, 169.64, 0.82).
[INFO] [1780735417.065702709] [microamp_factor_graph_tracking]: Processed GNSS at 1700000229.00, NED (191.94, 169.65, 0.79).
[INFO] [1780735417.177795042] [microamp_factor_graph_tracking]: Processed GNSS at 1700000230.00, NED (192.82, 169.70, 0.81).
[INFO] [1780735417.261235459] [microamp_factor_graph_tracking]: Added ROV 1 node (step 17) at t=1700000230.00, dt=5.001 s
[INFO] [1780735417.268111500] [microamp_factor_graph_tracking]: Processed GNSS at 1700000231.00, NED (195.29, 169.90, 0.14).
[INFO] [1780735417.363630792] [microamp_factor_graph_tracking]: Processed GNSS at 1700000232.00, NED (196.31, 169.44, -0.41).
[INFO] [1780735417.462266042] [microamp_factor_graph_tracking]: Processed GNSS at 1700000233.00, NED (197.81, 169.52, -0.11).
[INFO] [1780735417.572563334] [microamp_factor_graph_tracking]: Processed GNSS at 1700000234.00, NED (199.45, 169.14, 0.22).
[INFO] [1780735417.681331834] [microamp_factor_graph_tracking]: Processed GNSS at 1700000235.00, NED (201.08, 169.37, 0.18).
[INFO] [1780735417.761532042] [microamp_factor_graph_tracking]: Added ROV 1 node (step 18) at t=1700000235.00, dt=5.000 s
[INFO] [1780735417.768213917] [microamp_factor_graph_tracking]: Processed GNSS at 1700000236.00, NED (202.04, 169.16, 0.90).
[INFO] [1780735417.877575167] [microamp_factor_graph_tracking]: Processed GNSS at 1700000237.00, NED (204.10, 169.39, 0.77).
[INFO] [1780735417.967026417] [microamp_factor_graph_tracking]: Processed GNSS at 1700000238.00, NED (205.41, 169.03, -0.00).
[INFO] [1780735418.067452459] [microamp_factor_graph_tracking]: Processed GNSS at 1700000239.00, NED (207.08, 169.02, 0.48).
[INFO] [1780735418.178780001] [microamp_factor_graph_tracking]: Processed GNSS at 1700000240.00, NED (208.01, 169.74, 0.01).
[INFO] [1780735418.262861001] [microamp_factor_graph_tracking]: Added ROV 1 node (step 19) at t=1700000240.00, dt=5.000 s
[INFO] [1780735418.279252084] [microamp_factor_graph_tracking]: Processed GNSS at 1700000241.00, NED (209.63, 169.32, -0.37).
[INFO] [1780735418.365991459] [microamp_factor_graph_tracking]: Processed GNSS at 1700000242.00, NED (211.39, 169.17, -0.03).
[INFO] [1780735418.468287043] [microamp_factor_graph_tracking]: Processed GNSS at 1700000243.00, NED (212.21, 169.29, 0.31).
[INFO] [1780735418.566385001] [microamp_factor_graph_tracking]: Processed GNSS at 1700000244.00, NED (214.46, 169.39, -0.83).
[INFO] [1780735418.681985459] [microamp_factor_graph_tracking]: Processed GNSS at 1700000245.00, NED (215.89, 169.98, 0.30).
[INFO] [1780735418.766165501] [microamp_factor_graph_tracking]: Processed GNSS at 1700000246.00, NED (217.76, 169.59, -0.04).
[INFO] [1780735418.867826834] [microamp_factor_graph_tracking]: Processed GNSS at 1700000247.00, NED (219.07, 168.78, 0.10).
[INFO] [1780735419.004350251] [microamp_factor_graph_tracking]: Processed GNSS at 1700000248.00, NED (220.02, 169.40, -0.35).
[INFO] [1780735419.072390335] [microamp_factor_graph_tracking]: Processed GNSS at 1700000249.00, NED (222.03, 169.32, 1.44).
[INFO] [1780735419.173985126] [microamp_factor_graph_tracking]: Processed GNSS at 1700000250.00, NED (223.73, 169.82, -0.77).
[INFO] [1780735419.265058335] [microamp_factor_graph_tracking]: Processed GNSS at 1700000251.00, NED (225.01, 169.33, 0.75).
[INFO] [1780735419.382085168] [microamp_factor_graph_tracking]: Processed GNSS at 1700000252.00, NED (226.22, 168.97, -1.10).
[INFO] [1780735419.463405918] [microamp_factor_graph_tracking]: Processed GNSS at 1700000253.00, NED (228.10, 168.91, 0.44).
[INFO] [1780735419.565011126] [microamp_factor_graph_tracking]: Processed GNSS at 1700000254.00, NED (229.26, 169.39, -0.83).
[INFO] [1780735419.668966752] [microamp_factor_graph_tracking]: Processed GNSS at 1700000255.00, NED (230.96, 169.43, -0.64).
[INFO] [1780735419.765841627] [microamp_factor_graph_tracking]: Processed GNSS at 1700000256.00, NED (232.71, 169.10, 0.09).
[INFO] [1780735419.868578377] [microamp_factor_graph_tracking]: Processed GNSS at 1700000257.00, NED (233.88, 169.14, 0.10).
[INFO] [1780735419.977721960] [microamp_factor_graph_tracking]: Processed GNSS at 1700000258.00, NED (235.42, 169.30, -0.56).
[INFO] [1780735420.070723293] [microamp_factor_graph_tracking]: Processed GNSS at 1700000259.00, NED (236.75, 169.11, -0.15).
[INFO] [1780735420.177748543] [microamp_factor_graph_tracking]: Processed GNSS at 1700000260.00, NED (238.47, 169.10, 0.04).
[INFO] [1780735420.261198002] [microamp_factor_graph_tracking]: Added ROV 1 node (step 20) at t=1700000260.00, dt=19.999 s
[INFO] [1780735420.264056168] [microamp_factor_graph_tracking]: Processed GNSS at 1700000261.00, NED (239.91, 169.00, -0.05).
[INFO] [1780735420.363454419] [microamp_factor_graph_tracking]: Processed GNSS at 1700000262.00, NED (241.10, 169.62, 0.31).
[INFO] [1780735420.465121794] [microamp_factor_graph_tracking]: Processed GNSS at 1700000263.00, NED (242.53, 169.05, 0.21).
[INFO] [1780735420.567857835] [microamp_factor_graph_tracking]: Processed GNSS at 1700000264.00, NED (244.59, 169.13, 0.18).
[INFO] [1780735420.682610044] [microamp_factor_graph_tracking]: Processed GNSS at 1700000265.00, NED (245.48, 169.42, -0.03).
[INFO] [1780735420.761207335] [microamp_factor_graph_tracking]: Added ROV 1 node (step 21) at t=1700000265.00, dt=5.001 s
[INFO] [1780735420.770350335] [microamp_factor_graph_tracking]: Processed GNSS at 1700000266.00, NED (246.75, 169.51, -0.56).
[INFO] [1780735420.863465960] [microamp_factor_graph_tracking]: Processed GNSS at 1700000267.00, NED (249.28, 169.26, 0.80).
[INFO] [1780735420.967971919] [microamp_factor_graph_tracking]: Processed GNSS at 1700000268.00, NED (250.50, 169.34, -0.37).
[INFO] [1780735421.067132002] [microamp_factor_graph_tracking]: Processed GNSS at 1700000269.00, NED (251.79, 169.53, 0.84).
[INFO] [1780735421.193568211] [microamp_factor_graph_tracking]: Processed GNSS at 1700000270.00, NED (253.61, 169.83, -0.96).
[INFO] [1780735421.261456086] [microamp_factor_graph_tracking]: Added ROV 1 node (step 22) at t=1700000270.00, dt=5.000 s
[INFO] [1780735421.267231627] [microamp_factor_graph_tracking]: Processed GNSS at 1700000271.00, NED (255.34, 168.61, -0.89).
[INFO] [1780735421.368795086] [microamp_factor_graph_tracking]: Processed GNSS at 1700000272.00, NED (256.40, 169.19, -0.52).
[INFO] [1780735421.467484961] [microamp_factor_graph_tracking]: Processed GNSS at 1700000273.00, NED (258.33, 169.32, 0.64).
[INFO] [1780735421.563038627] [microamp_factor_graph_tracking]: Processed GNSS at 1700000274.00, NED (259.98, 169.31, -0.02).
[INFO] [1780735421.678640753] [microamp_factor_graph_tracking]: Processed GNSS at 1700000275.00, NED (261.26, 169.77, 0.46).
[INFO] [1780735421.761251836] [microamp_factor_graph_tracking]: Added ROV 1 node (step 23) at t=1700000275.00, dt=4.999 s
[INFO] [1780735421.764797294] [microamp_factor_graph_tracking]: Processed GNSS at 1700000276.00, NED (262.30, 169.53, 0.04).
[INFO] [1780735421.866440503] [microamp_factor_graph_tracking]: Processed GNSS at 1700000277.00, NED (263.83, 169.13, 0.55).
[INFO] [1780735421.969280461] [microamp_factor_graph_tracking]: Processed GNSS at 1700000278.00, NED (265.19, 169.73, -0.46).
[INFO] [1780735422.068491711] [microamp_factor_graph_tracking]: Processed GNSS at 1700000279.00, NED (267.18, 169.41, -0.04).
[INFO] [1780735422.188349211] [microamp_factor_graph_tracking]: Processed GNSS at 1700000280.00, NED (268.69, 169.59, 0.20).
[INFO] [1780735422.261219461] [microamp_factor_graph_tracking]: Added ROV 1 node (step 24) at t=1700000280.00, dt=5.000 s
[INFO] [1780735422.263607503] [microamp_factor_graph_tracking]: Processed GNSS at 1700000281.00, NED (269.88, 169.50, 0.91).
[INFO] [1780735422.363192003] [microamp_factor_graph_tracking]: Processed GNSS at 1700000282.00, NED (271.94, 169.35, -0.27).
[INFO] [1780735422.463881086] [microamp_factor_graph_tracking]: Processed GNSS at 1700000283.00, NED (273.03, 169.58, 0.42).
[INFO] [1780735422.565919336] [microamp_factor_graph_tracking]: Processed GNSS at 1700000284.00, NED (275.00, 169.65, 0.44).
[INFO] [1780735422.687523753] [microamp_factor_graph_tracking]: Processed GNSS at 1700000285.00, NED (276.05, 168.99, -0.06).
[INFO] [1780735422.766784920] [microamp_factor_graph_tracking]: Processed GNSS at 1700000286.00, NED (277.23, 169.21, 0.90).
[INFO] [1780735422.879274003] [microamp_factor_graph_tracking]: Processed GNSS at 1700000287.00, NED (278.68, 169.80, 0.36).
[INFO] [1780735422.970292211] [microamp_factor_graph_tracking]: Processed GNSS at 1700000288.00, NED (279.74, 169.15, 0.23).
[INFO] [1780735423.069837462] [microamp_factor_graph_tracking]: Processed GNSS at 1700000289.00, NED (281.77, 169.11, 0.02).
[INFO] [1780735423.185387003] [microamp_factor_graph_tracking]: Processed GNSS at 1700000290.00, NED (283.39, 169.25, -0.82).
[INFO] [1780735423.261435045] [microamp_factor_graph_tracking]: Added ROV 1 node (step 25) at t=1700000290.00, dt=10.000 s
[INFO] [1780735423.268438337] [microamp_factor_graph_tracking]: Processed GNSS at 1700000291.00, NED (284.44, 169.15, 0.38).
[INFO] [1780735423.363322837] [microamp_factor_graph_tracking]: Processed GNSS at 1700000292.00, NED (286.66, 169.72, 0.65).
[INFO] [1780735423.462914545] [microamp_factor_graph_tracking]: Processed GNSS at 1700000293.00, NED (288.20, 169.73, -0.13).
[INFO] [1780735423.562734503] [microamp_factor_graph_tracking]: Processed GNSS at 1700000294.00, NED (289.47, 169.22, 0.44).
[INFO] [1780735423.670668837] [microamp_factor_graph_tracking]: Processed GNSS at 1700000295.00, NED (291.21, 169.17, 0.31).
[INFO] [1780735423.761037587] [microamp_factor_graph_tracking]: Added ROV 1 node (step 26) at t=1700000295.00, dt=5.000 s
[INFO] [1780735423.764333712] [microamp_factor_graph_tracking]: Processed GNSS at 1700000296.00, NED (292.59, 169.46, 0.37).
[INFO] [1780735423.865536670] [microamp_factor_graph_tracking]: Processed GNSS at 1700000297.00, NED (294.36, 169.04, -0.36).
[INFO] [1780735423.968251129] [microamp_factor_graph_tracking]: Processed GNSS at 1700000298.00, NED (295.09, 169.25, 0.17).
[INFO] [1780735424.069017504] [microamp_factor_graph_tracking]: Processed GNSS at 1700000299.00, NED (296.73, 169.61, -0.29).
[INFO] [1780735425.628852671] [rclcpp]: signal_handler(SIGINT/SIGTERM)
