[INFO] [1780735586.313253593] [microamp_factor_graph_tracking]: Using scenario_id=2
[INFO] [1780735586.319509676] [microamp_factor_graph_tracking]: Expanded factor graph node initialized.
[WARN] [1780735588.403036927] [microamp_factor_graph_tracking]: Graph not initialized yet, skipping USBL measurement
[INFO] [1780735588.403536135] [microamp_factor_graph_tracking]: Graph initialized with GNSS at NED (1.74, 0.27, -0.15)
[INFO] [1780735588.405857760] [microamp_factor_graph_tracking]: IMU initialized at time 1700000000.990
[INFO] [1780735588.502357052] [microamp_factor_graph_tracking]: Processed GNSS at 1700000002.00, NED (3.28, 0.48, -0.11).
[INFO] [1780735588.604366844] [microamp_factor_graph_tracking]: Processed GNSS at 1700000003.00, NED (5.07, -0.37, -0.75).
[INFO] [1780735588.704183052] [microamp_factor_graph_tracking]: Processed GNSS at 1700000004.00, NED (7.00, 0.27, 0.44).
[INFO] [1780735588.804188386] [microamp_factor_graph_tracking]: Processed GNSS at 1700000005.00, NED (7.88, 0.12, -0.00).
[INFO] [1780735588.903733261] [microamp_factor_graph_tracking]: Processed GNSS at 1700000006.00, NED (9.66, 0.24, 0.62).
[INFO] [1780735589.002688969] [microamp_factor_graph_tracking]: Processed GNSS at 1700000007.00, NED (11.06, 0.63, 0.38).
[INFO] [1780735589.103983261] [microamp_factor_graph_tracking]: Processed GNSS at 1700000008.00, NED (12.49, -0.12, 0.54).
[INFO] [1780735589.203794386] [microamp_factor_graph_tracking]: Processed GNSS at 1700000009.00, NED (13.44, 0.76, 0.74).
[INFO] [1780735589.305497761] [microamp_factor_graph_tracking]: Processed GNSS at 1700000010.00, NED (15.48, 0.64, -0.72).
[INFO] [1780735589.403535969] [microamp_factor_graph_tracking]: Processed GNSS at 1700000011.00, NED (16.64, 0.25, 0.68).
[INFO] [1780735589.502851511] [microamp_factor_graph_tracking]: Processed GNSS at 1700000012.00, NED (17.91, 0.13, -0.74).
[INFO] [1780735589.603208469] [microamp_factor_graph_tracking]: Processed GNSS at 1700000013.00, NED (19.16, 0.25, 0.05).
[INFO] [1780735589.703458803] [microamp_factor_graph_tracking]: Processed GNSS at 1700000014.00, NED (21.66, 0.42, 0.03).
[INFO] [1780735589.803050386] [microamp_factor_graph_tracking]: Processed GNSS at 1700000015.00, NED (22.66, 0.12, 0.21).
[INFO] [1780735589.901681303] [microamp_factor_graph_tracking]: Processed GNSS at 1700000016.00, NED (24.22, 0.18, 0.24).
[INFO] [1780735590.003866886] [microamp_factor_graph_tracking]: Processed GNSS at 1700000017.00, NED (26.11, 0.49, -0.09).
[INFO] [1780735590.102986636] [microamp_factor_graph_tracking]: Processed GNSS at 1700000018.00, NED (27.79, 0.11, -0.16).
[INFO] [1780735590.201970761] [microamp_factor_graph_tracking]: Processed GNSS at 1700000019.00, NED (29.08, 0.62, -0.48).
[INFO] [1780735590.303276636] [microamp_factor_graph_tracking]: Processed GNSS at 1700000020.00, NED (30.26, 0.24, -0.11).
[INFO] [1780735590.402506178] [microamp_factor_graph_tracking]: Processed GNSS at 1700000021.00, NED (31.78, 0.43, -0.95).
[INFO] [1780735590.504465220] [microamp_factor_graph_tracking]: Processed GNSS at 1700000022.00, NED (33.34, 0.20, -0.61).
[INFO] [1780735590.616625428] [microamp_factor_graph_tracking]: Processed GNSS at 1700000023.00, NED (34.50, 0.07, 0.12).
[INFO] [1780735590.703040428] [microamp_factor_graph_tracking]: Processed GNSS at 1700000024.00, NED (36.23, 0.11, -0.39).
[INFO] [1780735590.807356387] [microamp_factor_graph_tracking]: Processed GNSS at 1700000025.00, NED (37.56, 0.49, -0.28).
[INFO] [1780735590.905208303] [microamp_factor_graph_tracking]: Processed GNSS at 1700000026.00, NED (39.09, 0.38, -0.48).
[INFO] [1780735591.005040137] [microamp_factor_graph_tracking]: Processed GNSS at 1700000027.00, NED (40.83, 0.31, 0.03).
[INFO] [1780735591.103903428] [microamp_factor_graph_tracking]: Processed GNSS at 1700000028.00, NED (41.95, -0.15, 0.08).
[INFO] [1780735591.204026178] [microamp_factor_graph_tracking]: Processed GNSS at 1700000029.00, NED (43.58, -0.36, 0.62).
[INFO] [1780735591.305988429] [microamp_factor_graph_tracking]: Processed GNSS at 1700000030.00, NED (45.61, 0.13, 0.31).
[INFO] [1780735591.402925387] [microamp_factor_graph_tracking]: Processed GNSS at 1700000031.00, NED (46.57, -0.10, 0.72).
[INFO] [1780735591.502834595] [microamp_factor_graph_tracking]: Processed GNSS at 1700000032.00, NED (48.41, 0.57, 0.53).
[INFO] [1780735591.603975512] [microamp_factor_graph_tracking]: Processed GNSS at 1700000033.00, NED (49.54, -0.60, 0.78).
[INFO] [1780735591.703170220] [microamp_factor_graph_tracking]: Processed GNSS at 1700000034.00, NED (50.66, 0.16, -0.60).
[INFO] [1780735591.804721679] [microamp_factor_graph_tracking]: Processed GNSS at 1700000035.00, NED (52.54, 0.72, 0.57).
[INFO] [1780735591.902660637] [microamp_factor_graph_tracking]: Processed GNSS at 1700000036.00, NED (54.03, 0.84, 0.14).
[INFO] [1780735592.002957762] [microamp_factor_graph_tracking]: Processed GNSS at 1700000037.00, NED (55.91, 0.47, -0.50).
[INFO] [1780735592.102978762] [microamp_factor_graph_tracking]: Processed GNSS at 1700000038.00, NED (57.42, 0.98, -0.26).
[INFO] [1780735592.204155262] [microamp_factor_graph_tracking]: Processed GNSS at 1700000039.00, NED (58.88, 0.82, 0.62).
[INFO] [1780735592.304021721] [microamp_factor_graph_tracking]: Processed GNSS at 1700000040.00, NED (60.25, -0.01, 0.12).
[INFO] [1780735592.401694929] [microamp_factor_graph_tracking]: Processed GNSS at 1700000041.00, NED (61.69, 0.11, -0.43).
[INFO] [1780735592.502332512] [microamp_factor_graph_tracking]: Processed GNSS at 1700000042.00, NED (63.19, 0.41, -0.87).
[INFO] [1780735592.604016179] [microamp_factor_graph_tracking]: Processed GNSS at 1700000043.00, NED (64.60, 0.23, 0.32).
[INFO] [1780735592.704422263] [microamp_factor_graph_tracking]: Processed GNSS at 1700000044.00, NED (66.53, 0.43, 0.13).
[INFO] [1780735592.813482679] [microamp_factor_graph_tracking]: Processed GNSS at 1700000045.00, NED (67.82, 0.04, -0.02).
[INFO] [1780735592.904488929] [microamp_factor_graph_tracking]: Processed GNSS at 1700000046.00, NED (69.28, 0.28, 0.59).
[INFO] [1780735593.002233013] [microamp_factor_graph_tracking]: Processed GNSS at 1700000047.00, NED (70.65, 0.45, -0.94).
[INFO] [1780735593.103620888] [microamp_factor_graph_tracking]: Processed GNSS at 1700000048.00, NED (73.16, 0.39, 0.21).
[INFO] [1780735593.204611971] [microamp_factor_graph_tracking]: Processed GNSS at 1700000049.00, NED (73.54, 0.33, 0.26).
[INFO] [1780735593.306936179] [microamp_factor_graph_tracking]: Processed GNSS at 1700000050.00, NED (74.62, 0.40, -0.27).
[INFO] [1780735593.403734680] [microamp_factor_graph_tracking]: Processed GNSS at 1700000051.00, NED (76.10, -0.23, -0.40).
[INFO] [1780735593.504313763] [microamp_factor_graph_tracking]: Processed GNSS at 1700000052.00, NED (78.38, 0.93, 0.23).
[INFO] [1780735593.603910471] [microamp_factor_graph_tracking]: Processed GNSS at 1700000053.00, NED (80.46, 0.55, 0.18).
[INFO] [1780735593.704495180] [microamp_factor_graph_tracking]: Processed GNSS at 1700000054.00, NED (81.49, -0.28, -0.14).
[INFO] [1780735593.840432180] [microamp_factor_graph_tracking]: Processed GNSS at 1700000055.00, NED (82.37, 0.39, 0.78).
[INFO] [1780735593.901846721] [microamp_factor_graph_tracking]: Processed GNSS at 1700000056.00, NED (84.27, 0.50, -0.18).
[INFO] [1780735594.002907888] [microamp_factor_graph_tracking]: Processed GNSS at 1700000057.00, NED (86.51, 0.50, 0.28).
[INFO] [1780735594.104306180] [microamp_factor_graph_tracking]: Processed GNSS at 1700000058.00, NED (87.54, 0.32, -0.93).
[INFO] [1780735594.213847680] [microamp_factor_graph_tracking]: Processed GNSS at 1700000059.00, NED (89.02, 0.40, -0.28).
[INFO] [1780735594.307342888] [microamp_factor_graph_tracking]: Processed GNSS at 1700000060.00, NED (89.93, 0.57, 0.27).
[INFO] [1780735594.402854347] [microamp_factor_graph_tracking]: Processed GNSS at 1700000061.00, NED (91.80, 0.86, -0.26).
[INFO] [1780735594.505207722] [microamp_factor_graph_tracking]: Processed GNSS at 1700000062.00, NED (93.05, 0.73, 0.39).
[INFO] [1780735594.604547930] [microamp_factor_graph_tracking]: Processed GNSS at 1700000063.00, NED (94.99, 0.13, -0.17).
[INFO] [1780735594.703753013] [microamp_factor_graph_tracking]: Processed GNSS at 1700000064.00, NED (95.96, 0.41, 0.83).
[INFO] [1780735594.805261097] [microamp_factor_graph_tracking]: Processed GNSS at 1700000065.00, NED (97.44, 0.53, 0.30).
[INFO] [1780735594.904469930] [microamp_factor_graph_tracking]: Processed GNSS at 1700000066.00, NED (99.34, 0.50, -0.44).
[INFO] [1780735595.003734305] [microamp_factor_graph_tracking]: Processed GNSS at 1700000067.00, NED (100.97, 0.34, 0.23).
[INFO] [1780735595.104009055] [microamp_factor_graph_tracking]: Processed GNSS at 1700000068.00, NED (102.26, 0.84, 0.01).
[INFO] [1780735595.203871430] [microamp_factor_graph_tracking]: Processed GNSS at 1700000069.00, NED (103.56, 0.23, -0.03).
[INFO] [1780735595.308222014] [microamp_factor_graph_tracking]: Processed GNSS at 1700000070.00, NED (105.09, 0.58, 0.37).
[INFO] [1780735595.401611666] [microamp_factor_graph_tracking]: Initialized ROV 1 at NED (199.56, 66.32, 9.92), t_sent=1700000070.00
[INFO] [1780735595.403550500] [microamp_factor_graph_tracking]: Processed GNSS at 1700000071.00, NED (106.62, 0.40, -0.13).
[INFO] [1780735595.503869750] [microamp_factor_graph_tracking]: Processed GNSS at 1700000072.00, NED (108.23, -0.09, 0.26).
[INFO] [1780735595.605956375] [microamp_factor_graph_tracking]: Processed GNSS at 1700000073.00, NED (109.83, -0.21, -0.07).
[INFO] [1780735595.703373250] [microamp_factor_graph_tracking]: Processed GNSS at 1700000074.00, NED (111.47, 0.50, 0.32).
[INFO] [1780735595.807844291] [microamp_factor_graph_tracking]: Processed GNSS at 1700000075.00, NED (112.71, -0.04, -0.27).
[INFO] [1780735595.908404625] [microamp_factor_graph_tracking]: Processed GNSS at 1700000076.00, NED (114.07, 0.33, 0.12).
[INFO] [1780735596.003332125] [microamp_factor_graph_tracking]: Processed GNSS at 1700000077.00, NED (116.19, 0.10, 0.64).
[INFO] [1780735596.103113875] [microamp_factor_graph_tracking]: Processed GNSS at 1700000078.00, NED (117.36, 0.37, 1.16).
[INFO] [1780735596.206189500] [microamp_factor_graph_tracking]: Processed GNSS at 1700000079.00, NED (118.58, 0.96, -0.35).
[INFO] [1780735596.352744375] [microamp_factor_graph_tracking]: Processed GNSS at 1700000080.00, NED (120.67, 0.42, -0.63).
[INFO] [1780735596.408954125] [microamp_factor_graph_tracking]: Processed GNSS at 1700000081.00, NED (122.11, 0.53, 0.46).
[INFO] [1780735596.503579667] [microamp_factor_graph_tracking]: Processed GNSS at 1700000082.00, NED (123.24, 0.31, -0.18).
[INFO] [1780735596.604828917] [microamp_factor_graph_tracking]: Processed GNSS at 1700000083.00, NED (124.57, 0.13, -0.30).
[INFO] [1780735596.712839833] [microamp_factor_graph_tracking]: Processed GNSS at 1700000084.00, NED (126.40, 0.55, 0.29).
[INFO] [1780735596.820332959] [microamp_factor_graph_tracking]: Processed GNSS at 1700000085.00, NED (128.10, 0.30, 0.67).
[INFO] [1780735596.906354625] [microamp_factor_graph_tracking]: Processed GNSS at 1700000086.00, NED (129.48, -0.41, 0.55).
[INFO] [1780735597.005870542] [microamp_factor_graph_tracking]: Processed GNSS at 1700000087.00, NED (130.35, 0.71, 0.05).
[INFO] [1780735597.106243042] [microamp_factor_graph_tracking]: Processed GNSS at 1700000088.00, NED (132.29, 0.46, 0.42).
[INFO] [1780735597.204354209] [microamp_factor_graph_tracking]: Processed GNSS at 1700000089.00, NED (133.48, 0.82, 0.56).
[INFO] [1780735597.310762875] [microamp_factor_graph_tracking]: Processed GNSS at 1700000090.00, NED (135.27, 0.62, -0.02).
[INFO] [1780735597.406223542] [microamp_factor_graph_tracking]: Processed GNSS at 1700000091.00, NED (136.87, 1.67, 0.04).
[INFO] [1780735597.504163376] [microamp_factor_graph_tracking]: Processed GNSS at 1700000092.00, NED (137.63, 2.41, -0.10).
[INFO] [1780735597.605296001] [microamp_factor_graph_tracking]: Processed GNSS at 1700000093.00, NED (139.42, 3.25, 0.72).
[INFO] [1780735597.720989959] [microamp_factor_graph_tracking]: Processed GNSS at 1700000094.00, NED (140.58, 3.91, 0.33).
[INFO] [1780735597.808973209] [microamp_factor_graph_tracking]: Processed GNSS at 1700000095.00, NED (141.30, 5.14, 0.48).
[INFO] [1780735597.912380917] [microamp_factor_graph_tracking]: Processed GNSS at 1700000096.00, NED (142.47, 5.50, 0.06).
[INFO] [1780735598.005446709] [microamp_factor_graph_tracking]: Processed GNSS at 1700000097.00, NED (143.90, 6.72, 0.09).
[INFO] [1780735598.106806501] [microamp_factor_graph_tracking]: Processed GNSS at 1700000098.00, NED (144.30, 8.32, 0.20).
[INFO] [1780735598.205103209] [microamp_factor_graph_tracking]: Processed GNSS at 1700000099.00, NED (145.09, 9.41, 0.33).
[INFO] [1780735598.320454543] [microamp_factor_graph_tracking]: Processed GNSS at 1700000100.00, NED (145.91, 10.16, 0.52).
[INFO] [1780735598.405237293] [microamp_factor_graph_tracking]: Processed GNSS at 1700000101.00, NED (147.09, 11.78, -0.21).
[INFO] [1780735598.516499834] [microamp_factor_graph_tracking]: Processed GNSS at 1700000102.00, NED (148.30, 12.75, -0.49).
[INFO] [1780735598.604903918] [microamp_factor_graph_tracking]: Processed GNSS at 1700000103.00, NED (148.41, 14.77, -0.55).
[INFO] [1780735598.716364709] [microamp_factor_graph_tracking]: Processed GNSS at 1700000104.00, NED (148.51, 16.23, 0.13).
[INFO] [1780735598.829989334] [microamp_factor_graph_tracking]: Processed GNSS at 1700000105.00, NED (148.83, 16.96, -0.15).
[INFO] [1780735598.906464335] [microamp_factor_graph_tracking]: Processed GNSS at 1700000106.00, NED (148.92, 18.58, 0.67).
[INFO] [1780735599.015543418] [microamp_factor_graph_tracking]: Processed GNSS at 1700000107.00, NED (148.83, 20.08, 0.82).
[INFO] [1780735599.122173460] [microamp_factor_graph_tracking]: Processed GNSS at 1700000108.00, NED (149.02, 22.21, 0.35).
[INFO] [1780735599.205328126] [microamp_factor_graph_tracking]: Processed GNSS at 1700000109.00, NED (148.99, 23.35, -0.12).
[INFO] [1780735599.313799293] [microamp_factor_graph_tracking]: Processed GNSS at 1700000110.00, NED (148.88, 25.12, 0.33).
[INFO] [1780735599.420771543] [microamp_factor_graph_tracking]: Processed GNSS at 1700000111.00, NED (149.41, 26.47, -0.56).
[INFO] [1780735599.520613710] [microamp_factor_graph_tracking]: Processed GNSS at 1700000112.00, NED (148.87, 28.04, 0.63).
[INFO] [1780735599.605512168] [microamp_factor_graph_tracking]: Processed GNSS at 1700000113.00, NED (148.63, 29.10, 0.43).
[INFO] [1780735599.704954710] [microamp_factor_graph_tracking]: Processed GNSS at 1700000114.00, NED (148.73, 30.92, 0.47).
[INFO] [1780735599.824093168] [microamp_factor_graph_tracking]: Processed GNSS at 1700000115.00, NED (148.85, 32.57, 0.13).
[INFO] [1780735599.906468335] [microamp_factor_graph_tracking]: Processed GNSS at 1700000116.00, NED (148.71, 34.02, 1.32).
[INFO] [1780735600.019713960] [microamp_factor_graph_tracking]: Processed GNSS at 1700000117.00, NED (148.76, 35.35, -0.25).
[INFO] [1780735600.104799127] [microamp_factor_graph_tracking]: Processed GNSS at 1700000118.00, NED (148.78, 37.31, 0.07).
[INFO] [1780735600.209678418] [microamp_factor_graph_tracking]: Processed GNSS at 1700000119.00, NED (148.33, 38.25, -0.73).
[INFO] [1780735600.313993085] [microamp_factor_graph_tracking]: Processed GNSS at 1700000120.00, NED (148.82, 39.66, 0.68).
[INFO] [1780735600.406282085] [microamp_factor_graph_tracking]: Processed GNSS at 1700000121.00, NED (148.85, 41.45, 0.13).
[INFO] [1780735600.503319794] [microamp_factor_graph_tracking]: Processed GNSS at 1700000122.00, NED (148.50, 43.13, 0.35).
[INFO] [1780735600.605312127] [microamp_factor_graph_tracking]: Processed GNSS at 1700000123.00, NED (148.13, 44.23, 0.19).
[INFO] [1780735600.704800377] [microamp_factor_graph_tracking]: Processed GNSS at 1700000124.00, NED (147.89, 45.78, 0.26).
[INFO] [1780735600.811121294] [microamp_factor_graph_tracking]: Processed GNSS at 1700000125.00, NED (149.02, 47.73, 0.37).
[INFO] [1780735600.904331252] [microamp_factor_graph_tracking]: Processed GNSS at 1700000126.00, NED (149.00, 47.97, -0.03).
[INFO] [1780735601.018496544] [microamp_factor_graph_tracking]: Processed GNSS at 1700000127.00, NED (149.13, 50.20, 0.18).
[INFO] [1780735601.119671294] [microamp_factor_graph_tracking]: Processed GNSS at 1700000128.00, NED (148.74, 51.61, -0.58).
[INFO] [1780735601.208845836] [microamp_factor_graph_tracking]: Processed GNSS at 1700000129.00, NED (148.90, 53.08, 0.42).
[INFO] [1780735601.314907169] [microamp_factor_graph_tracking]: Processed GNSS at 1700000130.00, NED (148.29, 55.15, -0.12).
[INFO] [1780735601.405355544] [microamp_factor_graph_tracking]: Processed GNSS at 1700000131.00, NED (148.64, 56.32, -0.63).
[INFO] [1780735601.513450877] [microamp_factor_graph_tracking]: Processed GNSS at 1700000132.00, NED (148.86, 58.12, 0.27).
[INFO] [1780735601.619672752] [microamp_factor_graph_tracking]: Processed GNSS at 1700000133.00, NED (148.98, 59.45, 0.87).
[INFO] [1780735601.718799836] [microamp_factor_graph_tracking]: Processed GNSS at 1700000134.00, NED (148.17, 60.39, 0.33).
[INFO] [1780735601.820005211] [microamp_factor_graph_tracking]: Processed GNSS at 1700000135.00, NED (149.06, 62.89, -0.59).
[INFO] [1780735601.918797253] [microamp_factor_graph_tracking]: Processed GNSS at 1700000136.00, NED (148.94, 64.14, 0.65).
[INFO] [1780735602.019470878] [microamp_factor_graph_tracking]: Processed GNSS at 1700000137.00, NED (148.41, 65.71, 0.18).
[INFO] [1780735602.119357378] [microamp_factor_graph_tracking]: Processed GNSS at 1700000138.00, NED (148.69, 66.91, -0.03).
[INFO] [1780735602.205013128] [microamp_factor_graph_tracking]: Processed GNSS at 1700000139.00, NED (148.68, 68.19, 0.15).
[INFO] [1780735602.310437253] [microamp_factor_graph_tracking]: Processed GNSS at 1700000140.00, NED (148.97, 69.74, -0.50).
[INFO] [1780735602.403928961] [microamp_factor_graph_tracking]: Processed GNSS at 1700000141.00, NED (148.47, 71.59, -0.57).
[INFO] [1780735602.504793086] [microamp_factor_graph_tracking]: Processed GNSS at 1700000142.00, NED (148.52, 72.75, 0.23).
[INFO] [1780735602.606100545] [microamp_factor_graph_tracking]: Processed GNSS at 1700000143.00, NED (148.43, 74.64, 1.02).
[INFO] [1780735602.710380378] [microamp_factor_graph_tracking]: Processed GNSS at 1700000144.00, NED (148.96, 76.14, -0.08).
[INFO] [1780735602.825390961] [microamp_factor_graph_tracking]: Processed GNSS at 1700000145.00, NED (148.38, 77.54, 0.33).
[INFO] [1780735602.908367003] [microamp_factor_graph_tracking]: Processed GNSS at 1700000146.00, NED (148.70, 78.88, 0.13).
[INFO] [1780735603.008177211] [microamp_factor_graph_tracking]: Processed GNSS at 1700000147.00, NED (148.77, 80.48, -0.74).
[INFO] [1780735603.120915253] [microamp_factor_graph_tracking]: Processed GNSS at 1700000148.00, NED (148.66, 81.83, -0.21).
[INFO] [1780735603.210169670] [microamp_factor_graph_tracking]: Processed GNSS at 1700000149.00, NED (149.13, 83.16, -0.43).
[INFO] [1780735603.306661378] [microamp_factor_graph_tracking]: Processed GNSS at 1700000150.00, NED (148.79, 84.63, 0.27).
[INFO] [1780735603.404487128] [microamp_factor_graph_tracking]: Processed GNSS at 1700000151.00, NED (148.42, 86.23, 0.66).
[INFO] [1780735603.515966170] [microamp_factor_graph_tracking]: Processed GNSS at 1700000152.00, NED (148.86, 88.26, 0.78).
[INFO] [1780735603.619323462] [microamp_factor_graph_tracking]: Processed GNSS at 1700000153.00, NED (148.63, 89.20, 0.20).
[INFO] [1780735603.717662795] [microamp_factor_graph_tracking]: Processed GNSS at 1700000154.00, NED (149.06, 90.54, 0.46).
[INFO] [1780735603.820716170] [microamp_factor_graph_tracking]: Processed GNSS at 1700000155.00, NED (148.74, 92.05, 0.29).
[INFO] [1780735603.901563004] [microamp_factor_graph_tracking]: USBL time offset initialized: -0.000177
[INFO] [1780735603.902093629] [microamp_factor_graph_tracking]: Added ROV 1 node (step 1) at t=1700000155.00, dt=85.000 s
[INFO] [1780735603.911353379] [microamp_factor_graph_tracking]: Processed GNSS at 1700000156.00, NED (148.71, 94.00, 0.31).
[INFO] [1780735604.004902629] [microamp_factor_graph_tracking]: Processed GNSS at 1700000157.00, NED (148.35, 94.85, -1.45).
[INFO] [1780735604.106335087] [microamp_factor_graph_tracking]: Processed GNSS at 1700000158.00, NED (149.34, 97.00, 0.30).
[INFO] [1780735604.203257295] [microamp_factor_graph_tracking]: Processed GNSS at 1700000159.00, NED (148.34, 98.22, -0.55).
[INFO] [1780735604.309704045] [microamp_factor_graph_tracking]: Processed GNSS at 1700000160.00, NED (148.77, 99.78, -0.17).
[INFO] [1780735604.409500504] [microamp_factor_graph_tracking]: Processed GNSS at 1700000161.00, NED (148.89, 101.36, 0.03).
[INFO] [1780735604.518914212] [microamp_factor_graph_tracking]: Processed GNSS at 1700000162.00, NED (148.77, 102.79, -0.04).
[INFO] [1780735604.604314712] [microamp_factor_graph_tracking]: Processed GNSS at 1700000163.00, NED (148.79, 104.33, -0.95).
[INFO] [1780735604.704429837] [microamp_factor_graph_tracking]: Processed GNSS at 1700000164.00, NED (148.63, 105.54, -0.19).
[INFO] [1780735604.820631129] [microamp_factor_graph_tracking]: Processed GNSS at 1700000165.00, NED (148.81, 107.43, -0.76).
[INFO] [1780735604.920550421] [microamp_factor_graph_tracking]: Processed GNSS at 1700000166.00, NED (148.47, 109.24, 0.22).
[INFO] [1780735605.019369337] [microamp_factor_graph_tracking]: Processed GNSS at 1700000167.00, NED (148.87, 110.25, 0.59).
[INFO] [1780735605.121579837] [microamp_factor_graph_tracking]: Processed GNSS at 1700000168.00, NED (148.88, 112.38, 0.00).
[INFO] [1780735605.225804504] [microamp_factor_graph_tracking]: Processed GNSS at 1700000169.00, NED (149.12, 113.05, 0.24).
[INFO] [1780735605.319267671] [microamp_factor_graph_tracking]: Processed GNSS at 1700000170.00, NED (148.72, 114.83, -0.77).
[INFO] [1780735605.419870046] [microamp_factor_graph_tracking]: Processed GNSS at 1700000171.00, NED (148.52, 116.66, -0.10).
[INFO] [1780735605.517322088] [microamp_factor_graph_tracking]: Processed GNSS at 1700000172.00, NED (148.72, 117.41, -0.06).
[INFO] [1780735605.614508004] [microamp_factor_graph_tracking]: Processed GNSS at 1700000173.00, NED (149.28, 119.58, 0.07).
[INFO] [1780735605.719884171] [microamp_factor_graph_tracking]: Processed GNSS at 1700000174.00, NED (149.07, 120.66, -0.52).
[INFO] [1780735605.826195171] [microamp_factor_graph_tracking]: Processed GNSS at 1700000175.00, NED (148.62, 122.81, -0.08).
[INFO] [1780735605.913767130] [microamp_factor_graph_tracking]: Processed GNSS at 1700000176.00, NED (148.69, 124.20, 0.11).
[INFO] [1780735606.021580546] [microamp_factor_graph_tracking]: Processed GNSS at 1700000177.00, NED (148.65, 124.79, 0.22).
[INFO] [1780735606.120477713] [microamp_factor_graph_tracking]: Processed GNSS at 1700000178.00, NED (149.12, 126.79, 0.48).
[INFO] [1780735606.220677380] [microamp_factor_graph_tracking]: Processed GNSS at 1700000179.00, NED (148.77, 128.67, -0.50).
[INFO] [1780735606.313790921] [microamp_factor_graph_tracking]: Processed GNSS at 1700000180.00, NED (148.92, 129.67, 0.05).
[INFO] [1780735606.407572546] [microamp_factor_graph_tracking]: Processed GNSS at 1700000181.00, NED (148.59, 131.69, -0.12).
[INFO] [1780735606.513020005] [microamp_factor_graph_tracking]: Processed GNSS at 1700000182.00, NED (148.59, 133.40, -0.42).
[INFO] [1780735606.621054880] [microamp_factor_graph_tracking]: Processed GNSS at 1700000183.00, NED (148.74, 134.39, 0.71).
[INFO] [1780735606.716731213] [microamp_factor_graph_tracking]: Processed GNSS at 1700000184.00, NED (148.73, 135.50, 0.31).
[INFO] [1780735606.824465047] [microamp_factor_graph_tracking]: Processed GNSS at 1700000185.00, NED (148.49, 136.89, -0.43).
[INFO] [1780735606.919983963] [microamp_factor_graph_tracking]: Processed GNSS at 1700000186.00, NED (149.07, 139.08, 0.96).
[INFO] [1780735607.019975922] [microamp_factor_graph_tracking]: Processed GNSS at 1700000187.00, NED (148.25, 140.14, 0.39).
[INFO] [1780735607.116789297] [microamp_factor_graph_tracking]: Processed GNSS at 1700000188.00, NED (148.80, 141.58, -0.40).
[INFO] [1780735607.220136963] [microamp_factor_graph_tracking]: Processed GNSS at 1700000189.00, NED (148.93, 143.17, 0.54).
[INFO] [1780735607.324545630] [microamp_factor_graph_tracking]: Processed GNSS at 1700000190.00, NED (148.53, 144.76, 0.07).
[INFO] [1780735607.416096297] [microamp_factor_graph_tracking]: Processed GNSS at 1700000191.00, NED (148.60, 146.20, -0.34).
[INFO] [1780735607.512496589] [microamp_factor_graph_tracking]: Processed GNSS at 1700000192.00, NED (148.46, 147.82, 0.19).
[INFO] [1780735607.618331755] [microamp_factor_graph_tracking]: Processed GNSS at 1700000193.00, NED (148.47, 149.31, 0.47).
[INFO] [1780735607.718133047] [microamp_factor_graph_tracking]: Processed GNSS at 1700000194.00, NED (148.52, 150.86, 0.39).
[INFO] [1780735607.824253339] [microamp_factor_graph_tracking]: Processed GNSS at 1700000195.00, NED (149.08, 152.20, -0.27).
[INFO] [1780735607.916494047] [microamp_factor_graph_tracking]: Processed GNSS at 1700000196.00, NED (149.08, 154.69, 0.03).
[INFO] [1780735608.021341381] [microamp_factor_graph_tracking]: Processed GNSS at 1700000197.00, NED (149.71, 154.99, 0.93).
[INFO] [1780735608.119836297] [microamp_factor_graph_tracking]: Processed GNSS at 1700000198.00, NED (150.07, 156.51, 0.32).
[INFO] [1780735608.212250422] [microamp_factor_graph_tracking]: Processed GNSS at 1700000199.00, NED (150.45, 157.89, 0.43).
[INFO] [1780735608.368255506] [microamp_factor_graph_tracking]: Processed GNSS at 1700000200.00, NED (151.75, 159.37, -0.18).
[INFO] [1780735608.418016714] [microamp_factor_graph_tracking]: Processed GNSS at 1700000201.00, NED (152.33, 160.56, -1.24).
[INFO] [1780735608.515593131] [microamp_factor_graph_tracking]: Processed GNSS at 1700000202.00, NED (153.56, 161.89, 0.69).
[INFO] [1780735608.606866047] [microamp_factor_graph_tracking]: Processed GNSS at 1700000203.00, NED (154.53, 163.32, -0.12).
[INFO] [1780735608.709023006] [microamp_factor_graph_tracking]: Processed GNSS at 1700000204.00, NED (155.85, 163.69, 0.64).
[INFO] [1780735608.836390506] [microamp_factor_graph_tracking]: Processed GNSS at 1700000205.00, NED (157.01, 164.66, 0.13).
[INFO] [1780735608.910990298] [microamp_factor_graph_tracking]: Processed GNSS at 1700000206.00, NED (157.68, 165.70, 0.53).
[INFO] [1780735609.011458756] [microamp_factor_graph_tracking]: Processed GNSS at 1700000207.00, NED (159.18, 166.68, 0.18).
[INFO] [1780735609.114960923] [microamp_factor_graph_tracking]: Processed GNSS at 1700000208.00, NED (160.24, 167.52, -0.04).
[INFO] [1780735609.213528756] [microamp_factor_graph_tracking]: Processed GNSS at 1700000209.00, NED (162.39, 168.23, -0.22).
[INFO] [1780735609.336395548] [microamp_factor_graph_tracking]: Processed GNSS at 1700000210.00, NED (162.95, 168.52, -0.11).
[INFO] [1780735609.411180840] [microamp_factor_graph_tracking]: Processed GNSS at 1700000211.00, NED (164.99, 168.84, -0.30).
[INFO] [1780735609.515589548] [microamp_factor_graph_tracking]: Processed GNSS at 1700000212.00, NED (166.52, 169.06, 0.59).
[INFO] [1780735609.611222715] [microamp_factor_graph_tracking]: Processed GNSS at 1700000213.00, NED (167.88, 169.53, 0.29).
[INFO] [1780735609.714663881] [microamp_factor_graph_tracking]: Processed GNSS at 1700000214.00, NED (169.50, 168.90, -0.46).
[INFO] [1780735609.827480006] [microamp_factor_graph_tracking]: Processed GNSS at 1700000215.00, NED (170.92, 169.47, -0.13).
[INFO] [1780735609.916792631] [microamp_factor_graph_tracking]: Processed GNSS at 1700000216.00, NED (172.18, 169.29, 0.87).
[INFO] [1780735610.014493090] [microamp_factor_graph_tracking]: Processed GNSS at 1700000217.00, NED (173.91, 169.08, -0.07).
[INFO] [1780735610.112581632] [microamp_factor_graph_tracking]: Processed GNSS at 1700000218.00, NED (175.91, 169.20, 0.52).
[INFO] [1780735610.268749215] [microamp_factor_graph_tracking]: Processed GNSS at 1700000219.00, NED (176.85, 169.58, 0.06).
[INFO] [1780735610.326218257] [microamp_factor_graph_tracking]: Processed GNSS at 1700000220.00, NED (177.94, 169.77, 0.12).
[INFO] [1780735610.413986632] [microamp_factor_graph_tracking]: Processed GNSS at 1700000221.00, NED (179.99, 169.56, 0.62).
[INFO] [1780735610.510690340] [microamp_factor_graph_tracking]: Processed GNSS at 1700000222.00, NED (181.93, 169.47, 0.15).
[INFO] [1780735610.609356840] [microamp_factor_graph_tracking]: Processed GNSS at 1700000223.00, NED (183.28, 169.87, -0.32).
[INFO] [1780735610.709124715] [microamp_factor_graph_tracking]: Processed GNSS at 1700000224.00, NED (184.24, 169.09, 0.20).
[INFO] [1780735610.816016174] [microamp_factor_graph_tracking]: Processed GNSS at 1700000225.00, NED (185.79, 169.49, 0.10).
[INFO] [1780735610.910552715] [microamp_factor_graph_tracking]: Processed GNSS at 1700000226.00, NED (187.34, 169.12, 0.06).
[INFO] [1780735611.020883174] [microamp_factor_graph_tracking]: Processed GNSS at 1700000227.00, NED (188.39, 168.53, 0.78).
[INFO] [1780735611.119998007] [microamp_factor_graph_tracking]: Processed GNSS at 1700000228.00, NED (190.27, 169.64, 0.82).
[INFO] [1780735611.219478090] [microamp_factor_graph_tracking]: Processed GNSS at 1700000229.00, NED (191.94, 169.65, 0.79).
[INFO] [1780735611.323252090] [microamp_factor_graph_tracking]: Processed GNSS at 1700000230.00, NED (192.82, 169.70, 0.81).
[INFO] [1780735611.401804924] [microamp_factor_graph_tracking]: Added ROV 1 node (step 2) at t=1700000230.00, dt=74.999 s
[INFO] [1780735611.412967424] [microamp_factor_graph_tracking]: Processed GNSS at 1700000231.00, NED (195.29, 169.90, 0.14).
[INFO] [1780735611.507341007] [microamp_factor_graph_tracking]: Processed GNSS at 1700000232.00, NED (196.31, 169.44, -0.41).
[INFO] [1780735611.618280966] [microamp_factor_graph_tracking]: Processed GNSS at 1700000233.00, NED (197.81, 169.52, -0.11).
[INFO] [1780735611.705877132] [microamp_factor_graph_tracking]: Processed GNSS at 1700000234.00, NED (199.45, 169.14, 0.22).
[INFO] [1780735611.822681091] [microamp_factor_graph_tracking]: Processed GNSS at 1700000235.00, NED (201.08, 169.37, 0.18).
[INFO] [1780735611.923541924] [microamp_factor_graph_tracking]: Processed GNSS at 1700000236.00, NED (202.04, 169.16, 0.90).
[INFO] [1780735612.021699424] [microamp_factor_graph_tracking]: Processed GNSS at 1700000237.00, NED (204.10, 169.39, 0.77).
[INFO] [1780735612.120631591] [microamp_factor_graph_tracking]: Processed GNSS at 1700000238.00, NED (205.41, 169.03, -0.00).
[INFO] [1780735612.222757841] [microamp_factor_graph_tracking]: Processed GNSS at 1700000239.00, NED (207.08, 169.02, 0.48).
[INFO] [1780735612.322991008] [microamp_factor_graph_tracking]: Processed GNSS at 1700000240.00, NED (208.01, 169.74, 0.01).
[INFO] [1780735612.401851383] [microamp_factor_graph_tracking]: Added ROV 1 node (step 3) at t=1700000240.00, dt=10.000 s
[INFO] [1780735612.405471258] [microamp_factor_graph_tracking]: Processed GNSS at 1700000241.00, NED (209.63, 169.32, -0.37).
[INFO] [1780735612.503368258] [microamp_factor_graph_tracking]: Processed GNSS at 1700000242.00, NED (211.39, 169.17, -0.03).
[INFO] [1780735612.602083049] [microamp_factor_graph_tracking]: Processed GNSS at 1700000243.00, NED (212.21, 169.29, 0.31).
[INFO] [1780735612.704083799] [microamp_factor_graph_tracking]: Processed GNSS at 1700000244.00, NED (214.46, 169.39, -0.83).
[INFO] [1780735612.825674216] [microamp_factor_graph_tracking]: Processed GNSS at 1700000245.00, NED (215.89, 169.98, 0.30).
[INFO] [1780735612.913388925] [microamp_factor_graph_tracking]: Processed GNSS at 1700000246.00, NED (217.76, 169.59, -0.04).
[INFO] [1780735613.020059216] [microamp_factor_graph_tracking]: Processed GNSS at 1700000247.00, NED (219.07, 168.78, 0.10).
[INFO] [1780735613.123399550] [microamp_factor_graph_tracking]: Processed GNSS at 1700000248.00, NED (220.02, 169.40, -0.35).
[INFO] [1780735613.221085966] [microamp_factor_graph_tracking]: Processed GNSS at 1700000249.00, NED (222.03, 169.32, 1.44).
[INFO] [1780735613.323842216] [microamp_factor_graph_tracking]: Processed GNSS at 1700000250.00, NED (223.73, 169.82, -0.77).
[INFO] [1780735613.419065050] [microamp_factor_graph_tracking]: Processed GNSS at 1700000251.00, NED (225.01, 169.33, 0.75).
[INFO] [1780735613.520543966] [microamp_factor_graph_tracking]: Processed GNSS at 1700000252.00, NED (226.22, 168.97, -1.10).
[INFO] [1780735613.620747217] [microamp_factor_graph_tracking]: Processed GNSS at 1700000253.00, NED (228.10, 168.91, 0.44).
[INFO] [1780735613.719546967] [microamp_factor_graph_tracking]: Processed GNSS at 1700000254.00, NED (229.26, 169.39, -0.83).
[INFO] [1780735613.822701467] [microamp_factor_graph_tracking]: Processed GNSS at 1700000255.00, NED (230.96, 169.43, -0.64).
[INFO] [1780735613.921880967] [microamp_factor_graph_tracking]: Processed GNSS at 1700000256.00, NED (232.71, 169.10, 0.09).
[INFO] [1780735614.025307425] [microamp_factor_graph_tracking]: Processed GNSS at 1700000257.00, NED (233.88, 169.14, 0.10).
[INFO] [1780735614.119088842] [microamp_factor_graph_tracking]: Processed GNSS at 1700000258.00, NED (235.42, 169.30, -0.56).
[INFO] [1780735614.220407592] [microamp_factor_graph_tracking]: Processed GNSS at 1700000259.00, NED (236.75, 169.11, -0.15).
[INFO] [1780735614.326752759] [microamp_factor_graph_tracking]: Processed GNSS at 1700000260.00, NED (238.47, 169.10, 0.04).
[INFO] [1780735614.411295175] [microamp_factor_graph_tracking]: Processed GNSS at 1700000261.00, NED (239.91, 169.00, -0.05).
[INFO] [1780735614.525470384] [microamp_factor_graph_tracking]: Processed GNSS at 1700000262.00, NED (241.10, 169.62, 0.31).
[INFO] [1780735614.606104592] [microamp_factor_graph_tracking]: Processed GNSS at 1700000263.00, NED (242.53, 169.05, 0.21).
[INFO] [1780735614.709410467] [microamp_factor_graph_tracking]: Processed GNSS at 1700000264.00, NED (244.59, 169.13, 0.18).
[INFO] [1780735614.830087300] [microamp_factor_graph_tracking]: Processed GNSS at 1700000265.00, NED (245.48, 169.42, -0.03).
[INFO] [1780735614.914652009] [microamp_factor_graph_tracking]: Processed GNSS at 1700000266.00, NED (246.75, 169.51, -0.56).
[INFO] [1780735615.021262301] [microamp_factor_graph_tracking]: Processed GNSS at 1700000267.00, NED (249.28, 169.26, 0.80).
[INFO] [1780735615.123081134] [microamp_factor_graph_tracking]: Processed GNSS at 1700000268.00, NED (250.50, 169.34, -0.37).
[INFO] [1780735615.218689967] [microamp_factor_graph_tracking]: Processed GNSS at 1700000269.00, NED (251.79, 169.53, 0.84).
[INFO] [1780735615.324795509] [microamp_factor_graph_tracking]: Processed GNSS at 1700000270.00, NED (253.61, 169.83, -0.96).
[INFO] [1780735615.409225092] [microamp_factor_graph_tracking]: Processed GNSS at 1700000271.00, NED (255.34, 168.61, -0.89).
[INFO] [1780735615.521777551] [microamp_factor_graph_tracking]: Processed GNSS at 1700000272.00, NED (256.40, 169.19, -0.52).
[INFO] [1780735615.621283967] [microamp_factor_graph_tracking]: Processed GNSS at 1700000273.00, NED (258.33, 169.32, 0.64).
[INFO] [1780735615.718481426] [microamp_factor_graph_tracking]: Processed GNSS at 1700000274.00, NED (259.98, 169.31, -0.02).
[INFO] [1780735615.821573384] [microamp_factor_graph_tracking]: Processed GNSS at 1700000275.00, NED (261.26, 169.77, 0.46).
[INFO] [1780735615.920014468] [microamp_factor_graph_tracking]: Processed GNSS at 1700000276.00, NED (262.30, 169.53, 0.04).
[INFO] [1780735616.022365593] [microamp_factor_graph_tracking]: Processed GNSS at 1700000277.00, NED (263.83, 169.13, 0.55).
[INFO] [1780735616.121108468] [microamp_factor_graph_tracking]: Processed GNSS at 1700000278.00, NED (265.19, 169.73, -0.46).
[INFO] [1780735616.215601926] [microamp_factor_graph_tracking]: Processed GNSS at 1700000279.00, NED (267.18, 169.41, -0.04).
[INFO] [1780735616.325237051] [microamp_factor_graph_tracking]: Processed GNSS at 1700000280.00, NED (268.69, 169.59, 0.20).
[INFO] [1780735616.404197926] [microamp_factor_graph_tracking]: Added ROV 1 node (step 4) at t=1700000280.00, dt=40.000 s
[INFO] [1780735616.422065051] [microamp_factor_graph_tracking]: Processed GNSS at 1700000281.00, NED (269.88, 169.50, 0.91).
[INFO] [1780735616.505347426] [microamp_factor_graph_tracking]: Processed GNSS at 1700000282.00, NED (271.94, 169.35, -0.27).
[INFO] [1780735616.602933968] [microamp_factor_graph_tracking]: Processed GNSS at 1700000283.00, NED (273.03, 169.58, 0.42).
[INFO] [1780735616.702949510] [microamp_factor_graph_tracking]: Processed GNSS at 1700000284.00, NED (275.00, 169.65, 0.44).
[INFO] [1780735616.821237468] [microamp_factor_graph_tracking]: Processed GNSS at 1700000285.00, NED (276.05, 168.99, -0.06).
[INFO] [1780735616.907997385] [microamp_factor_graph_tracking]: Processed GNSS at 1700000286.00, NED (277.23, 169.21, 0.90).
[INFO] [1780735617.017147593] [microamp_factor_graph_tracking]: Processed GNSS at 1700000287.00, NED (278.68, 169.80, 0.36).
[INFO] [1780735617.106817760] [microamp_factor_graph_tracking]: Processed GNSS at 1700000288.00, NED (279.74, 169.15, 0.23).
[INFO] [1780735617.207253927] [microamp_factor_graph_tracking]: Processed GNSS at 1700000289.00, NED (281.77, 169.11, 0.02).
[INFO] [1780735617.319903760] [microamp_factor_graph_tracking]: Processed GNSS at 1700000290.00, NED (283.39, 169.25, -0.82).
[INFO] [1780735617.420361427] [microamp_factor_graph_tracking]: Processed GNSS at 1700000291.00, NED (284.44, 169.15, 0.38).
[INFO] [1780735617.520486760] [microamp_factor_graph_tracking]: Processed GNSS at 1700000292.00, NED (286.66, 169.72, 0.65).
[INFO] [1780735617.607795260] [microamp_factor_graph_tracking]: Processed GNSS at 1700000293.00, NED (288.20, 169.73, -0.13).
[INFO] [1780735617.707603885] [microamp_factor_graph_tracking]: Processed GNSS at 1700000294.00, NED (289.47, 169.22, 0.44).
[INFO] [1780735617.822019969] [microamp_factor_graph_tracking]: Processed GNSS at 1700000295.00, NED (291.21, 169.17, 0.31).
[INFO] [1780735617.907300594] [microamp_factor_graph_tracking]: Processed GNSS at 1700000296.00, NED (292.59, 169.46, 0.37).
[INFO] [1780735618.008354135] [microamp_factor_graph_tracking]: Processed GNSS at 1700000297.00, NED (294.36, 169.04, -0.36).
[INFO] [1780735618.109381635] [microamp_factor_graph_tracking]: Processed GNSS at 1700000298.00, NED (295.09, 169.25, 0.17).
[INFO] [1780735618.207580510] [microamp_factor_graph_tracking]: Processed GNSS at 1700000299.00, NED (296.73, 169.61, -0.29).
[INFO] [1780735619.753440094] [rclcpp]: signal_handler(SIGINT/SIGTERM)
