[37;1m2026-06-04 10:25:20.719 [31;1m[[37;1mRTPS_TRANSPORT_SHM[31;1m Error] [37mFailed init_port fastrtps_port7419: open_and_lock_file failed[34;1m -> Function [36mopen_port_internal[m
[INFO] [1780568720.734375170] [microamp_factor_graph_tracking]: Using scenario_id=3
[INFO] [1780568720.745012420] [microamp_factor_graph_tracking]: Expanded factor graph node initialized.
[WARN] [1780568723.558991004] [microamp_factor_graph_tracking]: Graph not initialized yet, skipping USBL measurement
[INFO] [1780568723.570900296] [microamp_factor_graph_tracking]: Graph initialized with GNSS at NED (31.16, 2.26, -0.89)
[INFO] [1780568723.572942296] [microamp_factor_graph_tracking]: IMU initialized at time 1700000001.130
[INFO] [1780568723.655839588] [microamp_factor_graph_tracking]: Processed GNSS at 1700000002.00, NED (32.85, 5.32, -0.75).
[INFO] [1780568723.756443921] [microamp_factor_graph_tracking]: Processed GNSS at 1700000003.00, NED (35.76, 2.99, -3.32).
[INFO] [1780568723.856655463] [microamp_factor_graph_tracking]: Processed GNSS at 1700000004.00, NED (39.41, 8.08, 1.44).
[INFO] [1780568723.958231963] [microamp_factor_graph_tracking]: Processed GNSS at 1700000005.00, NED (37.79, 9.11, -0.30).
[INFO] [1780568724.062698504] [microamp_factor_graph_tracking]: Processed GNSS at 1700000006.00, NED (40.62, 11.40, 2.17).
[INFO] [1780568724.160515963] [microamp_factor_graph_tracking]: Processed GNSS at 1700000007.00, NED (41.58, 14.95, 1.23).
[INFO] [1780568724.256726921] [microamp_factor_graph_tracking]: Processed GNSS at 1700000008.00, NED (42.61, 12.68, 1.86).
[INFO] [1780568724.358691380] [microamp_factor_graph_tracking]: Processed GNSS at 1700000009.00, NED (41.25, 18.41, 2.64).
[INFO] [1780568724.459386088] [microamp_factor_graph_tracking]: Processed GNSS at 1700000010.00, NED (45.33, 18.94, -3.17).
[INFO] [1780568724.557463463] [microamp_factor_graph_tracking]: Processed GNSS at 1700000011.00, NED (44.94, 17.97, 2.40).
[INFO] [1780568724.658431171] [microamp_factor_graph_tracking]: Processed GNSS at 1700000012.00, NED (45.07, 18.19, -3.28).
[INFO] [1780568724.758817380] [microamp_factor_graph_tracking]: Processed GNSS at 1700000013.00, NED (45.10, 19.44, -0.10).
[INFO] [1780568724.860826463] [microamp_factor_graph_tracking]: Processed GNSS at 1700000014.00, NED (51.34, 20.67, -0.20).
[INFO] [1780568724.963041755] [microamp_factor_graph_tracking]: Processed GNSS at 1700000015.00, NED (50.00, 19.40, 0.52).
[INFO] [1780568725.058699297] [microamp_factor_graph_tracking]: Processed GNSS at 1700000016.00, NED (51.43, 19.68, 0.67).
[INFO] [1780568725.157065088] [microamp_factor_graph_tracking]: Processed GNSS at 1700000017.00, NED (54.47, 21.02, -0.64).
[INFO] [1780568725.256153880] [microamp_factor_graph_tracking]: Processed GNSS at 1700000018.00, NED (56.33, 18.68, -0.94).
[INFO] [1780568725.360587255] [microamp_factor_graph_tracking]: Processed GNSS at 1700000019.00, NED (56.24, 20.59, -2.23).
[INFO] [1780568725.460236797] [microamp_factor_graph_tracking]: Processed GNSS at 1700000020.00, NED (55.46, 17.90, -0.76).
[INFO] [1780568725.558896214] [microamp_factor_graph_tracking]: Processed GNSS at 1700000021.00, NED (56.34, 17.83, -4.11).
[INFO] [1780568725.658912380] [microamp_factor_graph_tracking]: Processed GNSS at 1700000022.00, NED (57.34, 15.56, -2.75).
[INFO] [1780568725.755941005] [microamp_factor_graph_tracking]: Processed GNSS at 1700000023.00, NED (56.27, 13.64, 0.18).
[INFO] [1780568725.856173714] [microamp_factor_graph_tracking]: Processed GNSS at 1700000024.00, NED (58.01, 12.40, -1.86).
[INFO] [1780568725.957260839] [microamp_factor_graph_tracking]: Processed GNSS at 1700000025.00, NED (57.65, 12.73, -1.44).
[INFO] [1780568726.059317380] [microamp_factor_graph_tracking]: Processed GNSS at 1700000026.00, NED (58.22, 10.47, -2.22).
[INFO] [1780568726.158883547] [microamp_factor_graph_tracking]: Processed GNSS at 1700000027.00, NED (59.76, 8.37, -0.19).
[INFO] [1780568726.259709089] [microamp_factor_graph_tracking]: Processed GNSS at 1700000028.00, NED (58.17, 4.20, 0.03).
[INFO] [1780568726.356886172] [microamp_factor_graph_tracking]: Processed GNSS at 1700000029.00, NED (59.02, 1.19, 2.17).
[INFO] [1780568726.459980964] [microamp_factor_graph_tracking]: Processed GNSS at 1700000030.00, NED (61.79, 1.69, 0.95).
[INFO] [1780568726.565259339] [microamp_factor_graph_tracking]: Processed GNSS at 1700000031.00, NED (59.16, -1.49, 2.58).
[INFO] [1780568726.657508506] [microamp_factor_graph_tracking]: Processed GNSS at 1700000032.00, NED (60.84, -0.14, 1.81).
[INFO] [1780568726.763939547] [microamp_factor_graph_tracking]: Processed GNSS at 1700000033.00, NED (58.89, -7.99, 2.83).
[INFO] [1780568726.856892464] [microamp_factor_graph_tracking]: Processed GNSS at 1700000034.00, NED (56.82, -6.13, -2.71).
[INFO] [1780568726.960911298] [microamp_factor_graph_tracking]: Processed GNSS at 1700000035.00, NED (58.49, -5.24, 1.99).
[INFO] [1780568727.057561423] [microamp_factor_graph_tracking]: Processed GNSS at 1700000036.00, NED (58.12, -6.52, 0.24).
[INFO] [1780568727.160970381] [microamp_factor_graph_tracking]: Processed GNSS at 1700000037.00, NED (59.63, -10.09, -2.30).
[INFO] [1780568727.256607589] [microamp_factor_graph_tracking]: Processed GNSS at 1700000038.00, NED (59.20, -9.20, -1.34).
[INFO] [1780568727.359627673] [microamp_factor_graph_tracking]: Processed GNSS at 1700000039.00, NED (58.42, -11.55, 2.18).
[INFO] [1780568727.466362214] [microamp_factor_graph_tracking]: Processed GNSS at 1700000040.00, NED (57.17, -17.10, 0.17).
[INFO] [1780568727.557550881] [microamp_factor_graph_tracking]: Processed GNSS at 1700000041.00, NED (56.17, -17.71, -2.01).
[INFO] [1780568727.659823673] [microamp_factor_graph_tracking]: Processed GNSS at 1700000042.00, NED (55.39, -17.31, -3.78).
[INFO] [1780568727.757129506] [microamp_factor_graph_tracking]: Processed GNSS at 1700000043.00, NED (54.12, -19.10, 0.99).
[INFO] [1780568727.856213840] [microamp_factor_graph_tracking]: Processed GNSS at 1700000044.00, NED (55.35, -18.78, 0.20).
[INFO] [1780568727.958216548] [microamp_factor_graph_tracking]: Processed GNSS at 1700000045.00, NED (53.29, -21.23, -0.38).
[INFO] [1780568728.056804298] [microamp_factor_graph_tracking]: Processed GNSS at 1700000046.00, NED (52.04, -20.32, 2.06).
[INFO] [1780568728.159753131] [microamp_factor_graph_tracking]: Processed GNSS at 1700000047.00, NED (50.29, -19.54, -4.04).
[INFO] [1780568728.257959215] [microamp_factor_graph_tracking]: Processed GNSS at 1700000048.00, NED (54.20, -19.73, 0.53).
[INFO] [1780568728.357446798] [microamp_factor_graph_tracking]: Processed GNSS at 1700000049.00, NED (47.43, -19.70, 0.72).
[INFO] [1780568728.461375423] [microamp_factor_graph_tracking]: Processed GNSS at 1700000050.00, NED (44.17, -18.82, -1.37).
[INFO] [1780568728.559216798] [microamp_factor_graph_tracking]: Processed GNSS at 1700000051.00, NED (42.84, -21.27, -1.91).
[INFO] [1780568728.657609507] [microamp_factor_graph_tracking]: Processed GNSS at 1700000052.00, NED (45.44, -14.59, 0.64).
[INFO] [1780568728.757093340] [microamp_factor_graph_tracking]: Processed GNSS at 1700000053.00, NED (47.03, -15.43, 0.42).
[INFO] [1780568728.858199132] [microamp_factor_graph_tracking]: Processed GNSS at 1700000054.00, NED (43.35, -18.34, -0.85).
[INFO] [1780568728.960614007] [microamp_factor_graph_tracking]: Processed GNSS at 1700000055.00, NED (38.85, -13.64, 2.82).
[INFO] [1780568729.059328840] [microamp_factor_graph_tracking]: Processed GNSS at 1700000056.00, NED (39.49, -11.63, -1.03).
[INFO] [1780568729.161910382] [microamp_factor_graph_tracking]: Processed GNSS at 1700000057.00, NED (41.74, -9.99, 0.84).
[INFO] [1780568729.257016257] [microamp_factor_graph_tracking]: Processed GNSS at 1700000058.00, NED (37.97, -9.14, -4.04).
[INFO] [1780568729.356719924] [microamp_factor_graph_tracking]: Processed GNSS at 1700000059.00, NED (36.41, -6.93, -1.41).
[INFO] [1780568729.461438132] [microamp_factor_graph_tracking]: Processed GNSS at 1700000060.00, NED (31.98, -4.17, 0.78).
[INFO] [1780568729.558994840] [microamp_factor_graph_tracking]: Processed GNSS at 1700000061.00, NED (32.30, -0.76, -1.35).
[INFO] [1780568729.658275632] [microamp_factor_graph_tracking]: Processed GNSS at 1700000062.00, NED (29.56, 0.54, 1.25).
[INFO] [1780568729.759695716] [microamp_factor_graph_tracking]: Processed GNSS at 1700000063.00, NED (30.29, -0.43, -0.98).
[INFO] [1780568729.856453007] [microamp_factor_graph_tracking]: Processed GNSS at 1700000064.00, NED (26.12, 2.95, 3.04).
[INFO] [1780568729.957600216] [microamp_factor_graph_tracking]: Processed GNSS at 1700000065.00, NED (24.53, 5.50, 0.92).
[INFO] [1780568730.057090341] [microamp_factor_graph_tracking]: Processed GNSS at 1700000066.00, NED (25.04, 7.31, -2.04).
[INFO] [1780568730.158850257] [microamp_factor_graph_tracking]: Processed GNSS at 1700000067.00, NED (24.22, 8.33, 0.64).
[INFO] [1780568730.257715716] [microamp_factor_graph_tracking]: Processed GNSS at 1700000068.00, NED (21.72, 12.63, -0.25).
[INFO] [1780568730.362443216] [microamp_factor_graph_tracking]: Processed GNSS at 1700000069.00, NED (19.27, 11.24, -0.41).
[INFO] [1780568730.465756174] [microamp_factor_graph_tracking]: Processed GNSS at 1700000070.00, NED (17.98, 14.57, 1.17).
[INFO] [1780568730.560349633] [microamp_factor_graph_tracking]: Processed GNSS at 1700000071.00, NED (16.75, 15.07, -0.81).
[INFO] [1780568730.663908466] [microamp_factor_graph_tracking]: Processed GNSS at 1700000072.00, NED (15.93, 13.88, 0.72).
[INFO] [1780568730.758897424] [microamp_factor_graph_tracking]: Processed GNSS at 1700000073.00, NED (15.12, 14.39, -0.60).
[INFO] [1780568730.857638258] [microamp_factor_graph_tracking]: Processed GNSS at 1700000074.00, NED (14.55, 18.92, 0.99).
[INFO] [1780568730.962624591] [microamp_factor_graph_tracking]: Processed GNSS at 1700000075.00, NED (11.97, 16.95, -1.38).
[INFO] [1780568731.060554674] [microamp_factor_graph_tracking]: Processed GNSS at 1700000076.00, NED (10.08, 19.37, 0.19).
[INFO] [1780568731.156179841] [microamp_factor_graph_tracking]: Processed GNSS at 1700000077.00, NED (12.06, 18.56, 2.26).
[INFO] [1780568731.255961133] [microamp_factor_graph_tracking]: Processed GNSS at 1700000078.00, NED (9.32, 20.06, 4.34).
[INFO] [1780568731.358463758] [microamp_factor_graph_tracking]: Processed GNSS at 1700000079.00, NED (6.92, 22.97, -1.69).
[INFO] [1780568731.473473008] [microamp_factor_graph_tracking]: Processed GNSS at 1700000080.00, NED (8.96, 20.02, -2.83).
[INFO] [1780568731.558176466] [microamp_factor_graph_tracking]: Processed GNSS at 1700000081.00, NED (7.76, 20.13, 1.53).
[INFO] [1780568731.658417508] [microamp_factor_graph_tracking]: Processed GNSS at 1700000082.00, NED (5.08, 18.43, -1.04).
[INFO] [1780568731.758116175] [microamp_factor_graph_tracking]: Processed GNSS at 1700000083.00, NED (3.46, 16.79, -1.52).
[INFO] [1780568731.859435758] [microamp_factor_graph_tracking]: Processed GNSS at 1700000084.00, NED (4.41, 17.90, 0.85).
[INFO] [1780568731.958287758] [microamp_factor_graph_tracking]: Processed GNSS at 1700000085.00, NED (4.78, 15.57, 2.39).
[INFO] [1780568732.056335925] [microamp_factor_graph_tracking]: Processed GNSS at 1700000086.00, NED (3.56, 10.74, 1.89).
[INFO] [1780568732.158168342] [microamp_factor_graph_tracking]: Processed GNSS at 1700000087.00, NED (-0.03, 14.54, -0.11).
[INFO] [1780568732.259745967] [microamp_factor_graph_tracking]: Processed GNSS at 1700000088.00, NED (1.88, 10.82, 1.39).
[INFO] [1780568732.358291383] [microamp_factor_graph_tracking]: Processed GNSS at 1700000089.00, NED (0.18, 9.50, 1.95).
[INFO] [1780568732.472572467] [microamp_factor_graph_tracking]: Processed GNSS at 1700000090.00, NED (1.69, 4.73, -0.38).
[INFO] [1780568732.558725134] [microamp_factor_graph_tracking]: Processed GNSS at 1700000091.00, NED (2.51, 5.62, -0.13).
[INFO] [1780568732.657660384] [microamp_factor_graph_tracking]: Processed GNSS at 1700000092.00, NED (-0.61, 4.37, -0.71).
[INFO] [1780568732.758390384] [microamp_factor_graph_tracking]: Processed GNSS at 1700000093.00, NED (1.74, 3.07, 2.59).
[INFO] [1780568732.858875092] [microamp_factor_graph_tracking]: Processed GNSS at 1700000094.00, NED (1.30, 0.36, 1.01).
[INFO] [1780568732.972122717] [microamp_factor_graph_tracking]: Processed GNSS at 1700000095.00, NED (-0.94, 0.02, 1.60).
[INFO] [1780568733.057462884] [microamp_factor_graph_tracking]: Processed GNSS at 1700000096.00, NED (-0.56, -5.05, -0.07).
[INFO] [1780568733.159948759] [microamp_factor_graph_tracking]: Processed GNSS at 1700000097.00, NED (1.62, -6.18, 0.05).
[INFO] [1780568733.259868092] [microamp_factor_graph_tracking]: Processed GNSS at 1700000098.00, NED (-0.84, -5.71, 0.51).
[INFO] [1780568733.358703551] [microamp_factor_graph_tracking]: Processed GNSS at 1700000099.00, NED (-0.86, -8.06, 1.03).
[INFO] [1780568733.464377176] [microamp_factor_graph_tracking]: Processed GNSS at 1700000100.00, NED (-0.21, -12.36, 1.80).
[INFO] [1780568733.558739384] [microamp_factor_graph_tracking]: Processed GNSS at 1700000101.00, NED (2.81, -12.43, -1.13).
[INFO] [1780568733.658441301] [microamp_factor_graph_tracking]: Processed GNSS at 1700000102.00, NED (6.57, -15.88, -2.27).
[INFO] [1780568733.758125884] [microamp_factor_graph_tracking]: Processed GNSS at 1700000103.00, NED (5.43, -14.10, -2.49).
[INFO] [1780568733.859990092] [microamp_factor_graph_tracking]: Processed GNSS at 1700000104.00, NED (4.77, -15.11, 0.21).
[INFO] [1780568733.957658509] [microamp_factor_graph_tracking]: Processed GNSS at 1700000105.00, NED (5.91, -19.73, -0.89).
[INFO] [1780568734.055840634] [microamp_factor_graph_tracking]: Processed GNSS at 1700000106.00, NED (6.43, -19.78, 2.40).
[INFO] [1780568734.157718468] [microamp_factor_graph_tracking]: Processed GNSS at 1700000107.00, NED (6.70, -20.30, 3.00).
[INFO] [1780568734.259355634] [microamp_factor_graph_tracking]: Processed GNSS at 1700000108.00, NED (8.53, -17.52, 1.10).
[INFO] [1780568734.360315843] [microamp_factor_graph_tracking]: Processed GNSS at 1700000109.00, NED (9.34, -19.54, -0.79).
[INFO] [1780568734.463201884] [microamp_factor_graph_tracking]: Processed GNSS at 1700000110.00, NED (9.75, -18.26, 1.02).
[INFO] [1780568734.557693051] [microamp_factor_graph_tracking]: Processed GNSS at 1700000111.00, NED (13.43, -18.84, -2.54).
[INFO] [1780568734.658327135] [microamp_factor_graph_tracking]: Processed GNSS at 1700000112.00, NED (11.82, -18.13, 2.21).
[INFO] [1780568734.758784760] [microamp_factor_graph_tracking]: Processed GNSS at 1700000113.00, NED (11.74, -19.81, 1.43).
[INFO] [1780568734.858974968] [microamp_factor_graph_tracking]: Processed GNSS at 1700000114.00, NED (13.45, -17.52, 1.57).
[INFO] [1780568734.965309218] [microamp_factor_graph_tracking]: Processed GNSS at 1700000115.00, NED (15.29, -15.89, 0.21).
[INFO] [1780568735.057569051] [microamp_factor_graph_tracking]: Processed GNSS at 1700000116.00, NED (15.86, -15.08, 4.97).
[INFO] [1780568735.160976926] [microamp_factor_graph_tracking]: Processed GNSS at 1700000117.00, NED (17.46, -14.69, -1.30).
[INFO] [1780568735.258580343] [microamp_factor_graph_tracking]: Processed GNSS at 1700000118.00, NED (18.91, -11.04, -0.02).
[INFO] [1780568735.358301468] [microamp_factor_graph_tracking]: Processed GNSS at 1700000119.00, NED (18.05, -12.34, -3.20).
[INFO] [1780568735.471767552] [microamp_factor_graph_tracking]: Processed GNSS at 1700000120.00, NED (21.91, -11.14, 2.41).
[INFO] [1780568735.556707968] [microamp_factor_graph_tracking]: Initialized ROV 1 at NED (15.43, 24.65, 18.06), t_sent=1700000120.00
[INFO] [1780568735.559996927] [microamp_factor_graph_tracking]: Processed GNSS at 1700000121.00, NED (23.48, -7.98, 0.22).
[INFO] [1780568735.658955718] [microamp_factor_graph_tracking]: Processed GNSS at 1700000122.00, NED (23.22, -5.23, 1.11).
[INFO] [1780568735.760789510] [microamp_factor_graph_tracking]: Processed GNSS at 1700000123.00, NED (22.85, -5.32, 0.48).
[INFO] [1780568735.860346218] [microamp_factor_graph_tracking]: Processed GNSS at 1700000124.00, NED (23.13, -3.13, 0.75).
[INFO] [1780568735.966326844] [microamp_factor_graph_tracking]: Processed GNSS at 1700000125.00, NED (30.27, 1.08, 1.20).
[INFO] [1780568736.056197010] [microamp_factor_graph_tracking]: Processed GNSS at 1700000126.00, NED (31.65, -3.18, -0.41).
[INFO] [1780568736.158080427] [microamp_factor_graph_tracking]: Processed GNSS at 1700000127.00, NED (33.81, 2.47, 0.43).
[INFO] [1780568736.258903719] [microamp_factor_graph_tracking]: Processed GNSS at 1700000128.00, NED (33.34, 3.97, -2.64).
[INFO] [1780568736.360227427] [microamp_factor_graph_tracking]: Processed GNSS at 1700000129.00, NED (35.66, 5.72, 1.37).
[INFO] [1780568736.474910802] [microamp_factor_graph_tracking]: Processed GNSS at 1700000130.00, NED (34.09, 10.41, -0.80).
[INFO] [1780568736.559577052] [microamp_factor_graph_tracking]: Processed GNSS at 1700000131.00, NED (37.28, 10.57, -2.82).
[INFO] [1780568736.658805385] [microamp_factor_graph_tracking]: Processed GNSS at 1700000132.00, NED (39.84, 13.72, 0.80).
[INFO] [1780568736.765304177] [microamp_factor_graph_tracking]: Processed GNSS at 1700000133.00, NED (41.85, 14.42, 3.17).
[INFO] [1780568736.863720052] [microamp_factor_graph_tracking]: Processed GNSS at 1700000134.00, NED (39.23, 13.04, 1.01).
[INFO] [1780568736.970424636] [microamp_factor_graph_tracking]: Processed GNSS at 1700000135.00, NED (45.05, 19.30, -2.65).
[INFO] [1780568737.067487511] [microamp_factor_graph_tracking]: Processed GNSS at 1700000136.00, NED (45.77, 19.16, 2.31).
[INFO] [1780568737.161540261] [microamp_factor_graph_tracking]: Processed GNSS at 1700000137.00, NED (44.48, 20.42, 0.41).
[INFO] [1780568737.260910594] [microamp_factor_graph_tracking]: Processed GNSS at 1700000138.00, NED (47.16, 19.71, -0.43).
[INFO] [1780568737.359690886] [microamp_factor_graph_tracking]: Processed GNSS at 1700000139.00, NED (48.33, 19.15, 0.31).
[INFO] [1780568737.470038636] [microamp_factor_graph_tracking]: Processed GNSS at 1700000140.00, NED (50.98, 19.73, -2.29).
[INFO] [1780568737.560868303] [microamp_factor_graph_tracking]: Processed GNSS at 1700000141.00, NED (49.68, 21.62, -2.59).
[INFO] [1780568737.667002928] [microamp_factor_graph_tracking]: Processed GNSS at 1700000142.00, NED (51.00, 19.81, 0.63).
[INFO] [1780568737.760955636] [microamp_factor_graph_tracking]: Processed GNSS at 1700000143.00, NED (51.62, 21.50, 3.77).
[INFO] [1780568737.861824678] [microamp_factor_graph_tracking]: Processed GNSS at 1700000144.00, NED (55.24, 20.96, -0.60).
[INFO] [1780568737.967525011] [microamp_factor_graph_tracking]: Processed GNSS at 1700000145.00, NED (53.25, 19.77, 1.04).
[INFO] [1780568738.058498803] [microamp_factor_graph_tracking]: Processed GNSS at 1700000146.00, NED (55.66, 18.14, 0.23).
[INFO] [1780568738.157772595] [microamp_factor_graph_tracking]: Processed GNSS at 1700000147.00, NED (56.76, 17.58, -3.27).
[INFO] [1780568738.258985136] [microamp_factor_graph_tracking]: Processed GNSS at 1700000148.00, NED (56.86, 15.64, -1.15).
[INFO] [1780568738.360565970] [microamp_factor_graph_tracking]: Processed GNSS at 1700000149.00, NED (59.87, 13.45, -2.02).
[INFO] [1780568738.470216303] [microamp_factor_graph_tracking]: Processed GNSS at 1700000150.00, NED (58.70, 11.82, 0.77).
[INFO] [1780568738.560232136] [microamp_factor_graph_tracking]: Processed GNSS at 1700000151.00, NED (57.29, 10.74, 2.35).
[INFO] [1780568738.665692178] [microamp_factor_graph_tracking]: Processed GNSS at 1700000152.00, NED (59.91, 11.65, 2.81).
[INFO] [1780568738.760456220] [microamp_factor_graph_tracking]: Processed GNSS at 1700000153.00, NED (59.11, 7.06, 0.50).
[INFO] [1780568738.862569470] [microamp_factor_graph_tracking]: Processed GNSS at 1700000154.00, NED (61.51, 4.38, 1.52).
[INFO] [1780568738.974522720] [microamp_factor_graph_tracking]: Processed GNSS at 1700000155.00, NED (60.09, 2.46, 0.87).
[INFO] [1780568739.060754970] [microamp_factor_graph_tracking]: Processed GNSS at 1700000156.00, NED (60.04, 2.71, 0.92).
[INFO] [1780568739.158534887] [microamp_factor_graph_tracking]: Processed GNSS at 1700000157.00, NED (58.28, -2.52, -6.11).
[INFO] [1780568739.259089345] [microamp_factor_graph_tracking]: Processed GNSS at 1700000158.00, NED (63.16, -1.27, 0.90).
[INFO] [1780568739.360577887] [microamp_factor_graph_tracking]: Processed GNSS at 1700000159.00, NED (58.06, -4.70, -2.52).
[INFO] [1780568739.465104345] [microamp_factor_graph_tracking]: Processed GNSS at 1700000160.00, NED (60.01, -6.32, -0.96).
[INFO] [1780568739.560626929] [microamp_factor_graph_tracking]: Processed GNSS at 1700000161.00, NED (60.35, -7.85, -0.19).
[INFO] [1780568739.662937554] [microamp_factor_graph_tracking]: Processed GNSS at 1700000162.00, NED (59.38, -10.00, -0.46).
[INFO] [1780568739.760246637] [microamp_factor_graph_tracking]: Processed GNSS at 1700000163.00, NED (59.09, -11.53, -4.12).
[INFO] [1780568739.861306887] [microamp_factor_graph_tracking]: Processed GNSS at 1700000164.00, NED (57.76, -14.61, -1.07).
[INFO] [1780568739.969208429] [microamp_factor_graph_tracking]: Processed GNSS at 1700000165.00, NED (58.11, -14.12, -3.35).
[INFO] [1780568740.061535137] [microamp_factor_graph_tracking]: Processed GNSS at 1700000166.00, NED (55.75, -13.90, 0.59).
[INFO] [1780568740.157676179] [microamp_factor_graph_tracking]: Processed GNSS at 1700000167.00, NED (57.04, -17.55, 2.05).
[INFO] [1780568740.257919762] [microamp_factor_graph_tracking]: Processed GNSS at 1700000168.00, NED (56.32, -15.41, -0.29).
[INFO] [1780568740.358918096] [microamp_factor_graph_tracking]: Processed GNSS at 1700000169.00, NED (56.60, -20.41, 0.67).
[INFO] [1780568740.464059971] [microamp_factor_graph_tracking]: Processed GNSS at 1700000170.00, NED (53.67, -19.62, -3.39).
[INFO] [1780568740.559817054] [microamp_factor_graph_tracking]: Processed GNSS at 1700000171.00, NED (51.66, -18.41, -0.72).
[INFO] [1780568740.662041096] [microamp_factor_graph_tracking]: Processed GNSS at 1700000172.00, NED (51.60, -22.37, -0.55).
[INFO] [1780568740.764378887] [microamp_factor_graph_tracking]: Processed GNSS at 1700000173.00, NED (53.31, -19.03, -0.02).
[INFO] [1780568740.861545763] [microamp_factor_graph_tracking]: Processed GNSS at 1700000174.00, NED (51.12, -20.95, -2.39).
[INFO] [1780568740.971802638] [microamp_factor_graph_tracking]: Processed GNSS at 1700000175.00, NED (47.69, -17.28, -0.63).
[INFO] [1780568741.059811429] [microamp_factor_graph_tracking]: Processed GNSS at 1700000176.00, NED (46.82, -17.27, 0.16).
[INFO] [1780568741.160750138] [microamp_factor_graph_tracking]: Processed GNSS at 1700000177.00, NED (45.35, -21.01, 0.59).
[INFO] [1780568741.260187471] [microamp_factor_graph_tracking]: Processed GNSS at 1700000178.00, NED (46.41, -17.57, 1.61).
[INFO] [1780568741.361822679] [microamp_factor_graph_tracking]: Processed GNSS at 1700000179.00, NED (43.34, -14.61, -2.29).
[INFO] [1780568741.471606679] [microamp_factor_graph_tracking]: Processed GNSS at 1700000180.00, NED (42.74, -15.83, -0.12).
[INFO] [1780568741.561444721] [microamp_factor_graph_tracking]: Processed GNSS at 1700000181.00, NED (39.72, -11.81, -0.79).
[INFO] [1780568741.662251971] [microamp_factor_graph_tracking]: Processed GNSS at 1700000182.00, NED (38.30, -9.23, -1.97).
[INFO] [1780568741.763683013] [microamp_factor_graph_tracking]: Processed GNSS at 1700000183.00, NED (37.63, -10.08, 2.53).
[INFO] [1780568741.862850638] [microamp_factor_graph_tracking]: Processed GNSS at 1700000184.00, NED (36.14, -10.28, 0.96).
[INFO] [1780568741.968270388] [microamp_factor_graph_tracking]: Processed GNSS at 1700000185.00, NED (33.48, -9.01, -2.01).
[INFO] [1780568742.060558971] [microamp_factor_graph_tracking]: Processed GNSS at 1700000186.00, NED (34.90, -3.62, 3.52).
[INFO] [1780568742.166374430] [microamp_factor_graph_tracking]: Processed GNSS at 1700000187.00, NED (29.27, -3.85, 1.26).
[INFO] [1780568742.258579347] [microamp_factor_graph_tracking]: Processed GNSS at 1700000188.00, NED (30.53, -2.17, -1.90).
[INFO] [1780568742.358366888] [microamp_factor_graph_tracking]: Processed GNSS at 1700000189.00, NED (29.68, 0.28, 1.88).
[INFO] [1780568742.461606805] [microamp_factor_graph_tracking]: Processed GNSS at 1700000190.00, NED (26.21, 2.72, -0.01).
[INFO] [1780568742.560279013] [microamp_factor_graph_tracking]: Processed GNSS at 1700000191.00, NED (25.07, 4.37, -1.66).
[INFO] [1780568742.659518805] [microamp_factor_graph_tracking]: Processed GNSS at 1700000192.00, NED (22.86, 6.89, 0.44).
[INFO] [1780568742.760578513] [microamp_factor_graph_tracking]: Processed GNSS at 1700000193.00, NED (21.45, 8.64, 1.57).
[INFO] [1780568742.864394347] [microamp_factor_graph_tracking]: Processed GNSS at 1700000194.00, NED (19.83, 10.57, 1.26).
[INFO] [1780568742.968165055] [microamp_factor_graph_tracking]: Processed GNSS at 1700000195.00, NED (20.28, 11.32, -1.39).
[INFO] [1780568743.059866180] [microamp_factor_graph_tracking]: Processed GNSS at 1700000196.00, NED (17.34, 17.86, -0.17).
[INFO] [1780568743.158628930] [microamp_factor_graph_tracking]: Processed GNSS at 1700000197.00, NED (17.02, 13.40, 3.43).
[INFO] [1780568743.258813139] [microamp_factor_graph_tracking]: Processed GNSS at 1700000198.00, NED (14.85, 15.07, 0.97).
[INFO] [1780568743.359967430] [microamp_factor_graph_tracking]: Processed GNSS at 1700000199.00, NED (12.34, 16.10, 1.41).
[INFO] [1780568743.470277389] [microamp_factor_graph_tracking]: Processed GNSS at 1700000200.00, NED (13.87, 17.71, -1.02).
[INFO] [1780568743.560929055] [microamp_factor_graph_tracking]: Processed GNSS at 1700000201.00, NED (11.44, 17.92, -5.25).
[INFO] [1780568743.661569750] [microamp_factor_graph_tracking]: Processed GNSS at 1700000202.00, NED (11.77, 19.04, 2.47).
[INFO] [1780568743.767007750] [microamp_factor_graph_tracking]: Processed GNSS at 1700000203.00, NED (10.45, 20.74, -0.78).
[INFO] [1780568743.866281583] [microamp_factor_graph_tracking]: Processed GNSS at 1700000204.00, NED (10.53, 17.37, 2.25).
[INFO] [1780568743.971997125] [microamp_factor_graph_tracking]: Processed GNSS at 1700000205.00, NED (9.51, 17.24, 0.21).
[INFO] [1780568744.063529000] [microamp_factor_graph_tracking]: Processed GNSS at 1700000206.00, NED (5.75, 17.74, 1.80).
[INFO] [1780568744.162799208] [microamp_factor_graph_tracking]: Processed GNSS at 1700000207.00, NED (5.86, 18.23, 0.43).
[INFO] [1780568744.260989250] [microamp_factor_graph_tracking]: Processed GNSS at 1700000208.00, NED (3.62, 18.30, -0.46).
[INFO] [1780568744.359586583] [microamp_factor_graph_tracking]: Processed GNSS at 1700000209.00, NED (6.55, 18.11, -1.16).
[INFO] [1780568744.465970208] [microamp_factor_graph_tracking]: Processed GNSS at 1700000210.00, NED (1.46, 16.16, -0.75).
[INFO] [1780568744.562090917] [microamp_factor_graph_tracking]: Processed GNSS at 1700000211.00, NED (3.63, 14.72, -1.49).
[INFO] [1780568744.664373708] [microamp_factor_graph_tracking]: Processed GNSS at 1700000212.00, NED (3.18, 13.24, 2.07).
[INFO] [1780568744.763339958] [microamp_factor_graph_tracking]: Processed GNSS at 1700000213.00, NED (1.92, 13.37, 0.87).
[INFO] [1780568744.864546875] [microamp_factor_graph_tracking]: Processed GNSS at 1700000214.00, NED (1.96, 8.49, -2.13).
[INFO] [1780568744.973098167] [microamp_factor_graph_tracking]: Processed GNSS at 1700000215.00, NED (1.16, 9.64, -0.83).
[INFO] [1780568745.062371792] [microamp_factor_graph_tracking]: Processed GNSS at 1700000216.00, NED (-0.33, 6.96, 3.19).
[INFO] [1780568745.165261625] [microamp_factor_graph_tracking]: Processed GNSS at 1700000217.00, NED (0.56, 4.02, -0.57).
[INFO] [1780568745.264201334] [microamp_factor_graph_tracking]: Processed GNSS at 1700000218.00, NED (2.90, 2.72, 1.76).
[INFO] [1780568745.364159209] [microamp_factor_graph_tracking]: Processed GNSS at 1700000219.00, NED (0.02, 2.64, -0.05).
[INFO] [1780568745.475551000] [microamp_factor_graph_tracking]: Processed GNSS at 1700000220.00, NED (-2.04, 1.57, 0.17).
[INFO] [1780568745.562295375] [microamp_factor_graph_tracking]: Processed GNSS at 1700000221.00, NED (0.73, -1.45, 2.18).
[INFO] [1780568745.665106375] [microamp_factor_graph_tracking]: Processed GNSS at 1700000222.00, NED (3.07, -3.88, 0.30).
[INFO] [1780568745.768300501] [microamp_factor_graph_tracking]: Processed GNSS at 1700000223.00, NED (2.53, -3.76, -1.57).
[INFO] [1780568745.864871167] [microamp_factor_graph_tracking]: Processed GNSS at 1700000224.00, NED (0.08, -9.55, 0.51).
[INFO] [1780568745.973483334] [microamp_factor_graph_tracking]: Processed GNSS at 1700000225.00, NED (0.71, -9.32, 0.09).
[INFO] [1780568746.062565167] [microamp_factor_graph_tracking]: Processed GNSS at 1700000226.00, NED (1.37, -12.83, -0.05).
[INFO] [1780568746.166917959] [microamp_factor_graph_tracking]: Processed GNSS at 1700000227.00, NED (-0.35, -17.34, 2.82).
[INFO] [1780568746.267089167] [microamp_factor_graph_tracking]: Processed GNSS at 1700000228.00, NED (2.11, -13.21, 3.00).
[INFO] [1780568746.359036292] [microamp_factor_graph_tracking]: Processed GNSS at 1700000229.00, NED (3.61, -14.45, 2.85).
[INFO] [1780568746.465237043] [microamp_factor_graph_tracking]: Processed GNSS at 1700000230.00, NED (1.18, -15.27, 2.92).
[INFO] [1780568746.560643959] [microamp_factor_graph_tracking]: Processed GNSS at 1700000231.00, NED (6.82, -15.22, 0.27).
[INFO] [1780568746.663643043] [microamp_factor_graph_tracking]: Processed GNSS at 1700000232.00, NED (5.21, -18.26, -1.93).
[INFO] [1780568746.765708501] [microamp_factor_graph_tracking]: Processed GNSS at 1700000233.00, NED (6.08, -18.38, -0.73).
[INFO] [1780568746.867525418] [microamp_factor_graph_tracking]: Processed GNSS at 1700000234.00, NED (7.69, -20.63, 0.59).
[INFO] [1780568746.972023418] [microamp_factor_graph_tracking]: Processed GNSS at 1700000235.00, NED (9.29, -19.62, 0.42).
[INFO] [1780568747.064122959] [microamp_factor_graph_tracking]: Processed GNSS at 1700000236.00, NED (7.61, -20.64, 3.30).
[INFO] [1780568747.165187710] [microamp_factor_graph_tracking]: Processed GNSS at 1700000237.00, NED (11.45, -19.26, 2.76).
[INFO] [1780568747.270748376] [microamp_factor_graph_tracking]: Processed GNSS at 1700000238.00, NED (11.59, -20.66, -0.31).
[INFO] [1780568747.369740668] [microamp_factor_graph_tracking]: Processed GNSS at 1700000239.00, NED (13.63, -20.13, 1.62).
[INFO] [1780568747.473122543] [microamp_factor_graph_tracking]: Processed GNSS at 1700000240.00, NED (11.96, -15.76, -0.26).
[INFO] [1780568747.556115793] [microamp_factor_graph_tracking]: USBL time offset initialized: 0.000196
[INFO] [1780568747.557040668] [microamp_factor_graph_tracking]: Added ROV 1 node (step 1) at t=1700000240.00, dt=120.000 s
[INFO] [1780568747.564650335] [microamp_factor_graph_tracking]: Processed GNSS at 1700000241.00, NED (13.80, -16.94, -1.77).
[INFO] [1780568747.660070918] [microamp_factor_graph_tracking]: Processed GNSS at 1700000242.00, NED (16.42, -16.56, -0.42).
[INFO] [1780568747.762418293] [microamp_factor_graph_tracking]: Processed GNSS at 1700000243.00, NED (14.34, -14.71, 0.96).
[INFO] [1780568747.860896043] [microamp_factor_graph_tracking]: Processed GNSS at 1700000244.00, NED (19.46, -12.78, -3.62).
[INFO] [1780568747.977184960] [microamp_factor_graph_tracking]: Processed GNSS at 1700000245.00, NED (20.54, -8.30, 0.88).
[INFO] [1780568748.064455960] [microamp_factor_graph_tracking]: Processed GNSS at 1700000246.00, NED (23.81, -8.54, -0.45).
[INFO] [1780568748.166016918] [microamp_factor_graph_tracking]: Processed GNSS at 1700000247.00, NED (24.29, -10.85, 0.09).
[INFO] [1780568748.265651668] [microamp_factor_graph_tracking]: Processed GNSS at 1700000248.00, NED (23.03, -5.91, -1.70).
[INFO] [1780568748.369463460] [microamp_factor_graph_tracking]: Processed GNSS at 1700000249.00, NED (27.06, -4.38, 5.48).
[INFO] [1780568748.466997585] [microamp_factor_graph_tracking]: Processed GNSS at 1700000250.00, NED (29.54, 0.08, -3.37).
[INFO] [1780568748.561194460] [microamp_factor_graph_tracking]: Processed GNSS at 1700000251.00, NED (29.95, -0.38, 2.69).
[INFO] [1780568748.664656627] [microamp_factor_graph_tracking]: Processed GNSS at 1700000252.00, NED (29.98, -0.14, -4.69).
[INFO] [1780568748.767437044] [microamp_factor_graph_tracking]: Processed GNSS at 1700000253.00, NED (33.38, 1.50, 1.45).
[INFO] [1780568748.866006085] [microamp_factor_graph_tracking]: Processed GNSS at 1700000254.00, NED (33.15, 5.88, -3.63).
[INFO] [1780568748.976917544] [microamp_factor_graph_tracking]: Processed GNSS at 1700000255.00, NED (35.67, 7.97, -2.84).
[INFO] [1780568749.067943460] [microamp_factor_graph_tracking]: Processed GNSS at 1700000256.00, NED (38.40, 8.16, 0.05).
[INFO] [1780568749.162288210] [microamp_factor_graph_tracking]: Processed GNSS at 1700000257.00, NED (38.19, 10.08, 0.08).
[INFO] [1780568749.262794544] [microamp_factor_graph_tracking]: Processed GNSS at 1700000258.00, NED (39.81, 12.53, -2.52).
[INFO] [1780568749.365076377] [microamp_factor_graph_tracking]: Processed GNSS at 1700000259.00, NED (40.41, 13.09, -0.89).
[INFO] [1780568749.474865502] [microamp_factor_graph_tracking]: Processed GNSS at 1700000260.00, NED (42.90, 14.41, -0.14).
[INFO] [1780568749.564155419] [microamp_factor_graph_tracking]: Processed GNSS at 1700000261.00, NED (43.95, 15.11, -0.52).
[INFO] [1780568749.666001211] [microamp_factor_graph_tracking]: Processed GNSS at 1700000262.00, NED (43.76, 19.23, 0.92).
[INFO] [1780568749.767180794] [microamp_factor_graph_tracking]: Processed GNSS at 1700000263.00, NED (44.73, 17.29, 0.54).
[INFO] [1780568749.871043502] [microamp_factor_graph_tracking]: Processed GNSS at 1700000264.00, NED (48.78, 18.38, 0.41).
[INFO] [1780568749.968673544] [microamp_factor_graph_tracking]: Processed GNSS at 1700000265.00, NED (46.98, 20.28, -0.43).
[INFO] [1780568750.062505961] [microamp_factor_graph_tracking]: Processed GNSS at 1700000266.00, NED (47.00, 21.00, -2.56).
[INFO] [1780568750.163408003] [microamp_factor_graph_tracking]: Processed GNSS at 1700000267.00, NED (53.30, 19.85, 2.90).
[INFO] [1780568750.269063003] [microamp_factor_graph_tracking]: Processed GNSS at 1700000268.00, NED (52.99, 20.07, -1.79).
[INFO] [1780568750.366331378] [microamp_factor_graph_tracking]: Processed GNSS at 1700000269.00, NED (52.99, 20.65, 3.06).
[INFO] [1780568750.469271503] [microamp_factor_graph_tracking]: Processed GNSS at 1700000270.00, NED (55.52, 21.58, -4.15).
[INFO] [1780568750.562163711] [microamp_factor_graph_tracking]: Processed GNSS at 1700000271.00, NED (57.55, 14.72, -3.87).
[INFO] [1780568750.663597503] [microamp_factor_graph_tracking]: Processed GNSS at 1700000272.00, NED (56.14, 16.69, -2.37).
[INFO] [1780568750.765151461] [microamp_factor_graph_tracking]: Processed GNSS at 1700000273.00, NED (58.99, 16.25, 2.24).
[INFO] [1780568750.866606920] [microamp_factor_graph_tracking]: Processed GNSS at 1700000274.00, NED (60.41, 14.99, -0.37).
[INFO] [1780568750.978027253] [microamp_factor_graph_tracking]: Processed GNSS at 1700000275.00, NED (59.88, 15.87, 1.52).
[INFO] [1780568751.065031670] [microamp_factor_graph_tracking]: Processed GNSS at 1700000276.00, NED (58.11, 13.17, -0.15).
[INFO] [1780568751.164477753] [microamp_factor_graph_tracking]: Processed GNSS at 1700000277.00, NED (58.71, 9.54, 1.91).
[INFO] [1780568751.262883128] [microamp_factor_graph_tracking]: Processed GNSS at 1700000278.00, NED (58.41, 10.78, -2.14).
[INFO] [1780568751.364099253] [microamp_factor_graph_tracking]: Processed GNSS at 1700000279.00, NED (61.14, 7.31, -0.46).
[INFO] [1780568751.474443712] [microamp_factor_graph_tracking]: Processed GNSS at 1700000280.00, NED (61.44, 6.33, 0.48).
[INFO] [1780568751.565133212] [microamp_factor_graph_tracking]: Processed GNSS at 1700000281.00, NED (60.05, 3.91, 3.32).
[INFO] [1780568751.667099170] [microamp_factor_graph_tracking]: Processed GNSS at 1700000282.00, NED (62.93, 1.17, -1.38).
[INFO] [1780568751.769383587] [microamp_factor_graph_tracking]: Processed GNSS at 1700000283.00, NED (60.89, 0.31, 1.38).
[INFO] [1780568751.867572962] [microamp_factor_graph_tracking]: Processed GNSS at 1700000284.00, NED (63.14, -1.35, 1.45).
[INFO] [1780568751.975222962] [microamp_factor_graph_tracking]: Processed GNSS at 1700000285.00, NED (60.77, -6.62, -0.55).
[INFO] [1780568752.065715670] [microamp_factor_graph_tracking]: Processed GNSS at 1700000286.00, NED (58.96, -7.46, 3.29).
[INFO] [1780568752.167210545] [microamp_factor_graph_tracking]: Processed GNSS at 1700000287.00, NED (58.42, -6.37, 1.14).
[INFO] [1780568752.268062129] [microamp_factor_graph_tracking]: Processed GNSS at 1700000288.00, NED (55.84, -11.41, 0.63).
[INFO] [1780568752.369057754] [microamp_factor_graph_tracking]: Processed GNSS at 1700000289.00, NED (58.04, -13.33, -0.23).
[INFO] [1780568752.475910420] [microamp_factor_graph_tracking]: Processed GNSS at 1700000290.00, NED (58.09, -14.19, -3.58).
[INFO] [1780568752.561961379] [microamp_factor_graph_tracking]: Processed GNSS at 1700000291.00, NED (55.27, -16.14, 1.22).
[INFO] [1780568752.662677587] [microamp_factor_graph_tracking]: Processed GNSS at 1700000292.00, NED (58.20, -14.59, 2.30).
[INFO] [1780568752.764612962] [microamp_factor_graph_tracking]: Processed GNSS at 1700000293.00, NED (57.63, -15.65, -0.83).
[INFO] [1780568752.866246337] [microamp_factor_graph_tracking]: Processed GNSS at 1700000294.00, NED (55.67, -19.17, 1.48).
[INFO] [1780568752.976891462] [microamp_factor_graph_tracking]: Processed GNSS at 1700000295.00, NED (55.96, -20.20, 0.93).
[INFO] [1780568753.065453546] [microamp_factor_graph_tracking]: Processed GNSS at 1700000296.00, NED (54.40, -19.31, 1.17).
[INFO] [1780568753.166028587] [microamp_factor_graph_tracking]: Processed GNSS at 1700000297.00, NED (54.73, -21.73, -1.72).
[INFO] [1780568753.267842921] [microamp_factor_graph_tracking]: Processed GNSS at 1700000298.00, NED (49.80, -20.84, 0.37).
[INFO] [1780568753.368668379] [microamp_factor_graph_tracking]: Processed GNSS at 1700000299.00, NED (49.39, -18.99, -1.44).
[INFO] [1780568754.854078713] [rclcpp]: signal_handler(SIGINT/SIGTERM)
