[37;1m2026-06-03 14:41:36.122 [31;1m[[37;1mRTPS_TRANSPORT_SHM[31;1m Error] [37mFailed init_port fastrtps_port7419: open_and_lock_file failed[34;1m -> Function [36mopen_port_internal[m
[INFO] [1780497696.139154130] [microamp_factor_graph_tracking]: Using scenario_id=1
[INFO] [1780497696.143619380] [microamp_factor_graph_tracking]: Expanded factor graph node initialized.
[INFO] [1780497698.184793340] [microamp_factor_graph_tracking]: Graph initialized with GT at NED (30.00, 0.00, 0.00), t=1700000000.000
[INFO] [1780497698.189519548] [microamp_factor_graph_tracking]: Initialized ROV 1 at NED (35.00, 10.00, 12.00), t_sent=1700000000.00
[INFO] [1780497698.190173631] [microamp_factor_graph_tracking]: Processed GNSS at 1700000001.00, NED (31.16, 2.26, -0.89).
[INFO] [1780497698.283987548] [microamp_factor_graph_tracking]: Processed GNSS at 1700000002.00, NED (32.85, 5.32, -0.75).
[INFO] [1780497698.384050090] [microamp_factor_graph_tracking]: Processed GNSS at 1700000003.00, NED (35.76, 2.99, -3.32).
[INFO] [1780497698.485076257] [microamp_factor_graph_tracking]: Processed GNSS at 1700000004.00, NED (39.41, 8.08, 1.44).
[INFO] [1780497698.583858298] [microamp_factor_graph_tracking]: Processed GNSS at 1700000005.00, NED (37.79, 9.11, -0.30).
[INFO] [1780497698.683664715] [microamp_factor_graph_tracking]: USBL time offset initialized: -0.000052
[INFO] [1780497698.683828132] [microamp_factor_graph_tracking]: Added ROV 1 node (step 1) at t=1700000005.00, dt=5.000 s
[INFO] [1780497698.684552132] [microamp_factor_graph_tracking]: Processed GNSS at 1700000006.00, NED (40.62, 11.40, 2.17).
[INFO] [1780497698.784907840] [microamp_factor_graph_tracking]: Processed GNSS at 1700000007.00, NED (41.58, 14.95, 1.23).
[INFO] [1780497698.884170007] [microamp_factor_graph_tracking]: Processed GNSS at 1700000008.00, NED (42.61, 12.68, 1.86).
[INFO] [1780497698.984446548] [microamp_factor_graph_tracking]: Processed GNSS at 1700000009.00, NED (41.25, 18.41, 2.64).
[INFO] [1780497699.084630757] [microamp_factor_graph_tracking]: Processed GNSS at 1700000010.00, NED (45.33, 18.94, -3.17).
[INFO] [1780497699.183872174] [microamp_factor_graph_tracking]: Added ROV 1 node (step 2) at t=1700000010.00, dt=5.000 s
[INFO] [1780497699.185279090] [microamp_factor_graph_tracking]: Processed GNSS at 1700000011.00, NED (44.94, 17.97, 2.40).
[INFO] [1780497699.284037257] [microamp_factor_graph_tracking]: Processed GNSS at 1700000012.00, NED (45.07, 18.19, -3.28).
[INFO] [1780497699.384117424] [microamp_factor_graph_tracking]: Processed GNSS at 1700000013.00, NED (45.10, 19.44, -0.10).
[INFO] [1780497699.486266632] [microamp_factor_graph_tracking]: Processed GNSS at 1700000014.00, NED (51.34, 20.67, -0.20).
[INFO] [1780497699.584805007] [microamp_factor_graph_tracking]: Processed GNSS at 1700000015.00, NED (50.00, 19.40, 0.52).
[INFO] [1780497699.683793382] [microamp_factor_graph_tracking]: Added ROV 1 node (step 3) at t=1700000015.00, dt=5.000 s
[INFO] [1780497699.685173174] [microamp_factor_graph_tracking]: Processed GNSS at 1700000016.00, NED (51.43, 19.68, 0.67).
[INFO] [1780497699.785375257] [microamp_factor_graph_tracking]: Processed GNSS at 1700000017.00, NED (54.47, 21.02, -0.64).
[INFO] [1780497699.884993632] [microamp_factor_graph_tracking]: Processed GNSS at 1700000018.00, NED (56.33, 18.68, -0.94).
[INFO] [1780497699.986626341] [microamp_factor_graph_tracking]: Processed GNSS at 1700000019.00, NED (56.24, 20.59, -2.23).
[INFO] [1780497700.085412424] [microamp_factor_graph_tracking]: Processed GNSS at 1700000020.00, NED (55.46, 17.90, -0.76).
[INFO] [1780497700.183829966] [microamp_factor_graph_tracking]: Added ROV 1 node (step 4) at t=1700000020.00, dt=5.001 s
[INFO] [1780497700.185816799] [microamp_factor_graph_tracking]: Processed GNSS at 1700000021.00, NED (56.34, 17.83, -4.11).
[INFO] [1780497700.284655674] [microamp_factor_graph_tracking]: Processed GNSS at 1700000022.00, NED (57.34, 15.56, -2.75).
[INFO] [1780497700.395294674] [microamp_factor_graph_tracking]: Processed GNSS at 1700000023.00, NED (56.27, 13.64, 0.18).
[INFO] [1780497700.485488383] [microamp_factor_graph_tracking]: Processed GNSS at 1700000024.00, NED (58.01, 12.40, -1.86).
[INFO] [1780497700.585407174] [microamp_factor_graph_tracking]: Processed GNSS at 1700000025.00, NED (57.65, 12.73, -1.44).
[INFO] [1780497700.683769466] [microamp_factor_graph_tracking]: Added ROV 1 node (step 5) at t=1700000025.00, dt=5.000 s
[INFO] [1780497700.686292133] [microamp_factor_graph_tracking]: Processed GNSS at 1700000026.00, NED (58.22, 10.47, -2.22).
[INFO] [1780497700.784793924] [microamp_factor_graph_tracking]: Processed GNSS at 1700000027.00, NED (59.76, 8.37, -0.19).
[INFO] [1780497700.884788049] [microamp_factor_graph_tracking]: Processed GNSS at 1700000028.00, NED (58.17, 4.20, 0.03).
[INFO] [1780497700.986647633] [microamp_factor_graph_tracking]: Processed GNSS at 1700000029.00, NED (59.02, 1.19, 2.17).
[INFO] [1780497701.085476174] [microamp_factor_graph_tracking]: Processed GNSS at 1700000030.00, NED (61.79, 1.69, 0.95).
[INFO] [1780497701.183808383] [microamp_factor_graph_tracking]: Added ROV 1 node (step 6) at t=1700000030.00, dt=5.000 s
[INFO] [1780497701.185506466] [microamp_factor_graph_tracking]: Processed GNSS at 1700000031.00, NED (59.16, -1.49, 2.58).
[INFO] [1780497701.285042925] [microamp_factor_graph_tracking]: Processed GNSS at 1700000032.00, NED (60.84, -0.14, 1.81).
[INFO] [1780497701.384865341] [microamp_factor_graph_tracking]: Processed GNSS at 1700000033.00, NED (58.89, -7.99, 2.83).
[INFO] [1780497701.487479341] [microamp_factor_graph_tracking]: Processed GNSS at 1700000034.00, NED (56.82, -6.13, -2.71).
[INFO] [1780497701.585754383] [microamp_factor_graph_tracking]: Processed GNSS at 1700000035.00, NED (58.49, -5.24, 1.99).
[INFO] [1780497701.683867216] [microamp_factor_graph_tracking]: Added ROV 1 node (step 7) at t=1700000035.00, dt=5.000 s
[INFO] [1780497701.685887550] [microamp_factor_graph_tracking]: Processed GNSS at 1700000036.00, NED (58.12, -6.52, 0.24).
[INFO] [1780497701.784898216] [microamp_factor_graph_tracking]: Processed GNSS at 1700000037.00, NED (59.63, -10.09, -2.30).
[INFO] [1780497701.884997467] [microamp_factor_graph_tracking]: Processed GNSS at 1700000038.00, NED (59.20, -9.20, -1.34).
[INFO] [1780497701.987215883] [microamp_factor_graph_tracking]: Processed GNSS at 1700000039.00, NED (58.42, -11.55, 2.18).
[INFO] [1780497702.085832925] [microamp_factor_graph_tracking]: Processed GNSS at 1700000040.00, NED (57.17, -17.10, 0.17).
[INFO] [1780497702.183845383] [microamp_factor_graph_tracking]: Added ROV 1 node (step 8) at t=1700000040.00, dt=5.000 s
[INFO] [1780497702.185821592] [microamp_factor_graph_tracking]: Processed GNSS at 1700000041.00, NED (56.17, -17.71, -2.01).
[INFO] [1780497702.285245300] [microamp_factor_graph_tracking]: Processed GNSS at 1700000042.00, NED (55.39, -17.31, -3.78).
[INFO] [1780497702.384972967] [microamp_factor_graph_tracking]: Processed GNSS at 1700000043.00, NED (54.12, -19.10, 0.99).
[INFO] [1780497702.487355133] [microamp_factor_graph_tracking]: Processed GNSS at 1700000044.00, NED (55.35, -18.78, 0.20).
[INFO] [1780497702.584914384] [microamp_factor_graph_tracking]: Processed GNSS at 1700000045.00, NED (53.29, -21.23, -0.38).
[INFO] [1780497702.683902425] [microamp_factor_graph_tracking]: Added ROV 1 node (step 9) at t=1700000045.00, dt=5.000 s
[INFO] [1780497702.686084092] [microamp_factor_graph_tracking]: Processed GNSS at 1700000046.00, NED (52.04, -20.32, 2.06).
[INFO] [1780497702.785253300] [microamp_factor_graph_tracking]: Processed GNSS at 1700000047.00, NED (50.29, -19.54, -4.04).
[INFO] [1780497702.884997134] [microamp_factor_graph_tracking]: Processed GNSS at 1700000048.00, NED (54.20, -19.73, 0.53).
[INFO] [1780497702.988656675] [microamp_factor_graph_tracking]: Processed GNSS at 1700000049.00, NED (47.43, -19.70, 0.72).
[INFO] [1780497703.085779259] [microamp_factor_graph_tracking]: Processed GNSS at 1700000050.00, NED (44.17, -18.82, -1.37).
[INFO] [1780497703.183850217] [microamp_factor_graph_tracking]: Added ROV 1 node (step 10) at t=1700000050.00, dt=5.000 s
[INFO] [1780497703.197822384] [microamp_factor_graph_tracking]: Processed GNSS at 1700000051.00, NED (42.84, -21.27, -1.91).
[INFO] [1780497703.284942467] [microamp_factor_graph_tracking]: Processed GNSS at 1700000052.00, NED (45.44, -14.59, 0.64).
[INFO] [1780497703.385055301] [microamp_factor_graph_tracking]: Processed GNSS at 1700000053.00, NED (47.03, -15.43, 0.42).
[INFO] [1780497703.488256842] [microamp_factor_graph_tracking]: Processed GNSS at 1700000054.00, NED (43.35, -18.34, -0.85).
[INFO] [1780497703.585770051] [microamp_factor_graph_tracking]: Processed GNSS at 1700000055.00, NED (38.85, -13.64, 2.82).
[INFO] [1780497703.683797759] [microamp_factor_graph_tracking]: Added ROV 1 node (step 11) at t=1700000055.00, dt=5.000 s
[INFO] [1780497703.685975551] [microamp_factor_graph_tracking]: Processed GNSS at 1700000056.00, NED (39.49, -11.63, -1.03).
[INFO] [1780497703.794332592] [microamp_factor_graph_tracking]: Processed GNSS at 1700000057.00, NED (41.74, -9.99, 0.84).
[INFO] [1780497703.886093676] [microamp_factor_graph_tracking]: Processed GNSS at 1700000058.00, NED (37.97, -9.14, -4.04).
[INFO] [1780497704.003510843] [microamp_factor_graph_tracking]: Processed GNSS at 1700000059.00, NED (36.41, -6.93, -1.41).
[INFO] [1780497704.086000968] [microamp_factor_graph_tracking]: Processed GNSS at 1700000060.00, NED (31.98, -4.17, 0.78).
[INFO] [1780497704.183856468] [microamp_factor_graph_tracking]: Added ROV 1 node (step 12) at t=1700000060.00, dt=5.000 s
[INFO] [1780497704.186114468] [microamp_factor_graph_tracking]: Processed GNSS at 1700000061.00, NED (32.30, -0.76, -1.35).
[INFO] [1780497704.285207009] [microamp_factor_graph_tracking]: Processed GNSS at 1700000062.00, NED (29.56, 0.54, 1.25).
[INFO] [1780497704.389754759] [microamp_factor_graph_tracking]: Processed GNSS at 1700000063.00, NED (30.29, -0.43, -0.98).
[INFO] [1780497704.488820843] [microamp_factor_graph_tracking]: Processed GNSS at 1700000064.00, NED (26.12, 2.95, 3.04).
[INFO] [1780497704.584905301] [microamp_factor_graph_tracking]: Processed GNSS at 1700000065.00, NED (24.53, 5.50, 0.92).
[INFO] [1780497704.683790760] [microamp_factor_graph_tracking]: Added ROV 1 node (step 13) at t=1700000065.00, dt=5.000 s
[INFO] [1780497704.696047968] [microamp_factor_graph_tracking]: Processed GNSS at 1700000066.00, NED (25.04, 7.31, -2.04).
[INFO] [1780497704.785068635] [microamp_factor_graph_tracking]: Processed GNSS at 1700000067.00, NED (24.22, 8.33, 0.64).
[INFO] [1780497704.885248135] [microamp_factor_graph_tracking]: Processed GNSS at 1700000068.00, NED (21.72, 12.63, -0.25).
[INFO] [1780497704.989121510] [microamp_factor_graph_tracking]: Processed GNSS at 1700000069.00, NED (19.27, 11.24, -0.41).
[INFO] [1780497705.089356135] [microamp_factor_graph_tracking]: Processed GNSS at 1700000070.00, NED (17.98, 14.57, 1.17).
[INFO] [1780497705.184015260] [microamp_factor_graph_tracking]: Added ROV 1 node (step 14) at t=1700000070.00, dt=5.001 s
[INFO] [1780497705.187038968] [microamp_factor_graph_tracking]: Processed GNSS at 1700000071.00, NED (16.75, 15.07, -0.81).
[INFO] [1780497705.286554760] [microamp_factor_graph_tracking]: Processed GNSS at 1700000072.00, NED (15.93, 13.88, 0.72).
[INFO] [1780497705.386282177] [microamp_factor_graph_tracking]: Processed GNSS at 1700000073.00, NED (15.12, 14.39, -0.60).
[INFO] [1780497705.494313510] [microamp_factor_graph_tracking]: Processed GNSS at 1700000074.00, NED (14.55, 18.92, 0.99).
[INFO] [1780497705.596897552] [microamp_factor_graph_tracking]: Processed GNSS at 1700000075.00, NED (11.97, 16.95, -1.38).
[INFO] [1780497705.684021302] [microamp_factor_graph_tracking]: Added ROV 1 node (step 15) at t=1700000075.00, dt=5.000 s
[INFO] [1780497705.687288468] [microamp_factor_graph_tracking]: Processed GNSS at 1700000076.00, NED (10.08, 19.37, 0.19).
[INFO] [1780497705.786001052] [microamp_factor_graph_tracking]: Processed GNSS at 1700000077.00, NED (12.06, 18.56, 2.26).
[INFO] [1780497705.886256302] [microamp_factor_graph_tracking]: Processed GNSS at 1700000078.00, NED (9.32, 20.06, 4.34).
[INFO] [1780497705.992275718] [microamp_factor_graph_tracking]: Processed GNSS at 1700000079.00, NED (6.92, 22.97, -1.69).
[INFO] [1780497706.087140385] [microamp_factor_graph_tracking]: Processed GNSS at 1700000080.00, NED (8.96, 20.02, -2.83).
[INFO] [1780497706.184147594] [microamp_factor_graph_tracking]: Added ROV 1 node (step 16) at t=1700000080.00, dt=5.000 s
[INFO] [1780497706.187825260] [microamp_factor_graph_tracking]: Processed GNSS at 1700000081.00, NED (7.76, 20.13, 1.53).
[INFO] [1780497706.286489552] [microamp_factor_graph_tracking]: Processed GNSS at 1700000082.00, NED (5.08, 18.43, -1.04).
[INFO] [1780497706.385913302] [microamp_factor_graph_tracking]: Processed GNSS at 1700000083.00, NED (3.46, 16.79, -1.52).
[INFO] [1780497706.487955135] [microamp_factor_graph_tracking]: Processed GNSS at 1700000084.00, NED (4.41, 17.90, 0.85).
[INFO] [1780497706.585126552] [microamp_factor_graph_tracking]: Processed GNSS at 1700000085.00, NED (4.78, 15.57, 2.39).
[INFO] [1780497706.683774927] [microamp_factor_graph_tracking]: Added ROV 1 node (step 17) at t=1700000085.00, dt=5.000 s
[INFO] [1780497706.685679010] [microamp_factor_graph_tracking]: Processed GNSS at 1700000086.00, NED (3.56, 10.74, 1.89).
[INFO] [1780497706.786066219] [microamp_factor_graph_tracking]: Processed GNSS at 1700000087.00, NED (-0.03, 14.54, -0.11).
[INFO] [1780497706.885607719] [microamp_factor_graph_tracking]: Processed GNSS at 1700000088.00, NED (1.88, 10.82, 1.39).
[INFO] [1780497707.000282427] [microamp_factor_graph_tracking]: Processed GNSS at 1700000089.00, NED (0.18, 9.50, 1.95).
[INFO] [1780497707.086734927] [microamp_factor_graph_tracking]: Processed GNSS at 1700000090.00, NED (1.69, 4.73, -0.38).
[INFO] [1780497707.184014177] [microamp_factor_graph_tracking]: Added ROV 1 node (step 18) at t=1700000090.00, dt=5.000 s
[INFO] [1780497707.187455094] [microamp_factor_graph_tracking]: Processed GNSS at 1700000091.00, NED (2.51, 5.62, -0.13).
[INFO] [1780497707.285585094] [microamp_factor_graph_tracking]: Processed GNSS at 1700000092.00, NED (-0.61, 4.37, -0.71).
[INFO] [1780497707.385463136] [microamp_factor_graph_tracking]: Processed GNSS at 1700000093.00, NED (1.74, 3.07, 2.59).
[INFO] [1780497707.490397344] [microamp_factor_graph_tracking]: Processed GNSS at 1700000094.00, NED (1.30, 0.36, 1.01).
[INFO] [1780497707.586544511] [microamp_factor_graph_tracking]: Processed GNSS at 1700000095.00, NED (-0.94, 0.02, 1.60).
[INFO] [1780497707.683830678] [microamp_factor_graph_tracking]: Added ROV 1 node (step 19) at t=1700000095.00, dt=5.000 s
[INFO] [1780497707.696394178] [microamp_factor_graph_tracking]: Processed GNSS at 1700000096.00, NED (-0.56, -5.05, -0.07).
[INFO] [1780497707.785474594] [microamp_factor_graph_tracking]: Processed GNSS at 1700000097.00, NED (1.62, -6.18, 0.05).
[INFO] [1780497707.885477261] [microamp_factor_graph_tracking]: Processed GNSS at 1700000098.00, NED (-0.84, -5.71, 0.51).
[INFO] [1780497707.990603136] [microamp_factor_graph_tracking]: Processed GNSS at 1700000099.00, NED (-0.86, -8.06, 1.03).
[INFO] [1780497708.086883719] [microamp_factor_graph_tracking]: Processed GNSS at 1700000100.00, NED (-0.21, -12.36, 1.80).
[INFO] [1780497708.183855636] [microamp_factor_graph_tracking]: Added ROV 1 node (step 20) at t=1700000100.00, dt=5.000 s
[INFO] [1780497708.186583886] [microamp_factor_graph_tracking]: Processed GNSS at 1700000101.00, NED (2.81, -12.43, -1.13).
[INFO] [1780497708.285423636] [microamp_factor_graph_tracking]: Processed GNSS at 1700000102.00, NED (6.57, -15.88, -2.27).
[INFO] [1780497708.385402678] [microamp_factor_graph_tracking]: Processed GNSS at 1700000103.00, NED (5.43, -14.10, -2.49).
[INFO] [1780497708.487807136] [microamp_factor_graph_tracking]: Processed GNSS at 1700000104.00, NED (4.77, -15.11, 0.21).
[INFO] [1780497708.584951220] [microamp_factor_graph_tracking]: Processed GNSS at 1700000105.00, NED (5.91, -19.73, -0.89).
[INFO] [1780497708.683666386] [microamp_factor_graph_tracking]: Added ROV 1 node (step 21) at t=1700000105.00, dt=5.000 s
[INFO] [1780497708.685289720] [microamp_factor_graph_tracking]: Processed GNSS at 1700000106.00, NED (6.43, -19.78, 2.40).
[INFO] [1780497708.785612720] [microamp_factor_graph_tracking]: Processed GNSS at 1700000107.00, NED (6.70, -20.30, 3.00).
[INFO] [1780497708.886703637] [microamp_factor_graph_tracking]: Processed GNSS at 1700000108.00, NED (8.53, -17.52, 1.10).
[INFO] [1780497708.991131637] [microamp_factor_graph_tracking]: Processed GNSS at 1700000109.00, NED (9.34, -19.54, -0.79).
[INFO] [1780497709.086949345] [microamp_factor_graph_tracking]: Processed GNSS at 1700000110.00, NED (9.75, -18.26, 1.02).
[INFO] [1780497709.183931720] [microamp_factor_graph_tracking]: Added ROV 1 node (step 22) at t=1700000110.00, dt=5.000 s
[INFO] [1780497709.186890345] [microamp_factor_graph_tracking]: Processed GNSS at 1700000111.00, NED (13.43, -18.84, -2.54).
[INFO] [1780497709.285640678] [microamp_factor_graph_tracking]: Processed GNSS at 1700000112.00, NED (11.82, -18.13, 2.21).
[INFO] [1780497709.385846345] [microamp_factor_graph_tracking]: Processed GNSS at 1700000113.00, NED (11.74, -19.81, 1.43).
[INFO] [1780497709.491632512] [microamp_factor_graph_tracking]: Processed GNSS at 1700000114.00, NED (13.45, -17.52, 1.57).
[INFO] [1780497709.589041387] [microamp_factor_graph_tracking]: Processed GNSS at 1700000115.00, NED (15.29, -15.89, 0.21).
[INFO] [1780497709.684360804] [microamp_factor_graph_tracking]: Added ROV 1 node (step 23) at t=1700000115.00, dt=5.000 s
[INFO] [1780497709.688648262] [microamp_factor_graph_tracking]: Processed GNSS at 1700000116.00, NED (15.86, -15.08, 4.97).
[INFO] [1780497709.785680762] [microamp_factor_graph_tracking]: Processed GNSS at 1700000117.00, NED (17.46, -14.69, -1.30).
[INFO] [1780497709.885650970] [microamp_factor_graph_tracking]: Processed GNSS at 1700000118.00, NED (18.91, -11.04, -0.02).
[INFO] [1780497710.004043887] [microamp_factor_graph_tracking]: Processed GNSS at 1700000119.00, NED (18.05, -12.34, -3.20).
[INFO] [1780497710.098806554] [microamp_factor_graph_tracking]: Processed GNSS at 1700000120.00, NED (21.91, -11.14, 2.41).
[INFO] [1780497710.183946095] [microamp_factor_graph_tracking]: Added ROV 1 node (step 24) at t=1700000120.00, dt=5.000 s
[INFO] [1780497710.186851095] [microamp_factor_graph_tracking]: Processed GNSS at 1700000121.00, NED (23.48, -7.98, 0.22).
[INFO] [1780497710.285659971] [microamp_factor_graph_tracking]: Processed GNSS at 1700000122.00, NED (23.22, -5.23, 1.11).
[INFO] [1780497710.386060387] [microamp_factor_graph_tracking]: Processed GNSS at 1700000123.00, NED (22.85, -5.32, 0.48).
[INFO] [1780497710.491453387] [microamp_factor_graph_tracking]: Processed GNSS at 1700000124.00, NED (23.13, -3.13, 0.75).
[INFO] [1780497710.587516887] [microamp_factor_graph_tracking]: Processed GNSS at 1700000125.00, NED (30.27, 1.08, 1.20).
[INFO] [1780497710.683747971] [microamp_factor_graph_tracking]: Added ROV 1 node (step 25) at t=1700000125.00, dt=5.000 s
[INFO] [1780497710.685213054] [microamp_factor_graph_tracking]: Processed GNSS at 1700000126.00, NED (31.65, -3.18, -0.41).
[INFO] [1780497710.785818346] [microamp_factor_graph_tracking]: Processed GNSS at 1700000127.00, NED (33.81, 2.47, 0.43).
[INFO] [1780497710.885627596] [microamp_factor_graph_tracking]: Processed GNSS at 1700000128.00, NED (33.34, 3.97, -2.64).
[INFO] [1780497710.992008721] [microamp_factor_graph_tracking]: Processed GNSS at 1700000129.00, NED (35.66, 5.72, 1.37).
[INFO] [1780497711.086528179] [microamp_factor_graph_tracking]: Processed GNSS at 1700000130.00, NED (34.09, 10.41, -0.80).
[INFO] [1780497711.184076971] [microamp_factor_graph_tracking]: Added ROV 1 node (step 26) at t=1700000130.00, dt=5.000 s
[INFO] [1780497711.188637346] [microamp_factor_graph_tracking]: Processed GNSS at 1700000131.00, NED (37.28, 10.57, -2.82).
[INFO] [1780497711.285940388] [microamp_factor_graph_tracking]: Processed GNSS at 1700000132.00, NED (39.84, 13.72, 0.80).
[INFO] [1780497711.385686804] [microamp_factor_graph_tracking]: Processed GNSS at 1700000133.00, NED (41.85, 14.42, 3.17).
[INFO] [1780497711.493934721] [microamp_factor_graph_tracking]: Processed GNSS at 1700000134.00, NED (39.23, 13.04, 1.01).
[INFO] [1780497711.586584263] [microamp_factor_graph_tracking]: Processed GNSS at 1700000135.00, NED (45.05, 19.30, -2.65).
[INFO] [1780497711.683908805] [microamp_factor_graph_tracking]: Added ROV 1 node (step 27) at t=1700000135.00, dt=5.001 s
[INFO] [1780497711.686626596] [microamp_factor_graph_tracking]: Processed GNSS at 1700000136.00, NED (45.77, 19.16, 2.31).
[INFO] [1780497711.785004555] [microamp_factor_graph_tracking]: Processed GNSS at 1700000137.00, NED (44.48, 20.42, 0.41).
[INFO] [1780497711.884845638] [microamp_factor_graph_tracking]: Processed GNSS at 1700000138.00, NED (47.16, 19.71, -0.43).
[INFO] [1780497711.989893721] [microamp_factor_graph_tracking]: Processed GNSS at 1700000139.00, NED (48.33, 19.15, 0.31).
[INFO] [1780497712.085366430] [microamp_factor_graph_tracking]: Processed GNSS at 1700000140.00, NED (50.98, 19.73, -2.29).
[INFO] [1780497712.183781305] [microamp_factor_graph_tracking]: Added ROV 1 node (step 28) at t=1700000140.00, dt=5.000 s
[INFO] [1780497712.185480930] [microamp_factor_graph_tracking]: Processed GNSS at 1700000141.00, NED (49.68, 21.62, -2.59).
[INFO] [1780497712.284680971] [microamp_factor_graph_tracking]: Processed GNSS at 1700000142.00, NED (51.00, 19.81, 0.63).
[INFO] [1780497712.384773972] [microamp_factor_graph_tracking]: Processed GNSS at 1700000143.00, NED (51.62, 21.50, 3.77).
[INFO] [1780497712.490602972] [microamp_factor_graph_tracking]: Processed GNSS at 1700000144.00, NED (55.24, 20.96, -0.60).
[INFO] [1780497712.585300222] [microamp_factor_graph_tracking]: Processed GNSS at 1700000145.00, NED (53.25, 19.77, 1.04).
[INFO] [1780497712.683713513] [microamp_factor_graph_tracking]: Added ROV 1 node (step 29) at t=1700000145.00, dt=5.000 s
[INFO] [1780497712.685227180] [microamp_factor_graph_tracking]: Processed GNSS at 1700000146.00, NED (55.66, 18.14, 0.23).
[INFO] [1780497712.784585888] [microamp_factor_graph_tracking]: Processed GNSS at 1700000147.00, NED (56.76, 17.58, -3.27).
[INFO] [1780497712.884886638] [microamp_factor_graph_tracking]: Processed GNSS at 1700000148.00, NED (56.86, 15.64, -1.15).
[INFO] [1780497713.002425555] [microamp_factor_graph_tracking]: Processed GNSS at 1700000149.00, NED (59.87, 13.45, -2.02).
[INFO] [1780497713.091718055] [microamp_factor_graph_tracking]: Processed GNSS at 1700000150.00, NED (58.70, 11.82, 0.77).
[INFO] [1780497713.184356930] [microamp_factor_graph_tracking]: Added ROV 1 node (step 30) at t=1700000150.00, dt=5.000 s
[INFO] [1780497713.198214347] [microamp_factor_graph_tracking]: Processed GNSS at 1700000151.00, NED (57.29, 10.74, 2.35).
[INFO] [1780497713.287890430] [microamp_factor_graph_tracking]: Processed GNSS at 1700000152.00, NED (59.91, 11.65, 2.81).
[INFO] [1780497713.387923930] [microamp_factor_graph_tracking]: Processed GNSS at 1700000153.00, NED (59.11, 7.06, 0.50).
[INFO] [1780497713.500601389] [microamp_factor_graph_tracking]: Processed GNSS at 1700000154.00, NED (61.51, 4.38, 1.52).
[INFO] [1780497713.589489930] [microamp_factor_graph_tracking]: Processed GNSS at 1700000155.00, NED (60.09, 2.46, 0.87).
[INFO] [1780497713.684277347] [microamp_factor_graph_tracking]: Added ROV 1 node (step 31) at t=1700000155.00, dt=5.000 s
[INFO] [1780497713.688942222] [microamp_factor_graph_tracking]: Processed GNSS at 1700000156.00, NED (60.04, 2.71, 0.92).
[INFO] [1780497713.798807375] [microamp_factor_graph_tracking]: Processed GNSS at 1700000157.00, NED (58.28, -2.52, -6.11).
[INFO] [1780497713.884617166] [microamp_factor_graph_tracking]: Processed GNSS at 1700000158.00, NED (63.16, -1.27, 0.90).
[INFO] [1780497713.995756125] [microamp_factor_graph_tracking]: Processed GNSS at 1700000159.00, NED (58.06, -4.70, -2.52).
[INFO] [1780497714.085154500] [microamp_factor_graph_tracking]: Processed GNSS at 1700000160.00, NED (60.01, -6.32, -0.96).
[INFO] [1780497714.184264666] [microamp_factor_graph_tracking]: Added ROV 1 node (step 32) at t=1700000160.00, dt=5.000 s
[INFO] [1780497714.189414750] [microamp_factor_graph_tracking]: Processed GNSS at 1700000161.00, NED (60.35, -7.85, -0.19).
[INFO] [1780497714.284639500] [microamp_factor_graph_tracking]: Processed GNSS at 1700000162.00, NED (59.38, -10.00, -0.46).
[INFO] [1780497714.384793291] [microamp_factor_graph_tracking]: Processed GNSS at 1700000163.00, NED (59.09, -11.53, -4.12).
[INFO] [1780497714.489471125] [microamp_factor_graph_tracking]: Processed GNSS at 1700000164.00, NED (57.76, -14.61, -1.07).
[INFO] [1780497714.589933458] [microamp_factor_graph_tracking]: Processed GNSS at 1700000165.00, NED (58.11, -14.12, -3.35).
[INFO] [1780497714.683543625] [microamp_factor_graph_tracking]: Added ROV 1 node (step 33) at t=1700000165.00, dt=5.000 s
[INFO] [1780497714.684945167] [microamp_factor_graph_tracking]: Processed GNSS at 1700000166.00, NED (55.75, -13.90, 0.59).
[INFO] [1780497714.784598833] [microamp_factor_graph_tracking]: Processed GNSS at 1700000167.00, NED (57.04, -17.55, 2.05).
[INFO] [1780497714.884842250] [microamp_factor_graph_tracking]: Processed GNSS at 1700000168.00, NED (56.32, -15.41, -0.29).
[INFO] [1780497714.990614000] [microamp_factor_graph_tracking]: Processed GNSS at 1700000169.00, NED (56.60, -20.41, 0.67).
[INFO] [1780497715.085154875] [microamp_factor_graph_tracking]: Processed GNSS at 1700000170.00, NED (53.67, -19.62, -3.39).
[INFO] [1780497715.183532167] [microamp_factor_graph_tracking]: Added ROV 1 node (step 34) at t=1700000170.00, dt=5.000 s
[INFO] [1780497715.185470084] [microamp_factor_graph_tracking]: Processed GNSS at 1700000171.00, NED (51.66, -18.41, -0.72).
[INFO] [1780497715.284649209] [microamp_factor_graph_tracking]: Processed GNSS at 1700000172.00, NED (51.60, -22.37, -0.55).
[INFO] [1780497715.398423667] [microamp_factor_graph_tracking]: Processed GNSS at 1700000173.00, NED (53.31, -19.03, -0.02).
[INFO] [1780497715.489418042] [microamp_factor_graph_tracking]: Processed GNSS at 1700000174.00, NED (51.12, -20.95, -2.39).
[INFO] [1780497715.585215125] [microamp_factor_graph_tracking]: Processed GNSS at 1700000175.00, NED (47.69, -17.28, -0.63).
[INFO] [1780497715.683537625] [microamp_factor_graph_tracking]: Added ROV 1 node (step 35) at t=1700000175.00, dt=5.000 s
[INFO] [1780497715.685158250] [microamp_factor_graph_tracking]: Processed GNSS at 1700000176.00, NED (46.82, -17.27, 0.16).
[INFO] [1780497715.787331084] [microamp_factor_graph_tracking]: Processed GNSS at 1700000177.00, NED (45.35, -21.01, 0.59).
[INFO] [1780497715.884669376] [microamp_factor_graph_tracking]: Processed GNSS at 1700000178.00, NED (46.41, -17.57, 1.61).
[INFO] [1780497715.991274376] [microamp_factor_graph_tracking]: Processed GNSS at 1700000179.00, NED (43.34, -14.61, -2.29).
[INFO] [1780497716.100635209] [microamp_factor_graph_tracking]: Processed GNSS at 1700000180.00, NED (42.74, -15.83, -0.12).
[INFO] [1780497716.183920959] [microamp_factor_graph_tracking]: Added ROV 1 node (step 36) at t=1700000180.00, dt=5.000 s
[INFO] [1780497716.188004501] [microamp_factor_graph_tracking]: Processed GNSS at 1700000181.00, NED (39.72, -11.81, -0.79).
[INFO] [1780497716.284918834] [microamp_factor_graph_tracking]: Processed GNSS at 1700000182.00, NED (38.30, -9.23, -1.97).
[INFO] [1780497716.387076084] [microamp_factor_graph_tracking]: Processed GNSS at 1700000183.00, NED (37.63, -10.08, 2.53).
[INFO] [1780497716.490342626] [microamp_factor_graph_tracking]: Processed GNSS at 1700000184.00, NED (36.14, -10.28, 0.96).
[INFO] [1780497716.588126543] [microamp_factor_graph_tracking]: Processed GNSS at 1700000185.00, NED (33.48, -9.01, -2.01).
[INFO] [1780497716.683863626] [microamp_factor_graph_tracking]: Added ROV 1 node (step 37) at t=1700000185.00, dt=5.000 s
[INFO] [1780497716.688176459] [microamp_factor_graph_tracking]: Processed GNSS at 1700000186.00, NED (34.90, -3.62, 3.52).
[INFO] [1780497716.784739751] [microamp_factor_graph_tracking]: Processed GNSS at 1700000187.00, NED (29.27, -3.85, 1.26).
[INFO] [1780497716.886580834] [microamp_factor_graph_tracking]: Processed GNSS at 1700000188.00, NED (30.53, -2.17, -1.90).
[INFO] [1780497716.999621001] [microamp_factor_graph_tracking]: Processed GNSS at 1700000189.00, NED (29.68, 0.28, 1.88).
[INFO] [1780497717.100659626] [microamp_factor_graph_tracking]: Processed GNSS at 1700000190.00, NED (26.21, 2.72, -0.01).
[INFO] [1780497717.184263001] [microamp_factor_graph_tracking]: Added ROV 1 node (step 38) at t=1700000190.00, dt=5.000 s
[INFO] [1780497717.190401459] [microamp_factor_graph_tracking]: Processed GNSS at 1700000191.00, NED (25.07, 4.37, -1.66).
[INFO] [1780497717.284864376] [microamp_factor_graph_tracking]: Processed GNSS at 1700000192.00, NED (22.86, 6.89, 0.44).
[INFO] [1780497717.385112460] [microamp_factor_graph_tracking]: Processed GNSS at 1700000193.00, NED (21.45, 8.64, 1.57).
[INFO] [1780497717.495806835] [microamp_factor_graph_tracking]: Processed GNSS at 1700000194.00, NED (19.83, 10.57, 1.26).
[INFO] [1780497717.585820585] [microamp_factor_graph_tracking]: Processed GNSS at 1700000195.00, NED (20.28, 11.32, -1.39).
[INFO] [1780497717.683556168] [microamp_factor_graph_tracking]: Added ROV 1 node (step 39) at t=1700000195.00, dt=5.000 s
[INFO] [1780497717.685450751] [microamp_factor_graph_tracking]: Processed GNSS at 1700000196.00, NED (17.34, 17.86, -0.17).
[INFO] [1780497717.784824835] [microamp_factor_graph_tracking]: Processed GNSS at 1700000197.00, NED (17.02, 13.40, 3.43).
[INFO] [1780497717.885113960] [microamp_factor_graph_tracking]: Processed GNSS at 1700000198.00, NED (14.85, 15.07, 0.97).
[INFO] [1780497717.996813543] [microamp_factor_graph_tracking]: Processed GNSS at 1700000199.00, NED (12.34, 16.10, 1.41).
[INFO] [1780497718.096942543] [microamp_factor_graph_tracking]: Processed GNSS at 1700000200.00, NED (13.87, 17.71, -1.02).
[INFO] [1780497718.183656252] [microamp_factor_graph_tracking]: Added ROV 1 node (step 40) at t=1700000200.00, dt=5.000 s
[INFO] [1780497718.185451335] [microamp_factor_graph_tracking]: Processed GNSS at 1700000201.00, NED (11.44, 17.92, -5.25).
[INFO] [1780497718.285008127] [microamp_factor_graph_tracking]: Processed GNSS at 1700000202.00, NED (11.77, 19.04, 2.47).
[INFO] [1780497718.385043335] [microamp_factor_graph_tracking]: Processed GNSS at 1700000203.00, NED (10.45, 20.74, -0.78).
[INFO] [1780497718.494966877] [microamp_factor_graph_tracking]: Processed GNSS at 1700000204.00, NED (10.53, 17.37, 2.25).
[INFO] [1780497718.585810877] [microamp_factor_graph_tracking]: Processed GNSS at 1700000205.00, NED (9.51, 17.24, 0.21).
[INFO] [1780497718.684464294] [microamp_factor_graph_tracking]: Added ROV 1 node (step 41) at t=1700000205.00, dt=5.000 s
[INFO] [1780497718.688475502] [microamp_factor_graph_tracking]: Processed GNSS at 1700000206.00, NED (5.75, 17.74, 1.80).
[INFO] [1780497718.785362544] [microamp_factor_graph_tracking]: Processed GNSS at 1700000207.00, NED (5.86, 18.23, 0.43).
[INFO] [1780497718.885249377] [microamp_factor_graph_tracking]: Processed GNSS at 1700000208.00, NED (3.62, 18.30, -0.46).
[INFO] [1780497718.995722294] [microamp_factor_graph_tracking]: Processed GNSS at 1700000209.00, NED (6.55, 18.11, -1.16).
[INFO] [1780497719.087353294] [microamp_factor_graph_tracking]: Processed GNSS at 1700000210.00, NED (1.46, 16.16, -0.75).
[INFO] [1780497719.183757252] [microamp_factor_graph_tracking]: Added ROV 1 node (step 42) at t=1700000210.00, dt=4.999 s
[INFO] [1780497719.187344419] [microamp_factor_graph_tracking]: Processed GNSS at 1700000211.00, NED (3.63, 14.72, -1.49).
[INFO] [1780497719.289404377] [microamp_factor_graph_tracking]: Processed GNSS at 1700000212.00, NED (3.18, 13.24, 2.07).
[INFO] [1780497719.389246586] [microamp_factor_graph_tracking]: Processed GNSS at 1700000213.00, NED (1.92, 13.37, 0.87).
[INFO] [1780497719.513542919] [microamp_factor_graph_tracking]: Processed GNSS at 1700000214.00, NED (1.96, 8.49, -2.13).
[INFO] [1780497719.588732044] [microamp_factor_graph_tracking]: Processed GNSS at 1700000215.00, NED (1.16, 9.64, -0.83).
[INFO] [1780497719.684076836] [microamp_factor_graph_tracking]: Added ROV 1 node (step 43) at t=1700000215.00, dt=5.000 s
[INFO] [1780497719.687499627] [microamp_factor_graph_tracking]: Processed GNSS at 1700000216.00, NED (-0.33, 6.96, 3.19).
[INFO] [1780497719.786701086] [microamp_factor_graph_tracking]: Processed GNSS at 1700000217.00, NED (0.56, 4.02, -0.57).
[INFO] [1780497719.900923544] [microamp_factor_graph_tracking]: Processed GNSS at 1700000218.00, NED (2.90, 2.72, 1.76).
[INFO] [1780497720.011998669] [microamp_factor_graph_tracking]: Processed GNSS at 1700000219.00, NED (0.02, 2.64, -0.05).
[INFO] [1780497720.090261336] [microamp_factor_graph_tracking]: Processed GNSS at 1700000220.00, NED (-2.04, 1.57, 0.17).
[INFO] [1780497720.184178794] [microamp_factor_graph_tracking]: Added ROV 1 node (step 44) at t=1700000220.00, dt=5.000 s
[INFO] [1780497720.190926336] [microamp_factor_graph_tracking]: Processed GNSS at 1700000221.00, NED (0.73, -1.45, 2.18).
[INFO] [1780497720.289191253] [microamp_factor_graph_tracking]: Processed GNSS at 1700000222.00, NED (3.07, -3.88, 0.30).
[INFO] [1780497720.388348044] [microamp_factor_graph_tracking]: Processed GNSS at 1700000223.00, NED (2.53, -3.76, -1.57).
[INFO] [1780497720.492008461] [microamp_factor_graph_tracking]: Processed GNSS at 1700000224.00, NED (0.08, -9.55, 0.51).
[INFO] [1780497720.585793586] [microamp_factor_graph_tracking]: Processed GNSS at 1700000225.00, NED (0.71, -9.32, 0.09).
[INFO] [1780497720.683680378] [microamp_factor_graph_tracking]: Added ROV 1 node (step 45) at t=1700000225.00, dt=5.000 s
[INFO] [1780497720.685622669] [microamp_factor_graph_tracking]: Processed GNSS at 1700000226.00, NED (1.37, -12.83, -0.05).
[INFO] [1780497720.784831336] [microamp_factor_graph_tracking]: Processed GNSS at 1700000227.00, NED (-0.35, -17.34, 2.82).
[INFO] [1780497720.884904378] [microamp_factor_graph_tracking]: Processed GNSS at 1700000228.00, NED (2.11, -13.21, 3.00).
[INFO] [1780497720.992602670] [microamp_factor_graph_tracking]: Processed GNSS at 1700000229.00, NED (3.61, -14.45, 2.85).
[INFO] [1780497721.085413295] [microamp_factor_graph_tracking]: Processed GNSS at 1700000230.00, NED (1.18, -15.27, 2.92).
[INFO] [1780497721.183582753] [microamp_factor_graph_tracking]: Added ROV 1 node (step 46) at t=1700000230.00, dt=5.000 s
[INFO] [1780497721.185508753] [microamp_factor_graph_tracking]: Processed GNSS at 1700000231.00, NED (6.82, -15.22, 0.27).
[INFO] [1780497721.285056586] [microamp_factor_graph_tracking]: Processed GNSS at 1700000232.00, NED (5.21, -18.26, -1.93).
[INFO] [1780497721.384994753] [microamp_factor_graph_tracking]: Processed GNSS at 1700000233.00, NED (6.08, -18.38, -0.73).
[INFO] [1780497721.502811628] [microamp_factor_graph_tracking]: Processed GNSS at 1700000234.00, NED (7.69, -20.63, 0.59).
[INFO] [1780497721.585377295] [microamp_factor_graph_tracking]: Processed GNSS at 1700000235.00, NED (9.29, -19.62, 0.42).
[INFO] [1780497721.683872045] [microamp_factor_graph_tracking]: Added ROV 1 node (step 47) at t=1700000235.00, dt=5.000 s
[INFO] [1780497721.697556753] [microamp_factor_graph_tracking]: Processed GNSS at 1700000236.00, NED (7.61, -20.64, 3.30).
[INFO] [1780497721.789424670] [microamp_factor_graph_tracking]: Processed GNSS at 1700000237.00, NED (11.45, -19.26, 2.76).
[INFO] [1780497721.889535920] [microamp_factor_graph_tracking]: Processed GNSS at 1700000238.00, NED (11.59, -20.66, -0.31).
[INFO] [1780497722.002117462] [microamp_factor_graph_tracking]: Processed GNSS at 1700000239.00, NED (13.63, -20.13, 1.62).
[INFO] [1780497722.090519629] [microamp_factor_graph_tracking]: Processed GNSS at 1700000240.00, NED (11.96, -15.76, -0.26).
[INFO] [1780497722.184345129] [microamp_factor_graph_tracking]: Added ROV 1 node (step 48) at t=1700000240.00, dt=5.000 s
[INFO] [1780497722.190423879] [microamp_factor_graph_tracking]: Processed GNSS at 1700000241.00, NED (13.80, -16.94, -1.77).
[INFO] [1780497722.287569254] [microamp_factor_graph_tracking]: Processed GNSS at 1700000242.00, NED (16.42, -16.56, -0.42).
[INFO] [1780497722.388996670] [microamp_factor_graph_tracking]: Processed GNSS at 1700000243.00, NED (14.34, -14.71, 0.96).
[INFO] [1780497722.502710212] [microamp_factor_graph_tracking]: Processed GNSS at 1700000244.00, NED (19.46, -12.78, -3.62).
[INFO] [1780497722.592041170] [microamp_factor_graph_tracking]: Processed GNSS at 1700000245.00, NED (20.54, -8.30, 0.88).
[INFO] [1780497722.684246004] [microamp_factor_graph_tracking]: Added ROV 1 node (step 49) at t=1700000245.00, dt=5.000 s
[INFO] [1780497722.691245212] [microamp_factor_graph_tracking]: Processed GNSS at 1700000246.00, NED (23.81, -8.54, -0.45).
[INFO] [1780497722.789225671] [microamp_factor_graph_tracking]: Processed GNSS at 1700000247.00, NED (24.29, -10.85, 0.09).
[INFO] [1780497722.884952587] [microamp_factor_graph_tracking]: Processed GNSS at 1700000248.00, NED (23.03, -5.91, -1.70).
[INFO] [1780497722.997473421] [microamp_factor_graph_tracking]: Processed GNSS at 1700000249.00, NED (27.06, -4.38, 5.48).
[INFO] [1780497723.090337129] [microamp_factor_graph_tracking]: Processed GNSS at 1700000250.00, NED (29.54, 0.08, -3.37).
[INFO] [1780497723.185669837] [microamp_factor_graph_tracking]: Added ROV 1 node (step 50) at t=1700000250.00, dt=5.000 s
[INFO] [1780497723.190543421] [microamp_factor_graph_tracking]: Processed GNSS at 1700000251.00, NED (29.95, -0.38, 2.69).
[INFO] [1780497723.285019296] [microamp_factor_graph_tracking]: Processed GNSS at 1700000252.00, NED (29.98, -0.14, -4.69).
[INFO] [1780497723.385072837] [microamp_factor_graph_tracking]: Processed GNSS at 1700000253.00, NED (33.38, 1.50, 1.45).
[INFO] [1780497723.491710879] [microamp_factor_graph_tracking]: Processed GNSS at 1700000254.00, NED (33.15, 5.88, -3.63).
[INFO] [1780497723.586560796] [microamp_factor_graph_tracking]: Processed GNSS at 1700000255.00, NED (35.67, 7.97, -2.84).
[INFO] [1780497723.683807088] [microamp_factor_graph_tracking]: Added ROV 1 node (step 51) at t=1700000255.00, dt=5.000 s
[INFO] [1780497723.686398588] [microamp_factor_graph_tracking]: Processed GNSS at 1700000256.00, NED (38.40, 8.16, 0.05).
[INFO] [1780497723.785189004] [microamp_factor_graph_tracking]: Processed GNSS at 1700000257.00, NED (38.19, 10.08, 0.08).
[INFO] [1780497723.885330921] [microamp_factor_graph_tracking]: Processed GNSS at 1700000258.00, NED (39.81, 12.53, -2.52).
[INFO] [1780497723.994001546] [microamp_factor_graph_tracking]: Processed GNSS at 1700000259.00, NED (40.41, 13.09, -0.89).
[INFO] [1780497724.085483546] [microamp_factor_graph_tracking]: Processed GNSS at 1700000260.00, NED (42.90, 14.41, -0.14).
[INFO] [1780497724.183587254] [microamp_factor_graph_tracking]: Added ROV 1 node (step 52) at t=1700000260.00, dt=5.000 s
[INFO] [1780497724.185574838] [microamp_factor_graph_tracking]: Processed GNSS at 1700000261.00, NED (43.95, 15.11, -0.52).
[INFO] [1780497724.287375963] [microamp_factor_graph_tracking]: Processed GNSS at 1700000262.00, NED (43.76, 19.23, 0.92).
[INFO] [1780497724.399490838] [microamp_factor_graph_tracking]: Processed GNSS at 1700000263.00, NED (44.73, 17.29, 0.54).
[INFO] [1780497724.501760713] [microamp_factor_graph_tracking]: Processed GNSS at 1700000264.00, NED (48.78, 18.38, 0.41).
[INFO] [1780497724.601184380] [microamp_factor_graph_tracking]: Processed GNSS at 1700000265.00, NED (46.98, 20.28, -0.43).
[INFO] [1780497724.684461130] [microamp_factor_graph_tracking]: Added ROV 1 node (step 53) at t=1700000265.00, dt=5.000 s
[INFO] [1780497724.690417005] [microamp_factor_graph_tracking]: Processed GNSS at 1700000266.00, NED (47.00, 21.00, -2.56).
[INFO] [1780497724.789080921] [microamp_factor_graph_tracking]: Processed GNSS at 1700000267.00, NED (53.30, 19.85, 2.90).
[INFO] [1780497724.887264047] [microamp_factor_graph_tracking]: Processed GNSS at 1700000268.00, NED (52.99, 20.07, -1.79).
[INFO] [1780497724.993396047] [microamp_factor_graph_tracking]: Processed GNSS at 1700000269.00, NED (52.99, 20.65, 3.06).
[INFO] [1780497725.088454255] [microamp_factor_graph_tracking]: Processed GNSS at 1700000270.00, NED (55.52, 21.58, -4.15).
[INFO] [1780497725.184389922] [microamp_factor_graph_tracking]: Added ROV 1 node (step 54) at t=1700000270.00, dt=5.000 s
[INFO] [1780497725.190947422] [microamp_factor_graph_tracking]: Processed GNSS at 1700000271.00, NED (57.55, 14.72, -3.87).
[INFO] [1780497725.288875463] [microamp_factor_graph_tracking]: Processed GNSS at 1700000272.00, NED (56.14, 16.69, -2.37).
[INFO] [1780497725.388671130] [microamp_factor_graph_tracking]: Processed GNSS at 1700000273.00, NED (58.99, 16.25, 2.24).
[INFO] [1780497725.502588463] [microamp_factor_graph_tracking]: Processed GNSS at 1700000274.00, NED (60.41, 14.99, -0.37).
[INFO] [1780497725.602516464] [microamp_factor_graph_tracking]: Processed GNSS at 1700000275.00, NED (59.88, 15.87, 1.52).
[INFO] [1780497725.684310880] [microamp_factor_graph_tracking]: Added ROV 1 node (step 55) at t=1700000275.00, dt=5.000 s
[INFO] [1780497725.692762214] [microamp_factor_graph_tracking]: Processed GNSS at 1700000276.00, NED (58.11, 13.17, -0.15).
[INFO] [1780497725.789992130] [microamp_factor_graph_tracking]: Processed GNSS at 1700000277.00, NED (58.71, 9.54, 1.91).
[INFO] [1780497725.900833505] [microamp_factor_graph_tracking]: Processed GNSS at 1700000278.00, NED (58.41, 10.78, -2.14).
[INFO] [1780497726.002869089] [microamp_factor_graph_tracking]: Processed GNSS at 1700000279.00, NED (61.14, 7.31, -0.46).
[INFO] [1780497726.096550797] [microamp_factor_graph_tracking]: Processed GNSS at 1700000280.00, NED (61.44, 6.33, 0.48).
[INFO] [1780497726.183710964] [microamp_factor_graph_tracking]: Added ROV 1 node (step 56) at t=1700000280.00, dt=5.000 s
[INFO] [1780497726.190207547] [microamp_factor_graph_tracking]: Processed GNSS at 1700000281.00, NED (60.05, 3.91, 3.32).
[INFO] [1780497726.289597422] [microamp_factor_graph_tracking]: Processed GNSS at 1700000282.00, NED (62.93, 1.17, -1.38).
[INFO] [1780497726.390052422] [microamp_factor_graph_tracking]: Processed GNSS at 1700000283.00, NED (60.89, 0.31, 1.38).
[INFO] [1780497726.492172964] [microamp_factor_graph_tracking]: Processed GNSS at 1700000284.00, NED (63.14, -1.35, 1.45).
[INFO] [1780497726.587478422] [microamp_factor_graph_tracking]: Processed GNSS at 1700000285.00, NED (60.77, -6.62, -0.55).
[INFO] [1780497726.683990297] [microamp_factor_graph_tracking]: Added ROV 1 node (step 57) at t=1700000285.00, dt=5.000 s
[INFO] [1780497726.688602214] [microamp_factor_graph_tracking]: Processed GNSS at 1700000286.00, NED (58.96, -7.46, 3.29).
[INFO] [1780497726.789816089] [microamp_factor_graph_tracking]: Processed GNSS at 1700000287.00, NED (58.42, -6.37, 1.14).
[INFO] [1780497726.890258714] [microamp_factor_graph_tracking]: Processed GNSS at 1700000288.00, NED (55.84, -11.41, 0.63).
[INFO] [1780497726.992925256] [microamp_factor_graph_tracking]: Processed GNSS at 1700000289.00, NED (58.04, -13.33, -0.23).
[INFO] [1780497727.088192589] [microamp_factor_graph_tracking]: Processed GNSS at 1700000290.00, NED (58.09, -14.19, -3.58).
[INFO] [1780497727.184488589] [microamp_factor_graph_tracking]: Added ROV 1 node (step 58) at t=1700000290.00, dt=5.000 s
[INFO] [1780497727.191700839] [microamp_factor_graph_tracking]: Processed GNSS at 1700000291.00, NED (55.27, -16.14, 1.22).
[INFO] [1780497727.290403714] [microamp_factor_graph_tracking]: Processed GNSS at 1700000292.00, NED (58.20, -14.59, 2.30).
[INFO] [1780497727.400085756] [microamp_factor_graph_tracking]: Processed GNSS at 1700000293.00, NED (57.63, -15.65, -0.83).
[INFO] [1780497727.506820464] [microamp_factor_graph_tracking]: Processed GNSS at 1700000294.00, NED (55.67, -19.17, 1.48).
[INFO] [1780497727.589939089] [microamp_factor_graph_tracking]: Processed GNSS at 1700000295.00, NED (55.96, -20.20, 0.93).
[INFO] [1780497727.684279215] [microamp_factor_graph_tracking]: Added ROV 1 node (step 59) at t=1700000295.00, dt=5.000 s
[INFO] [1780497727.692041173] [microamp_factor_graph_tracking]: Processed GNSS at 1700000296.00, NED (54.40, -19.31, 1.17).
[INFO] [1780497727.790574006] [microamp_factor_graph_tracking]: Processed GNSS at 1700000297.00, NED (54.73, -21.73, -1.72).
[INFO] [1780497727.901648256] [microamp_factor_graph_tracking]: Processed GNSS at 1700000298.00, NED (49.80, -20.84, 0.37).
[INFO] [1780497728.010801423] [microamp_factor_graph_tracking]: Processed GNSS at 1700000299.00, NED (49.39, -18.99, -1.44).
[INFO] [1780497729.488585507] [rclcpp]: signal_handler(SIGINT/SIGTERM)
