[INFO] [1781093268.300793588] [microamp_factor_graph_tracking]: Using scenario_id=3
[INFO] [1781093268.305365171] [microamp_factor_graph_tracking]: Expanded factor graph node initialized.
[WARN] [1781093270.704728214] [microamp_factor_graph_tracking]: Graph not initialized yet, skipping USBL measurement
[INFO] [1781093270.705198172] [microamp_factor_graph_tracking]: Graph initialized with GNSS at NED (1.74, 0.27, -0.15)
[INFO] [1781093270.707470631] [microamp_factor_graph_tracking]: IMU initialized at time 1700000001.000
[INFO] [1781093270.814300672] [microamp_factor_graph_tracking]: Processed GNSS at 1700000002.00, NED (3.28, 0.48, -0.11).
[INFO] [1781093270.905663756] [microamp_factor_graph_tracking]: Processed GNSS at 1700000003.00, NED (5.07, -0.37, -0.75).
[INFO] [1781093271.006186256] [microamp_factor_graph_tracking]: Processed GNSS at 1700000004.00, NED (7.00, 0.27, 0.44).
[INFO] [1781093271.105683464] [microamp_factor_graph_tracking]: Processed GNSS at 1700000005.00, NED (7.88, 0.12, -0.00).
[INFO] [1781093271.204224631] [microamp_factor_graph_tracking]: Initialized ROV 1 at NED (199.91, 98.63, 8.33), t_sent=1700000005.00
[INFO] [1781093271.206177298] [microamp_factor_graph_tracking]: Processed GNSS at 1700000006.00, NED (9.66, 0.24, 0.62).
[INFO] [1781093271.305066964] [microamp_factor_graph_tracking]: Processed GNSS at 1700000007.00, NED (11.06, 0.63, 0.38).
[INFO] [1781093271.406949548] [microamp_factor_graph_tracking]: Processed GNSS at 1700000008.00, NED (12.49, -0.12, 0.54).
[INFO] [1781093271.504262714] [microamp_factor_graph_tracking]: Processed GNSS at 1700000009.00, NED (13.44, 0.76, 0.74).
[INFO] [1781093271.605067798] [microamp_factor_graph_tracking]: Processed GNSS at 1700000010.00, NED (15.48, 0.64, -0.72).
[INFO] [1781093271.704600881] [microamp_factor_graph_tracking]: USBL time offset initialized: -0.000044
[INFO] [1781093271.706769673] [microamp_factor_graph_tracking]: Added ROV 1 node (step 1) at t=1700000010.00, dt=5.000 s
[INFO] [1781093271.709461756] [microamp_factor_graph_tracking]: Processed GNSS at 1700000011.00, NED (16.64, 0.25, 0.68).
[INFO] [1781093271.806840173] [microamp_factor_graph_tracking]: Processed GNSS at 1700000012.00, NED (17.91, 0.13, -0.74).
[INFO] [1781093271.904671131] [microamp_factor_graph_tracking]: Processed GNSS at 1700000013.00, NED (19.16, 0.25, 0.05).
[INFO] [1781093272.004528673] [microamp_factor_graph_tracking]: Processed GNSS at 1700000014.00, NED (21.66, 0.42, 0.03).
[INFO] [1781093272.108320423] [microamp_factor_graph_tracking]: Processed GNSS at 1700000015.00, NED (22.66, 0.12, 0.21).
[INFO] [1781093272.204054173] [microamp_factor_graph_tracking]: Added ROV 1 node (step 2) at t=1700000015.00, dt=5.000 s
[INFO] [1781093272.207317798] [microamp_factor_graph_tracking]: Processed GNSS at 1700000016.00, NED (24.22, 0.18, 0.24).
[INFO] [1781093272.306139631] [microamp_factor_graph_tracking]: Processed GNSS at 1700000017.00, NED (26.11, 0.49, -0.09).
[INFO] [1781093272.405106256] [microamp_factor_graph_tracking]: Processed GNSS at 1700000018.00, NED (27.79, 0.11, -0.16).
[INFO] [1781093272.505107590] [microamp_factor_graph_tracking]: Processed GNSS at 1700000019.00, NED (29.08, 0.62, -0.48).
[INFO] [1781093272.614726507] [microamp_factor_graph_tracking]: Processed GNSS at 1700000020.00, NED (30.26, 0.24, -0.11).
[INFO] [1781093272.703718090] [microamp_factor_graph_tracking]: Added ROV 1 node (step 3) at t=1700000020.00, dt=5.001 s
[INFO] [1781093272.705045798] [microamp_factor_graph_tracking]: Processed GNSS at 1700000021.00, NED (31.78, 0.43, -0.95).
[INFO] [1781093272.805408715] [microamp_factor_graph_tracking]: Processed GNSS at 1700000022.00, NED (33.34, 0.20, -0.61).
[INFO] [1781093272.905859840] [microamp_factor_graph_tracking]: Processed GNSS at 1700000023.00, NED (34.50, 0.07, 0.12).
[INFO] [1781093273.006386215] [microamp_factor_graph_tracking]: Processed GNSS at 1700000024.00, NED (36.23, 0.11, -0.39).
[INFO] [1781093273.107642257] [microamp_factor_graph_tracking]: Processed GNSS at 1700000025.00, NED (37.56, 0.49, -0.28).
[INFO] [1781093273.204278090] [microamp_factor_graph_tracking]: Added ROV 1 node (step 4) at t=1700000025.00, dt=4.999 s
[INFO] [1781093273.209079674] [microamp_factor_graph_tracking]: Processed GNSS at 1700000026.00, NED (39.09, 0.38, -0.48).
[INFO] [1781093273.304964965] [microamp_factor_graph_tracking]: Processed GNSS at 1700000027.00, NED (40.83, 0.31, 0.03).
[INFO] [1781093273.406330340] [microamp_factor_graph_tracking]: Processed GNSS at 1700000028.00, NED (41.95, -0.15, 0.08).
[INFO] [1781093273.506151965] [microamp_factor_graph_tracking]: Processed GNSS at 1700000029.00, NED (43.58, -0.36, 0.62).
[INFO] [1781093273.608096382] [microamp_factor_graph_tracking]: Processed GNSS at 1700000030.00, NED (45.61, 0.13, 0.31).
[INFO] [1781093273.703789674] [microamp_factor_graph_tracking]: Added ROV 1 node (step 5) at t=1700000030.00, dt=5.000 s
[INFO] [1781093273.708195965] [microamp_factor_graph_tracking]: Processed GNSS at 1700000031.00, NED (46.57, -0.10, 0.72).
[INFO] [1781093273.805799882] [microamp_factor_graph_tracking]: Processed GNSS at 1700000032.00, NED (48.41, 0.57, 0.53).
[INFO] [1781093273.905540507] [microamp_factor_graph_tracking]: Processed GNSS at 1700000033.00, NED (49.54, -0.60, 0.78).
[INFO] [1781093274.004291591] [microamp_factor_graph_tracking]: Processed GNSS at 1700000034.00, NED (50.66, 0.16, -0.60).
[INFO] [1781093274.105501507] [microamp_factor_graph_tracking]: Processed GNSS at 1700000035.00, NED (52.54, 0.72, 0.57).
[INFO] [1781093274.204500341] [microamp_factor_graph_tracking]: Added ROV 1 node (step 6) at t=1700000035.00, dt=5.000 s
[INFO] [1781093274.208898174] [microamp_factor_graph_tracking]: Processed GNSS at 1700000036.00, NED (54.03, 0.84, 0.14).
[INFO] [1781093274.307808966] [microamp_factor_graph_tracking]: Processed GNSS at 1700000037.00, NED (55.91, 0.47, -0.50).
[INFO] [1781093274.405345341] [microamp_factor_graph_tracking]: Processed GNSS at 1700000038.00, NED (57.42, 0.98, -0.26).
[INFO] [1781093274.505533049] [microamp_factor_graph_tracking]: Processed GNSS at 1700000039.00, NED (58.88, 0.82, 0.62).
[INFO] [1781093274.620075799] [microamp_factor_graph_tracking]: Processed GNSS at 1700000040.00, NED (60.25, -0.01, 0.12).
[INFO] [1781093274.703731299] [microamp_factor_graph_tracking]: Added ROV 1 node (step 7) at t=1700000040.00, dt=5.000 s
[INFO] [1781093274.704814341] [microamp_factor_graph_tracking]: Processed GNSS at 1700000041.00, NED (61.69, 0.11, -0.43).
[INFO] [1781093274.805647508] [microamp_factor_graph_tracking]: Processed GNSS at 1700000042.00, NED (63.19, 0.41, -0.87).
[INFO] [1781093274.906651674] [microamp_factor_graph_tracking]: Processed GNSS at 1700000043.00, NED (64.60, 0.23, 0.32).
[INFO] [1781093275.006430966] [microamp_factor_graph_tracking]: Processed GNSS at 1700000044.00, NED (66.53, 0.43, 0.13).
[INFO] [1781093275.112041133] [microamp_factor_graph_tracking]: Processed GNSS at 1700000045.00, NED (67.82, 0.04, -0.02).
[INFO] [1781093275.204115008] [microamp_factor_graph_tracking]: Added ROV 1 node (step 8) at t=1700000045.00, dt=5.000 s
[INFO] [1781093275.210104216] [microamp_factor_graph_tracking]: Processed GNSS at 1700000046.00, NED (69.28, 0.28, 0.59).
[INFO] [1781093275.306659758] [microamp_factor_graph_tracking]: Processed GNSS at 1700000047.00, NED (70.65, 0.45, -0.94).
[INFO] [1781093275.406823758] [microamp_factor_graph_tracking]: Processed GNSS at 1700000048.00, NED (73.16, 0.39, 0.21).
[INFO] [1781093275.507002508] [microamp_factor_graph_tracking]: Processed GNSS at 1700000049.00, NED (73.54, 0.33, 0.26).
[INFO] [1781093275.620587383] [microamp_factor_graph_tracking]: Processed GNSS at 1700000050.00, NED (74.62, 0.40, -0.27).
[INFO] [1781093275.704509050] [microamp_factor_graph_tracking]: Added ROV 1 node (step 9) at t=1700000050.00, dt=5.001 s
[INFO] [1781093275.707697800] [microamp_factor_graph_tracking]: Processed GNSS at 1700000051.00, NED (76.10, -0.23, -0.40).
[INFO] [1781093275.806482008] [microamp_factor_graph_tracking]: Processed GNSS at 1700000052.00, NED (78.38, 0.93, 0.23).
[INFO] [1781093275.905542091] [microamp_factor_graph_tracking]: Processed GNSS at 1700000053.00, NED (80.46, 0.55, 0.18).
[INFO] [1781093276.005870967] [microamp_factor_graph_tracking]: Processed GNSS at 1700000054.00, NED (81.49, -0.28, -0.14).
[INFO] [1781093276.105847092] [microamp_factor_graph_tracking]: Processed GNSS at 1700000055.00, NED (82.37, 0.39, 0.78).
[INFO] [1781093276.204050092] [microamp_factor_graph_tracking]: Added ROV 1 node (step 10) at t=1700000055.00, dt=5.000 s
[INFO] [1781093276.207457383] [microamp_factor_graph_tracking]: Processed GNSS at 1700000056.00, NED (84.27, 0.50, -0.18).
[INFO] [1781093276.306562050] [microamp_factor_graph_tracking]: Processed GNSS at 1700000057.00, NED (86.51, 0.50, 0.28).
[INFO] [1781093276.417934050] [microamp_factor_graph_tracking]: Processed GNSS at 1700000058.00, NED (87.54, 0.32, -0.93).
[INFO] [1781093276.505445217] [microamp_factor_graph_tracking]: Processed GNSS at 1700000059.00, NED (89.02, 0.40, -0.28).
[INFO] [1781093276.610644550] [microamp_factor_graph_tracking]: Processed GNSS at 1700000060.00, NED (89.93, 0.57, 0.27).
[INFO] [1781093276.704137134] [microamp_factor_graph_tracking]: Added ROV 1 node (step 11) at t=1700000060.00, dt=5.000 s
[INFO] [1781093276.708398967] [microamp_factor_graph_tracking]: Processed GNSS at 1700000061.00, NED (91.80, 0.86, -0.26).
[INFO] [1781093276.804392550] [microamp_factor_graph_tracking]: Processed GNSS at 1700000062.00, NED (93.05, 0.73, 0.39).
[INFO] [1781093276.906725467] [microamp_factor_graph_tracking]: Processed GNSS at 1700000063.00, NED (94.99, 0.13, -0.17).
[INFO] [1781093277.006833842] [microamp_factor_graph_tracking]: Processed GNSS at 1700000064.00, NED (95.96, 0.41, 0.83).
[INFO] [1781093277.110246967] [microamp_factor_graph_tracking]: Processed GNSS at 1700000065.00, NED (97.44, 0.53, 0.30).
[INFO] [1781093277.203882884] [microamp_factor_graph_tracking]: Added ROV 1 node (step 12) at t=1700000065.00, dt=5.000 s
[INFO] [1781093277.206379884] [microamp_factor_graph_tracking]: Processed GNSS at 1700000066.00, NED (99.34, 0.50, -0.44).
[INFO] [1781093277.304956384] [microamp_factor_graph_tracking]: Processed GNSS at 1700000067.00, NED (100.97, 0.34, 0.23).
[INFO] [1781093277.407509426] [microamp_factor_graph_tracking]: Processed GNSS at 1700000068.00, NED (102.26, 0.84, 0.01).
[INFO] [1781093277.505807467] [microamp_factor_graph_tracking]: Processed GNSS at 1700000069.00, NED (103.56, 0.23, -0.03).
[INFO] [1781093277.615859301] [microamp_factor_graph_tracking]: Processed GNSS at 1700000070.00, NED (105.09, 0.58, 0.37).
[INFO] [1781093277.703917551] [microamp_factor_graph_tracking]: Added ROV 1 node (step 13) at t=1700000070.00, dt=5.001 s
[INFO] [1781093277.707521551] [microamp_factor_graph_tracking]: Processed GNSS at 1700000071.00, NED (106.62, 0.40, -0.13).
[INFO] [1781093277.807050467] [microamp_factor_graph_tracking]: Processed GNSS at 1700000072.00, NED (108.23, -0.09, 0.26).
[INFO] [1781093277.905778426] [microamp_factor_graph_tracking]: Processed GNSS at 1700000073.00, NED (109.83, -0.21, -0.07).
[INFO] [1781093278.007069218] [microamp_factor_graph_tracking]: Processed GNSS at 1700000074.00, NED (111.47, 0.50, 0.32).
[INFO] [1781093278.106245676] [microamp_factor_graph_tracking]: Processed GNSS at 1700000075.00, NED (112.71, -0.04, -0.27).
[INFO] [1781093278.203872426] [microamp_factor_graph_tracking]: Added ROV 1 node (step 14) at t=1700000075.00, dt=5.000 s
[INFO] [1781093278.206640718] [microamp_factor_graph_tracking]: Processed GNSS at 1700000076.00, NED (114.07, 0.33, 0.12).
[INFO] [1781093278.315463634] [microamp_factor_graph_tracking]: Processed GNSS at 1700000077.00, NED (116.19, 0.10, 0.64).
[INFO] [1781093278.407084634] [microamp_factor_graph_tracking]: Processed GNSS at 1700000078.00, NED (117.36, 0.37, 1.16).
[INFO] [1781093278.505928051] [microamp_factor_graph_tracking]: Processed GNSS at 1700000079.00, NED (118.58, 0.96, -0.35).
[INFO] [1781093278.613404676] [microamp_factor_graph_tracking]: Processed GNSS at 1700000080.00, NED (120.67, 0.42, -0.63).
[INFO] [1781093278.703988593] [microamp_factor_graph_tracking]: Added ROV 1 node (step 15) at t=1700000080.00, dt=5.000 s
[INFO] [1781093278.708448635] [microamp_factor_graph_tracking]: Processed GNSS at 1700000081.00, NED (122.11, 0.53, 0.46).
[INFO] [1781093278.805294426] [microamp_factor_graph_tracking]: Processed GNSS at 1700000082.00, NED (123.24, 0.31, -0.18).
[INFO] [1781093278.907339718] [microamp_factor_graph_tracking]: Processed GNSS at 1700000083.00, NED (124.57, 0.13, -0.30).
[INFO] [1781093279.007202218] [microamp_factor_graph_tracking]: Processed GNSS at 1700000084.00, NED (126.40, 0.55, 0.29).
[INFO] [1781093279.120424093] [microamp_factor_graph_tracking]: Processed GNSS at 1700000085.00, NED (128.10, 0.30, 0.67).
[INFO] [1781093279.204099426] [microamp_factor_graph_tracking]: Added ROV 1 node (step 16) at t=1700000085.00, dt=4.999 s
[INFO] [1781093279.208727426] [microamp_factor_graph_tracking]: Processed GNSS at 1700000086.00, NED (129.48, -0.41, 0.55).
[INFO] [1781093279.307293885] [microamp_factor_graph_tracking]: Processed GNSS at 1700000087.00, NED (130.35, 0.71, 0.05).
[INFO] [1781093279.404501260] [microamp_factor_graph_tracking]: Processed GNSS at 1700000088.00, NED (132.29, 0.46, 0.42).
[INFO] [1781093279.505703718] [microamp_factor_graph_tracking]: Processed GNSS at 1700000089.00, NED (133.48, 0.82, 0.56).
[INFO] [1781093279.614184468] [microamp_factor_graph_tracking]: Processed GNSS at 1700000090.00, NED (135.27, 0.62, -0.02).
[INFO] [1781093279.704085802] [microamp_factor_graph_tracking]: Added ROV 1 node (step 17) at t=1700000090.00, dt=5.000 s
[INFO] [1781093279.708957385] [microamp_factor_graph_tracking]: Processed GNSS at 1700000091.00, NED (136.87, 1.67, 0.04).
[INFO] [1781093279.807394677] [microamp_factor_graph_tracking]: Processed GNSS at 1700000092.00, NED (137.63, 2.41, -0.10).
[INFO] [1781093279.905893510] [microamp_factor_graph_tracking]: Processed GNSS at 1700000093.00, NED (139.42, 3.25, 0.72).
[INFO] [1781093280.007836177] [microamp_factor_graph_tracking]: Processed GNSS at 1700000094.00, NED (140.58, 3.91, 0.33).
[INFO] [1781093280.107132260] [microamp_factor_graph_tracking]: Processed GNSS at 1700000095.00, NED (141.30, 5.14, 0.48).
[INFO] [1781093280.203731260] [microamp_factor_graph_tracking]: Added ROV 1 node (step 18) at t=1700000095.00, dt=5.000 s
[INFO] [1781093280.205008302] [microamp_factor_graph_tracking]: Processed GNSS at 1700000096.00, NED (142.47, 5.50, 0.06).
[INFO] [1781093280.307680177] [microamp_factor_graph_tracking]: Processed GNSS at 1700000097.00, NED (143.90, 6.72, 0.09).
[INFO] [1781093280.407718177] [microamp_factor_graph_tracking]: Processed GNSS at 1700000098.00, NED (144.30, 8.32, 0.20).
[INFO] [1781093280.507906635] [microamp_factor_graph_tracking]: Processed GNSS at 1700000099.00, NED (145.09, 9.41, 0.33).
[INFO] [1781093280.615183094] [microamp_factor_graph_tracking]: Processed GNSS at 1700000100.00, NED (145.91, 10.16, 0.52).
[INFO] [1781093280.704217719] [microamp_factor_graph_tracking]: Added ROV 1 node (step 19) at t=1700000100.00, dt=5.000 s
[INFO] [1781093280.709749219] [microamp_factor_graph_tracking]: Processed GNSS at 1700000101.00, NED (147.09, 11.78, -0.21).
[INFO] [1781093280.804728136] [microamp_factor_graph_tracking]: Processed GNSS at 1700000102.00, NED (148.30, 12.75, -0.49).
[INFO] [1781093280.906163552] [microamp_factor_graph_tracking]: Processed GNSS at 1700000103.00, NED (148.41, 14.77, -0.55).
[INFO] [1781093281.007732344] [microamp_factor_graph_tracking]: Processed GNSS at 1700000104.00, NED (148.51, 16.23, 0.13).
[INFO] [1781093281.116163386] [microamp_factor_graph_tracking]: Processed GNSS at 1700000105.00, NED (148.83, 16.96, -0.15).
[INFO] [1781093281.204026386] [microamp_factor_graph_tracking]: Added ROV 1 node (step 20) at t=1700000105.00, dt=5.001 s
[INFO] [1781093281.209021969] [microamp_factor_graph_tracking]: Processed GNSS at 1700000106.00, NED (148.92, 18.58, 0.67).
[INFO] [1781093281.307472344] [microamp_factor_graph_tracking]: Processed GNSS at 1700000107.00, NED (148.83, 20.08, 0.82).
[INFO] [1781093281.404672136] [microamp_factor_graph_tracking]: Processed GNSS at 1700000108.00, NED (149.02, 22.21, 0.35).
[INFO] [1781093281.504802969] [microamp_factor_graph_tracking]: Processed GNSS at 1700000109.00, NED (148.99, 23.35, -0.12).
[INFO] [1781093281.613613386] [microamp_factor_graph_tracking]: Processed GNSS at 1700000110.00, NED (148.88, 25.12, 0.33).
[INFO] [1781093281.703900719] [microamp_factor_graph_tracking]: Added ROV 1 node (step 21) at t=1700000110.00, dt=5.000 s
[INFO] [1781093281.706608303] [microamp_factor_graph_tracking]: Processed GNSS at 1700000111.00, NED (149.41, 26.47, -0.56).
[INFO] [1781093281.807785178] [microamp_factor_graph_tracking]: Processed GNSS at 1700000112.00, NED (148.87, 28.04, 0.63).
[INFO] [1781093281.907014678] [microamp_factor_graph_tracking]: Processed GNSS at 1700000113.00, NED (148.63, 29.10, 0.43).
[INFO] [1781093282.007567886] [microamp_factor_graph_tracking]: Processed GNSS at 1700000114.00, NED (148.73, 30.92, 0.47).
[INFO] [1781093282.121420178] [microamp_factor_graph_tracking]: Processed GNSS at 1700000115.00, NED (148.85, 32.57, 0.13).
[INFO] [1781093282.203755011] [microamp_factor_graph_tracking]: Added ROV 1 node (step 22) at t=1700000115.00, dt=5.000 s
[INFO] [1781093282.205235845] [microamp_factor_graph_tracking]: Processed GNSS at 1700000116.00, NED (148.71, 34.02, 1.32).
[INFO] [1781093282.305638886] [microamp_factor_graph_tracking]: Processed GNSS at 1700000117.00, NED (148.76, 35.35, -0.25).
[INFO] [1781093282.407482345] [microamp_factor_graph_tracking]: Processed GNSS at 1700000118.00, NED (148.78, 37.31, 0.07).
[INFO] [1781093282.506248803] [microamp_factor_graph_tracking]: Processed GNSS at 1700000119.00, NED (148.33, 38.25, -0.73).
[INFO] [1781093282.615823470] [microamp_factor_graph_tracking]: Processed GNSS at 1700000120.00, NED (148.82, 39.66, 0.68).
[INFO] [1781093282.704101095] [microamp_factor_graph_tracking]: Added ROV 1 node (step 23) at t=1700000120.00, dt=5.000 s
[INFO] [1781093282.709416845] [microamp_factor_graph_tracking]: Processed GNSS at 1700000121.00, NED (148.85, 41.45, 0.13).
[INFO] [1781093282.807540178] [microamp_factor_graph_tracking]: Processed GNSS at 1700000122.00, NED (148.50, 43.13, 0.35).
[INFO] [1781093282.905875762] [microamp_factor_graph_tracking]: Processed GNSS at 1700000123.00, NED (148.13, 44.23, 0.19).
[INFO] [1781093283.008410762] [microamp_factor_graph_tracking]: Processed GNSS at 1700000124.00, NED (147.89, 45.78, 0.26).
[INFO] [1781093283.121546803] [microamp_factor_graph_tracking]: Processed GNSS at 1700000125.00, NED (149.02, 47.73, 0.37).
[INFO] [1781093283.204091178] [microamp_factor_graph_tracking]: Added ROV 1 node (step 24) at t=1700000125.00, dt=5.000 s
[INFO] [1781093283.208839845] [microamp_factor_graph_tracking]: Processed GNSS at 1700000126.00, NED (149.00, 47.97, -0.03).
[INFO] [1781093283.308315887] [microamp_factor_graph_tracking]: Processed GNSS at 1700000127.00, NED (149.13, 50.20, 0.18).
[INFO] [1781093283.407621387] [microamp_factor_graph_tracking]: Processed GNSS at 1700000128.00, NED (148.74, 51.61, -0.58).
[INFO] [1781093283.505905595] [microamp_factor_graph_tracking]: Processed GNSS at 1700000129.00, NED (148.90, 53.08, 0.42).
[INFO] [1781093283.610084304] [microamp_factor_graph_tracking]: Processed GNSS at 1700000130.00, NED (148.29, 55.15, -0.12).
[INFO] [1781093283.704223470] [microamp_factor_graph_tracking]: Added ROV 1 node (step 25) at t=1700000130.00, dt=5.000 s
[INFO] [1781093283.709880595] [microamp_factor_graph_tracking]: Processed GNSS at 1700000131.00, NED (148.64, 56.32, -0.63).
[INFO] [1781093283.807709012] [microamp_factor_graph_tracking]: Processed GNSS at 1700000132.00, NED (148.86, 58.12, 0.27).
[INFO] [1781093283.906837887] [microamp_factor_graph_tracking]: Processed GNSS at 1700000133.00, NED (148.98, 59.45, 0.87).
[INFO] [1781093284.007600845] [microamp_factor_graph_tracking]: Processed GNSS at 1700000134.00, NED (148.17, 60.39, 0.33).
[INFO] [1781093284.120222762] [microamp_factor_graph_tracking]: Processed GNSS at 1700000135.00, NED (149.06, 62.89, -0.59).
[INFO] [1781093284.203886720] [microamp_factor_graph_tracking]: Added ROV 1 node (step 26) at t=1700000135.00, dt=5.001 s
[INFO] [1781093284.205572929] [microamp_factor_graph_tracking]: Processed GNSS at 1700000136.00, NED (148.94, 64.14, 0.65).
[INFO] [1781093284.305247804] [microamp_factor_graph_tracking]: Processed GNSS at 1700000137.00, NED (148.41, 65.71, 0.18).
[INFO] [1781093284.407416762] [microamp_factor_graph_tracking]: Processed GNSS at 1700000138.00, NED (148.69, 66.91, -0.03).
[INFO] [1781093284.509169554] [microamp_factor_graph_tracking]: Processed GNSS at 1700000139.00, NED (148.68, 68.19, 0.15).
[INFO] [1781093284.622795887] [microamp_factor_graph_tracking]: Processed GNSS at 1700000140.00, NED (148.97, 69.74, -0.50).
[INFO] [1781093284.704134429] [microamp_factor_graph_tracking]: Added ROV 1 node (step 27) at t=1700000140.00, dt=4.999 s
[INFO] [1781093284.709068637] [microamp_factor_graph_tracking]: Processed GNSS at 1700000141.00, NED (148.47, 71.59, -0.57).
[INFO] [1781093284.808093262] [microamp_factor_graph_tracking]: Processed GNSS at 1700000142.00, NED (148.52, 72.75, 0.23).
[INFO] [1781093284.904831304] [microamp_factor_graph_tracking]: Processed GNSS at 1700000143.00, NED (148.43, 74.64, 1.02).
[INFO] [1781093285.008831096] [microamp_factor_graph_tracking]: Processed GNSS at 1700000144.00, NED (148.96, 76.14, -0.08).
[INFO] [1781093285.117982596] [microamp_factor_graph_tracking]: Processed GNSS at 1700000145.00, NED (148.38, 77.54, 0.33).
[INFO] [1781093285.204128304] [microamp_factor_graph_tracking]: Added ROV 1 node (step 28) at t=1700000145.00, dt=5.000 s
[INFO] [1781093285.209753263] [microamp_factor_graph_tracking]: Processed GNSS at 1700000146.00, NED (148.70, 78.88, 0.13).
[INFO] [1781093285.308279554] [microamp_factor_graph_tracking]: Processed GNSS at 1700000147.00, NED (148.77, 80.48, -0.74).
[INFO] [1781093285.408069388] [microamp_factor_graph_tracking]: Processed GNSS at 1700000148.00, NED (148.66, 81.83, -0.21).
[INFO] [1781093285.508226263] [microamp_factor_graph_tracking]: Processed GNSS at 1700000149.00, NED (149.13, 83.16, -0.43).
[INFO] [1781093285.622341179] [microamp_factor_graph_tracking]: Processed GNSS at 1700000150.00, NED (148.79, 84.63, 0.27).
[INFO] [1781093285.704123138] [microamp_factor_graph_tracking]: Added ROV 1 node (step 29) at t=1700000150.00, dt=5.000 s
[INFO] [1781093285.718441638] [microamp_factor_graph_tracking]: Processed GNSS at 1700000151.00, NED (148.42, 86.23, 0.66).
[INFO] [1781093285.809147680] [microamp_factor_graph_tracking]: Processed GNSS at 1700000152.00, NED (148.86, 88.26, 0.78).
[INFO] [1781093285.906679346] [microamp_factor_graph_tracking]: Processed GNSS at 1700000153.00, NED (148.63, 89.20, 0.20).
[INFO] [1781093286.008063638] [microamp_factor_graph_tracking]: Processed GNSS at 1700000154.00, NED (149.06, 90.54, 0.46).
[INFO] [1781093286.120580471] [microamp_factor_graph_tracking]: Processed GNSS at 1700000155.00, NED (148.74, 92.05, 0.29).
[INFO] [1781093286.204149305] [microamp_factor_graph_tracking]: Added ROV 1 node (step 30) at t=1700000155.00, dt=5.000 s
[INFO] [1781093286.208023138] [microamp_factor_graph_tracking]: Processed GNSS at 1700000156.00, NED (148.71, 94.00, 0.31).
[INFO] [1781093286.304765388] [microamp_factor_graph_tracking]: Processed GNSS at 1700000157.00, NED (148.35, 94.85, -1.45).
[INFO] [1781093286.408602930] [microamp_factor_graph_tracking]: Processed GNSS at 1700000158.00, NED (149.34, 97.00, 0.30).
[INFO] [1781093286.506820930] [microamp_factor_graph_tracking]: Processed GNSS at 1700000159.00, NED (148.34, 98.22, -0.55).
[INFO] [1781093286.622827388] [microamp_factor_graph_tracking]: Processed GNSS at 1700000160.00, NED (148.77, 99.78, -0.17).
[INFO] [1781093286.703939138] [microamp_factor_graph_tracking]: Added ROV 1 node (step 31) at t=1700000160.00, dt=5.000 s
[INFO] [1781093286.707765388] [microamp_factor_graph_tracking]: Processed GNSS at 1700000161.00, NED (148.89, 101.36, 0.03).
[INFO] [1781093286.808466513] [microamp_factor_graph_tracking]: Processed GNSS at 1700000162.00, NED (148.77, 102.79, -0.04).
[INFO] [1781093286.904756180] [microamp_factor_graph_tracking]: Processed GNSS at 1700000163.00, NED (148.79, 104.33, -0.95).
[INFO] [1781093287.007095805] [microamp_factor_graph_tracking]: Processed GNSS at 1700000164.00, NED (148.63, 105.54, -0.19).
[INFO] [1781093287.122813180] [microamp_factor_graph_tracking]: Processed GNSS at 1700000165.00, NED (148.81, 107.43, -0.76).
[INFO] [1781093287.203997097] [microamp_factor_graph_tracking]: Added ROV 1 node (step 32) at t=1700000165.00, dt=5.000 s
[INFO] [1781093287.209845597] [microamp_factor_graph_tracking]: Processed GNSS at 1700000166.00, NED (148.47, 109.24, 0.22).
[INFO] [1781093287.308412597] [microamp_factor_graph_tracking]: Processed GNSS at 1700000167.00, NED (148.87, 110.25, 0.59).
[INFO] [1781093287.408934805] [microamp_factor_graph_tracking]: Processed GNSS at 1700000168.00, NED (148.88, 112.38, 0.00).
[INFO] [1781093287.506846430] [microamp_factor_graph_tracking]: Processed GNSS at 1700000169.00, NED (149.12, 113.05, 0.24).
[INFO] [1781093287.621889597] [microamp_factor_graph_tracking]: Processed GNSS at 1700000170.00, NED (148.72, 114.83, -0.77).
[INFO] [1781093287.704307222] [microamp_factor_graph_tracking]: Added ROV 1 node (step 33) at t=1700000170.00, dt=5.000 s
[INFO] [1781093287.710323847] [microamp_factor_graph_tracking]: Processed GNSS at 1700000171.00, NED (148.52, 116.66, -0.10).
[INFO] [1781093287.807618875] [microamp_factor_graph_tracking]: Processed GNSS at 1700000172.00, NED (148.72, 117.41, -0.06).
[INFO] [1781093287.906555375] [microamp_factor_graph_tracking]: Processed GNSS at 1700000173.00, NED (149.28, 119.58, 0.07).
[INFO] [1781093288.008191291] [microamp_factor_graph_tracking]: Processed GNSS at 1700000174.00, NED (149.07, 120.66, -0.52).
[INFO] [1781093288.122076416] [microamp_factor_graph_tracking]: Processed GNSS at 1700000175.00, NED (148.62, 122.81, -0.08).
[INFO] [1781093288.203769666] [microamp_factor_graph_tracking]: Added ROV 1 node (step 34) at t=1700000175.00, dt=5.000 s
[INFO] [1781093288.222078375] [microamp_factor_graph_tracking]: Processed GNSS at 1700000176.00, NED (148.69, 124.20, 0.11).
[INFO] [1781093288.304549125] [microamp_factor_graph_tracking]: Processed GNSS at 1700000177.00, NED (148.65, 124.79, 0.22).
[INFO] [1781093288.415667250] [microamp_factor_graph_tracking]: Processed GNSS at 1700000178.00, NED (149.12, 126.79, 0.48).
[INFO] [1781093288.506401708] [microamp_factor_graph_tracking]: Processed GNSS at 1700000179.00, NED (148.77, 128.67, -0.50).
[INFO] [1781093288.621543792] [microamp_factor_graph_tracking]: Processed GNSS at 1700000180.00, NED (148.92, 129.67, 0.05).
[INFO] [1781093288.703573125] [microamp_factor_graph_tracking]: Added ROV 1 node (step 35) at t=1700000180.00, dt=5.000 s
[INFO] [1781093288.708109292] [microamp_factor_graph_tracking]: Processed GNSS at 1700000181.00, NED (148.59, 131.69, -0.12).
[INFO] [1781093288.808105542] [microamp_factor_graph_tracking]: Processed GNSS at 1700000182.00, NED (148.59, 133.40, -0.42).
[INFO] [1781093288.907198667] [microamp_factor_graph_tracking]: Processed GNSS at 1700000183.00, NED (148.74, 134.39, 0.71).
[INFO] [1781093289.004792917] [microamp_factor_graph_tracking]: Processed GNSS at 1700000184.00, NED (148.73, 135.50, 0.31).
[INFO] [1781093289.116320292] [microamp_factor_graph_tracking]: Processed GNSS at 1700000185.00, NED (148.49, 136.89, -0.43).
[INFO] [1781093289.203860917] [microamp_factor_graph_tracking]: Added ROV 1 node (step 36) at t=1700000185.00, dt=5.000 s
[INFO] [1781093289.210400042] [microamp_factor_graph_tracking]: Processed GNSS at 1700000186.00, NED (149.07, 139.08, 0.96).
[INFO] [1781093289.308628875] [microamp_factor_graph_tracking]: Processed GNSS at 1700000187.00, NED (148.25, 140.14, 0.39).
[INFO] [1781093289.404937459] [microamp_factor_graph_tracking]: Processed GNSS at 1700000188.00, NED (148.80, 141.58, -0.40).
[INFO] [1781093289.505914750] [microamp_factor_graph_tracking]: Processed GNSS at 1700000189.00, NED (148.93, 143.17, 0.54).
[INFO] [1781093289.621150292] [microamp_factor_graph_tracking]: Processed GNSS at 1700000190.00, NED (148.53, 144.76, 0.07).
[INFO] [1781093289.703826167] [microamp_factor_graph_tracking]: Added ROV 1 node (step 37) at t=1700000190.00, dt=5.000 s
[INFO] [1781093289.709747334] [microamp_factor_graph_tracking]: Processed GNSS at 1700000191.00, NED (148.60, 146.20, -0.34).
[INFO] [1781093289.808975834] [microamp_factor_graph_tracking]: Processed GNSS at 1700000192.00, NED (148.46, 147.82, 0.19).
[INFO] [1781093289.907259667] [microamp_factor_graph_tracking]: Processed GNSS at 1700000193.00, NED (148.47, 149.31, 0.47).
[INFO] [1781093290.008832917] [microamp_factor_graph_tracking]: Processed GNSS at 1700000194.00, NED (148.52, 150.86, 0.39).
[INFO] [1781093290.121214751] [microamp_factor_graph_tracking]: Processed GNSS at 1700000195.00, NED (149.08, 152.20, -0.27).
[INFO] [1781093290.203714251] [microamp_factor_graph_tracking]: Added ROV 1 node (step 38) at t=1700000195.00, dt=5.000 s
[INFO] [1781093290.209770751] [microamp_factor_graph_tracking]: Processed GNSS at 1700000196.00, NED (149.08, 154.69, 0.03).
[INFO] [1781093290.304916334] [microamp_factor_graph_tracking]: Processed GNSS at 1700000197.00, NED (149.71, 154.99, 0.93).
[INFO] [1781093290.404771917] [microamp_factor_graph_tracking]: Processed GNSS at 1700000198.00, NED (150.07, 156.51, 0.32).
[INFO] [1781093290.508384626] [microamp_factor_graph_tracking]: Processed GNSS at 1700000199.00, NED (150.45, 157.89, 0.43).
[INFO] [1781093290.621305959] [microamp_factor_graph_tracking]: Processed GNSS at 1700000200.00, NED (151.75, 159.37, -0.18).
[INFO] [1781093290.703823043] [microamp_factor_graph_tracking]: Added ROV 1 node (step 39) at t=1700000200.00, dt=5.000 s
[INFO] [1781093290.720926834] [microamp_factor_graph_tracking]: Processed GNSS at 1700000201.00, NED (152.33, 160.56, -1.24).
[INFO] [1781093290.808636168] [microamp_factor_graph_tracking]: Processed GNSS at 1700000202.00, NED (153.56, 161.89, 0.69).
[INFO] [1781093290.908772876] [microamp_factor_graph_tracking]: Processed GNSS at 1700000203.00, NED (154.53, 163.32, -0.12).
[INFO] [1781093291.005316001] [microamp_factor_graph_tracking]: Processed GNSS at 1700000204.00, NED (155.85, 163.69, 0.64).
[INFO] [1781093291.118496668] [microamp_factor_graph_tracking]: Processed GNSS at 1700000205.00, NED (157.01, 164.66, 0.13).
[INFO] [1781093291.203611293] [microamp_factor_graph_tracking]: Added ROV 1 node (step 40) at t=1700000205.00, dt=5.001 s
[INFO] [1781093291.208588126] [microamp_factor_graph_tracking]: Processed GNSS at 1700000206.00, NED (157.68, 165.70, 0.53).
[INFO] [1781093291.308553210] [microamp_factor_graph_tracking]: Processed GNSS at 1700000207.00, NED (159.18, 166.68, 0.18).
[INFO] [1781093291.406453543] [microamp_factor_graph_tracking]: Processed GNSS at 1700000208.00, NED (160.24, 167.52, -0.04).
[INFO] [1781093291.504894043] [microamp_factor_graph_tracking]: Processed GNSS at 1700000209.00, NED (162.39, 168.23, -0.22).
[INFO] [1781093291.611216876] [microamp_factor_graph_tracking]: Processed GNSS at 1700000210.00, NED (162.95, 168.52, -0.11).
[INFO] [1781093291.703738668] [microamp_factor_graph_tracking]: Added ROV 1 node (step 41) at t=1700000210.00, dt=4.999 s
[INFO] [1781093291.708463626] [microamp_factor_graph_tracking]: Processed GNSS at 1700000211.00, NED (164.99, 168.84, -0.30).
[INFO] [1781093291.806907501] [microamp_factor_graph_tracking]: Processed GNSS at 1700000212.00, NED (166.52, 169.06, 0.59).
[INFO] [1781093291.907050835] [microamp_factor_graph_tracking]: Processed GNSS at 1700000213.00, NED (167.88, 169.53, 0.29).
[INFO] [1781093292.018424293] [microamp_factor_graph_tracking]: Processed GNSS at 1700000214.00, NED (169.50, 168.90, -0.46).
[INFO] [1781093292.121909793] [microamp_factor_graph_tracking]: Processed GNSS at 1700000215.00, NED (170.92, 169.47, -0.13).
[INFO] [1781093292.203811502] [microamp_factor_graph_tracking]: Added ROV 1 node (step 42) at t=1700000215.00, dt=5.000 s
[INFO] [1781093292.209599710] [microamp_factor_graph_tracking]: Processed GNSS at 1700000216.00, NED (172.18, 169.29, 0.87).
[INFO] [1781093292.306852418] [microamp_factor_graph_tracking]: Processed GNSS at 1700000217.00, NED (173.91, 169.08, -0.07).
[INFO] [1781093292.404931335] [microamp_factor_graph_tracking]: Processed GNSS at 1700000218.00, NED (175.91, 169.20, 0.52).
[INFO] [1781093292.505090460] [microamp_factor_graph_tracking]: Processed GNSS at 1700000219.00, NED (176.85, 169.58, 0.06).
[INFO] [1781093292.622303668] [microamp_factor_graph_tracking]: Processed GNSS at 1700000220.00, NED (177.94, 169.77, 0.12).
[INFO] [1781093292.704104627] [microamp_factor_graph_tracking]: Added ROV 1 node (step 43) at t=1700000220.00, dt=5.000 s
[INFO] [1781093292.710384752] [microamp_factor_graph_tracking]: Processed GNSS at 1700000221.00, NED (179.99, 169.56, 0.62).
[INFO] [1781093292.809465002] [microamp_factor_graph_tracking]: Processed GNSS at 1700000222.00, NED (181.93, 169.47, 0.15).
[INFO] [1781093292.910032335] [microamp_factor_graph_tracking]: Processed GNSS at 1700000223.00, NED (183.28, 169.87, -0.32).
[INFO] [1781093293.006368460] [microamp_factor_graph_tracking]: Processed GNSS at 1700000224.00, NED (184.24, 169.09, 0.20).
[INFO] [1781093293.116921877] [microamp_factor_graph_tracking]: Processed GNSS at 1700000225.00, NED (185.79, 169.49, 0.10).
[INFO] [1781093293.203790419] [microamp_factor_graph_tracking]: Added ROV 1 node (step 44) at t=1700000225.00, dt=5.000 s
[INFO] [1781093293.211719377] [microamp_factor_graph_tracking]: Processed GNSS at 1700000226.00, NED (187.34, 169.12, 0.06).
[INFO] [1781093293.308584752] [microamp_factor_graph_tracking]: Processed GNSS at 1700000227.00, NED (188.39, 168.53, 0.78).
[INFO] [1781093293.409759919] [microamp_factor_graph_tracking]: Processed GNSS at 1700000228.00, NED (190.27, 169.64, 0.82).
[INFO] [1781093293.506140419] [microamp_factor_graph_tracking]: Processed GNSS at 1700000229.00, NED (191.94, 169.65, 0.79).
[INFO] [1781093293.619916211] [microamp_factor_graph_tracking]: Processed GNSS at 1700000230.00, NED (192.82, 169.70, 0.81).
[INFO] [1781093293.704105169] [microamp_factor_graph_tracking]: Added ROV 1 node (step 45) at t=1700000230.00, dt=5.000 s
[INFO] [1781093293.710121961] [microamp_factor_graph_tracking]: Processed GNSS at 1700000231.00, NED (195.29, 169.90, 0.14).
[INFO] [1781093293.807033419] [microamp_factor_graph_tracking]: Processed GNSS at 1700000232.00, NED (196.31, 169.44, -0.41).
[INFO] [1781093293.915196961] [microamp_factor_graph_tracking]: Processed GNSS at 1700000233.00, NED (197.81, 169.52, -0.11).
[INFO] [1781093294.008189627] [microamp_factor_graph_tracking]: Processed GNSS at 1700000234.00, NED (199.45, 169.14, 0.22).
[INFO] [1781093294.122692128] [microamp_factor_graph_tracking]: Processed GNSS at 1700000235.00, NED (201.08, 169.37, 0.18).
[INFO] [1781093294.203844336] [microamp_factor_graph_tracking]: Added ROV 1 node (step 46) at t=1700000235.00, dt=5.000 s
[INFO] [1781093294.210460294] [microamp_factor_graph_tracking]: Processed GNSS at 1700000236.00, NED (202.04, 169.16, 0.90).
[INFO] [1781093294.308454628] [microamp_factor_graph_tracking]: Processed GNSS at 1700000237.00, NED (204.10, 169.39, 0.77).
[INFO] [1781093294.404731836] [microamp_factor_graph_tracking]: Processed GNSS at 1700000238.00, NED (205.41, 169.03, -0.00).
[INFO] [1781093294.508639253] [microamp_factor_graph_tracking]: Processed GNSS at 1700000239.00, NED (207.08, 169.02, 0.48).
[INFO] [1781093294.623525169] [microamp_factor_graph_tracking]: Processed GNSS at 1700000240.00, NED (208.01, 169.74, 0.01).
[INFO] [1781093294.703816919] [microamp_factor_graph_tracking]: Added ROV 1 node (step 47) at t=1700000240.00, dt=5.000 s
[INFO] [1781093294.710224919] [microamp_factor_graph_tracking]: Processed GNSS at 1700000241.00, NED (209.63, 169.32, -0.37).
[INFO] [1781093294.809452461] [microamp_factor_graph_tracking]: Processed GNSS at 1700000242.00, NED (211.39, 169.17, -0.03).
[INFO] [1781093294.909025378] [microamp_factor_graph_tracking]: Processed GNSS at 1700000243.00, NED (212.21, 169.29, 0.31).
[INFO] [1781093295.008785378] [microamp_factor_graph_tracking]: Processed GNSS at 1700000244.00, NED (214.46, 169.39, -0.83).
[INFO] [1781093295.111501045] [microamp_factor_graph_tracking]: Processed GNSS at 1700000245.00, NED (215.89, 169.98, 0.30).
[INFO] [1781093295.203571878] [microamp_factor_graph_tracking]: Added ROV 1 node (step 48) at t=1700000245.00, dt=5.001 s
[INFO] [1781093295.208477378] [microamp_factor_graph_tracking]: Processed GNSS at 1700000246.00, NED (217.76, 169.59, -0.04).
[INFO] [1781093295.319576961] [microamp_factor_graph_tracking]: Processed GNSS at 1700000247.00, NED (219.07, 168.78, 0.10).
[INFO] [1781093295.410571420] [microamp_factor_graph_tracking]: Processed GNSS at 1700000248.00, NED (220.02, 169.40, -0.35).
[INFO] [1781093295.509050128] [microamp_factor_graph_tracking]: Processed GNSS at 1700000249.00, NED (222.03, 169.32, 1.44).
[INFO] [1781093295.623132878] [microamp_factor_graph_tracking]: Processed GNSS at 1700000250.00, NED (223.73, 169.82, -0.77).
[INFO] [1781093295.703705003] [microamp_factor_graph_tracking]: Added ROV 1 node (step 49) at t=1700000250.00, dt=5.000 s
[INFO] [1781093295.719296378] [microamp_factor_graph_tracking]: Processed GNSS at 1700000251.00, NED (225.01, 169.33, 0.75).
[INFO] [1781093295.809086087] [microamp_factor_graph_tracking]: Processed GNSS at 1700000252.00, NED (226.22, 168.97, -1.10).
[INFO] [1781093295.907654337] [microamp_factor_graph_tracking]: Processed GNSS at 1700000253.00, NED (228.10, 168.91, 0.44).
[INFO] [1781093296.008907920] [microamp_factor_graph_tracking]: Processed GNSS at 1700000254.00, NED (229.26, 169.39, -0.83).
[INFO] [1781093296.124973587] [microamp_factor_graph_tracking]: Processed GNSS at 1700000255.00, NED (230.96, 169.43, -0.64).
[INFO] [1781093296.203866795] [microamp_factor_graph_tracking]: Added ROV 1 node (step 50) at t=1700000255.00, dt=5.000 s
[INFO] [1781093296.210879462] [microamp_factor_graph_tracking]: Processed GNSS at 1700000256.00, NED (232.71, 169.10, 0.09).
[INFO] [1781093296.309173420] [microamp_factor_graph_tracking]: Processed GNSS at 1700000257.00, NED (233.88, 169.14, 0.10).
[INFO] [1781093296.409485045] [microamp_factor_graph_tracking]: Processed GNSS at 1700000258.00, NED (235.42, 169.30, -0.56).
[INFO] [1781093296.504707545] [microamp_factor_graph_tracking]: Processed GNSS at 1700000259.00, NED (236.75, 169.11, -0.15).
[INFO] [1781093296.622012420] [microamp_factor_graph_tracking]: Processed GNSS at 1700000260.00, NED (238.47, 169.10, 0.04).
[INFO] [1781093296.705256004] [microamp_factor_graph_tracking]: Added ROV 1 node (step 51) at t=1700000260.00, dt=5.000 s
[INFO] [1781093296.715365462] [microamp_factor_graph_tracking]: Processed GNSS at 1700000261.00, NED (239.91, 169.00, -0.05).
[INFO] [1781093296.804886754] [microamp_factor_graph_tracking]: Processed GNSS at 1700000262.00, NED (241.10, 169.62, 0.31).
[INFO] [1781093296.905083837] [microamp_factor_graph_tracking]: Processed GNSS at 1700000263.00, NED (242.53, 169.05, 0.21).
[INFO] [1781093297.007755962] [microamp_factor_graph_tracking]: Processed GNSS at 1700000264.00, NED (244.59, 169.13, 0.18).
[INFO] [1781093297.111837796] [microamp_factor_graph_tracking]: Processed GNSS at 1700000265.00, NED (245.48, 169.42, -0.03).
[INFO] [1781093297.203855004] [microamp_factor_graph_tracking]: Added ROV 1 node (step 52) at t=1700000265.00, dt=5.000 s
[INFO] [1781093297.208728587] [microamp_factor_graph_tracking]: Processed GNSS at 1700000266.00, NED (246.75, 169.51, -0.56).
[INFO] [1781093297.309855546] [microamp_factor_graph_tracking]: Processed GNSS at 1700000267.00, NED (249.28, 169.26, 0.80).
[INFO] [1781093297.408448962] [microamp_factor_graph_tracking]: Processed GNSS at 1700000268.00, NED (250.50, 169.34, -0.37).
[INFO] [1781093297.507022754] [microamp_factor_graph_tracking]: Processed GNSS at 1700000269.00, NED (251.79, 169.53, 0.84).
[INFO] [1781093297.622261838] [microamp_factor_graph_tracking]: Processed GNSS at 1700000270.00, NED (253.61, 169.83, -0.96).
[INFO] [1781093297.704039963] [microamp_factor_graph_tracking]: Added ROV 1 node (step 53) at t=1700000270.00, dt=5.000 s
[INFO] [1781093297.711140004] [microamp_factor_graph_tracking]: Processed GNSS at 1700000271.00, NED (255.34, 168.61, -0.89).
[INFO] [1781093297.807925338] [microamp_factor_graph_tracking]: Processed GNSS at 1700000272.00, NED (256.40, 169.19, -0.52).
[INFO] [1781093297.908235004] [microamp_factor_graph_tracking]: Processed GNSS at 1700000273.00, NED (258.33, 169.32, 0.64).
[INFO] [1781093298.008543046] [microamp_factor_graph_tracking]: Processed GNSS at 1700000274.00, NED (259.98, 169.31, -0.02).
[INFO] [1781093298.126573046] [microamp_factor_graph_tracking]: Processed GNSS at 1700000275.00, NED (261.26, 169.77, 0.46).
[INFO] [1781093298.203818504] [microamp_factor_graph_tracking]: Added ROV 1 node (step 54) at t=1700000275.00, dt=4.999 s
[INFO] [1781093298.208932171] [microamp_factor_graph_tracking]: Processed GNSS at 1700000276.00, NED (262.30, 169.53, 0.04).
[INFO] [1781093298.309356338] [microamp_factor_graph_tracking]: Processed GNSS at 1700000277.00, NED (263.83, 169.13, 0.55).
[INFO] [1781093298.407868546] [microamp_factor_graph_tracking]: Processed GNSS at 1700000278.00, NED (265.19, 169.73, -0.46).
[INFO] [1781093298.505602671] [microamp_factor_graph_tracking]: Processed GNSS at 1700000279.00, NED (267.18, 169.41, -0.04).
[INFO] [1781093298.621383630] [microamp_factor_graph_tracking]: Processed GNSS at 1700000280.00, NED (268.69, 169.59, 0.20).
[INFO] [1781093298.703586046] [microamp_factor_graph_tracking]: Added ROV 1 node (step 55) at t=1700000280.00, dt=5.001 s
[INFO] [1781093298.705870463] [microamp_factor_graph_tracking]: Processed GNSS at 1700000281.00, NED (269.88, 169.50, 0.91).
[INFO] [1781093298.807958963] [microamp_factor_graph_tracking]: Processed GNSS at 1700000282.00, NED (271.94, 169.35, -0.27).
[INFO] [1781093298.910088463] [microamp_factor_graph_tracking]: Processed GNSS at 1700000283.00, NED (273.03, 169.58, 0.42).
[INFO] [1781093299.010915255] [microamp_factor_graph_tracking]: Processed GNSS at 1700000284.00, NED (275.00, 169.65, 0.44).
[INFO] [1781093299.112717505] [microamp_factor_graph_tracking]: Processed GNSS at 1700000285.00, NED (276.05, 168.99, -0.06).
[INFO] [1781093299.203510838] [microamp_factor_graph_tracking]: Added ROV 1 node (step 56) at t=1700000285.00, dt=5.000 s
[INFO] [1781093299.205763380] [microamp_factor_graph_tracking]: Processed GNSS at 1700000286.00, NED (277.23, 169.21, 0.90).
[INFO] [1781093299.309702713] [microamp_factor_graph_tracking]: Processed GNSS at 1700000287.00, NED (278.68, 169.80, 0.36).
[INFO] [1781093299.405391505] [microamp_factor_graph_tracking]: Processed GNSS at 1700000288.00, NED (279.74, 169.15, 0.23).
[INFO] [1781093299.506544338] [microamp_factor_graph_tracking]: Processed GNSS at 1700000289.00, NED (281.77, 169.11, 0.02).
[INFO] [1781093299.621680505] [microamp_factor_graph_tracking]: Processed GNSS at 1700000290.00, NED (283.39, 169.25, -0.82).
[INFO] [1781093299.703924547] [microamp_factor_graph_tracking]: Added ROV 1 node (step 57) at t=1700000290.00, dt=5.000 s
[INFO] [1781093299.711719714] [microamp_factor_graph_tracking]: Processed GNSS at 1700000291.00, NED (284.44, 169.15, 0.38).
[INFO] [1781093299.808383380] [microamp_factor_graph_tracking]: Processed GNSS at 1700000292.00, NED (286.66, 169.72, 0.65).
[INFO] [1781093299.908718672] [microamp_factor_graph_tracking]: Processed GNSS at 1700000293.00, NED (288.20, 169.73, -0.13).
[INFO] [1781093300.008468589] [microamp_factor_graph_tracking]: Processed GNSS at 1700000294.00, NED (289.47, 169.22, 0.44).
[INFO] [1781093300.124789047] [microamp_factor_graph_tracking]: Processed GNSS at 1700000295.00, NED (291.21, 169.17, 0.31).
[INFO] [1781093300.204077297] [microamp_factor_graph_tracking]: Added ROV 1 node (step 58) at t=1700000295.00, dt=5.000 s
[INFO] [1781093300.210524755] [microamp_factor_graph_tracking]: Processed GNSS at 1700000296.00, NED (292.59, 169.46, 0.37).
[INFO] [1781093300.309482214] [microamp_factor_graph_tracking]: Processed GNSS at 1700000297.00, NED (294.36, 169.04, -0.36).
[INFO] [1781093300.407819506] [microamp_factor_graph_tracking]: Processed GNSS at 1700000298.00, NED (295.09, 169.25, 0.17).
[INFO] [1781093300.505819006] [microamp_factor_graph_tracking]: Processed GNSS at 1700000299.00, NED (296.73, 169.61, -0.29).
[INFO] [1781093301.907706798] [rclcpp]: signal_handler(SIGINT/SIGTERM)
