[37;1m2026-06-03 20:29:46.246 [31;1m[[37;1mRTPS_TRANSPORT_SHM[31;1m Error] [37mFailed init_port fastrtps_port7419: open_and_lock_file failed[34;1m -> Function [36mopen_port_internal[m
[INFO] [1780518586.277623924] [microamp_factor_graph_tracking]: Using scenario_id=3
[INFO] [1780518586.284986883] [microamp_factor_graph_tracking]: Expanded factor graph node initialized.
[WARN] [1780518588.323777800] [microamp_factor_graph_tracking]: Graph not initialized yet, skipping USBL measurement
[INFO] [1780518588.328966800] [microamp_factor_graph_tracking]: Graph initialized with GNSS at NED (1.52, 0.15, -0.89)
[INFO] [1780518588.330038217] [microamp_factor_graph_tracking]: IMU initialized at time 1700000001.030
[INFO] [1780518588.423961842] [microamp_factor_graph_tracking]: Processed GNSS at 1700000002.00, NED (3.21, 1.22, -0.75).
[INFO] [1780518588.523634717] [microamp_factor_graph_tracking]: Processed GNSS at 1700000003.00, NED (6.13, -3.04, -3.32).
[INFO] [1780518588.623680134] [microamp_factor_graph_tracking]: Processed GNSS at 1700000004.00, NED (9.80, 0.17, 1.44).
[INFO] [1780518588.723680301] [microamp_factor_graph_tracking]: Processed GNSS at 1700000005.00, NED (8.21, -0.60, -0.30).
[INFO] [1780518588.823382551] [microamp_factor_graph_tracking]: Processed GNSS at 1700000006.00, NED (11.08, -0.02, 2.17).
[INFO] [1780518588.927359009] [microamp_factor_graph_tracking]: Processed GNSS at 1700000007.00, NED (12.11, 1.94, 1.23).
[INFO] [1780518589.025077842] [microamp_factor_graph_tracking]: Processed GNSS at 1700000008.00, NED (13.23, -1.79, 1.86).
[INFO] [1780518589.125943884] [microamp_factor_graph_tracking]: Processed GNSS at 1700000009.00, NED (11.98, 2.62, 2.64).
[INFO] [1780518589.224754301] [microamp_factor_graph_tracking]: Processed GNSS at 1700000010.00, NED (16.21, 1.98, -3.17).
[INFO] [1780518589.324209009] [microamp_factor_graph_tracking]: Initialized ROV 1 at NED (198.90, 98.26, 8.74), t_sent=1700000010.00
[INFO] [1780518589.327932259] [microamp_factor_graph_tracking]: Processed GNSS at 1700000011.00, NED (15.99, 0.03, 2.40).
[INFO] [1780518589.424932468] [microamp_factor_graph_tracking]: Processed GNSS at 1700000012.00, NED (16.33, -0.56, -3.28).
[INFO] [1780518589.526822134] [microamp_factor_graph_tracking]: Processed GNSS at 1700000013.00, NED (16.59, 0.07, -0.10).
[INFO] [1780518589.626020259] [microamp_factor_graph_tracking]: Processed GNSS at 1700000014.00, NED (23.11, 0.89, -0.20).
[INFO] [1780518589.727433593] [microamp_factor_graph_tracking]: Processed GNSS at 1700000015.00, NED (22.09, -0.59, 0.52).
[INFO] [1780518589.828971926] [microamp_factor_graph_tracking]: Processed GNSS at 1700000016.00, NED (23.89, -0.30, 0.67).
[INFO] [1780518589.926806843] [microamp_factor_graph_tracking]: Processed GNSS at 1700000017.00, NED (27.37, 1.27, -0.64).
[INFO] [1780518590.025303468] [microamp_factor_graph_tracking]: Processed GNSS at 1700000018.00, NED (29.73, -0.64, -0.94).
[INFO] [1780518590.125058676] [microamp_factor_graph_tracking]: Processed GNSS at 1700000019.00, NED (30.21, 1.91, -2.23).
[INFO] [1780518590.227402301] [microamp_factor_graph_tracking]: Processed GNSS at 1700000020.00, NED (30.09, 0.02, -0.76).
[INFO] [1780518590.324067218] [microamp_factor_graph_tracking]: USBL time offset initialized: 0.000116
[INFO] [1780518590.325237968] [microamp_factor_graph_tracking]: Added ROV 1 node (step 1) at t=1700000020.00, dt=10.000 s
[INFO] [1780518590.328287676] [microamp_factor_graph_tracking]: Processed GNSS at 1700000021.00, NED (31.69, 0.93, -4.11).
[INFO] [1780518590.428023343] [microamp_factor_graph_tracking]: Processed GNSS at 1700000022.00, NED (33.50, -0.20, -2.75).
[INFO] [1780518590.526019510] [microamp_factor_graph_tracking]: Processed GNSS at 1700000023.00, NED (33.29, -0.83, 0.18).
[INFO] [1780518590.626984260] [microamp_factor_graph_tracking]: Processed GNSS at 1700000024.00, NED (35.96, -0.64, -1.86).
[INFO] [1780518590.724487635] [microamp_factor_graph_tracking]: Processed GNSS at 1700000025.00, NED (36.61, 1.27, -1.44).
[INFO] [1780518590.824820010] [microamp_factor_graph_tracking]: Processed GNSS at 1700000026.00, NED (38.26, 0.68, -2.22).
[INFO] [1780518590.925579010] [microamp_factor_graph_tracking]: Processed GNSS at 1700000027.00, NED (40.94, 0.36, -0.19).
[INFO] [1780518591.027182468] [microamp_factor_graph_tracking]: Processed GNSS at 1700000028.00, NED (40.57, -1.94, 0.03).
[INFO] [1780518591.127229552] [microamp_factor_graph_tracking]: Processed GNSS at 1700000029.00, NED (42.71, -3.02, 2.17).
[INFO] [1780518591.229541093] [microamp_factor_graph_tracking]: Processed GNSS at 1700000030.00, NED (46.85, -0.55, 0.95).
[INFO] [1780518591.326006302] [microamp_factor_graph_tracking]: Added ROV 1 node (step 2) at t=1700000030.00, dt=10.000 s
[INFO] [1780518591.329304843] [microamp_factor_graph_tracking]: Processed GNSS at 1700000031.00, NED (45.66, -1.72, 2.58).
[INFO] [1780518591.426487885] [microamp_factor_graph_tracking]: Processed GNSS at 1700000032.00, NED (48.86, 1.63, 1.81).
[INFO] [1780518591.527582927] [microamp_factor_graph_tracking]: Processed GNSS at 1700000033.00, NED (48.51, -4.22, 2.83).
[INFO] [1780518591.626447219] [microamp_factor_graph_tracking]: Processed GNSS at 1700000034.00, NED (48.10, -0.40, -2.71).
[INFO] [1780518591.728374427] [microamp_factor_graph_tracking]: Processed GNSS at 1700000035.00, NED (51.52, 2.41, 1.99).
[INFO] [1780518591.828136135] [microamp_factor_graph_tracking]: Processed GNSS at 1700000036.00, NED (52.97, 2.98, 0.24).
[INFO] [1780518591.928975469] [microamp_factor_graph_tracking]: Processed GNSS at 1700000037.00, NED (56.37, 1.17, -2.30).
[INFO] [1780518592.027715802] [microamp_factor_graph_tracking]: Processed GNSS at 1700000038.00, NED (57.91, 3.71, -1.34).
[INFO] [1780518592.126461177] [microamp_factor_graph_tracking]: Processed GNSS at 1700000039.00, NED (59.18, 2.89, 2.18).
[INFO] [1780518592.238534344] [microamp_factor_graph_tracking]: Processed GNSS at 1700000040.00, NED (60.05, -1.27, 0.17).
[INFO] [1780518592.323391719] [microamp_factor_graph_tracking]: Added ROV 1 node (step 3) at t=1700000040.00, dt=10.000 s
[INFO] [1780518592.335348594] [microamp_factor_graph_tracking]: Processed GNSS at 1700000041.00, NED (61.25, -0.64, -2.01).
[INFO] [1780518592.429357427] [microamp_factor_graph_tracking]: Processed GNSS at 1700000042.00, NED (62.74, 0.85, -3.78).
[INFO] [1780518592.525048344] [microamp_factor_graph_tracking]: Processed GNSS at 1700000043.00, NED (63.81, -0.06, 0.99).
[INFO] [1780518592.625842177] [microamp_factor_graph_tracking]: Processed GNSS at 1700000044.00, NED (67.47, 0.97, 0.20).
[INFO] [1780518592.729850677] [microamp_factor_graph_tracking]: Processed GNSS at 1700000045.00, NED (67.90, -0.98, -0.38).
[INFO] [1780518592.825289386] [microamp_factor_graph_tracking]: Processed GNSS at 1700000046.00, NED (69.20, 0.21, 2.06).
[INFO] [1780518592.926485136] [microamp_factor_graph_tracking]: Processed GNSS at 1700000047.00, NED (70.03, 1.07, -4.04).
[INFO] [1780518593.026056303] [microamp_factor_graph_tracking]: Processed GNSS at 1700000048.00, NED (76.58, 0.74, 0.53).
[INFO] [1780518593.128793469] [microamp_factor_graph_tracking]: Processed GNSS at 1700000049.00, NED (72.48, 0.45, 0.72).
[INFO] [1780518593.233044719] [microamp_factor_graph_tracking]: Processed GNSS at 1700000050.00, NED (71.92, 0.80, -1.37).
[INFO] [1780518593.324160803] [microamp_factor_graph_tracking]: Added ROV 1 node (step 4) at t=1700000050.00, dt=10.000 s
[INFO] [1780518593.331015719] [microamp_factor_graph_tracking]: Processed GNSS at 1700000051.00, NED (73.32, -2.36, -1.91).
[INFO] [1780518593.425035428] [microamp_factor_graph_tracking]: Processed GNSS at 1700000052.00, NED (78.70, 3.44, 0.64).
[INFO] [1780518593.525683636] [microamp_factor_graph_tracking]: Processed GNSS at 1700000053.00, NED (83.09, 1.55, 0.42).
[INFO] [1780518593.628786386] [microamp_factor_graph_tracking]: Processed GNSS at 1700000054.00, NED (82.25, -2.58, -0.85).
[INFO] [1780518593.741467428] [microamp_factor_graph_tracking]: Processed GNSS at 1700000055.00, NED (80.63, 0.76, 2.82).
[INFO] [1780518593.825389553] [microamp_factor_graph_tracking]: Processed GNSS at 1700000056.00, NED (84.16, 1.28, -1.03).
[INFO] [1780518593.926597261] [microamp_factor_graph_tracking]: Processed GNSS at 1700000057.00, NED (89.34, 1.29, 0.84).
[INFO] [1780518594.026611511] [microamp_factor_graph_tracking]: Processed GNSS at 1700000058.00, NED (88.51, 0.41, -4.04).
[INFO] [1780518594.126779595] [microamp_factor_graph_tracking]: Processed GNSS at 1700000059.00, NED (89.92, 0.80, -1.41).
[INFO] [1780518594.228789220] [microamp_factor_graph_tracking]: Processed GNSS at 1700000060.00, NED (88.47, 1.66, 0.78).
[INFO] [1780518594.324057928] [microamp_factor_graph_tracking]: Added ROV 1 node (step 5) at t=1700000060.00, dt=10.000 s
[INFO] [1780518594.330049637] [microamp_factor_graph_tracking]: Processed GNSS at 1700000061.00, NED (91.78, 3.12, -1.35).
[INFO] [1780518594.425102053] [microamp_factor_graph_tracking]: Processed GNSS at 1700000062.00, NED (92.03, 2.45, 1.25).
[INFO] [1780518594.527672762] [microamp_factor_graph_tracking]: Processed GNSS at 1700000063.00, NED (95.76, -0.53, -0.98).
[INFO] [1780518594.625834262] [microamp_factor_graph_tracking]: Processed GNSS at 1700000064.00, NED (94.60, 0.86, 3.04).
[INFO] [1780518594.733391012] [microamp_factor_graph_tracking]: Processed GNSS at 1700000065.00, NED (96.00, 1.44, 0.92).
[INFO] [1780518594.825271512] [microamp_factor_graph_tracking]: Processed GNSS at 1700000066.00, NED (99.50, 1.32, -2.04).
[INFO] [1780518594.925153137] [microamp_factor_graph_tracking]: Processed GNSS at 1700000067.00, NED (101.65, 0.48, 0.64).
[INFO] [1780518595.072505304] [microamp_factor_graph_tracking]: Processed GNSS at 1700000068.00, NED (102.11, 3.01, -0.25).
[INFO] [1780518595.131490429] [microamp_factor_graph_tracking]: Processed GNSS at 1700000069.00, NED (102.60, -0.06, -0.41).
[INFO] [1780518595.227693512] [microamp_factor_graph_tracking]: Processed GNSS at 1700000070.00, NED (104.23, 1.71, 1.17).
[INFO] [1780518595.323444095] [microamp_factor_graph_tracking]: Added ROV 1 node (step 6) at t=1700000070.00, dt=10.000 s
[INFO] [1780518595.325349970] [microamp_factor_graph_tracking]: Processed GNSS at 1700000071.00, NED (105.89, 0.79, -0.81).
[INFO] [1780518595.424337720] [microamp_factor_graph_tracking]: Processed GNSS at 1700000072.00, NED (107.93, -1.67, 0.72).
[INFO] [1780518595.525459845] [microamp_factor_graph_tracking]: Processed GNSS at 1700000073.00, NED (109.95, -2.27, -0.60).
[INFO] [1780518595.627053637] [microamp_factor_graph_tracking]: Processed GNSS at 1700000074.00, NED (112.16, 1.32, 0.99).
[INFO] [1780518595.727021887] [microamp_factor_graph_tracking]: Processed GNSS at 1700000075.00, NED (112.33, -1.39, -1.38).
[INFO] [1780518595.829132471] [microamp_factor_graph_tracking]: Processed GNSS at 1700000076.00, NED (113.13, 0.47, 0.19).
[INFO] [1780518595.929966887] [microamp_factor_graph_tracking]: Processed GNSS at 1700000077.00, NED (117.75, -0.70, 2.26).
[INFO] [1780518596.031628346] [microamp_factor_graph_tracking]: Processed GNSS at 1700000078.00, NED (117.58, 0.66, 4.34).
[INFO] [1780518596.132991762] [microamp_factor_graph_tracking]: Processed GNSS at 1700000079.00, NED (117.69, 3.61, -1.69).
[INFO] [1780518596.238776262] [microamp_factor_graph_tracking]: Processed GNSS at 1700000080.00, NED (122.17, 0.90, -2.83).
[INFO] [1780518596.323548471] [microamp_factor_graph_tracking]: Added ROV 1 node (step 7) at t=1700000080.00, dt=10.000 s
[INFO] [1780518596.326910762] [microamp_factor_graph_tracking]: Processed GNSS at 1700000081.00, NED (123.34, 1.44, 1.53).
[INFO] [1780518596.424639346] [microamp_factor_graph_tracking]: Processed GNSS at 1700000082.00, NED (122.98, 0.34, -1.04).
[INFO] [1780518596.524364804] [microamp_factor_graph_tracking]: Processed GNSS at 1700000083.00, NED (123.62, -0.53, -1.52).
[INFO] [1780518596.625531804] [microamp_factor_graph_tracking]: Processed GNSS at 1700000084.00, NED (126.79, 1.53, 0.85).
[INFO] [1780518596.733701554] [microamp_factor_graph_tracking]: Processed GNSS at 1700000085.00, NED (129.31, 0.31, 2.39).
[INFO] [1780518596.840074804] [microamp_factor_graph_tracking]: Processed GNSS at 1700000086.00, NED (130.19, -3.25, 1.89).
[INFO] [1780518596.924907763] [microamp_factor_graph_tracking]: Processed GNSS at 1700000087.00, NED (128.62, 2.04, -0.11).
[INFO] [1780518597.025364971] [microamp_factor_graph_tracking]: Processed GNSS at 1700000088.00, NED (132.47, 0.05, 1.39).
[INFO] [1780518597.127665763] [microamp_factor_graph_tracking]: Processed GNSS at 1700000089.00, NED (132.62, 0.69, 1.95).
[INFO] [1780518597.238162680] [microamp_factor_graph_tracking]: Processed GNSS at 1700000090.00, NED (135.88, -1.91, -0.38).
[INFO] [1780518597.323211638] [microamp_factor_graph_tracking]: Added ROV 1 node (step 8) at t=1700000090.00, dt=9.999 s
[INFO] [1780518597.327757971] [microamp_factor_graph_tracking]: Processed GNSS at 1700000091.00, NED (138.35, 1.33, -0.13).
[INFO] [1780518597.425908846] [microamp_factor_graph_tracking]: Processed GNSS at 1700000092.00, NED (136.77, 2.60, -0.71).
[INFO] [1780518597.525701721] [microamp_factor_graph_tracking]: Processed GNSS at 1700000093.00, NED (140.54, 3.97, 2.59).
[INFO] [1780518597.627805846] [microamp_factor_graph_tracking]: Processed GNSS at 1700000094.00, NED (141.38, 4.05, 1.01).
[INFO] [1780518597.742190680] [microamp_factor_graph_tracking]: Processed GNSS at 1700000095.00, NED (140.29, 6.59, 1.60).
[INFO] [1780518597.829006847] [microamp_factor_graph_tracking]: Processed GNSS at 1700000096.00, NED (141.67, 4.47, -0.07).
[INFO] [1780518597.931089472] [microamp_factor_graph_tracking]: Processed GNSS at 1700000097.00, NED (144.70, 6.33, 0.05).
[INFO] [1780518598.029654763] [microamp_factor_graph_tracking]: Processed GNSS at 1700000098.00, NED (142.94, 9.82, 0.51).
[INFO] [1780518598.140542138] [microamp_factor_graph_tracking]: Processed GNSS at 1700000099.00, NED (143.44, 10.48, 1.03).
[INFO] [1780518598.235916388] [microamp_factor_graph_tracking]: Processed GNSS at 1700000100.00, NED (144.46, 9.14, 1.80).
[INFO] [1780518598.325064847] [microamp_factor_graph_tracking]: Added ROV 1 node (step 9) at t=1700000100.00, dt=10.001 s
[INFO] [1780518598.329635680] [microamp_factor_graph_tracking]: Processed GNSS at 1700000101.00, NED (147.68, 12.00, -1.13).
[INFO] [1780518598.424582722] [microamp_factor_graph_tracking]: Processed GNSS at 1700000102.00, NED (151.46, 11.37, -2.27).
[INFO] [1780518598.525634889] [microamp_factor_graph_tracking]: Processed GNSS at 1700000103.00, NED (150.18, 15.88, -2.49).
[INFO] [1780518598.627179847] [microamp_factor_graph_tracking]: Processed GNSS at 1700000104.00, NED (149.20, 17.46, 0.21).
[INFO] [1780518598.736516389] [microamp_factor_graph_tracking]: Processed GNSS at 1700000105.00, NED (149.84, 15.29, -0.89).
[INFO] [1780518598.836018347] [microamp_factor_graph_tracking]: Processed GNSS at 1700000106.00, NED (149.70, 17.51, 2.40).
[INFO] [1780518598.925142097] [microamp_factor_graph_tracking]: Processed GNSS at 1700000107.00, NED (149.14, 19.08, 3.00).
[INFO] [1780518599.025373097] [microamp_factor_graph_tracking]: Processed GNSS at 1700000108.00, NED (150.07, 23.76, 1.10).
[INFO] [1780518599.128021222] [microamp_factor_graph_tracking]: Processed GNSS at 1700000109.00, NED (149.94, 23.46, -0.79).
[INFO] [1780518599.236731291] [microamp_factor_graph_tracking]: Processed GNSS at 1700000110.00, NED (149.37, 26.26, 1.02).
[INFO] [1780518599.321820791] [microamp_factor_graph_tracking]: Added ROV 1 node (step 10) at t=1700000110.00, dt=10.000 s
[INFO] [1780518599.327834333] [microamp_factor_graph_tracking]: Processed GNSS at 1700000111.00, NED (152.02, 27.03, -2.54).
[INFO] [1780518599.424672708] [microamp_factor_graph_tracking]: Processed GNSS at 1700000112.00, NED (149.33, 28.90, 2.21).
[INFO] [1780518599.526905583] [microamp_factor_graph_tracking]: Processed GNSS at 1700000113.00, NED (148.11, 28.20, 1.43).
[INFO] [1780518599.625019250] [microamp_factor_graph_tracking]: Processed GNSS at 1700000114.00, NED (148.63, 31.28, 1.57).
[INFO] [1780518599.733827750] [microamp_factor_graph_tracking]: Processed GNSS at 1700000115.00, NED (149.24, 33.53, 0.21).
[INFO] [1780518599.829348917] [microamp_factor_graph_tracking]: Processed GNSS at 1700000116.00, NED (148.52, 34.79, 4.97).
[INFO] [1780518599.926246917] [microamp_factor_graph_tracking]: Processed GNSS at 1700000117.00, NED (148.80, 35.45, -1.30).
[INFO] [1780518600.025943292] [microamp_factor_graph_tracking]: Processed GNSS at 1700000118.00, NED (148.89, 39.23, -0.02).
[INFO] [1780518600.128332000] [microamp_factor_graph_tracking]: Processed GNSS at 1700000119.00, NED (146.64, 37.92, -3.20).
[INFO] [1780518600.238606000] [microamp_factor_graph_tracking]: Processed GNSS at 1700000120.00, NED (149.08, 38.99, 2.41).
[INFO] [1780518600.322026375] [microamp_factor_graph_tracking]: Added ROV 1 node (step 11) at t=1700000120.00, dt=10.000 s
[INFO] [1780518600.329256792] [microamp_factor_graph_tracking]: Processed GNSS at 1700000121.00, NED (149.21, 41.92, 0.22).
[INFO] [1780518600.424593917] [microamp_factor_graph_tracking]: Processed GNSS at 1700000122.00, NED (147.49, 44.34, 1.11).
[INFO] [1780518600.526322417] [microamp_factor_graph_tracking]: Processed GNSS at 1700000123.00, NED (145.64, 43.85, 0.48).
[INFO] [1780518600.624074000] [microamp_factor_graph_tracking]: Processed GNSS at 1700000124.00, NED (144.44, 45.60, 0.75).
[INFO] [1780518600.736294709] [microamp_factor_graph_tracking]: Processed GNSS at 1700000125.00, NED (150.08, 49.31, 1.20).
[INFO] [1780518600.829084125] [microamp_factor_graph_tracking]: Processed GNSS at 1700000126.00, NED (149.96, 44.56, -0.41).
[INFO] [1780518600.933254500] [microamp_factor_graph_tracking]: Processed GNSS at 1700000127.00, NED (150.62, 49.71, 0.43).
[INFO] [1780518601.024826125] [microamp_factor_graph_tracking]: Processed GNSS at 1700000128.00, NED (148.65, 50.75, -2.64).
[INFO] [1780518601.123559834] [microamp_factor_graph_tracking]: Processed GNSS at 1700000129.00, NED (149.49, 52.08, 1.37).
[INFO] [1780518601.232716584] [microamp_factor_graph_tracking]: Processed GNSS at 1700000130.00, NED (146.44, 56.42, -0.80).
[INFO] [1780518601.322042417] [microamp_factor_graph_tracking]: Added ROV 1 node (step 12) at t=1700000130.00, dt=9.999 s
[INFO] [1780518601.328898626] [microamp_factor_graph_tracking]: Processed GNSS at 1700000131.00, NED (148.16, 56.31, -2.82).
[INFO] [1780518601.423966334] [microamp_factor_graph_tracking]: Processed GNSS at 1700000132.00, NED (149.28, 59.29, 0.80).
[INFO] [1780518601.525322751] [microamp_factor_graph_tracking]: Processed GNSS at 1700000133.00, NED (149.86, 59.93, 3.17).
[INFO] [1780518601.625260959] [microamp_factor_graph_tracking]: Processed GNSS at 1700000134.00, NED (145.84, 58.64, 1.01).
[INFO] [1780518601.737189959] [microamp_factor_graph_tracking]: Processed GNSS at 1700000135.00, NED (150.28, 65.13, -2.65).
[INFO] [1780518601.828685209] [microamp_factor_graph_tracking]: Processed GNSS at 1700000136.00, NED (149.65, 65.38, 2.31).
[INFO] [1780518601.929057584] [microamp_factor_graph_tracking]: Processed GNSS at 1700000137.00, NED (147.05, 67.21, 0.41).
[INFO] [1780518602.027868751] [microamp_factor_graph_tracking]: Processed GNSS at 1700000138.00, NED (148.44, 67.26, -0.43).
[INFO] [1780518602.128566709] [microamp_factor_graph_tracking]: Processed GNSS at 1700000139.00, NED (148.37, 67.65, 0.31).
[INFO] [1780518602.243144251] [microamp_factor_graph_tracking]: Processed GNSS at 1700000140.00, NED (149.81, 69.38, -2.29).
[INFO] [1780518602.322227543] [microamp_factor_graph_tracking]: Added ROV 1 node (step 13) at t=1700000140.00, dt=10.000 s
[INFO] [1780518602.326050501] [microamp_factor_graph_tracking]: Processed GNSS at 1700000141.00, NED (147.35, 72.64, -2.59).
[INFO] [1780518602.428707334] [microamp_factor_graph_tracking]: Processed GNSS at 1700000142.00, NED (147.55, 72.41, 0.63).
[INFO] [1780518602.527241376] [microamp_factor_graph_tracking]: Processed GNSS at 1700000143.00, NED (147.13, 75.90, 3.77).
[INFO] [1780518602.626426085] [microamp_factor_graph_tracking]: Processed GNSS at 1700000144.00, NED (149.78, 77.36, -0.60).
[INFO] [1780518602.738715876] [microamp_factor_graph_tracking]: Processed GNSS at 1700000145.00, NED (146.89, 78.37, 1.04).
[INFO] [1780518602.825968501] [microamp_factor_graph_tracking]: Processed GNSS at 1700000146.00, NED (148.47, 79.10, 0.23).
[INFO] [1780518602.929183918] [microamp_factor_graph_tracking]: Processed GNSS at 1700000147.00, NED (148.83, 81.07, -3.27).
[INFO] [1780518603.025161460] [microamp_factor_graph_tracking]: Processed GNSS at 1700000148.00, NED (148.25, 81.83, -1.15).
[INFO] [1780518603.123980460] [microamp_factor_graph_tracking]: Processed GNSS at 1700000149.00, NED (150.65, 82.48, -2.02).
[INFO] [1780518603.231892376] [microamp_factor_graph_tracking]: Processed GNSS at 1700000150.00, NED (148.93, 83.83, 0.77).
[INFO] [1780518603.322036960] [microamp_factor_graph_tracking]: Added ROV 1 node (step 14) at t=1700000150.00, dt=10.000 s
[INFO] [1780518603.324627627] [microamp_factor_graph_tracking]: Processed GNSS at 1700000151.00, NED (147.05, 85.85, 2.35).
[INFO] [1780518603.424686710] [microamp_factor_graph_tracking]: Processed GNSS at 1700000152.00, NED (149.27, 89.98, 2.81).
[INFO] [1780518603.527836835] [microamp_factor_graph_tracking]: Processed GNSS at 1700000153.00, NED (148.14, 88.70, 0.50).
[INFO] [1780518603.626300543] [microamp_factor_graph_tracking]: Processed GNSS at 1700000154.00, NED (150.29, 89.40, 1.52).
[INFO] [1780518603.737838502] [microamp_factor_graph_tracking]: Processed GNSS at 1700000155.00, NED (148.68, 90.94, 0.87).
[INFO] [1780518603.827317377] [microamp_factor_graph_tracking]: Processed GNSS at 1700000156.00, NED (148.52, 94.67, 0.92).
[INFO] [1780518603.926882752] [microamp_factor_graph_tracking]: Processed GNSS at 1700000157.00, NED (146.73, 92.95, -6.11).
[INFO] [1780518604.028272377] [microamp_factor_graph_tracking]: Processed GNSS at 1700000158.00, NED (151.66, 97.71, 0.90).
[INFO] [1780518604.129913294] [microamp_factor_graph_tracking]: Processed GNSS at 1700000159.00, NED (146.68, 97.77, -2.52).
[INFO] [1780518604.236928919] [microamp_factor_graph_tracking]: Processed GNSS at 1700000160.00, NED (148.82, 99.60, -0.96).
[INFO] [1780518604.322219335] [microamp_factor_graph_tracking]: Added ROV 1 node (step 15) at t=1700000160.00, dt=10.000 s
[INFO] [1780518604.328003919] [microamp_factor_graph_tracking]: Processed GNSS at 1700000161.00, NED (149.44, 101.47, -0.19).
[INFO] [1780518604.425631294] [microamp_factor_graph_tracking]: Processed GNSS at 1700000162.00, NED (148.80, 102.63, -0.46).
[INFO] [1780518604.527395835] [microamp_factor_graph_tracking]: Processed GNSS at 1700000163.00, NED (148.94, 104.33, -4.12).
[INFO] [1780518604.625663627] [microamp_factor_graph_tracking]: Processed GNSS at 1700000164.00, NED (148.11, 104.36, -1.07).
[INFO] [1780518604.736467669] [microamp_factor_graph_tracking]: Processed GNSS at 1700000165.00, NED (149.03, 107.83, -3.35).
[INFO] [1780518604.826237252] [microamp_factor_graph_tracking]: Processed GNSS at 1700000166.00, NED (147.31, 110.90, 0.59).
[INFO] [1780518604.931262044] [microamp_factor_graph_tracking]: Processed GNSS at 1700000167.00, NED (149.32, 109.93, 2.05).
[INFO] [1780518605.036088252] [microamp_factor_graph_tracking]: Processed GNSS at 1700000168.00, NED (149.40, 114.59, -0.29).
[INFO] [1780518605.123761461] [microamp_factor_graph_tracking]: Processed GNSS at 1700000169.00, NED (150.56, 111.92, 0.67).
[INFO] [1780518605.229849169] [microamp_factor_graph_tracking]: Processed GNSS at 1700000170.00, NED (148.57, 114.85, -3.39).
[INFO] [1780518605.321667169] [microamp_factor_graph_tracking]: Added ROV 1 node (step 16) at t=1700000170.00, dt=10.000 s
[INFO] [1780518605.324620919] [microamp_factor_graph_tracking]: Processed GNSS at 1700000171.00, NED (147.57, 117.98, -0.72).
[INFO] [1780518605.423977503] [microamp_factor_graph_tracking]: Processed GNSS at 1700000172.00, NED (148.57, 115.74, -0.55).
[INFO] [1780518605.523470503] [microamp_factor_graph_tracking]: Processed GNSS at 1700000173.00, NED (151.39, 120.58, -0.02).
[INFO] [1780518605.623212419] [microamp_factor_graph_tracking]: Processed GNSS at 1700000174.00, NED (150.34, 119.96, -2.39).
[INFO] [1780518605.733323919] [microamp_factor_graph_tracking]: Processed GNSS at 1700000175.00, NED (148.09, 124.74, -0.63).
[INFO] [1780518605.824323211] [microamp_factor_graph_tracking]: Processed GNSS at 1700000176.00, NED (148.43, 125.66, 0.16).
[INFO] [1780518605.925225169] [microamp_factor_graph_tracking]: Processed GNSS at 1700000177.00, NED (148.21, 122.66, 0.59).
[INFO] [1780518606.024390586] [microamp_factor_graph_tracking]: Processed GNSS at 1700000178.00, NED (150.55, 126.66, 1.61).
[INFO] [1780518606.125965711] [microamp_factor_graph_tracking]: Processed GNSS at 1700000179.00, NED (148.80, 130.01, -2.29).
[INFO] [1780518606.236019378] [microamp_factor_graph_tracking]: Processed GNSS at 1700000180.00, NED (149.55, 129.02, -0.12).
[INFO] [1780518606.321760753] [microamp_factor_graph_tracking]: Added ROV 1 node (step 17) at t=1700000180.00, dt=10.000 s
[INFO] [1780518606.327065295] [microamp_factor_graph_tracking]: Processed GNSS at 1700000181.00, NED (147.92, 133.14, -0.79).
[INFO] [1780518606.423038503] [microamp_factor_graph_tracking]: Processed GNSS at 1700000182.00, NED (147.91, 135.68, -1.97).
[INFO] [1780518606.524502753] [microamp_factor_graph_tracking]: Processed GNSS at 1700000183.00, NED (148.67, 134.66, 2.53).
[INFO] [1780518606.625262170] [microamp_factor_graph_tracking]: Processed GNSS at 1700000184.00, NED (148.64, 134.19, 0.96).
[INFO] [1780518606.733952253] [microamp_factor_graph_tracking]: Processed GNSS at 1700000185.00, NED (147.44, 135.12, -2.01).
[INFO] [1780518606.826639087] [microamp_factor_graph_tracking]: Processed GNSS at 1700000186.00, NED (150.35, 140.09, 3.52).
[INFO] [1780518606.935599628] [microamp_factor_graph_tracking]: Processed GNSS at 1700000187.00, NED (146.20, 139.40, 1.26).
[INFO] [1780518607.030253753] [microamp_factor_graph_tracking]: Processed GNSS at 1700000188.00, NED (148.96, 140.59, -1.90).
[INFO] [1780518607.124278962] [microamp_factor_graph_tracking]: Processed GNSS at 1700000189.00, NED (149.62, 142.54, 1.88).
[INFO] [1780518607.229788920] [microamp_factor_graph_tracking]: Processed GNSS at 1700000190.00, NED (147.64, 144.49, -0.01).
[INFO] [1780518607.322087212] [microamp_factor_graph_tracking]: Added ROV 1 node (step 18) at t=1700000190.00, dt=10.000 s
[INFO] [1780518607.325435253] [microamp_factor_graph_tracking]: Processed GNSS at 1700000191.00, NED (147.99, 145.69, -1.66).
[INFO] [1780518607.424266628] [microamp_factor_graph_tracking]: Processed GNSS at 1700000192.00, NED (147.27, 147.80, 0.44).
[INFO] [1780518607.525752504] [microamp_factor_graph_tracking]: Processed GNSS at 1700000193.00, NED (147.32, 149.21, 1.57).
[INFO] [1780518607.626794420] [microamp_factor_graph_tracking]: Processed GNSS at 1700000194.00, NED (147.24, 150.93, 1.26).
[INFO] [1780518607.742271420] [microamp_factor_graph_tracking]: Processed GNSS at 1700000195.00, NED (149.32, 151.55, -1.39).
[INFO] [1780518607.827343545] [microamp_factor_graph_tracking]: Processed GNSS at 1700000196.00, NED (148.09, 158.06, -0.17).
[INFO] [1780518607.929086879] [microamp_factor_graph_tracking]: Processed GNSS at 1700000197.00, NED (149.56, 153.69, 3.43).
[INFO] [1780518608.030671129] [microamp_factor_graph_tracking]: Processed GNSS at 1700000198.00, NED (149.26, 155.56, 0.97).
[INFO] [1780518608.129381212] [microamp_factor_graph_tracking]: Processed GNSS at 1700000199.00, NED (148.69, 156.94, 1.41).
[INFO] [1780518608.238388421] [microamp_factor_graph_tracking]: Processed GNSS at 1700000200.00, NED (152.23, 159.00, -1.02).
[INFO] [1780518608.321917629] [microamp_factor_graph_tracking]: Added ROV 1 node (step 19) at t=1700000200.00, dt=10.000 s
[INFO] [1780518608.326691296] [microamp_factor_graph_tracking]: Processed GNSS at 1700000201.00, NED (151.85, 159.81, -5.25).
[INFO] [1780518608.423602087] [microamp_factor_graph_tracking]: Processed GNSS at 1700000202.00, NED (154.29, 161.65, 2.47).
[INFO] [1780518608.524256837] [microamp_factor_graph_tracking]: Processed GNSS at 1700000203.00, NED (155.09, 164.20, -0.78).
[INFO] [1780518608.625588587] [microamp_factor_graph_tracking]: Processed GNSS at 1700000204.00, NED (157.32, 161.82, 2.25).
[INFO] [1780518608.735360962] [microamp_factor_graph_tracking]: Processed GNSS at 1700000205.00, NED (158.45, 162.77, 0.21).
[INFO] [1780518608.826639212] [microamp_factor_graph_tracking]: Processed GNSS at 1700000206.00, NED (156.85, 164.46, 1.80).
[INFO] [1780518608.929476629] [microamp_factor_graph_tracking]: Processed GNSS at 1700000207.00, NED (159.11, 166.22, 0.43).
[INFO] [1780518609.035928921] [microamp_factor_graph_tracking]: Processed GNSS at 1700000208.00, NED (159.03, 167.64, -0.46).
[INFO] [1780518609.127782671] [microamp_factor_graph_tracking]: Processed GNSS at 1700000209.00, NED (164.11, 168.87, -1.16).
[INFO] [1780518609.229516296] [microamp_factor_graph_tracking]: Processed GNSS at 1700000210.00, NED (161.17, 168.39, -0.75).
[INFO] [1780518609.321782838] [microamp_factor_graph_tracking]: Added ROV 1 node (step 20) at t=1700000210.00, dt=10.000 s
[INFO] [1780518609.325376588] [microamp_factor_graph_tracking]: Processed GNSS at 1700000211.00, NED (165.45, 168.49, -1.49).
[INFO] [1780518609.424273129] [microamp_factor_graph_tracking]: Processed GNSS at 1700000212.00, NED (167.07, 168.59, 2.07).
[INFO] [1780518609.526002588] [microamp_factor_graph_tracking]: Processed GNSS at 1700000213.00, NED (167.85, 170.33, 0.87).
[INFO] [1780518609.625873380] [microamp_factor_graph_tracking]: Processed GNSS at 1700000214.00, NED (169.86, 167.07, -2.13).
[INFO] [1780518609.737296463] [microamp_factor_graph_tracking]: Processed GNSS at 1700000215.00, NED (170.94, 169.92, -0.83).
[INFO] [1780518609.827839963] [microamp_factor_graph_tracking]: Processed GNSS at 1700000216.00, NED (171.26, 169.03, 3.19).
[INFO] [1780518609.929835630] [microamp_factor_graph_tracking]: Processed GNSS at 1700000217.00, NED (173.89, 167.97, -0.57).
[INFO] [1780518610.035442505] [microamp_factor_graph_tracking]: Processed GNSS at 1700000218.00, NED (177.90, 168.59, 1.76).
[INFO] [1780518610.130062713] [microamp_factor_graph_tracking]: Processed GNSS at 1700000219.00, NED (176.62, 170.48, -0.05).
[INFO] [1780518610.246920005] [microamp_factor_graph_tracking]: Processed GNSS at 1700000220.00, NED (176.07, 171.40, 0.17).
[INFO] [1780518610.322082297] [microamp_factor_graph_tracking]: Added ROV 1 node (step 21) at t=1700000220.00, dt=10.000 s
[INFO] [1780518610.327711463] [microamp_factor_graph_tracking]: Processed GNSS at 1700000221.00, NED (180.28, 170.37, 2.18).
[INFO] [1780518610.427727505] [microamp_factor_graph_tracking]: Processed GNSS at 1700000222.00, NED (184.00, 169.90, 0.30).
[INFO] [1780518610.528420963] [microamp_factor_graph_tracking]: Processed GNSS at 1700000223.00, NED (184.75, 171.94, -1.57).
[INFO] [1780518610.629533630] [microamp_factor_graph_tracking]: Processed GNSS at 1700000224.00, NED (183.53, 168.00, 0.51).
[INFO] [1780518610.740819297] [microamp_factor_graph_tracking]: Processed GNSS at 1700000225.00, NED (185.30, 170.01, 0.09).
[INFO] [1780518610.831144463] [microamp_factor_graph_tracking]: Processed GNSS at 1700000226.00, NED (187.04, 168.17, -0.05).
[INFO] [1780518610.929265713] [microamp_factor_graph_tracking]: Processed GNSS at 1700000227.00, NED (186.32, 165.22, 2.82).
[INFO] [1780518611.028598547] [microamp_factor_graph_tracking]: Processed GNSS at 1700000228.00, NED (189.71, 170.77, 3.00).
[INFO] [1780518611.129528422] [microamp_factor_graph_tracking]: Processed GNSS at 1700000229.00, NED (192.07, 170.80, 2.85).
[INFO] [1780518611.238381505] [microamp_factor_graph_tracking]: Processed GNSS at 1700000230.00, NED (190.44, 171.09, 2.92).
[INFO] [1780518611.321660464] [microamp_factor_graph_tracking]: Added ROV 1 node (step 22) at t=1700000230.00, dt=10.000 s
[INFO] [1780518611.323854839] [microamp_factor_graph_tracking]: Processed GNSS at 1700000231.00, NED (196.82, 172.07, 0.27).
[INFO] [1780518611.423183214] [microamp_factor_graph_tracking]: Processed GNSS at 1700000232.00, NED (195.89, 169.76, -1.93).
[INFO] [1780518611.535721797] [microamp_factor_graph_tracking]: Processed GNSS at 1700000233.00, NED (197.38, 170.18, -0.73).
[INFO] [1780518611.628245589] [microamp_factor_graph_tracking]: Processed GNSS at 1700000234.00, NED (199.59, 168.27, 0.59).
[INFO] [1780518611.741878381] [microamp_factor_graph_tracking]: Processed GNSS at 1700000235.00, NED (201.72, 169.43, 0.42).
[INFO] [1780518611.827433506] [microamp_factor_graph_tracking]: Processed GNSS at 1700000236.00, NED (200.55, 168.38, 3.30).
[INFO] [1780518611.927088797] [microamp_factor_graph_tracking]: Processed GNSS at 1700000237.00, NED (204.84, 169.55, 2.76).
[INFO] [1780518612.031282006] [microamp_factor_graph_tracking]: Processed GNSS at 1700000238.00, NED (205.38, 167.74, -0.31).
[INFO] [1780518612.129301797] [microamp_factor_graph_tracking]: Processed GNSS at 1700000239.00, NED (207.76, 167.69, 1.62).
[INFO] [1780518612.243753131] [microamp_factor_graph_tracking]: Processed GNSS at 1700000240.00, NED (206.38, 171.29, -0.26).
[INFO] [1780518612.323367839] [microamp_factor_graph_tracking]: Added ROV 1 node (step 23) at t=1700000240.00, dt=10.000 s
[INFO] [1780518612.329044339] [microamp_factor_graph_tracking]: Processed GNSS at 1700000241.00, NED (208.47, 169.17, -1.77).
[INFO] [1780518612.426715589] [microamp_factor_graph_tracking]: Processed GNSS at 1700000242.00, NED (211.30, 168.44, -0.42).
[INFO] [1780518612.527967714] [microamp_factor_graph_tracking]: Processed GNSS at 1700000243.00, NED (209.38, 169.01, 0.96).
[INFO] [1780518612.629031381] [microamp_factor_graph_tracking]: Processed GNSS at 1700000244.00, NED (214.63, 169.53, -3.62).
[INFO] [1780518612.734529631] [microamp_factor_graph_tracking]: Processed GNSS at 1700000245.00, NED (215.81, 172.46, 0.88).
[INFO] [1780518612.826745923] [microamp_factor_graph_tracking]: Processed GNSS at 1700000246.00, NED (219.16, 170.55, -0.45).
[INFO] [1780518612.932918798] [microamp_factor_graph_tracking]: Processed GNSS at 1700000247.00, NED (219.69, 166.47, 0.09).
[INFO] [1780518613.027807714] [microamp_factor_graph_tracking]: Processed GNSS at 1700000248.00, NED (218.46, 169.56, -1.70).
[INFO] [1780518613.131076840] [microamp_factor_graph_tracking]: Processed GNSS at 1700000249.00, NED (222.52, 169.17, 5.48).
[INFO] [1780518613.234942173] [microamp_factor_graph_tracking]: Processed GNSS at 1700000250.00, NED (225.00, 171.66, -3.37).
[INFO] [1780518613.321630298] [microamp_factor_graph_tracking]: Added ROV 1 node (step 24) at t=1700000250.00, dt=10.000 s
[INFO] [1780518613.323770881] [microamp_factor_graph_tracking]: Processed GNSS at 1700000251.00, NED (225.41, 169.22, 2.69).
[INFO] [1780518613.423062590] [microamp_factor_graph_tracking]: Processed GNSS at 1700000252.00, NED (225.44, 167.45, -4.69).
[INFO] [1780518613.527084715] [microamp_factor_graph_tracking]: Processed GNSS at 1700000253.00, NED (228.85, 167.10, 1.45).
[INFO] [1780518613.628369756] [microamp_factor_graph_tracking]: Processed GNSS at 1700000254.00, NED (228.63, 169.53, -3.63).
[INFO] [1780518613.744343923] [microamp_factor_graph_tracking]: Processed GNSS at 1700000255.00, NED (231.16, 169.73, -2.84).
[INFO] [1780518613.827327715] [microamp_factor_graph_tracking]: Processed GNSS at 1700000256.00, NED (233.91, 168.09, 0.05).
[INFO] [1780518613.924156423] [microamp_factor_graph_tracking]: Processed GNSS at 1700000257.00, NED (233.75, 168.27, 0.08).
[INFO] [1780518614.028515965] [microamp_factor_graph_tracking]: Processed GNSS at 1700000258.00, NED (235.43, 169.08, -2.52).
[INFO] [1780518614.129988840] [microamp_factor_graph_tracking]: Processed GNSS at 1700000259.00, NED (236.10, 168.14, -0.89).
[INFO] [1780518614.240274382] [microamp_factor_graph_tracking]: Processed GNSS at 1700000260.00, NED (238.70, 168.09, -0.14).
[INFO] [1780518614.321297632] [microamp_factor_graph_tracking]: Added ROV 1 node (step 25) at t=1700000260.00, dt=10.000 s
[INFO] [1780518614.327581173] [microamp_factor_graph_tracking]: Processed GNSS at 1700000261.00, NED (239.88, 167.58, -0.52).
[INFO] [1780518614.427419132] [microamp_factor_graph_tracking]: Processed GNSS at 1700000262.00, NED (239.85, 170.65, 0.92).
[INFO] [1780518614.528276799] [microamp_factor_graph_tracking]: Processed GNSS at 1700000263.00, NED (241.02, 167.84, 0.54).
[INFO] [1780518614.626503715] [microamp_factor_graph_tracking]: Processed GNSS at 1700000264.00, NED (245.30, 168.24, 0.41).
[INFO] [1780518614.746481257] [microamp_factor_graph_tracking]: Processed GNSS at 1700000265.00, NED (243.76, 169.67, -0.43).
[INFO] [1780518614.825807090] [microamp_factor_graph_tracking]: Processed GNSS at 1700000266.00, NED (244.08, 170.12, -2.56).
[INFO] [1780518614.930282965] [microamp_factor_graph_tracking]: Processed GNSS at 1700000267.00, NED (250.74, 168.90, 2.90).
[INFO] [1780518615.028835715] [microamp_factor_graph_tracking]: Processed GNSS at 1700000268.00, NED (250.84, 169.29, -1.79).
[INFO] [1780518615.129467632] [microamp_factor_graph_tracking]: Processed GNSS at 1700000269.00, NED (251.32, 170.22, 3.06).
[INFO] [1780518615.249691466] [microamp_factor_graph_tracking]: Processed GNSS at 1700000270.00, NED (254.41, 171.73, -4.15).
[INFO] [1780518615.321820549] [microamp_factor_graph_tracking]: Added ROV 1 node (step 26) at t=1700000270.00, dt=10.000 s
[INFO] [1780518615.324106007] [microamp_factor_graph_tracking]: Processed GNSS at 1700000271.00, NED (257.06, 165.61, -3.87).
[INFO] [1780518615.422803757] [microamp_factor_graph_tracking]: Processed GNSS at 1700000272.00, NED (256.35, 168.50, -2.37).
[INFO] [1780518615.524141716] [microamp_factor_graph_tracking]: Processed GNSS at 1700000273.00, NED (259.98, 169.15, 2.24).
[INFO] [1780518615.625627132] [microamp_factor_graph_tracking]: Processed GNSS at 1700000274.00, NED (262.25, 169.14, -0.37).
[INFO] [1780518615.750290591] [microamp_factor_graph_tracking]: Processed GNSS at 1700000275.00, NED (262.62, 171.41, 1.52).
[INFO] [1780518615.825897341] [microamp_factor_graph_tracking]: Processed GNSS at 1700000276.00, NED (261.83, 170.23, -0.15).
[INFO] [1780518615.929247424] [microamp_factor_graph_tracking]: Processed GNSS at 1700000277.00, NED (263.49, 168.25, 1.91).
[INFO] [1780518616.029381924] [microamp_factor_graph_tracking]: Processed GNSS at 1700000278.00, NED (264.31, 171.23, -2.14).
[INFO] [1780518616.130440091] [microamp_factor_graph_tracking]: Processed GNSS at 1700000279.00, NED (268.23, 169.61, -0.46).
[INFO] [1780518616.240346924] [microamp_factor_graph_tracking]: Processed GNSS at 1700000280.00, NED (269.80, 170.53, 0.48).
[INFO] [1780518616.322369466] [microamp_factor_graph_tracking]: Added ROV 1 node (step 27) at t=1700000280.00, dt=10.000 s
[INFO] [1780518616.327693924] [microamp_factor_graph_tracking]: Processed GNSS at 1700000281.00, NED (269.76, 170.08, 3.32).
[INFO] [1780518616.423627549] [microamp_factor_graph_tracking]: Processed GNSS at 1700000282.00, NED (274.06, 169.33, -1.38).
[INFO] [1780518616.522940549] [microamp_factor_graph_tracking]: Processed GNSS at 1700000283.00, NED (273.51, 170.48, 1.38).
[INFO] [1780518616.627325758] [microamp_factor_graph_tracking]: Processed GNSS at 1700000284.00, NED (277.33, 170.82, 1.45).
[INFO] [1780518616.744569925] [microamp_factor_graph_tracking]: Processed GNSS at 1700000285.00, NED (276.60, 167.53, -0.55).
[INFO] [1780518616.830140383] [microamp_factor_graph_tracking]: Processed GNSS at 1700000286.00, NED (276.52, 168.63, 3.29).
[INFO] [1780518616.930652966] [microamp_factor_graph_tracking]: Processed GNSS at 1700000287.00, NED (277.76, 171.59, 1.14).
[INFO] [1780518617.029454216] [microamp_factor_graph_tracking]: Processed GNSS at 1700000288.00, NED (277.06, 168.34, 0.63).
[INFO] [1780518617.129067466] [microamp_factor_graph_tracking]: Processed GNSS at 1700000289.00, NED (281.20, 168.11, -0.23).
[INFO] [1780518617.243312300] [microamp_factor_graph_tracking]: Processed GNSS at 1700000290.00, NED (283.28, 168.82, -3.58).
[INFO] [1780518617.322195675] [microamp_factor_graph_tracking]: Added ROV 1 node (step 28) at t=1700000290.00, dt=10.000 s
[INFO] [1780518617.329559342] [microamp_factor_graph_tracking]: Processed GNSS at 1700000291.00, NED (282.55, 168.32, 1.22).
[INFO] [1780518617.423139633] [microamp_factor_graph_tracking]: Processed GNSS at 1700000292.00, NED (287.66, 171.16, 2.30).
[INFO] [1780518617.524865300] [microamp_factor_graph_tracking]: Processed GNSS at 1700000293.00, NED (289.33, 171.22, -0.83).
[INFO] [1780518617.627602508] [microamp_factor_graph_tracking]: Processed GNSS at 1700000294.00, NED (289.69, 168.66, 1.48).
[INFO] [1780518617.739683967] [microamp_factor_graph_tracking]: Processed GNSS at 1700000295.00, NED (292.38, 168.40, 0.93).
[INFO] [1780518617.827204508] [microamp_factor_graph_tracking]: Processed GNSS at 1700000296.00, NED (293.30, 169.85, 1.17).
[INFO] [1780518617.930218633] [microamp_factor_graph_tracking]: Processed GNSS at 1700000297.00, NED (296.16, 167.79, -1.72).
[INFO] [1780518618.028031717] [microamp_factor_graph_tracking]: Processed GNSS at 1700000298.00, NED (293.80, 168.82, 0.37).
[INFO] [1780518618.132139717] [microamp_factor_graph_tracking]: Processed GNSS at 1700000299.00, NED (296.01, 170.61, -1.44).
[INFO] [1780518619.659243134] [rclcpp]: signal_handler(SIGINT/SIGTERM)
