[INFO] [1780734461.382884919] [microamp_factor_graph_tracking]: Using scenario_id=2
[INFO] [1780734461.390148211] [microamp_factor_graph_tracking]: Expanded factor graph node initialized.
[WARN] [1780734463.420582712] [microamp_factor_graph_tracking]: Graph not initialized yet, skipping USBL measurement
[INFO] [1780734463.421000503] [microamp_factor_graph_tracking]: Graph initialized with GNSS at NED (31.39, 2.39, -0.15)
[INFO] [1780734463.422195628] [microamp_factor_graph_tracking]: IMU initialized at time 1700000000.980
[INFO] [1780734463.520643628] [microamp_factor_graph_tracking]: Processed GNSS at 1700000002.00, NED (32.92, 4.58, -0.11).
[INFO] [1780734463.621996212] [microamp_factor_graph_tracking]: Processed GNSS at 1700000003.00, NED (34.70, 5.66, -0.75).
[INFO] [1780734463.721496545] [microamp_factor_graph_tracking]: Processed GNSS at 1700000004.00, NED (36.61, 8.18, 0.44).
[INFO] [1780734463.823654379] [microamp_factor_graph_tracking]: Processed GNSS at 1700000005.00, NED (37.46, 9.83, -0.00).
[INFO] [1780734463.920594754] [microamp_factor_graph_tracking]: Processed GNSS at 1700000006.00, NED (39.19, 11.65, 0.62).
[INFO] [1780734464.021252379] [microamp_factor_graph_tracking]: Processed GNSS at 1700000007.00, NED (40.53, 13.64, 0.38).
[INFO] [1780734464.120520379] [microamp_factor_graph_tracking]: Processed GNSS at 1700000008.00, NED (41.87, 14.35, 0.54).
[INFO] [1780734464.221738212] [microamp_factor_graph_tracking]: Processed GNSS at 1700000009.00, NED (42.70, 16.55, 0.74).
[INFO] [1780734464.323614837] [microamp_factor_graph_tracking]: Processed GNSS at 1700000010.00, NED (44.61, 17.59, -0.72).
[INFO] [1780734464.421689379] [microamp_factor_graph_tracking]: Processed GNSS at 1700000011.00, NED (45.59, 18.19, 0.68).
[INFO] [1780734464.520502754] [microamp_factor_graph_tracking]: Processed GNSS at 1700000012.00, NED (46.65, 18.88, -0.74).
[INFO] [1780734464.620710337] [microamp_factor_graph_tracking]: Processed GNSS at 1700000013.00, NED (47.66, 19.62, 0.05).
[INFO] [1780734464.721723629] [microamp_factor_graph_tracking]: Processed GNSS at 1700000014.00, NED (49.89, 20.20, 0.03).
[INFO] [1780734464.823197504] [microamp_factor_graph_tracking]: Processed GNSS at 1700000015.00, NED (50.57, 20.11, 0.21).
[INFO] [1780734464.920786046] [microamp_factor_graph_tracking]: Initialized ROV 1 at NED (34.25, 12.97, 13.26), t_sent=1700000015.00
[INFO] [1780734464.923156212] [microamp_factor_graph_tracking]: Processed GNSS at 1700000016.00, NED (51.76, 20.15, 0.24).
[INFO] [1780734465.022256004] [microamp_factor_graph_tracking]: Processed GNSS at 1700000017.00, NED (53.22, 20.24, -0.09).
[INFO] [1780734465.122358421] [microamp_factor_graph_tracking]: Processed GNSS at 1700000018.00, NED (54.39, 19.43, -0.16).
[INFO] [1780734465.220743838] [microamp_factor_graph_tracking]: Processed GNSS at 1700000019.00, NED (55.10, 19.31, -0.48).
[INFO] [1780734465.326094504] [microamp_factor_graph_tracking]: Processed GNSS at 1700000020.00, NED (55.63, 18.12, -0.11).
[INFO] [1780734465.421381129] [microamp_factor_graph_tracking]: Processed GNSS at 1700000021.00, NED (56.42, 17.33, -0.95).
[INFO] [1780734465.522888838] [microamp_factor_graph_tracking]: Processed GNSS at 1700000022.00, NED (57.19, 15.96, -0.61).
[INFO] [1780734465.622156754] [microamp_factor_graph_tracking]: Processed GNSS at 1700000023.00, NED (57.48, 14.54, 0.12).
[INFO] [1780734465.723009255] [microamp_factor_graph_tracking]: Processed GNSS at 1700000024.00, NED (58.28, 13.14, -0.39).
[INFO] [1780734465.834754046] [microamp_factor_graph_tracking]: Processed GNSS at 1700000025.00, NED (58.60, 11.96, -0.28).
[INFO] [1780734465.923301880] [microamp_factor_graph_tracking]: Processed GNSS at 1700000026.00, NED (59.06, 10.16, -0.48).
[INFO] [1780734466.022782921] [microamp_factor_graph_tracking]: Processed GNSS at 1700000027.00, NED (59.65, 8.32, 0.03).
[INFO] [1780734466.124154130] [microamp_factor_graph_tracking]: Processed GNSS at 1700000028.00, NED (59.56, 5.99, 0.08).
[INFO] [1780734466.223585838] [microamp_factor_graph_tracking]: Processed GNSS at 1700000029.00, NED (59.89, 3.85, 0.62).
[INFO] [1780734466.325215421] [microamp_factor_graph_tracking]: Processed GNSS at 1700000030.00, NED (60.55, 2.37, 0.31).
[INFO] [1780734466.420497838] [microamp_factor_graph_tracking]: USBL time offset initialized: 0.000331
[INFO] [1780734466.421079547] [microamp_factor_graph_tracking]: Added ROV 1 node (step 1) at t=1700000030.00, dt=15.000 s
[INFO] [1780734466.425477047] [microamp_factor_graph_tracking]: Processed GNSS at 1700000031.00, NED (60.07, 0.13, 0.72).
[INFO] [1780734466.522731255] [microamp_factor_graph_tracking]: Processed GNSS at 1700000032.00, NED (60.39, -1.21, 0.53).
[INFO] [1780734466.632047172] [microamp_factor_graph_tracking]: Processed GNSS at 1700000033.00, NED (59.93, -4.38, 0.78).
[INFO] [1780734466.723138963] [microamp_factor_graph_tracking]: Processed GNSS at 1700000034.00, NED (59.38, -5.58, -0.60).
[INFO] [1780734466.836399672] [microamp_factor_graph_tracking]: Processed GNSS at 1700000035.00, NED (59.52, -6.93, 0.57).
[INFO] [1780734466.934959088] [microamp_factor_graph_tracking]: Processed GNSS at 1700000036.00, NED (59.19, -8.67, 0.14).
[INFO] [1780734467.022507005] [microamp_factor_graph_tracking]: Processed GNSS at 1700000037.00, NED (59.17, -10.79, -0.50).
[INFO] [1780734467.125155380] [microamp_factor_graph_tracking]: Processed GNSS at 1700000038.00, NED (58.71, -11.93, -0.26).
[INFO] [1780734467.236886755] [microamp_factor_graph_tracking]: Processed GNSS at 1700000039.00, NED (58.12, -13.62, 0.62).
[INFO] [1780734467.322459755] [microamp_factor_graph_tracking]: Processed GNSS at 1700000040.00, NED (57.37, -15.85, 0.12).
[INFO] [1780734467.420556630] [microamp_factor_graph_tracking]: Added ROV 1 node (step 2) at t=1700000040.00, dt=10.001 s
[INFO] [1780734467.424698297] [microamp_factor_graph_tracking]: Processed GNSS at 1700000041.00, NED (56.61, -16.96, -0.43).
[INFO] [1780734467.523075172] [microamp_factor_graph_tracking]: Processed GNSS at 1700000042.00, NED (55.84, -17.74, -0.87).
[INFO] [1780734467.622799214] [microamp_factor_graph_tracking]: Processed GNSS at 1700000043.00, NED (54.90, -18.82, 0.32).
[INFO] [1780734467.723138422] [microamp_factor_graph_tracking]: Processed GNSS at 1700000044.00, NED (54.41, -19.32, 0.13).
[INFO] [1780734467.839473547] [microamp_factor_graph_tracking]: Processed GNSS at 1700000045.00, NED (53.21, -20.20, -0.02).
[INFO] [1780734467.920568506] [microamp_factor_graph_tracking]: Added ROV 1 node (step 3) at t=1700000045.00, dt=5.000 s
[INFO] [1780734467.924826422] [microamp_factor_graph_tracking]: Processed GNSS at 1700000046.00, NED (52.12, -20.25, 0.59).
[INFO] [1780734468.023622047] [microamp_factor_graph_tracking]: Processed GNSS at 1700000047.00, NED (50.90, -20.15, -0.94).
[INFO] [1780734468.123117131] [microamp_factor_graph_tracking]: Processed GNSS at 1700000048.00, NED (50.78, -20.08, 0.21).
[INFO] [1780734468.222782381] [microamp_factor_graph_tracking]: Processed GNSS at 1700000049.00, NED (48.49, -19.81, 0.26).
[INFO] [1780734468.327797506] [microamp_factor_graph_tracking]: Processed GNSS at 1700000050.00, NED (46.88, -19.22, -0.27).
[INFO] [1780734468.426140047] [microamp_factor_graph_tracking]: Processed GNSS at 1700000051.00, NED (45.62, -19.15, -0.40).
[INFO] [1780734468.525671048] [microamp_factor_graph_tracking]: Processed GNSS at 1700000052.00, NED (45.13, -17.11, 0.23).
[INFO] [1780734468.621700256] [microamp_factor_graph_tracking]: Processed GNSS at 1700000053.00, NED (44.40, -16.43, 0.18).
[INFO] [1780734468.738194548] [microamp_factor_graph_tracking]: Processed GNSS at 1700000054.00, NED (42.59, -16.04, -0.14).
[INFO] [1780734468.838142839] [microamp_factor_graph_tracking]: Processed GNSS at 1700000055.00, NED (40.59, -14.01, 0.78).
[INFO] [1780734468.920701714] [microamp_factor_graph_tracking]: Added ROV 1 node (step 4) at t=1700000055.00, dt=10.000 s
[INFO] [1780734468.936670506] [microamp_factor_graph_tracking]: Processed GNSS at 1700000056.00, NED (39.60, -12.41, -0.18).
[INFO] [1780734469.023481131] [microamp_factor_graph_tracking]: Processed GNSS at 1700000057.00, NED (38.91, -10.78, 0.28).
[INFO] [1780734469.137698798] [microamp_factor_graph_tracking]: Processed GNSS at 1700000058.00, NED (37.00, -9.23, -0.93).
[INFO] [1780734469.223611381] [microamp_factor_graph_tracking]: Processed GNSS at 1700000059.00, NED (35.51, -7.33, -0.28).
[INFO] [1780734469.323444298] [microamp_factor_graph_tracking]: Processed GNSS at 1700000060.00, NED (33.45, -5.26, 0.27).
[INFO] [1780734469.420365173] [microamp_factor_graph_tracking]: Added ROV 1 node (step 5) at t=1700000060.00, dt=5.000 s
[INFO] [1780734469.422656756] [microamp_factor_graph_tracking]: Processed GNSS at 1700000061.00, NED (32.32, -3.02, -0.26).
[INFO] [1780734469.524383131] [microamp_factor_graph_tracking]: Processed GNSS at 1700000062.00, NED (30.57, -1.17, 0.39).
[INFO] [1780734469.622230506] [microamp_factor_graph_tracking]: Processed GNSS at 1700000063.00, NED (29.52, 0.23, -0.17).
[INFO] [1780734469.722552131] [microamp_factor_graph_tracking]: Processed GNSS at 1700000064.00, NED (27.49, 2.50, 0.83).
[INFO] [1780734469.823966965] [microamp_factor_graph_tracking]: Processed GNSS at 1700000065.00, NED (25.97, 4.59, 0.30).
[INFO] [1780734469.920283173] [microamp_factor_graph_tracking]: Added ROV 1 node (step 6) at t=1700000065.00, dt=5.000 s
[INFO] [1780734469.921604132] [microamp_factor_graph_tracking]: Processed GNSS at 1700000066.00, NED (24.89, 6.49, -0.44).
[INFO] [1780734470.033373923] [microamp_factor_graph_tracking]: Processed GNSS at 1700000067.00, NED (23.54, 8.18, 0.23).
[INFO] [1780734470.123529465] [microamp_factor_graph_tracking]: Processed GNSS at 1700000068.00, NED (21.87, 10.46, 0.01).
[INFO] [1780734470.224217173] [microamp_factor_graph_tracking]: Processed GNSS at 1700000069.00, NED (20.23, 11.53, -0.03).
[INFO] [1780734470.329269132] [microamp_factor_graph_tracking]: Processed GNSS at 1700000070.00, NED (18.84, 13.44, 0.37).
[INFO] [1780734470.420643465] [microamp_factor_graph_tracking]: Added ROV 1 node (step 7) at t=1700000070.00, dt=5.000 s
[INFO] [1780734470.437663965] [microamp_factor_graph_tracking]: Processed GNSS at 1700000071.00, NED (17.48, 14.68, -0.13).
[INFO] [1780734470.523410590] [microamp_factor_graph_tracking]: Processed GNSS at 1700000072.00, NED (16.23, 15.46, 0.26).
[INFO] [1780734470.623799799] [microamp_factor_graph_tracking]: Processed GNSS at 1700000073.00, NED (15.00, 16.45, -0.07).
[INFO] [1780734470.722955840] [microamp_factor_graph_tracking]: Processed GNSS at 1700000074.00, NED (13.86, 18.10, 0.32).
[INFO] [1780734470.829122549] [microamp_factor_graph_tracking]: Processed GNSS at 1700000075.00, NED (12.35, 18.31, -0.27).
[INFO] [1780734470.920392840] [microamp_factor_graph_tracking]: Added ROV 1 node (step 8) at t=1700000075.00, dt=5.000 s
[INFO] [1780734470.923333924] [microamp_factor_graph_tracking]: Processed GNSS at 1700000076.00, NED (11.02, 19.23, 0.12).
[INFO] [1780734471.023415424] [microamp_factor_graph_tracking]: Processed GNSS at 1700000077.00, NED (10.50, 19.35, 0.64).
[INFO] [1780734471.122059757] [microamp_factor_graph_tracking]: Processed GNSS at 1700000078.00, NED (9.09, 19.77, 1.16).
[INFO] [1780734471.222685715] [microamp_factor_graph_tracking]: Processed GNSS at 1700000079.00, NED (7.81, 20.32, -0.35).
[INFO] [1780734471.326847674] [microamp_factor_graph_tracking]: Processed GNSS at 1700000080.00, NED (7.47, 19.53, -0.63).
[INFO] [1780734471.420358799] [microamp_factor_graph_tracking]: Added ROV 1 node (step 9) at t=1700000080.00, dt=5.000 s
[INFO] [1780734471.422630632] [microamp_factor_graph_tracking]: Processed GNSS at 1700000081.00, NED (6.53, 19.22, 0.46).
[INFO] [1780734471.523501716] [microamp_factor_graph_tracking]: Processed GNSS at 1700000082.00, NED (5.34, 18.40, -0.18).
[INFO] [1780734471.623239841] [microamp_factor_graph_tracking]: Processed GNSS at 1700000083.00, NED (4.40, 17.45, -0.30).
[INFO] [1780734471.723322799] [microamp_factor_graph_tracking]: Processed GNSS at 1700000084.00, NED (4.02, 16.92, 0.29).
[INFO] [1780734471.829558507] [microamp_factor_graph_tracking]: Processed GNSS at 1700000085.00, NED (3.57, 15.56, 0.67).
[INFO] [1780734471.921595132] [microamp_factor_graph_tracking]: Processed GNSS at 1700000086.00, NED (2.85, 13.58, 0.55).
[INFO] [1780734472.021376508] [microamp_factor_graph_tracking]: Processed GNSS at 1700000087.00, NED (1.70, 13.21, 0.05).
[INFO] [1780734472.126835716] [microamp_factor_graph_tracking]: Processed GNSS at 1700000088.00, NED (1.70, 11.23, 0.42).
[INFO] [1780734472.234815466] [microamp_factor_graph_tracking]: Processed GNSS at 1700000089.00, NED (1.04, 9.63, 0.56).
[INFO] [1780734472.337678424] [microamp_factor_graph_tracking]: Processed GNSS at 1700000090.00, NED (1.07, 7.26, -0.02).
[INFO] [1780734472.420575258] [microamp_factor_graph_tracking]: Added ROV 1 node (step 10) at t=1700000090.00, dt=10.000 s
[INFO] [1780734472.425131383] [microamp_factor_graph_tracking]: Processed GNSS at 1700000091.00, NED (1.02, 5.96, 0.04).
[INFO] [1780734472.523616341] [microamp_factor_graph_tracking]: Processed GNSS at 1700000092.00, NED (0.25, 4.18, -0.10).
[INFO] [1780734472.624060966] [microamp_factor_graph_tracking]: Processed GNSS at 1700000093.00, NED (0.62, 2.35, 0.72).
[INFO] [1780734472.723839050] [microamp_factor_graph_tracking]: Processed GNSS at 1700000094.00, NED (0.50, 0.23, 0.33).
[INFO] [1780734472.836846800] [microamp_factor_graph_tracking]: Processed GNSS at 1700000095.00, NED (0.08, -1.43, 0.48).
[INFO] [1780734472.936772800] [microamp_factor_graph_tracking]: Processed GNSS at 1700000096.00, NED (0.24, -4.02, 0.06).
[INFO] [1780734473.033995425] [microamp_factor_graph_tracking]: Processed GNSS at 1700000097.00, NED (0.82, -5.80, 0.09).
[INFO] [1780734473.135535550] [microamp_factor_graph_tracking]: Processed GNSS at 1700000098.00, NED (0.53, -7.21, 0.20).
[INFO] [1780734473.224403800] [microamp_factor_graph_tracking]: Processed GNSS at 1700000099.00, NED (0.78, -9.12, 0.33).
[INFO] [1780734473.339559258] [microamp_factor_graph_tracking]: Processed GNSS at 1700000100.00, NED (1.24, -11.35, 0.52).
[INFO] [1780734473.420348633] [microamp_factor_graph_tracking]: Added ROV 1 node (step 11) at t=1700000100.00, dt=10.000 s
[INFO] [1780734473.421886800] [microamp_factor_graph_tracking]: Processed GNSS at 1700000101.00, NED (2.22, -12.64, -0.21).
[INFO] [1780734473.522301258] [microamp_factor_graph_tracking]: Processed GNSS at 1700000102.00, NED (3.41, -14.51, -0.49).
[INFO] [1780734473.624290800] [microamp_factor_graph_tracking]: Processed GNSS at 1700000103.00, NED (3.67, -15.21, -0.55).
[INFO] [1780734473.724481717] [microamp_factor_graph_tracking]: Processed GNSS at 1700000104.00, NED (4.08, -16.34, 0.13).
[INFO] [1780734473.831102675] [microamp_factor_graph_tracking]: Processed GNSS at 1700000105.00, NED (4.90, -18.06, -0.15).
[INFO] [1780734473.920580758] [microamp_factor_graph_tracking]: Added ROV 1 node (step 12) at t=1700000105.00, dt=5.000 s
[INFO] [1780734473.935458675] [microamp_factor_graph_tracking]: Processed GNSS at 1700000106.00, NED (5.65, -18.71, 0.67).
[INFO] [1780734474.024160175] [microamp_factor_graph_tracking]: Processed GNSS at 1700000107.00, NED (6.39, -19.30, 0.82).
[INFO] [1780734474.123105550] [microamp_factor_graph_tracking]: Processed GNSS at 1700000108.00, NED (7.47, -19.07, 0.35).
[INFO] [1780734474.224130384] [microamp_factor_graph_tracking]: Processed GNSS at 1700000109.00, NED (8.39, -19.64, -0.12).
[INFO] [1780734474.330130842] [microamp_factor_graph_tracking]: Processed GNSS at 1700000110.00, NED (9.25, -19.41, 0.33).
[INFO] [1780734474.420427884] [microamp_factor_graph_tracking]: Added ROV 1 node (step 13) at t=1700000110.00, dt=5.000 s
[INFO] [1780734474.423181509] [microamp_factor_graph_tracking]: Processed GNSS at 1700000111.00, NED (10.82, -19.40, -0.56).
[INFO] [1780734474.522367550] [microamp_factor_graph_tracking]: Processed GNSS at 1700000112.00, NED (11.36, -18.99, 0.63).
[INFO] [1780734474.624026425] [microamp_factor_graph_tracking]: Processed GNSS at 1700000113.00, NED (12.26, -18.90, 0.43).
[INFO] [1780734474.723877592] [microamp_factor_graph_tracking]: Processed GNSS at 1700000114.00, NED (13.55, -17.88, 0.47).
[INFO] [1780734474.837293592] [microamp_factor_graph_tracking]: Processed GNSS at 1700000115.00, NED (14.91, -16.85, 0.13).
[INFO] [1780734474.920521676] [microamp_factor_graph_tracking]: Added ROV 1 node (step 14) at t=1700000115.00, dt=5.000 s
[INFO] [1780734474.925729801] [microamp_factor_graph_tracking]: Processed GNSS at 1700000116.00, NED (16.05, -15.84, 1.32).
[INFO] [1780734475.023866051] [microamp_factor_graph_tracking]: Processed GNSS at 1700000117.00, NED (17.43, -14.79, -0.25).
[INFO] [1780734475.123629676] [microamp_factor_graph_tracking]: Processed GNSS at 1700000118.00, NED (18.80, -12.97, 0.07).
[INFO] [1780734475.224389759] [microamp_factor_graph_tracking]: Processed GNSS at 1700000119.00, NED (19.74, -12.02, -0.73).
[INFO] [1780734475.331803759] [microamp_factor_graph_tracking]: Processed GNSS at 1700000120.00, NED (21.65, -10.48, 0.68).
[INFO] [1780734475.420359342] [microamp_factor_graph_tracking]: Added ROV 1 node (step 15) at t=1700000120.00, dt=5.000 s
[INFO] [1780734475.421847967] [microamp_factor_graph_tracking]: Processed GNSS at 1700000121.00, NED (23.12, -8.45, 0.13).
[INFO] [1780734475.522485426] [microamp_factor_graph_tracking]: Processed GNSS at 1700000122.00, NED (24.23, -6.44, 0.35).
[INFO] [1780734475.622432551] [microamp_factor_graph_tracking]: Processed GNSS at 1700000123.00, NED (25.34, -4.94, 0.19).
[INFO] [1780734475.722754259] [microamp_factor_graph_tracking]: Processed GNSS at 1700000124.00, NED (26.59, -2.94, 0.26).
[INFO] [1780734475.836589301] [microamp_factor_graph_tracking]: Processed GNSS at 1700000125.00, NED (29.21, -0.51, 0.37).
[INFO] [1780734475.920953176] [microamp_factor_graph_tracking]: Added ROV 1 node (step 16) at t=1700000125.00, dt=5.000 s
[INFO] [1780734475.925893259] [microamp_factor_graph_tracking]: Processed GNSS at 1700000126.00, NED (30.69, 0.24, -0.03).
[INFO] [1780734476.023767384] [microamp_factor_graph_tracking]: Processed GNSS at 1700000127.00, NED (32.32, 2.96, 0.18).
[INFO] [1780734476.122500593] [microamp_factor_graph_tracking]: Processed GNSS at 1700000128.00, NED (33.42, 4.83, -0.58).
[INFO] [1780734476.222780676] [microamp_factor_graph_tracking]: Processed GNSS at 1700000129.00, NED (35.08, 6.72, 0.42).
[INFO] [1780734476.342404093] [microamp_factor_graph_tracking]: Processed GNSS at 1700000130.00, NED (35.95, 9.14, -0.12).
[INFO] [1780734476.424749426] [microamp_factor_graph_tracking]: Processed GNSS at 1700000131.00, NED (37.75, 10.59, -0.63).
[INFO] [1780734476.540678801] [microamp_factor_graph_tracking]: Processed GNSS at 1700000132.00, NED (39.43, 12.56, 0.27).
[INFO] [1780734476.636198635] [microamp_factor_graph_tracking]: Processed GNSS at 1700000133.00, NED (40.97, 13.94, 0.87).
[INFO] [1780734476.726051260] [microamp_factor_graph_tracking]: Processed GNSS at 1700000134.00, NED (41.57, 14.79, 0.33).
[INFO] [1780734476.871395843] [microamp_factor_graph_tracking]: Processed GNSS at 1700000135.00, NED (43.83, 17.06, -0.59).
[INFO] [1780734476.920581343] [microamp_factor_graph_tracking]: Added ROV 1 node (step 17) at t=1700000135.00, dt=10.001 s
[INFO] [1780734476.922835093] [microamp_factor_graph_tracking]: Processed GNSS at 1700000136.00, NED (45.05, 17.91, 0.65).
[INFO] [1780734477.044001010] [microamp_factor_graph_tracking]: Processed GNSS at 1700000137.00, NED (45.85, 18.91, 0.18).
[INFO] [1780734477.125292177] [microamp_factor_graph_tracking]: Processed GNSS at 1700000138.00, NED (47.41, 19.37, -0.03).
[INFO] [1780734477.223830302] [microamp_factor_graph_tracking]: Processed GNSS at 1700000139.00, NED (48.64, 19.69, 0.15).
[INFO] [1780734477.335720468] [microamp_factor_graph_tracking]: Processed GNSS at 1700000140.00, NED (50.14, 20.09, -0.50).
[INFO] [1780734477.420782718] [microamp_factor_graph_tracking]: Added ROV 1 node (step 18) at t=1700000140.00, dt=5.000 s
[INFO] [1780734477.425596385] [microamp_factor_graph_tracking]: Processed GNSS at 1700000141.00, NED (50.81, 20.57, -0.57).
[INFO] [1780734477.523884718] [microamp_factor_graph_tracking]: Processed GNSS at 1700000142.00, NED (51.96, 20.14, 0.23).
[INFO] [1780734477.621636885] [microamp_factor_graph_tracking]: Processed GNSS at 1700000143.00, NED (52.92, 20.24, 1.02).
[INFO] [1780734477.721415094] [microamp_factor_graph_tracking]: Processed GNSS at 1700000144.00, NED (54.42, 19.73, -0.08).
[INFO] [1780734477.828134969] [microamp_factor_graph_tracking]: Processed GNSS at 1700000145.00, NED (54.74, 18.94, 0.33).
[INFO] [1780734477.922203969] [microamp_factor_graph_tracking]: Processed GNSS at 1700000146.00, NED (55.88, 17.92, 0.13).
[INFO] [1780734478.025850969] [microamp_factor_graph_tracking]: Processed GNSS at 1700000147.00, NED (56.70, 16.98, -0.74).
[INFO] [1780734478.126076760] [microamp_factor_graph_tracking]: Processed GNSS at 1700000148.00, NED (57.27, 15.64, -0.21).
[INFO] [1780734478.227552969] [microamp_factor_graph_tracking]: Processed GNSS at 1700000149.00, NED (58.36, 14.13, -0.43).
[INFO] [1780734478.367836136] [microamp_factor_graph_tracking]: Processed GNSS at 1700000150.00, NED (58.56, 12.62, 0.27).
[INFO] [1780734478.422125719] [microamp_factor_graph_tracking]: Processed GNSS at 1700000151.00, NED (58.65, 11.12, 0.66).
[INFO] [1780734478.524402094] [microamp_factor_graph_tracking]: Processed GNSS at 1700000152.00, NED (59.50, 9.93, 0.78).
[INFO] [1780734478.622246969] [microamp_factor_graph_tracking]: Processed GNSS at 1700000153.00, NED (59.60, 7.56, 0.20).
[INFO] [1780734478.722367844] [microamp_factor_graph_tracking]: Processed GNSS at 1700000154.00, NED (60.28, 5.52, 0.46).
[INFO] [1780734478.828417302] [microamp_factor_graph_tracking]: Processed GNSS at 1700000155.00, NED (60.15, 3.58, 0.29).
[INFO] [1780734478.920185552] [microamp_factor_graph_tracking]: Added ROV 1 node (step 19) at t=1700000155.00, dt=15.000 s
[INFO] [1780734478.922075719] [microamp_factor_graph_tracking]: Processed GNSS at 1700000156.00, NED (60.22, 2.04, 0.31).
[INFO] [1780734479.021369553] [microamp_factor_graph_tracking]: Processed GNSS at 1700000157.00, NED (59.90, -0.62, -1.45).
[INFO] [1780734479.121382636] [microamp_factor_graph_tracking]: Processed GNSS at 1700000158.00, NED (60.84, -1.97, 0.30).
[INFO] [1780734479.221500303] [microamp_factor_graph_tracking]: Processed GNSS at 1700000159.00, NED (59.72, -4.25, -0.55).
[INFO] [1780734479.325162386] [microamp_factor_graph_tracking]: Processed GNSS at 1700000160.00, NED (59.96, -6.14, -0.17).
[INFO] [1780734479.423228636] [microamp_factor_graph_tracking]: Added ROV 1 node (step 20) at t=1700000160.00, dt=5.000 s
[INFO] [1780734479.428648178] [microamp_factor_graph_tracking]: Processed GNSS at 1700000161.00, NED (59.81, -7.96, 0.03).
[INFO] [1780734479.544757886] [microamp_factor_graph_tracking]: Processed GNSS at 1700000162.00, NED (59.34, -9.84, -0.04).
[INFO] [1780734479.635336386] [microamp_factor_graph_tracking]: Processed GNSS at 1700000163.00, NED (58.94, -11.53, -0.95).
[INFO] [1780734479.723257636] [microamp_factor_graph_tracking]: Processed GNSS at 1700000164.00, NED (58.28, -13.43, -0.19).
[INFO] [1780734479.829800553] [microamp_factor_graph_tracking]: Processed GNSS at 1700000165.00, NED (57.90, -14.53, -0.76).
[INFO] [1780734479.920306595] [microamp_factor_graph_tracking]: Added ROV 1 node (step 21) at t=1700000165.00, dt=5.000 s
[INFO] [1780734479.921976053] [microamp_factor_graph_tracking]: Processed GNSS at 1700000166.00, NED (56.90, -15.56, 0.22).
[INFO] [1780734480.021173636] [microamp_factor_graph_tracking]: Processed GNSS at 1700000167.00, NED (56.58, -17.24, 0.59).
[INFO] [1780734480.122631970] [microamp_factor_graph_tracking]: Processed GNSS at 1700000168.00, NED (55.80, -17.62, 0.00).
[INFO] [1780734480.224359970] [microamp_factor_graph_tracking]: Processed GNSS at 1700000169.00, NED (55.16, -19.29, 0.24).
[INFO] [1780734480.338553303] [microamp_factor_graph_tracking]: Processed GNSS at 1700000170.00, NED (53.82, -19.64, -0.77).
[INFO] [1780734480.421963470] [microamp_factor_graph_tracking]: Processed GNSS at 1700000171.00, NED (52.61, -19.74, -0.10).
[INFO] [1780734480.522126512] [microamp_factor_graph_tracking]: Processed GNSS at 1700000172.00, NED (51.74, -20.70, -0.06).
[INFO] [1780734480.630173970] [microamp_factor_graph_tracking]: Processed GNSS at 1700000173.00, NED (51.20, -20.03, 0.07).
[INFO] [1780734480.722206762] [microamp_factor_graph_tracking]: Processed GNSS at 1700000174.00, NED (49.85, -20.26, -0.52).
[INFO] [1780734480.830218970] [microamp_factor_graph_tracking]: Processed GNSS at 1700000175.00, NED (48.22, -19.21, -0.08).
[INFO] [1780734480.922179970] [microamp_factor_graph_tracking]: Processed GNSS at 1700000176.00, NED (47.08, -18.74, 0.11).
[INFO] [1780734481.021955803] [microamp_factor_graph_tracking]: Processed GNSS at 1700000177.00, NED (45.78, -18.87, 0.22).
[INFO] [1780734481.122341845] [microamp_factor_graph_tracking]: Processed GNSS at 1700000178.00, NED (44.97, -17.43, 0.48).
[INFO] [1780734481.221866470] [microamp_factor_graph_tracking]: Processed GNSS at 1700000179.00, NED (43.30, -15.96, -0.50).
[INFO] [1780734481.327413512] [microamp_factor_graph_tracking]: Processed GNSS at 1700000180.00, NED (42.10, -15.19, 0.05).
[INFO] [1780734481.420328220] [microamp_factor_graph_tracking]: Added ROV 1 node (step 22) at t=1700000180.00, dt=14.999 s
[INFO] [1780734481.422564262] [microamp_factor_graph_tracking]: Processed GNSS at 1700000181.00, NED (40.39, -13.25, -0.12).
[INFO] [1780734481.521464470] [microamp_factor_graph_tracking]: Processed GNSS at 1700000182.00, NED (38.98, -11.50, -0.42).
[INFO] [1780734481.623647345] [microamp_factor_graph_tracking]: Processed GNSS at 1700000183.00, NED (37.70, -10.35, 0.71).
[INFO] [1780734481.723992887] [microamp_factor_graph_tracking]: Processed GNSS at 1700000184.00, NED (36.24, -8.97, 0.31).
[INFO] [1780734481.826824262] [microamp_factor_graph_tracking]: Processed GNSS at 1700000185.00, NED (34.53, -7.24, -0.43).
[INFO] [1780734481.920423096] [microamp_factor_graph_tracking]: Added ROV 1 node (step 23) at t=1700000185.00, dt=5.001 s
[INFO] [1780734481.923049262] [microamp_factor_graph_tracking]: Processed GNSS at 1700000186.00, NED (33.63, -4.63, 0.96).
[INFO] [1780734482.021396637] [microamp_factor_graph_tracking]: Processed GNSS at 1700000187.00, NED (31.31, -3.11, 0.39).
[INFO] [1780734482.121225596] [microamp_factor_graph_tracking]: Processed GNSS at 1700000188.00, NED (30.36, -1.18, -0.40).
[INFO] [1780734482.221815804] [microamp_factor_graph_tracking]: Processed GNSS at 1700000189.00, NED (29.00, 0.91, 0.54).
[INFO] [1780734482.329660012] [microamp_factor_graph_tracking]: Processed GNSS at 1700000190.00, NED (27.10, 2.99, 0.07).
[INFO] [1780734482.420151637] [microamp_factor_graph_tracking]: Added ROV 1 node (step 24) at t=1700000190.00, dt=5.000 s
[INFO] [1780734482.422412762] [microamp_factor_graph_tracking]: Processed GNSS at 1700000191.00, NED (25.68, 4.88, -0.34).
[INFO] [1780734482.521358096] [microamp_factor_graph_tracking]: Processed GNSS at 1700000192.00, NED (24.05, 6.91, 0.19).
[INFO] [1780734482.621768221] [microamp_factor_graph_tracking]: Processed GNSS at 1700000193.00, NED (22.59, 8.73, 0.47).
[INFO] [1780734482.721498429] [microamp_factor_graph_tracking]: Processed GNSS at 1700000194.00, NED (21.11, 10.51, 0.39).
[INFO] [1780734482.824141846] [microamp_factor_graph_tracking]: Processed GNSS at 1700000195.00, NED (20.05, 11.97, -0.27).
[INFO] [1780734482.921327721] [microamp_factor_graph_tracking]: Added ROV 1 node (step 25) at t=1700000195.00, dt=5.000 s
[INFO] [1780734482.925492596] [microamp_factor_graph_tracking]: Processed GNSS at 1700000196.00, NED (18.33, 14.49, 0.03).
[INFO] [1780734483.022328179] [microamp_factor_graph_tracking]: Processed GNSS at 1700000197.00, NED (17.16, 14.70, 0.93).
[INFO] [1780734483.121536429] [microamp_factor_graph_tracking]: Processed GNSS at 1700000198.00, NED (15.65, 16.01, 0.32).
[INFO] [1780734483.221511055] [microamp_factor_graph_tracking]: Processed GNSS at 1700000199.00, NED (14.10, 17.06, 0.43).
[INFO] [1780734483.332592721] [microamp_factor_graph_tracking]: Processed GNSS at 1700000200.00, NED (13.39, 18.08, -0.18).
[INFO] [1780734483.420676846] [microamp_factor_graph_tracking]: Added ROV 1 node (step 26) at t=1700000200.00, dt=5.000 s
[INFO] [1780734483.426109596] [microamp_factor_graph_tracking]: Processed GNSS at 1700000201.00, NED (11.92, 18.67, -1.24).
[INFO] [1780734483.524490680] [microamp_factor_graph_tracking]: Processed GNSS at 1700000202.00, NED (11.04, 19.28, 0.69).
[INFO] [1780734483.622205930] [microamp_factor_graph_tracking]: Processed GNSS at 1700000203.00, NED (9.89, 19.85, -0.12).
[INFO] [1780734483.722136138] [microamp_factor_graph_tracking]: Processed GNSS at 1700000204.00, NED (9.06, 19.24, 0.64).
[INFO] [1780734483.827877721] [microamp_factor_graph_tracking]: Processed GNSS at 1700000205.00, NED (8.07, 19.12, 0.13).
[INFO] [1780734483.920406847] [microamp_factor_graph_tracking]: Added ROV 1 node (step 27) at t=1700000205.00, dt=5.001 s
[INFO] [1780734483.922864013] [microamp_factor_graph_tracking]: Processed GNSS at 1700000206.00, NED (6.58, 18.98, 0.53).
[INFO] [1780734484.021380638] [microamp_factor_graph_tracking]: Processed GNSS at 1700000207.00, NED (5.92, 18.69, 0.18).
[INFO] [1780734484.121896388] [microamp_factor_graph_tracking]: Processed GNSS at 1700000208.00, NED (4.83, 18.18, -0.04).
[INFO] [1780734484.222229763] [microamp_factor_graph_tracking]: Processed GNSS at 1700000209.00, NED (4.82, 17.48, -0.22).
[INFO] [1780734484.328047805] [microamp_factor_graph_tracking]: Processed GNSS at 1700000210.00, NED (3.25, 16.29, -0.11).
[INFO] [1780734484.420303638] [microamp_factor_graph_tracking]: Added ROV 1 node (step 28) at t=1700000210.00, dt=5.000 s
[INFO] [1780734484.422077180] [microamp_factor_graph_tracking]: Processed GNSS at 1700000211.00, NED (3.17, 15.06, -0.30).
[INFO] [1780734484.521561055] [microamp_factor_graph_tracking]: Processed GNSS at 1700000212.00, NED (2.62, 13.71, 0.59).
[INFO] [1780734484.621670180] [microamp_factor_graph_tracking]: Processed GNSS at 1700000213.00, NED (1.96, 12.57, 0.29).
[INFO] [1780734484.721488514] [microamp_factor_graph_tracking]: Processed GNSS at 1700000214.00, NED (1.60, 10.32, -0.46).
[INFO] [1780734484.843304097] [microamp_factor_graph_tracking]: Processed GNSS at 1700000215.00, NED (1.14, 9.19, -0.13).
[INFO] [1780734484.942185097] [microamp_factor_graph_tracking]: Added ROV 1 node (step 29) at t=1700000215.00, dt=5.000 s
[INFO] [1780734484.946804180] [microamp_factor_graph_tracking]: Processed GNSS at 1700000216.00, NED (0.59, 7.22, 0.87).
[INFO] [1780734485.022223972] [microamp_factor_graph_tracking]: Processed GNSS at 1700000217.00, NED (0.58, 5.13, -0.07).
[INFO] [1780734485.121689680] [microamp_factor_graph_tracking]: Processed GNSS at 1700000218.00, NED (0.91, 3.33, 0.52).
[INFO] [1780734485.221509541] [microamp_factor_graph_tracking]: Processed GNSS at 1700000219.00, NED (0.26, 1.74, 0.06).
[INFO] [1780734485.336984875] [microamp_factor_graph_tracking]: Processed GNSS at 1700000220.00, NED (-0.17, -0.07, 0.12).
[INFO] [1780734485.435025750] [microamp_factor_graph_tracking]: Processed GNSS at 1700000221.00, NED (0.43, -2.26, 0.62).
[INFO] [1780734485.524485208] [microamp_factor_graph_tracking]: Processed GNSS at 1700000222.00, NED (1.00, -4.31, 0.15).
[INFO] [1780734485.626189333] [microamp_factor_graph_tracking]: Processed GNSS at 1700000223.00, NED (1.06, -5.82, -0.32).
[INFO] [1780734485.724846666] [microamp_factor_graph_tracking]: Processed GNSS at 1700000224.00, NED (0.79, -8.47, 0.20).
[INFO] [1780734485.828192750] [microamp_factor_graph_tracking]: Processed GNSS at 1700000225.00, NED (1.20, -9.84, 0.10).
[INFO] [1780734485.920189708] [microamp_factor_graph_tracking]: Added ROV 1 node (step 30) at t=1700000225.00, dt=10.000 s
[INFO] [1780734485.923289542] [microamp_factor_graph_tracking]: Processed GNSS at 1700000226.00, NED (1.67, -11.88, 0.06).
[INFO] [1780734486.036572833] [microamp_factor_graph_tracking]: Processed GNSS at 1700000227.00, NED (1.73, -14.03, 0.78).
[INFO] [1780734486.125500042] [microamp_factor_graph_tracking]: Processed GNSS at 1700000228.00, NED (2.67, -14.34, 0.82).
[INFO] [1780734486.231228667] [microamp_factor_graph_tracking]: Processed GNSS at 1700000229.00, NED (3.48, -15.61, 0.79).
[INFO] [1780734486.340319708] [microamp_factor_graph_tracking]: Processed GNSS at 1700000230.00, NED (3.56, -16.66, 0.81).
[INFO] [1780734486.420527250] [microamp_factor_graph_tracking]: Added ROV 1 node (step 31) at t=1700000230.00, dt=5.000 s
[INFO] [1780734486.425347750] [microamp_factor_graph_tracking]: Processed GNSS at 1700000231.00, NED (5.30, -17.39, 0.14).
[INFO] [1780734486.539181042] [microamp_factor_graph_tracking]: Processed GNSS at 1700000232.00, NED (5.63, -18.59, -0.41).
[INFO] [1780734486.626235209] [microamp_factor_graph_tracking]: Processed GNSS at 1700000233.00, NED (6.50, -19.04, -0.11).
[INFO] [1780734486.725557334] [microamp_factor_graph_tracking]: Processed GNSS at 1700000234.00, NED (7.55, -19.76, 0.22).
[INFO] [1780734486.845201875] [microamp_factor_graph_tracking]: Processed GNSS at 1700000235.00, NED (8.64, -19.68, 0.18).
[INFO] [1780734486.920484167] [microamp_factor_graph_tracking]: Added ROV 1 node (step 32) at t=1700000235.00, dt=5.000 s
[INFO] [1780734486.932124959] [microamp_factor_graph_tracking]: Processed GNSS at 1700000236.00, NED (9.10, -19.86, 0.90).
[INFO] [1780734487.039806625] [microamp_factor_graph_tracking]: Processed GNSS at 1700000237.00, NED (10.71, -19.41, 0.77).
[INFO] [1780734487.126056334] [microamp_factor_graph_tracking]: Processed GNSS at 1700000238.00, NED (11.62, -19.37, -0.00).
[INFO] [1780734487.227599792] [microamp_factor_graph_tracking]: Processed GNSS at 1700000239.00, NED (12.95, -18.79, 0.48).
[INFO] [1780734487.333165376] [microamp_factor_graph_tracking]: Processed GNSS at 1700000240.00, NED (13.58, -17.31, 0.01).
[INFO] [1780734487.420367334] [microamp_factor_graph_tracking]: Added ROV 1 node (step 33) at t=1700000240.00, dt=5.000 s
[INFO] [1780734487.422650376] [microamp_factor_graph_tracking]: Processed GNSS at 1700000241.00, NED (14.95, -16.79, -0.37).
[INFO] [1780734487.524665001] [microamp_factor_graph_tracking]: Processed GNSS at 1700000242.00, NED (16.51, -15.82, -0.03).
[INFO] [1780734487.623709251] [microamp_factor_graph_tracking]: Processed GNSS at 1700000243.00, NED (17.16, -14.44, 0.31).
[INFO] [1780734487.724385834] [microamp_factor_graph_tracking]: Processed GNSS at 1700000244.00, NED (19.28, -12.92, -0.83).
[INFO] [1780734487.839528667] [microamp_factor_graph_tracking]: Processed GNSS at 1700000245.00, NED (20.62, -10.78, 0.30).
[INFO] [1780734487.920183501] [microamp_factor_graph_tracking]: Added ROV 1 node (step 34) at t=1700000245.00, dt=5.000 s
[INFO] [1780734487.922226042] [microamp_factor_graph_tracking]: Processed GNSS at 1700000246.00, NED (22.42, -9.50, -0.04).
[INFO] [1780734488.024997876] [microamp_factor_graph_tracking]: Processed GNSS at 1700000247.00, NED (23.67, -8.54, 0.10).
[INFO] [1780734488.124398168] [microamp_factor_graph_tracking]: Processed GNSS at 1700000248.00, NED (24.59, -6.07, -0.35).
[INFO] [1780734488.226325584] [microamp_factor_graph_tracking]: Processed GNSS at 1700000249.00, NED (26.58, -4.23, 1.44).
[INFO] [1780734488.337260793] [microamp_factor_graph_tracking]: Processed GNSS at 1700000250.00, NED (28.27, -1.77, -0.77).
[INFO] [1780734488.428234751] [microamp_factor_graph_tracking]: Processed GNSS at 1700000251.00, NED (29.55, -0.26, 0.75).
[INFO] [1780734488.526463001] [microamp_factor_graph_tracking]: Processed GNSS at 1700000252.00, NED (30.76, 1.38, -1.10).
[INFO] [1780734488.624515543] [microamp_factor_graph_tracking]: Processed GNSS at 1700000253.00, NED (32.63, 3.30, 0.44).
[INFO] [1780734488.726461626] [microamp_factor_graph_tracking]: Processed GNSS at 1700000254.00, NED (33.78, 5.74, -0.83).
[INFO] [1780734488.839802418] [microamp_factor_graph_tracking]: Processed GNSS at 1700000255.00, NED (35.48, 7.68, -0.64).
[INFO] [1780734488.927933501] [microamp_factor_graph_tracking]: Processed GNSS at 1700000256.00, NED (37.20, 9.18, 0.09).
[INFO] [1780734489.024548585] [microamp_factor_graph_tracking]: Processed GNSS at 1700000257.00, NED (38.33, 10.95, 0.10).
[INFO] [1780734489.137794960] [microamp_factor_graph_tracking]: Processed GNSS at 1700000258.00, NED (39.80, 12.75, -0.56).
[INFO] [1780734489.227131418] [microamp_factor_graph_tracking]: Processed GNSS at 1700000259.00, NED (41.06, 14.06, -0.15).
[INFO] [1780734489.341891668] [microamp_factor_graph_tracking]: Processed GNSS at 1700000260.00, NED (42.67, 15.42, 0.04).
[INFO] [1780734489.420539543] [microamp_factor_graph_tracking]: Added ROV 1 node (step 35) at t=1700000260.00, dt=15.000 s
[INFO] [1780734489.435679210] [microamp_factor_graph_tracking]: Processed GNSS at 1700000261.00, NED (43.98, 16.53, -0.05).
[INFO] [1780734489.525167668] [microamp_factor_graph_tracking]: Processed GNSS at 1700000262.00, NED (45.01, 18.20, 0.31).
[INFO] [1780734489.624199752] [microamp_factor_graph_tracking]: Processed GNSS at 1700000263.00, NED (46.25, 18.50, 0.21).
[INFO] [1780734489.732323293] [microamp_factor_graph_tracking]: Processed GNSS at 1700000264.00, NED (48.07, 19.27, 0.18).
[INFO] [1780734489.836492127] [microamp_factor_graph_tracking]: Processed GNSS at 1700000265.00, NED (48.70, 20.03, -0.03).
[INFO] [1780734489.920155418] [microamp_factor_graph_tracking]: Added ROV 1 node (step 36) at t=1700000265.00, dt=5.000 s
[INFO] [1780734489.922150168] [microamp_factor_graph_tracking]: Processed GNSS at 1700000266.00, NED (49.66, 20.40, -0.56).
[INFO] [1780734490.021127793] [microamp_factor_graph_tracking]: Processed GNSS at 1700000267.00, NED (51.84, 20.21, 0.80).
[INFO] [1780734490.124422960] [microamp_factor_graph_tracking]: Processed GNSS at 1700000268.00, NED (52.65, 20.13, -0.37).
[INFO] [1780734490.227350210] [microamp_factor_graph_tracking]: Processed GNSS at 1700000269.00, NED (53.46, 19.95, 0.84).
[INFO] [1780734490.340588002] [microamp_factor_graph_tracking]: Processed GNSS at 1700000270.00, NED (54.73, 19.69, -0.96).
[INFO] [1780734490.420627877] [microamp_factor_graph_tracking]: Added ROV 1 node (step 37) at t=1700000270.00, dt=5.001 s
[INFO] [1780734490.427570210] [microamp_factor_graph_tracking]: Processed GNSS at 1700000271.00, NED (55.83, 17.72, -0.89).
[INFO] [1780734490.536518835] [microamp_factor_graph_tracking]: Processed GNSS at 1700000272.00, NED (56.18, 17.37, -0.52).
[INFO] [1780734490.633571835] [microamp_factor_graph_tracking]: Processed GNSS at 1700000273.00, NED (57.34, 16.41, 0.64).
[INFO] [1780734490.726015085] [microamp_factor_graph_tracking]: Processed GNSS at 1700000274.00, NED (58.15, 15.16, -0.02).
[INFO] [1780734490.842372877] [microamp_factor_graph_tracking]: Processed GNSS at 1700000275.00, NED (58.51, 14.23, 0.46).
[INFO] [1780734490.920477502] [microamp_factor_graph_tracking]: Added ROV 1 node (step 38) at t=1700000275.00, dt=4.999 s
[INFO] [1780734490.927357461] [microamp_factor_graph_tracking]: Processed GNSS at 1700000276.00, NED (58.57, 12.47, 0.04).
[INFO] [1780734491.027642752] [microamp_factor_graph_tracking]: Processed GNSS at 1700000277.00, NED (59.05, 10.43, 0.55).
[INFO] [1780734491.124651461] [microamp_factor_graph_tracking]: Processed GNSS at 1700000278.00, NED (59.29, 9.27, -0.46).
[INFO] [1780734491.226159377] [microamp_factor_graph_tracking]: Processed GNSS at 1700000279.00, NED (60.08, 7.11, -0.04).
[INFO] [1780734491.343026211] [microamp_factor_graph_tracking]: Processed GNSS at 1700000280.00, NED (60.33, 5.39, 0.20).
[INFO] [1780734491.420475877] [microamp_factor_graph_tracking]: Added ROV 1 node (step 39) at t=1700000280.00, dt=5.000 s
[INFO] [1780734491.427284877] [microamp_factor_graph_tracking]: Processed GNSS at 1700000281.00, NED (60.17, 3.33, 0.91).
[INFO] [1780734491.526563336] [microamp_factor_graph_tracking]: Processed GNSS at 1700000282.00, NED (60.82, 1.19, -0.27).
[INFO] [1780734491.627679503] [microamp_factor_graph_tracking]: Processed GNSS at 1700000283.00, NED (60.41, -0.59, 0.42).
[INFO] [1780734491.726607378] [microamp_factor_graph_tracking]: Processed GNSS at 1700000284.00, NED (60.81, -2.53, 0.44).
[INFO] [1780734491.828815753] [microamp_factor_graph_tracking]: Processed GNSS at 1700000285.00, NED (60.22, -5.16, -0.06).
[INFO] [1780734491.922321961] [microamp_factor_graph_tracking]: Processed GNSS at 1700000286.00, NED (59.68, -6.88, 0.90).
[INFO] [1780734492.022177211] [microamp_factor_graph_tracking]: Processed GNSS at 1700000287.00, NED (59.34, -8.16, 0.36).
[INFO] [1780734492.122126669] [microamp_factor_graph_tracking]: Processed GNSS at 1700000288.00, NED (58.53, -10.60, 0.23).
[INFO] [1780734492.227612753] [microamp_factor_graph_tracking]: Processed GNSS at 1700000289.00, NED (58.61, -12.33, 0.02).
[INFO] [1780734492.343199420] [microamp_factor_graph_tracking]: Processed GNSS at 1700000290.00, NED (58.20, -13.76, -0.82).
[INFO] [1780734492.420439961] [microamp_factor_graph_tracking]: Added ROV 1 node (step 40) at t=1700000290.00, dt=10.000 s
[INFO] [1780734492.435385586] [microamp_factor_graph_tracking]: Processed GNSS at 1700000291.00, NED (57.16, -15.30, 0.38).
[INFO] [1780734492.537607045] [microamp_factor_graph_tracking]: Processed GNSS at 1700000292.00, NED (57.21, -16.03, 0.65).
[INFO] [1780734492.626137253] [microamp_factor_graph_tracking]: Processed GNSS at 1700000293.00, NED (56.49, -17.15, -0.13).
[INFO] [1780734492.737832003] [microamp_factor_graph_tracking]: Processed GNSS at 1700000294.00, NED (55.44, -18.61, 0.44).
[INFO] [1780734492.843459295] [microamp_factor_graph_tracking]: Processed GNSS at 1700000295.00, NED (54.78, -19.43, 0.31).
[INFO] [1780734492.920430087] [microamp_factor_graph_tracking]: Added ROV 1 node (step 41) at t=1700000295.00, dt=5.000 s
[INFO] [1780734492.935112878] [microamp_factor_graph_tracking]: Processed GNSS at 1700000296.00, NED (53.70, -19.71, 0.37).
[INFO] [1780734493.026108295] [microamp_factor_graph_tracking]: Processed GNSS at 1700000297.00, NED (52.94, -20.48, -0.36).
[INFO] [1780734493.126993170] [microamp_factor_graph_tracking]: Processed GNSS at 1700000298.00, NED (51.09, -20.41, 0.17).
[INFO] [1780734493.227024462] [microamp_factor_graph_tracking]: Processed GNSS at 1700000299.00, NED (50.11, -19.99, -0.29).
[INFO] [1780734494.721073462] [rclcpp]: signal_handler(SIGINT/SIGTERM)
